07-15 16:21:30.719   735  3061 I CameraClientManager: [HEADSET] Added client - started clients: 4
07-15 16:21:31.164  1014  1035 I chatty  : uid=1000(system) android.display expire 1 line
07-15 16:21:31.742  1014  1393 I chatty  : uid=1000(system) Binder:1014_6 expire 1 line
07-15 16:21:31.748  1014  2647 I chatty  : uid=1000(system) Binder:1014_B expire 1 line
07-15 16:21:31.764  1014  4824 I chatty  : uid=1000(system) Binder:1014_10 expire 1 line
07-15 16:21:31.810  1014  1035 I chatty  : uid=1000(system) android.display expire 10 lines
07-15 16:21:31.895  1014  2647 I chatty  : uid=1000(system) Binder:1014_B expire 2 lines
07-15 16:21:32.328  1524 12059 W ContextImpl: Calling a method in the system process without a qualified user: android.app.ContextImpl.sendBroadcast:1057 android.content.ContextWrapper.sendBroadcast:448 X.o8.A00:143 X.nw.A00:17 X.nw.handleMessage:90 
07-15 16:21:32.581  1524 12047 W ContextImpl: Calling a method in the system process without a qualified user: android.app.ContextImpl.sendBroadcast:1057 android.content.ContextWrapper.sendBroadcast:448 X.o8.A00:143 X.nw.A00:17 X.nw.handleMessage:90 
07-15 16:21:32.997  1524 12061 W ContextImpl: Calling a method in the system process without a qualified user: android.app.ContextImpl.sendBroadcast:1057 android.content.ContextWrapper.sendBroadcast:448 X.o8.A00:143 X.nw.A00:17 X.nw.handleMessage:90 
07-15 16:21:34.837   735 11272 I SyncBossFW: 21121266 [info   ] {PERF}: cpu load cur=0.38 min=0.04 max=0.38 avg=0.04
07-15 16:21:35.344  1014  1393 I chatty  : uid=1000(system) Binder:1014_6 expire 3 lines
07-15 16:21:43.016  1014  2610 I chatty  : uid=1000(system) Binder:1014_A expire 3 lines
07-15 16:21:43.489  1014  1042 I chatty  : uid=1000(system) ActivityManager expire 1 line
07-15 16:21:43.978  1014 16917 I chatty  : uid=1000(system) Binder:1014_1F expire 3 lines
07-15 16:21:44.147  1014  2185 I chatty  : uid=1000(system) Binder:1014_9 expire 1 line
07-15 16:21:44.262   859  9759 D TrackingService: getSharedMemory: com.oculus.sdk.vrcubeworldna, HeadTracker
07-15 16:21:44.806  1524 12162 W ContextImpl: Calling a method in the system process without a qualified user: android.app.ContextImpl.sendBroadcast:1057 android.content.ContextWrapper.sendBroadcast:448 X.o8.A00:143 X.nw.A00:17 X.nw.handleMessage:90 
07-15 16:21:45.259   735 11274 W SensorService: Arrival timestamp too late
07-15 16:21:47.577  1014  1858 I chatty  : uid=1000(system) LazyTaskWriterT expire 1 line
07-15 16:22:11.410   735 11274 E SensorService: HMD IMU samples delayed: 12.364ms between sample arrivals (expected 1.000ms)
07-15 16:22:22.842  1524 12199 W ContextImpl: Calling a method in the system process without a qualified user: android.app.ContextImpl.sendBroadcast:1057 android.content.ContextWrapper.sendBroadcast:448 X.o8.A00:143 X.nw.A00:17 X.nw.handleMessage:90 
07-15 16:22:34.768   735 11272 I SyncBossFW: 21181268 [info   ] {PERF}: cpu load cur=0.38 min=0.04 max=0.38 avg=0.04
07-15 16:22:38.952  1014  1041 I chatty  : uid=1000(system) ActivityManager expire 1 line
07-15 16:22:45.184   735 11274 E SensorService: HMD IMU samples delayed: 4.568ms between sample arrivals (expected 1.000ms)
07-15 16:22:52.432  1014 14457 I chatty  : uid=1000(system) Binder:1014_1D expire 4 lines
07-15 16:22:52.450   859  1412 I TrackingService: Unregistering client 'com.oculus.sdk.vrcubeworldna#12108' by binder death
07-15 16:22:52.487  1014  5135 I chatty  : uid=1000(system) Binder:1014_13 expire 1 line
07-15 16:22:53.034  1524 12240 W ContextImpl: Calling a method in the system process without a qualified user: android.app.ContextImpl.sendBroadcast:1057 android.content.ContextWrapper.sendBroadcast:448 X.o8.A00:143 X.nw.A00:17 X.nw.handleMessage:90 
07-15 16:22:53.205  1014 13068 I chatty  : uid=1000(system) Binder:1014_1B expire 2 lines
07-15 16:22:53.300  1524 12238 W ContextImpl: Calling a method in the system process without a qualified user: android.app.ContextImpl.sendBroadcast:1057 android.content.ContextWrapper.sendBroadcast:448 X.o8.A00:143 X.nw.A00:17 X.nw.handleMessage:90 
07-15 16:22:53.870  1014  9872 I chatty  : uid=1000(system) Binder:1014_17 expire 1 line
07-15 16:22:53.940   735 11274 E SensorService: HMD IMU samples delayed: 8.929ms between sample arrivals (expected 1.000ms)
07-15 16:22:54.069  1524 12275 W ContextImpl: Calling a method in the system process without a qualified user: android.app.ContextImpl.sendBroadcast:1057 android.content.ContextWrapper.sendBroadcast:448 X.o8.A00:143 X.nw.A00:17 X.nw.handleMessage:90 
07-15 16:22:54.136  1014  7448 I chatty  : uid=1000(system) Binder:1014_16 expire 1 line
07-15 16:22:54.294  1524 12284 W ContextImpl: Calling a method in the system process without a qualified user: android.app.ContextImpl.sendBroadcast:1057 android.content.ContextWrapper.sendBroadcast:448 X.o8.A00:143 X.nw.A00:17 X.nw.handleMessage:90 
07-15 16:22:54.438  1524 12281 W ContextImpl: Calling a method in the system process without a qualified user: android.app.ContextImpl.sendBroadcast:1057 android.content.ContextWrapper.sendBroadcast:448 X.o8.A00:143 X.nw.A00:17 X.nw.handleMessage:90 
07-15 16:22:54.469  1014  3919 I chatty  : uid=1000(system) Binder:1014_E expire 2 lines
07-15 16:22:54.520  1014  1035 I chatty  : uid=1000(system) android.display expire 3 lines
07-15 16:22:54.522  1014  7448 I chatty  : uid=1000(system) Binder:1014_16 expire 1 line
07-15 16:22:54.537  1014  1519 I chatty  : uid=1000(system) Binder:1014_8 expire 1 line
07-15 16:22:54.605  1014  1035 I chatty  : uid=1000(system) android.display expire 1 line
07-15 16:22:54.619  1014  2185 I chatty  : uid=1000(system) Binder:1014_9 expire 1 line
07-15 16:22:54.742  1524 12290 W ContextImpl: Calling a method in the system process without a qualified user: android.app.ContextImpl.sendBroadcast:1057 android.content.ContextWrapper.sendBroadcast:448 X.o8.A00:143 X.nw.A00:17 X.nw.handleMessage:90 
07-15 16:22:55.220  1524 12293 W ContextImpl: Calling a method in the system process without a qualified user: android.app.ContextImpl.sendBroadcast:1057 android.content.ContextWrapper.sendBroadcast:448 X.o8.A00:143 X.nw.A00:17 X.nw.handleMessage:90 
07-15 16:22:55.492  1014  1858 I chatty  : uid=1000(system) LazyTaskWriterT expire 1 line
07-15 16:22:58.956   735   878 I SyncBossHAL: [info   ] syncboss_hal_powerstate.c(63): Reporting powerstate event: prox_off
07-15 16:22:58.959   839  1198 D SensorClientUtils: Received transition request to STANDBY current is RUNNING
07-15 16:22:58.959   859  9759 D SensorClientUtils: Received transition request to STANDBY current is RUNNING
07-15 16:22:58.959   839  1198 D SensorClientUtils: Executing transition from RUNNING to STANDBY
07-15 16:22:58.959   859  3869 D SensorClientUtils: Received transition request to STANDBY current is RUNNING
07-15 16:22:58.959   859  9759 D SensorClientUtils: Executing transition from RUNNING to STANDBY
07-15 16:22:58.959   859  3869 D SensorClientUtils: Executing transition from RUNNING to STANDBY
07-15 16:23:02.967   859 11363 D TrackingService: [HANDTRACKING] Controller dc36774d072f3cbd in hand: N, valid: Y
07-15 16:23:03.365   859 11363 D TrackingService: [HANDTRACKING] Controller adf260742d57ae23 in hand: N, valid: Y
07-15 16:23:03.410   735  3061 I MontereyCameraProvider: Switching channel from CONTROLLER to HAND
07-15 16:23:03.410   735 11648 I FrameSetDispatcher: [CONTROLLER] Client thread stopping
07-15 16:23:03.411   735  3061 I FrameSetDispatcher: [CONTROLLER] Client thread joined
07-15 16:23:03.411   735  3061 I CameraClientManager: [CONTROLLER] Removed client - started clients: 0
07-15 16:23:03.416   735  3061 I FrameSetDispatcher: [HAND] Client thread started
07-15 16:23:03.416   735  3061 I CameraClientManager: [HAND] Added client - started clients: 1
07-15 16:23:03.461   735 11376 W SensorService: frameset capture timestamp out of spec by -21209921.23 ms. FrameType=HAND, observed=21209954565000 expected=a33333000. FrameSyncPeriod is: 33.33 ms
07-15 16:23:03.632   735  3061 I FrameSetDispatcher: [HAND] Client thread started
07-15 16:23:03.632   735  3061 E FrameSetDispatcher: [HAND] Frame Count Requirement violated: number of streaming clients: 2, maximum number of FrameSets: 2
07-15 16:23:03.632   735  3061 I CameraClientManager: [HAND] Added client - started clients: 2
07-15 16:23:03.634   735  3061 I FrameSetDispatcher: [HAND] Client thread started
07-15 16:23:03.634   735  3061 E FrameSetDispatcher: [HAND] Frame Count Requirement violated: number of streaming clients: 3, maximum number of FrameSets: 2
07-15 16:23:03.634   735  3061 I CameraClientManager: [HAND] Added client - started clients: 3
07-15 16:23:32.840  1524 12316 W ContextImpl: Calling a method in the system process without a qualified user: android.app.ContextImpl.sendBroadcast:1057 android.content.ContextWrapper.sendBroadcast:448 X.o8.A00:143 X.nw.A00:17 X.nw.handleMessage:90 
07-15 16:23:34.772   735 11272 I SyncBossFW: 21241272 [info   ] {PERF}: cpu load cur=0.38 min=0.04 max=0.38 avg=0.05
07-15 16:23:35.420  1014  9872 I chatty  : uid=1000(system) Binder:1014_17 expire 1 line
07-15 16:23:38.710   827   827 I wificond: Received external scan result notification from kernel.
07-15 16:23:38.818  1014  3834 I chatty  : uid=1000(system) Binder:1014_D expire 1 line
07-15 16:23:40.939   735 11274 E SensorService: HMD IMU samples delayed: 4.159ms between sample arrivals (expected 1.000ms)
07-15 16:23:57.923  1524 12343 W ContextImpl: Calling a method in the system process without a qualified user: android.app.ContextImpl.sendBroadcast:1057 android.content.ContextWrapper.sendBroadcast:448 X.o8.A00:143 X.nw.A00:17 X.nw.handleMessage:90 
07-15 16:23:58.037  1014  1519 I chatty  : uid=1000(system) Binder:1014_8 expire 6 lines
07-15 16:23:58.092  1014  1129 I chatty  : uid=1000(system) ConnectivitySer expire 4 lines
07-15 16:23:58.517   735 11274 I SyncBossHAL: [info   ] syncboss_hal_input_controller.c(63): adf26074xxxxxxxx: 1 missed/90001 expected (PER 0.00%)
07-15 16:23:58.957   859 11348 I TrackingService: ActivityMonitor: Device Idle detected. Notifying VR Power Manager: controllerFlagsInHand(2) 0, areAllControllersStatic: 1, isHandDetected 0, Headset Movement 0 (max: 2.854 rad/s), idle time: 60.0s
07-15 16:23:59.068  1014  1040 I chatty  : uid=1000(system) android.bg expire 3 lines
07-15 16:23:59.205   735 11274 I SyncBossHAL: [info   ] syncboss_hal_input_controller.c(63): dc36774dxxxxxxxx: 1 missed/90001 expected (PER 0.00%)
07-15 16:24:31.950  1524 12402 W ContextImpl: Calling a method in the system process without a qualified user: android.app.ContextImpl.sendBroadcast:1057 android.content.ContextWrapper.sendBroadcast:448 X.o8.A00:143 X.nw.A00:17 X.nw.handleMessage:90 
07-15 16:24:34.777   735 11272 I SyncBossFW: 21301276 [info   ] {PERF}: cpu load cur=0.38 min=0.04 max=0.38 avg=0.05
07-15 16:24:48.840   859 11363 D TrackingService: [HANDTRACKING] Controller adf260742d57ae23 in hand: Y, valid: Y
07-15 16:24:48.874   735  3061 I MontereyCameraProvider: Switching channel from HAND to CONTROLLER
07-15 16:24:48.875   735 12303 I FrameSetDispatcher: [HAND] Client thread stopping
07-15 16:24:48.875   735  3061 I FrameSetDispatcher: [HAND] Client thread joined
07-15 16:24:48.875   735  3061 I CameraClientManager: [HAND] Removed client - started clients: 2
07-15 16:24:48.875   735 12302 I FrameSetDispatcher: [HAND] Client thread stopping
07-15 16:24:48.875   735   942 I FrameSetDispatcher: [HAND] Client thread joined
07-15 16:24:48.875   735   942 I CameraClientManager: [HAND] Removed client - started clients: 1
07-15 16:24:48.876   735 12297 I FrameSetDispatcher: [HAND] Client thread stopping
07-15 16:24:48.876   735   942 I FrameSetDispatcher: [HAND] Client thread joined
07-15 16:24:48.876   735   942 I CameraClientManager: [HAND] Removed client - started clients: 0
07-15 16:24:48.885   735   942 I FrameSetDispatcher: [CONTROLLER] Client thread started
07-15 16:24:48.885   735   942 I CameraClientManager: [CONTROLLER] Added client - started clients: 1
07-15 16:24:48.886   859   991 I TrackingService: ConstellationTrackingGlue: setEnableExtendedDeadreckoning to false
07-15 16:24:48.895   735 11374 W SensorService: frameset capture timestamp out of spec by -21315353.51 ms. FrameType=CONTROLLER, observed=21315386844000 expected=a33333000. FrameSyncPeriod is: 33.33 ms
07-15 16:24:48.896   859 11363 D TrackingService: [HANDTRACKING] Controller dc36774d072f3cbd in hand: Y, valid: Y
07-15 16:24:52.899   735 11274 E SensorService: HMD IMU samples delayed: 4.340ms between sample arrivals (expected 1.000ms)
07-15 16:24:57.225  1524 12414 W ContextImpl: Calling a method in the system process without a qualified user: android.app.ContextImpl.sendBroadcast:1057 android.content.ContextWrapper.sendBroadcast:448 X.o8.A00:143 X.nw.A00:17 X.nw.handleMessage:90 
07-15 16:24:58.972  1014  1014 I chatty  : uid=1000 system_server expire 5 lines
07-15 16:24:58.973  1014  1049 I chatty  : uid=1000(system) PowerManagerSer expire 10 lines
07-15 16:24:59.021  1014  1035 I chatty  : uid=1000(system) android.display expire 5 lines
07-15 16:24:59.143  1014 13068 I chatty  : uid=1000(system) Binder:1014_1B expire 6 lines
07-15 16:24:59.320   839  1198 D SensorClientUtils: Received transition request to SLEEP current is STANDBY
07-15 16:24:59.320   839  1198 D SensorClientUtils: Executing transition from STANDBY to SLEEP
07-15 16:24:59.320   859  9759 D SensorClientUtils: Received transition request to SLEEP current is STANDBY
07-15 16:24:59.320   839  1198 D SensorClientUtils: Setting power state to STANDBY
07-15 16:24:59.320   859  9759 D SensorClientUtils: Executing transition from STANDBY to SLEEP
07-15 16:24:59.320   859  9759 D SensorClientUtils: Setting power state to STANDBY
07-15 16:24:59.320   859  9759 D OVRRemoteService: [controller] RUNNING -> STANDBY
07-15 16:24:59.320   859  9759 D SensorClientUtils: Scheduling delayed transition to SLEEP in 120000ms
07-15 16:24:59.320   859  3869 D SensorClientUtils: Received transition request to SLEEP current is STANDBY
07-15 16:24:59.320   859  3869 D SensorClientUtils: Executing transition from STANDBY to SLEEP
07-15 16:24:59.320   859  3869 D SensorClientUtils: Setting power state to STANDBY
07-15 16:24:59.320   839  1198 D SensorClientUtils: Scheduling delayed transition to SLEEP in 0ms
07-15 16:24:59.321   839 12431 D SensorClientUtils: Performing delayed transition to SLEEP
07-15 16:24:59.321   839 12431 D SensorClientUtils: Setting power state to SLEEP
07-15 16:24:59.321   735 11544 I FrameSetDispatcher: [HEADSET] Client thread stopping
07-15 16:24:59.323   735   942 I FrameSetDispatcher: [HEADSET] Client thread joined
07-15 16:24:59.323   735   942 I CameraClientManager: [HEADSET] Removed client - started clients: 3
07-15 16:24:59.324   859   991 I TrackingService: [ExposureControl] RUNNING -> STANDBY transition time: 3 ms
07-15 16:24:59.324   859   991 I TrackingService: [     controller] RUNNING -> STANDBY transition time: 0 ms
07-15 16:24:59.325   735 11530 I FrameSetDispatcher: [HEADSET] Client thread stopping
07-15 16:24:59.325   735   942 I FrameSetDispatcher: [HEADSET] Client thread joined
07-15 16:24:59.325   735   942 I CameraClientManager: [HEADSET] Removed client - started clients: 2
07-15 16:24:59.325   859   991 I TrackingService: [         object] RUNNING -> STANDBY transition time: 1 ms
07-15 16:24:59.325   859   991 I TrackingService: [           hand] RUNNING -> STANDBY transition time: 0 ms
07-15 16:24:59.326   735 12409 I FrameSetDispatcher: [CONTROLLER] Client thread stopping
07-15 16:24:59.326   735   942 I FrameSetDispatcher: [CONTROLLER] Client thread joined
07-15 16:24:59.326   735   942 I CameraClientManager: [CONTROLLER] Removed client - started clients: 0
07-15 16:24:59.327   859   991 I TrackingService: [  constellation] RUNNING -> STANDBY transition time: 1 ms
07-15 16:24:59.354   735 12023 I FrameSetDispatcher: [HEADSET] Client thread stopping
07-15 16:24:59.354   735   942 I FrameSetDispatcher: [HEADSET] Client thread joined
07-15 16:24:59.354   735   942 I CameraClientManager: [HEADSET] Removed client - started clients: 1
07-15 16:24:59.444   735 11365 I FrameSetDispatcher: [HEADSET] Client thread stopping
07-15 16:24:59.444   735   942 I FrameSetDispatcher: [HEADSET] Client thread joined
07-15 16:24:59.445   735   942 I CameraClientManager: [HEADSET] Removed client - started clients: 0
07-15 16:24:59.445   735 11376 E MontereyCameraProvider: Frame marked invalid by frame set generator
07-15 16:24:59.525   859   991 I TrackingService: [            iot] RUNNING -> STANDBY transition time: 198 ms
07-15 16:24:59.525   859   991 I TrackingService: [           bolt] RUNNING -> STANDBY transition time: 0 ms
07-15 16:24:59.525   859   991 I TrackingService: [            iad] RUNNING -> STANDBY transition time: 0 ms
07-15 16:24:59.525   859   991 I TrackingService: [ vision_manager] RUNNING -> STANDBY transition time: 0 ms
07-15 16:24:59.525   859  3869 D TrackingService: setPowerState: STANDBY
07-15 16:24:59.525   859  3869 D SensorClientUtils: Scheduling delayed transition to SLEEP in 120000ms
07-15 16:24:59.628  1524 12448 W ContextImpl: Calling a method in the system process without a qualified user: android.app.ContextImpl.sendBroadcast:1057 android.content.ContextWrapper.sendBroadcast:448 X.o8.A00:143 X.nw.A00:17 X.nw.handleMessage:90 
07-15 16:24:59.646  1014  4824 I chatty  : uid=1000(system) Binder:1014_10 expire 7 lines
07-15 16:25:27.197  1014  3919 I chatty  : uid=1000(system) Binder:1014_E expire 7 lines
07-15 16:25:27.625  1014  1042 I chatty  : uid=1000(system) ActivityManager expire 1 line
07-15 16:25:31.735  1014  1858 I chatty  : uid=1000(system) LazyTaskWriterT expire 2 lines
07-15 16:25:34.783   735 11272 I SyncBossFW: 21361280 [info   ] {PERF}: cpu load cur=0.35 min=0.04 max=0.38 avg=0.05
07-15 16:26:01.984  1524 12555 W ContextImpl: Calling a method in the system process without a qualified user: android.app.ContextImpl.sendBroadcast:1057 android.content.ContextWrapper.sendBroadcast:448 X.o8.A00:143 X.nw.A00:17 X.nw.handleMessage:90 
07-15 16:26:34.789   735 11272 I SyncBossFW: 21421285 [info   ] {PERF}: cpu load cur=0.35 min=0.04 max=0.38 avg=0.05
07-15 16:26:58.326   735 11274 I SyncBossHAL: [info   ] syncboss_hal_input_controller.c(63): adf26074xxxxxxxx: 1 missed/180001 expected (PER 0.00%)
07-15 16:26:59.112   735 11274 I SyncBossHAL: [info   ] syncboss_hal_input_controller.c(63): dc36774dxxxxxxxx: 3 missed/180003 expected (PER 0.00%)
07-15 16:26:59.333   859 12430 D SensorClientUtils: Performing delayed transition to SLEEP
07-15 16:26:59.333   859 12430 D SensorClientUtils: Setting power state to SLEEP
07-15 16:26:59.333   859 12430 D OVRRemoteService: ControllerGlue: setting expected mode to Disabled
07-15 16:26:59.333   859 12430 D OVRRemoteService: ControllerGlue: Setting current mode to Disabled
07-15 16:26:59.333   859 12430 D OVRRemoteService: ControllerGlue: leave mode Streaming
07-15 16:26:59.334   859 12430 D OVRRemoteService: RemoteService::handleDeviceDisconnected - device adf260742d57ae23
07-15 16:26:59.334   859 12430 D OVRRemoteService: RemoteService::handleDeviceDisconnected - device dc36774d072f3cbd
07-15 16:26:59.334   735   942 D SensorService: ControllerProvider: releasing StreamingClient impl; approx # alive: 1
07-15 16:26:59.334   859 12430 D OVRRemoteService: ControllerGlue: Setting mode to Disabled
07-15 16:26:59.334   735   942 D libsensorscommon: ControllerProvider: releasing StreamingClient hidl
07-15 16:26:59.334   859 12430 D OVRRemoteService: ControllerGlue: enter mode Disabled
07-15 16:26:59.334   859 12430 D OVRRemoteService: [controller] STANDBY -> SLEEP
07-15 16:26:59.337   859 11363 D TrackingService: RemoteTrackedDevice::handleDeviceDisconnected - device adf260742d57ae23
07-15 16:26:59.337   859 11363 I TrackingService: Unregistering remote adf260742d57ae23 in slot 0
07-15 16:26:59.337   859 11363 D TrackingService: unregisterRemote: adf260742d57ae23
07-15 16:26:59.337   859 11363 D TrackingService: RemoteTrackedDevice::handleDeviceDisconnected - device dc36774d072f3cbd
07-15 16:26:59.338   859 11363 I TrackingService: Unregistering remote dc36774d072f3cbd in slot 1
07-15 16:26:59.338   859 11363 D TrackingService: unregisterRemote: dc36774d072f3cbd
07-15 16:26:59.338   859 11363 W TrackingService: ControllerTrackingGlue: IMU data for unknown controller, id: dc36774d072f3cbd
07-15 16:26:59.345  1014  1097 I chatty  : uid=1000(system) AlarmManager expire 1 line
07-15 16:26:59.418  1524 12595 W ContextImpl: Calling a method in the system process without a qualified user: android.app.ContextImpl.sendBroadcast:1057 android.content.ContextWrapper.sendBroadcast:448 X.o8.A00:143 X.nw.A00:17 X.nw.handleMessage:90 
07-15 16:26:59.526   859 12449 D SensorClientUtils: Performing delayed transition to SLEEP
07-15 16:26:59.526   859 12449 D SensorClientUtils: Setting power state to SLEEP
07-15 16:26:59.526   859   991 I TrackingService: [ExposureControl] STANDBY -> SLEEP transition time: 0 ms
07-15 16:26:59.526   859 11363 D RemoteService: RemoteService - Unregistering status callback
07-15 16:26:59.526   735   942 D SensorService: ControllerProvider: releasing StreamingClient impl; approx # alive: 0
07-15 16:26:59.526   735   942 D SensorService: ControllerProvider: releasing StreamingSession
07-15 16:26:59.531   735   942 D libsensorscommon: ControllerProvider: releasing StreamingClient hidl
07-15 16:26:59.531   859   991 I TrackingService: [     controller] STANDBY -> SLEEP transition time: 5 ms
07-15 16:26:59.531   859   991 I TrackingService: [         object] STANDBY -> SLEEP transition time: 0 ms
07-15 16:26:59.566   859   991 I TrackingService: [           hand] STANDBY -> SLEEP transition time: 34 ms
07-15 16:26:59.621   859   991 I TrackingService: [  constellation] STANDBY -> SLEEP transition time: 55 ms
07-15 16:26:59.622   735  3061 D SensorService: SyncbossEventHandler: stopping all streams
07-15 16:26:59.622   735 11274 D SensorService: SyncbossEventHandler::producerThreadFunc() exit
07-15 16:27:00.328   859   991 I TrackingService: [            iot] STANDBY -> SLEEP transition time: 707 ms
07-15 16:27:00.336   859   991 I TrackingService: [           bolt] STANDBY -> SLEEP transition time: 7 ms
07-15 16:27:00.338   859   991 I TrackingService: [            iad] STANDBY -> SLEEP transition time: 1 ms
07-15 16:27:00.339   859   991 I TrackingService: [ vision_manager] STANDBY -> SLEEP transition time: 1 ms
07-15 16:27:00.339   859 12449 D TrackingService: setPowerState: SLEEP
07-15 16:27:29.355  1014  1041 I chatty  : uid=1000(system) ActivityManager expire 1 line
07-15 16:27:29.359  1014  2185 I chatty  : uid=1000(system) Binder:1014_9 expire 2 lines
07-15 16:28:55.046  1014  2610 I chatty  : uid=1000(system) Binder:1014_A expire 3 lines
07-15 16:31:32.981  1524 12665 W ContextImpl: Calling a method in the system process without a qualified user: android.app.ContextImpl.sendBroadcast:1057 android.content.ContextWrapper.sendBroadcast:448 X.o8.A00:143 X.nw.A00:17 X.nw.handleMessage:90 
07-15 16:33:31.863  1014  2980 I chatty  : uid=1000(system) Binder:1014_C expire 2 lines
07-15 16:34:38.485   735   878 I SyncBossHAL: [info   ] syncboss_hal_powerstate.c(63): Reporting powerstate event: prox_on
07-15 16:34:38.505   859  9759 D SensorClientUtils: Cancelling delayed transition to SLEEP
07-15 16:34:38.506   859  9759 D SensorClientUtils: Received transition request to RUNNING current is SLEEP
07-15 16:34:38.506   859  9759 D SensorClientUtils: Executing transition from SLEEP to STANDBY
07-15 16:34:38.506   859  9759 D SensorClientUtils: Setting power state to STANDBY
07-15 16:34:38.506   839  1198 D SensorClientUtils: Cancelling delayed transition to SLEEP
07-15 16:34:38.506   859  3869 D SensorClientUtils: Cancelling delayed transition to SLEEP
07-15 16:34:38.506   859  3869 D SensorClientUtils: Received transition request to RUNNING current is SLEEP
07-15 16:34:38.506   859  3869 D SensorClientUtils: Executing transition from SLEEP to STANDBY
07-15 16:34:38.506   859  3869 D SensorClientUtils: Setting power state to STANDBY
07-15 16:34:38.508   839  1198 D SensorClientUtils: Received transition request to RUNNING current is SLEEP
07-15 16:34:38.508   839  1198 D SensorClientUtils: Executing transition from SLEEP to STANDBY
07-15 16:34:38.508   839  1198 D SensorClientUtils: Setting power state to STANDBY
07-15 16:34:38.509   839  1198 D SensorClientUtils: Executing transition from STANDBY to RUNNING
07-15 16:34:38.509   839  1198 D SensorClientUtils: Setting power state to RUNNING
07-15 16:34:38.523  1014  1045 I chatty  : uid=1000(system) batterystats-wo expire 2 lines
07-15 16:34:38.523   859  3869 D OVRRemoteService: ControllerGlue: setting expected mode to Streaming
07-15 16:34:38.523   859  3869 D OVRRemoteService: ControllerGlue: Setting current mode to Streaming
07-15 16:34:38.523   859  3869 D OVRRemoteService: ControllerGlue: leave mode Disabled
07-15 16:34:38.523   859  3869 D OVRRemoteService: ControllerGlue: Setting mode to Streaming
07-15 16:34:38.523   859  3869 D OVRRemoteService: ControllerGlue: enter mode Streaming
07-15 16:34:38.524   735  3061 I SyncBossHAL: [info   ] syncboss_hal_impl_android_driver.c(457): Failed to read system property vendor.syncbosshal.uart_path. Using default "/dev/ttyHS99".
07-15 16:34:38.526   735  3061 I SyncBossHAL: [info   ] syncboss_hal_impl_android_driver.c(575): Starting logging thread from UART path /dev/ttyHS99
07-15 16:34:38.526   735  3061 D SensorService: ControllerProvider: acquiring StreamingSession
07-15 16:34:38.526   735  3061 D SensorService: SyncbossEventHandler: starting all streams
07-15 16:34:38.527   735 12730 D SensorService: SyncbossEventHandler::producerThreadFunc() start
07-15 16:34:38.527   735 12730 W SensorService: Data for sensor type HMD_IMU dropped because of failure to update clock drift from vsync. 1 drops in the last 0s.
07-15 16:34:38.529   859   991 I TrackingService: [ vision_manager] SLEEP -> STANDBY transition time: 2 ms
07-15 16:34:38.529   859   991 I TrackingService: [            iad] SLEEP -> STANDBY transition time: 0 ms
07-15 16:34:38.530   735  3061 I SyncBossHAL: [info   ] syncboss_hal_impl_input.c(276): No pulsar frequency blocklist set
07-15 16:34:38.530   735  3061 I SyncBossHAL: [info   ] syncboss_hal_impl_input.c(303): No AFH behavior specified, enabled by default
07-15 16:34:38.530   735  3061 I SyncBossHAL: [info   ] syncboss_hal_impl_input.c(343): Input device auto-whitelisting disabled
07-15 16:34:38.537   735 12728 I SyncBossFW: 21905024 [info   ] {WIHO}: Pulsar device auto-whitelisting disabled
07-15 16:34:38.537   735  3061 D SensorService: ControllerProvider: acquiring StreamingClient impl; approx # alive: 1
07-15 16:34:38.538   735  3061 D libsensorscommon: ControllerProvider: acquiring StreamingClient hidl
07-15 16:34:38.538   859  3869 D OVRRemoteService: [controller] SLEEP -> STANDBY
07-15 16:34:38.538   859  3869 D SensorClientUtils: Executing transition from STANDBY to RUNNING
07-15 16:34:38.538   859  3869 D SensorClientUtils: Setting power state to RUNNING
07-15 16:34:38.538   859  3869 D OVRRemoteService: [controller] STANDBY -> RUNNING
07-15 16:34:38.538   859 12738 D OVRRemoteService: processStateChange([PairedControllerInfo LCON adf260742d57ae23 disconnected mcnt=0])
07-15 16:34:38.538   859 12738 D OVRRemoteService: processStateChange([PairedControllerInfo LCON dc36774d072f3cbd disconnected mcnt=0])
07-15 16:34:38.546   859   991 I TrackingService: [           bolt] SLEEP -> STANDBY transition time: 17 ms
07-15 16:34:38.548   735 12729 D SensorService: stateChangeNotifierFunc(): Reporting controller info. Change token: 18, paired=2 connected=0
07-15 16:34:38.549   735 12729 E SensorService: Thread Controller::stateWorkerFunc: took longer than expected time of 1500.000000Ms / 7460.000000Ms
07-15 16:34:38.549   859 12738 D OVRRemoteService: processStateChange([PairedControllerInfo LCON dc36774d072f3cbd disconnected update-required mcnt=0])
07-15 16:34:38.549   859 12738 D OVRRemoteService: processStateChange([PairedControllerInfo LCON adf260742d57ae23 disconnected update-required mcnt=0])
07-15 16:34:38.686   827   827 W wificond: Scan aborted
07-15 16:34:38.729   735 12728 W SyncBossFW: 21905217 [warning] {SPTH}: [rate_lim=1000] Big IMU diff (459094917us)
07-15 16:34:38.732   859   991 I TrackingService: [            iot] SLEEP -> STANDBY transition time: 185 ms
07-15 16:34:38.732   735 12728 I SyncBossFW: 21905220 [info   ] {APPI}: Enabling mag streaming.  Temperature comp enabled
07-15 16:34:38.736   859 12779 D TrackingService: starting IOT motion thread, imu batch dispatch enabled=false
07-15 16:34:38.740   735 12730 W SensorService: Data for sensor type HMD_MAG dropped because of failure to update clock drift from vsync. 1 drops in the last 0s.
07-15 16:34:38.873  1524 12778 W ContextImpl: Calling a method in the system process without a qualified user: android.app.ContextImpl.sendBroadcast:1057 android.content.ContextWrapper.sendBroadcast:448 X.o8.A00:143 X.nw.A00:17 X.nw.handleMessage:90 
07-15 16:34:38.877   859   991 I TrackingService: ConstellationTrackingGlue: setEnableExtendedDeadreckoning to false
07-15 16:34:38.877   859   991 I TrackingService: [  constellation] SLEEP -> STANDBY transition time: 145 ms
07-15 16:34:38.877   859   991 I TrackingService: [           hand] SLEEP -> STANDBY transition time: 0 ms
07-15 16:34:38.883   859   991 I TrackingService: [         object] SLEEP -> STANDBY transition time: 6 ms
07-15 16:34:38.884   859   991 I TrackingService: [     controller] SLEEP -> STANDBY transition time: 0 ms
07-15 16:34:38.884   859   991 I TrackingService: [ExposureControl] SLEEP -> STANDBY transition time: 0 ms
07-15 16:34:38.884   735  3061 D SensorService: ControllerProvider: acquiring StreamingClient impl; approx # alive: 2
07-15 16:34:38.884   735  3061 D libsensorscommon: ControllerProvider: acquiring StreamingClient hidl
07-15 16:34:38.884   859 12738 D OVRRemoteService: processStateChange([PairedControllerInfo LCON dc36774d072f3cbd disconnected update-required mcnt=0])
07-15 16:34:38.884   859 12738 D OVRRemoteService: processStateChange([PairedControllerInfo LCON adf260742d57ae23 disconnected update-required mcnt=0])
07-15 16:34:38.884   859  9759 D TrackingService: setPowerState: STANDBY
07-15 16:34:38.884   859  9759 D SensorClientUtils: Executing transition from STANDBY to RUNNING
07-15 16:34:38.884   859  9759 D SensorClientUtils: Setting power state to RUNNING
07-15 16:34:38.885   859   991 I TrackingService: [ vision_manager] STANDBY -> RUNNING transition time: 0 ms
07-15 16:34:38.886   859   991 I TrackingService: [            iad] STANDBY -> RUNNING transition time: 0 ms
07-15 16:34:38.886   859   991 I TrackingService: [           bolt] STANDBY -> RUNNING transition time: 0 ms
07-15 16:34:38.886   859 12813 D RemoteService: RemoteService - Registering status callback
07-15 16:34:38.890   735  3061 I FrameSetDispatcher: [HEADSET] Client thread started
07-15 16:34:38.890   735  3061 I CameraClientManager: [HEADSET] Added client - started clients: 1
07-15 16:34:38.961   735 12728 I SyncBossFW: 21905450 [info   ] {APPI}: cams_found=0xf
07-15 16:34:38.992   735  3061 I SyncBossHAL: [info   ] syncboss_hal_impl_camera.c(245): Changing camera frame period to 33333 (status=0)
07-15 16:34:38.996   735   854 I SyncBossHAL: [info   ] pulsar_manager.c(772): Setting controller LED config to period: 33333us, on-time: 19us
07-15 16:34:39.029   859   991 I TrackingService: [            iot] STANDBY -> RUNNING transition time: 142 ms
07-15 16:34:39.031   735   942 I FrameSetDispatcher: [CONTROLLER] Client thread started
07-15 16:34:39.031   735   942 I CameraClientManager: [CONTROLLER] Added client - started clients: 1
07-15 16:34:39.033   859   991 I TrackingService: ConstellationTrackingGlue: setEnableExtendedDeadreckoning to false
07-15 16:34:39.033   859   991 I TrackingService: [  constellation] STANDBY -> RUNNING transition time: 4 ms
07-15 16:34:39.034   859   991 I TrackingService: [           hand] STANDBY -> RUNNING transition time: 0 ms
07-15 16:34:39.037   735   942 I FrameSetDispatcher: [HEADSET] Client thread started
07-15 16:34:39.037   735   942 I CameraClientManager: [HEADSET] Added client - started clients: 2
07-15 16:34:39.065   859   991 I TrackingService: [         object] STANDBY -> RUNNING transition time: 30 ms
07-15 16:34:39.065   859   991 I TrackingService: [     controller] STANDBY -> RUNNING transition time: 0 ms
07-15 16:34:39.068   859   991 I TrackingService: Setting initial exposure: 0.005000, initial gain: 3.000000
07-15 16:34:39.070   735  3061 I FrameSetDispatcher: [HEADSET] Client thread started
07-15 16:34:39.070   735  3061 I CameraClientManager: [HEADSET] Added client - started clients: 3
07-15 16:34:39.071   859   991 I TrackingService: [ExposureControl] STANDBY -> RUNNING transition time: 5 ms
07-15 16:34:39.071   859  9759 D TrackingService: setPowerState: RUNNING
07-15 16:34:39.092  1524 12825 W ContextImpl: Calling a method in the system process without a qualified user: android.app.ContextImpl.sendBroadcast:1057 android.content.ContextWrapper.sendBroadcast:448 X.o8.A00:143 X.nw.A00:17 X.nw.handleMessage:90 
07-15 16:34:39.099   735 12828 W SensorService: frameset capture timestamp out of spec by -21905547.61 ms. FrameType=CONTROLLER, observed=21905580942000 expected=a33333000. FrameSyncPeriod is: 33.33 ms
07-15 16:34:39.147   735  3061 I MontereyCameraProvider: Switching channel from CONTROLLER to HAND
07-15 16:34:39.148   735 12836 I FrameSetDispatcher: [CONTROLLER] Client thread stopping
07-15 16:34:39.148   735  3061 I FrameSetDispatcher: [CONTROLLER] Client thread joined
07-15 16:34:39.148   735  3061 I CameraClientManager: [CONTROLLER] Removed client - started clients: 0
07-15 16:34:39.283   735 12814 E FrameSetDispatcher: [HEADSET] Client pid=859 (859): Failed to read from receive FMQ for 1 packets in 5000ms.
07-15 16:34:39.283   735 12814 E FrameSetDispatcher: This probably means this client is taking more than 33 ms to process the frame.
07-15 16:34:39.283   735 12814 E FrameSetDispatcher: Retrying.
07-15 16:34:39.328   735  3061 I FrameSetDispatcher: [HEADSET] Client thread started
07-15 16:34:39.328   735  3061 E FrameSetDispatcher: [HEADSET] Frame Count Requirement violated: number of streaming clients: 4, maximum number of FrameSets: 4
07-15 16:34:39.328   735  3061 I CameraClientManager: [HEADSET] Added client - started clients: 4
07-15 16:34:39.369  1014  1192 I chatty  : uid=1000(system) Binder:1014_3 expire 1 line
07-15 16:34:39.498   735  3061 I FrameSetDispatcher: [HAND] Client thread started
07-15 16:34:39.498   735  3061 I CameraClientManager: [HAND] Added client - started clients: 1
07-15 16:34:39.710  1524 12881 W ContextImpl: Calling a method in the system process without a qualified user: android.app.ContextImpl.sendBroadcast:1057 android.content.ContextWrapper.sendBroadcast:448 X.o8.A00:143 X.nw.A00:17 X.nw.handleMessage:90 
07-15 16:34:39.758   735  3061 I FrameSetDispatcher: [HAND] Client thread started
07-15 16:34:39.758   735  3061 E FrameSetDispatcher: [HAND] Frame Count Requirement violated: number of streaming clients: 2, maximum number of FrameSets: 2
07-15 16:34:39.758   735  3061 I CameraClientManager: [HAND] Added client - started clients: 2
07-15 16:34:39.763   735  3061 I FrameSetDispatcher: [HAND] Client thread started
07-15 16:34:39.764   735  3061 E FrameSetDispatcher: [HAND] Frame Count Requirement violated: number of streaming clients: 3, maximum number of FrameSets: 2
07-15 16:34:39.764   735  3061 I CameraClientManager: [HAND] Added client - started clients: 3
07-15 16:34:39.799   735 12883 E FrameSetDispatcher: [HAND] Client pid=859 (859): Failed to read from receive FMQ for 1 packets in 5000ms.
07-15 16:34:39.799   735 12883 E FrameSetDispatcher: This probably means this client is taking more than 33 ms to process the frame.
07-15 16:34:39.799   735 12883 E FrameSetDispatcher: Retrying.
07-15 16:34:39.856  1014 15651 I chatty  : uid=1000(system) Binder:1014_1E expire 2 lines
07-15 16:34:39.900  1014  4824 I chatty  : uid=1000(system) Binder:1014_10 expire 1 line
07-15 16:34:39.970   735 12814 W FrameSetDispatcher: [HEADSET] Client pid=859 (859): advanceCurrentFrameSetNode() advanced to a newer FrameSet, but skipped one or some FrameSets. current packetId: 119377, previous packetId: 119375
07-15 16:34:40.071  1014  1035 I chatty  : uid=1000(system) android.display expire 6 lines
07-15 16:34:40.076  1014 15651 I chatty  : uid=1000(system) Binder:1014_1E expire 3 lines
07-15 16:34:40.167  1524 12897 W ContextImpl: Calling a method in the system process without a qualified user: android.app.ContextImpl.sendBroadcast:1057 android.content.ContextWrapper.sendBroadcast:448 X.o8.A00:143 X.nw.A00:17 X.nw.handleMessage:90 
07-15 16:34:40.280  1014  1040 I chatty  : uid=1000(system) android.bg expire 3 lines
07-15 16:34:42.168   735   844 I SyncBossHAL: [info   ] syncboss_hal_impl_input.c(992): Pulsar connected devices state change: 3
07-15 16:34:42.171   735   844 I SyncBossHAL: [info   ] syncboss_hal_impl_input.c(992): Pulsar connected devices state change: 4
07-15 16:34:42.174   735 12728 I SyncBossFW: 21908657 [info   ] {WIHO}: Pulsar device connected adf26074xxxxxxxx (type: 13011101, connection id: 0x3)
07-15 16:34:42.174   735 12728 I SyncBossFW: 21908659 [info   ] {WIHO}: Pulsar device connected dc36774dxxxxxxxx (type: 13001101, connection id: 0x4)
07-15 16:34:42.225   735   854 I SyncBossHAL: [info   ] pulsar_manager.c(467): adf26074xxxxxxxx: Configuring IR LED to ontime = 19, period = 33333
07-15 16:34:42.231   735   854 I SyncBossHAL: [info   ] pulsar_manager.c(319): Finished getting cache data for controller
07-15 16:34:42.231   735   854 I SyncBossHAL:     id            : adf26074xxxxxxxx
07-15 16:34:42.231   735   854 I SyncBossHAL:     pulsar_type   : 0x13011101
07-15 16:34:42.231   735   854 I SyncBossHAL:     connection id : 0x3
07-15 16:34:42.231   735   854 I SyncBossHAL:     fw ver        : 1.17.2
07-15 16:34:42.231   735   854 I SyncBossHAL:     spl ver       : 1.13.0
07-15 16:34:42.231   735   854 I SyncBossHAL:     serial        : 1PALCRD1C00166
07-15 16:34:42.231   735   854 I SyncBossHAL:     handedness    : right
07-15 16:34:42.231   735   854 I SyncBossHAL:     battery state : 100%
07-15 16:34:42.237   735 12729 D SensorService: stateChangeNotifierFunc(): Reporting controller info. Change token: 19, paired=2 connected=1
07-15 16:34:42.237   859 12738 D OVRRemoteService: processStateChange([PairedControllerInfo LCON adf260742d57ae23 connected mcnt=0])
07-15 16:34:42.237   859 12738 D OVRRemoteService: processStateChange([PairedControllerInfo LCON dc36774d072f3cbd disconnected update-required mcnt=0])
07-15 16:34:42.247   735  3061 D SensorService: Found paired controllers: 2
07-15 16:34:42.248   735   942 W SensorService: Attempt to adjust transmit power. Should boost:N. Function not implemented in syncboss HAL yet.
07-15 16:34:42.248   859 12812 E TrackingService: Failed to set transmit power adjustment. Should boost:N, Controller addr:adf260742d57ae23
07-15 16:34:42.248   859 12812 I TrackingService: Registering primary controller adf260742d57ae23 in slot 0
07-15 16:34:42.251   859 12812 D TrackingService: TrackingDataPostProcessor: Hand autotransition v2 GK enabled: 1
07-15 16:34:42.251   859 12812 D TrackingService: registerRemote: adf260742d57ae23
07-15 16:34:42.269   859 12812 W TrackingService: Attempted to control leds, but gatekeeper is disabled. Skipping operation.
07-15 16:34:42.303   735   854 I SyncBossHAL: [info   ] pulsar_manager.c(467): dc36774dxxxxxxxx: Configuring IR LED to ontime = 19, period = 33333
07-15 16:34:42.309   735 12730 I SyncBossInput: [info   ] [lcon (right) adf26074xxxxxxxx]:  389281 [info   ] {THDG}: active_seek -> inactive_seek
07-15 16:34:42.310   735   854 I SyncBossHAL: [info   ] pulsar_manager.c(319): Finished getting cache data for controller
07-15 16:34:42.310   735   854 I SyncBossHAL:     id            : dc36774dxxxxxxxx
07-15 16:34:42.310   735   854 I SyncBossHAL:     pulsar_type   : 0x13001101
07-15 16:34:42.310   735   854 I SyncBossHAL:     connection id : 0x4
07-15 16:34:42.310   735   854 I SyncBossHAL:     fw ver        : 1.17.2
07-15 16:34:42.310   735   854 I SyncBossHAL:     spl ver       : 1.13.0
07-15 16:34:42.310   735   854 I SyncBossHAL:     serial        : 1PALCLDAE50171
07-15 16:34:42.310   735   854 I SyncBossHAL:     handedness    : left
07-15 16:34:42.310   735   854 I SyncBossHAL:     battery state : 100%
07-15 16:34:42.314   735 12729 D SensorService: stateChangeNotifierFunc(): Reporting controller info. Change token: 20, paired=2 connected=2
07-15 16:34:42.315   859 12738 D OVRRemoteService: processStateChange([PairedControllerInfo LCON adf260742d57ae23 connected mcnt=0])
07-15 16:34:42.315   859 12738 D OVRRemoteService: processStateChange([PairedControllerInfo LCON dc36774d072f3cbd connected mcnt=0])
07-15 16:34:42.321   735  3061 D SensorService: Found paired controllers: 2
07-15 16:34:42.322   735   942 W SensorService: Attempt to adjust transmit power. Should boost:N. Function not implemented in syncboss HAL yet.
07-15 16:34:42.322   859 12812 E TrackingService: Failed to set transmit power adjustment. Should boost:N, Controller addr:dc36774d072f3cbd
07-15 16:34:42.322   859 12812 I TrackingService: Registering primary controller dc36774d072f3cbd in slot 1
07-15 16:34:42.326   859 12812 D TrackingService: TrackingDataPostProcessor: Hand autotransition v2 GK enabled: 1
07-15 16:34:42.326   859 12812 D TrackingService: registerRemote: dc36774d072f3cbd
07-15 16:34:42.337   735 12730 I SyncBossInput: [info   ] [lcon (right) adf26074xxxxxxxx]:  823647 [info   ] {APP }: Connected
07-15 16:34:42.342   859 12812 W TrackingService: Attempted to control leds, but gatekeeper is disabled. Skipping operation.
07-15 16:34:42.342   735 12730 I SyncBossInput: [info   ] [lcon ( left) dc36774dxxxxxxxx]:  823070 [info   ] {APP }: Connected
07-15 16:34:42.348   735  3061 I MontereyCameraProvider: Switching channel from HAND to CONTROLLER
07-15 16:34:42.349   735 12893 I FrameSetDispatcher: [HAND] Client thread stopping
07-15 16:34:42.349   735  3061 I FrameSetDispatcher: [HAND] Client thread joined
07-15 16:34:42.349   735  3061 I CameraClientManager: [HAND] Removed client - started clients: 2
07-15 16:34:42.361   735 12892 I FrameSetDispatcher: [HAND] Client thread stopping
07-15 16:34:42.361   735   942 I FrameSetDispatcher: [HAND] Client thread joined
07-15 16:34:42.362   735   942 I CameraClientManager: [HAND] Removed client - started clients: 1
07-15 16:34:42.363   735 12883 I FrameSetDispatcher: [HAND] Client thread stopping
07-15 16:34:42.363   735   942 I FrameSetDispatcher: [HAND] Client thread joined
07-15 16:34:42.363   735   942 I CameraClientManager: [HAND] Removed client - started clients: 0
07-15 16:34:42.374   735   942 I FrameSetDispatcher: [CONTROLLER] Client thread started
07-15 16:34:42.374   735   942 I CameraClientManager: [CONTROLLER] Added client - started clients: 1
07-15 16:34:42.376   859   991 I TrackingService: ConstellationTrackingGlue: setEnableExtendedDeadreckoning to false
07-15 16:34:42.389   735 12730 I SyncBossInput: [info   ] [lcon (right) adf26074xxxxxxxx]:  823647 [info   ] {THDG}: inactive_seek -> active_connected
07-15 16:34:42.392   735 12730 I SyncBossInput: [info   ] [lcon ( left) dc36774dxxxxxxxx]:  823071 [info   ] {THDG}: inactive_seek -> active_connected
07-15 16:34:42.399   735 12828 W SensorService: frameset capture timestamp out of spec by -21908847.58 ms. FrameType=CONTROLLER, observed=21908880909000 expected=a33333000. FrameSyncPeriod is: 33.33 ms
07-15 16:34:42.418   735 12730 I SyncBossHAL: [info   ] syncboss_hal_input_controller.c(197): Controller dc36774dxxxxxxxx battery level changed: 0% -> 100%
07-15 16:34:42.423   735 12729 D SensorService: stateChangeNotifierFunc(): Reporting controller info. Change token: 21, paired=2 connected=2
07-15 16:34:42.423   859 12738 D OVRRemoteService: processStateChange([PairedControllerInfo LCON adf260742d57ae23 connected mcnt=0])
07-15 16:34:42.423   859 12738 D OVRRemoteService: processStateChange([PairedControllerInfo LCON dc36774d072f3cbd connected mcnt=0])
07-15 16:34:42.679  1524 12905 W ContextImpl: Calling a method in the system process without a qualified user: android.app.ContextImpl.sendBroadcast:1057 android.content.ContextWrapper.sendBroadcast:448 X.o8.A00:143 X.nw.A00:17 X.nw.handleMessage:90 
07-15 16:34:43.026   735 12730 I SyncBossHAL: [info   ] syncboss_hal_input_controller.c(197): Controller adf26074xxxxxxxx battery level changed: 0% -> 100%
07-15 16:34:43.030   735 12729 D SensorService: stateChangeNotifierFunc(): Reporting controller info. Change token: 22, paired=2 connected=2
07-15 16:34:43.030   859 12738 D OVRRemoteService: processStateChange([PairedControllerInfo LCON adf260742d57ae23 connected mcnt=0])
07-15 16:34:43.030   859 12738 D OVRRemoteService: processStateChange([PairedControllerInfo LCON dc36774d072f3cbd connected mcnt=0])
07-15 16:34:44.916   859 12812 D TrackingService: [HANDTRACKING] Controller adf260742d57ae23 in hand: N, valid: Y
07-15 16:34:44.984   859 12812 D TrackingService: [HANDTRACKING] Controller dc36774d072f3cbd in hand: N, valid: Y
07-15 16:34:45.082   735   942 I MontereyCameraProvider: Switching channel from CONTROLLER to HAND
07-15 16:34:45.083   735 12903 I FrameSetDispatcher: [CONTROLLER] Client thread stopping
07-15 16:34:45.083   735   942 I FrameSetDispatcher: [CONTROLLER] Client thread joined
07-15 16:34:45.083   735   942 I CameraClientManager: [CONTROLLER] Removed client - started clients: 0
07-15 16:34:45.095   735   942 I FrameSetDispatcher: [HAND] Client thread started
07-15 16:34:45.095   735   942 I CameraClientManager: [HAND] Added client - started clients: 1
07-15 16:34:45.132   735 12827 W SensorService: frameset capture timestamp out of spec by -21911580.88 ms. FrameType=HAND, observed=21911614215000 expected=a33333000. FrameSyncPeriod is: 33.33 ms
07-15 16:34:45.429   735   942 I FrameSetDispatcher: [HAND] Client thread started
07-15 16:34:45.429   735   942 E FrameSetDispatcher: [HAND] Frame Count Requirement violated: number of streaming clients: 2, maximum number of FrameSets: 2
07-15 16:34:45.429   735   942 I CameraClientManager: [HAND] Added client - started clients: 2
07-15 16:34:45.437   735   942 I FrameSetDispatcher: [HAND] Client thread started
07-15 16:34:45.437   735   942 E FrameSetDispatcher: [HAND] Frame Count Requirement violated: number of streaming clients: 3, maximum number of FrameSets: 2
07-15 16:34:45.437   735   942 I CameraClientManager: [HAND] Added client - started clients: 3
07-15 16:34:45.466   735 12909 E FrameSetDispatcher: [HAND] Client pid=859 (859): Failed to read from receive FMQ for 1 packets in 5000ms.
07-15 16:34:45.466   735 12909 E FrameSetDispatcher: This probably means this client is taking more than 33 ms to process the frame.
07-15 16:34:45.466   735 12909 E FrameSetDispatcher: Retrying.
07-15 16:34:51.745  1014 14457 I chatty  : uid=1000(system) Binder:1014_1D expire 1 line
07-15 16:34:52.373  1014  1053 I chatty  : uid=1000(system) PackageManager expire 25 lines
07-15 16:34:52.756  1014  1041 I chatty  : uid=1000(system) ActivityManager expire 6 lines
07-15 16:34:52.805  1014  3919 I chatty  : uid=1000(system) Binder:1014_E expire 3 lines
07-15 16:34:52.829  1014 12076 I chatty  : uid=1000(system) Binder:1014_1A expire 2 lines
07-15 16:34:53.477  1014  1042 I chatty  : uid=1000(system) ActivityManager expire 1 line
07-15 16:34:53.873  1524 13018 W ContextImpl: Calling a method in the system process without a qualified user: android.app.ContextImpl.sendBroadcast:1057 android.content.ContextWrapper.sendBroadcast:448 X.o8.A00:143 X.nw.A00:17 X.nw.handleMessage:90 
07-15 16:34:53.997  1014 14383 I chatty  : uid=1000(system) Binder:1014_1C expire 3 lines
07-15 16:34:54.131  1014  5398 I chatty  : uid=1000(system) Binder:1014_20 expire 1 line
07-15 16:34:54.204   859  3869 D TrackingService: getSharedMemory: com.oculus.sdk.vrcubeworldna, HeadTracker
07-15 16:34:57.555  1014  1858 I chatty  : uid=1000(system) LazyTaskWriterT expire 1 line
07-15 16:35:09.671  1524 13070 W ContextImpl: Calling a method in the system process without a qualified user: android.app.ContextImpl.sendBroadcast:1057 android.content.ContextWrapper.sendBroadcast:448 X.o8.A00:143 X.nw.A00:17 X.nw.handleMessage:90 
07-15 16:35:28.266   735 12909 E FrameSetDispatcher: [HAND] Client pid=859 (859): Failed to read from receive FMQ for 1 packets in 5000ms.
07-15 16:35:28.266   735 12909 E FrameSetDispatcher: This probably means this client is taking more than 33 ms to process the frame.
07-15 16:35:28.266   735 12909 E FrameSetDispatcher: Retrying.
07-15 16:35:34.807   735 12728 I SyncBossFW: 21961294 [info   ] {PERF}: cpu load cur=0.38 min=0.04 max=0.38 avg=0.05
07-15 16:35:41.889   735 12730 E SensorService: HMD IMU samples delayed: 4.780ms between sample arrivals (expected 1.000ms)
07-15 16:35:49.928  1014  2980 I chatty  : uid=1000(system) Binder:1014_C expire 4 lines
07-15 16:35:49.944   859  3579 I TrackingService: Unregistering client 'com.oculus.sdk.vrcubeworldna#12983' by binder death
07-15 16:35:50.140  1014  5079 I chatty  : uid=1000(system) Binder:1014_12 expire 1 line
07-15 16:35:50.379  1524 13101 W ContextImpl: Calling a method in the system process without a qualified user: android.app.ContextImpl.sendBroadcast:1057 android.content.ContextWrapper.sendBroadcast:448 X.o8.A00:143 X.nw.A00:17 X.nw.handleMessage:90 
07-15 16:35:50.478  1524 13116 W ContextImpl: Calling a method in the system process without a qualified user: android.app.ContextImpl.sendBroadcast:1057 android.content.ContextWrapper.sendBroadcast:448 X.o8.A00:143 X.nw.A00:17 X.nw.handleMessage:90 
