07-15 12:44:11.302  1524  6588 I chatty  : uid=1000(system) com.oculus.unifiedtelemetry expire 1 line
07-15 12:44:11.457  1524  6590 I chatty  : uid=1000(system) com.oculus.unifiedtelemetry expire 1 line
07-15 12:44:11.581  1524  6591 I chatty  : uid=1000(system) com.oculus.unifiedtelemetry expire 1 line
07-15 12:44:11.721  1524  6592 I chatty  : uid=1000(system) com.oculus.unifiedtelemetry expire 1 line
07-15 12:44:11.831  1524  6593 I chatty  : uid=1000(system) com.oculus.unifiedtelemetry expire 1 line
07-15 12:44:11.965  1524  6594 I chatty  : uid=1000(system) com.oculus.unifiedtelemetry expire 1 line
07-15 12:44:12.088  1524  6595 I chatty  : uid=1000(system) com.oculus.unifiedtelemetry expire 1 line
07-15 12:44:12.171  1524  6597 I chatty  : uid=1000(system) com.oculus.unifiedtelemetry expire 1 line
07-15 12:44:12.496  1524  6598 I chatty  : uid=1000(system) com.oculus.unifiedtelemetry expire 1 line
07-15 12:44:12.722  1524  6599 I chatty  : uid=1000(system) com.oculus.unifiedtelemetry expire 1 line
07-15 12:44:12.875  1524  6600 I chatty  : uid=1000(system) com.oculus.unifiedtelemetry expire 1 line
07-15 12:46:30.192  1524  6643 I chatty  : uid=1000(system) com.oculus.unifiedtelemetry expire 1 line
07-15 12:49:43.727  1014  3834 I chatty  : uid=1000(system) Binder:1014_D expire 10 lines
07-15 12:50:29.875  1014  1040 I chatty  : uid=1000(system) android.bg expire 8 lines
07-15 12:50:31.024  1014 14457 I chatty  : uid=1000(system) Binder:1014_1D expire 1 line
07-15 12:50:49.466  1014  1031 I chatty  : uid=1000(system) Binder:1014_2 expire 6 lines
07-15 12:51:55.211  1014 16917 I chatty  : uid=1000(system) Binder:1014_1F expire 15 lines
07-15 12:52:19.130  1014  1014 I chatty  : uid=1000 system_server expire 2 lines
07-15 12:53:00.896  1014  3919 I chatty  : uid=1000(system) Binder:1014_E expire 6 lines
07-15 12:53:30.272  1524  6771 I chatty  : uid=1000(system) com.oculus.unifiedtelemetry expire 1 line
07-15 12:53:38.169   827   827 I wificond: Received external scan result notification from kernel.
07-15 12:58:29.629  1014  7448 I chatty  : uid=1000(system) Binder:1014_16 expire 3 lines
07-15 12:59:31.234  1014  1129 I chatty  : uid=1000(system) ConnectivitySer expire 8 lines
07-15 12:59:31.661  1524  6885 I chatty  : uid=1000(system) com.oculus.unifiedtelemetry expire 1 line
07-15 13:00:31.103  1014 14457 I chatty  : uid=1000(system) Binder:1014_1D expire 3 lines
07-15 13:04:31.347  1524  6976 I chatty  : uid=1000(system) com.oculus.unifiedtelemetry expire 1 line
07-15 13:07:32.467  1014  1045 I chatty  : uid=1000(system) batterystats-wo expire 1 line
07-15 13:10:32.015  1524  7101 I chatty  : uid=1000(system) com.oculus.unifiedtelemetry expire 1 line
07-15 13:12:31.242  1014 16917 I chatty  : uid=1000(system) Binder:1014_1F expire 7 lines
07-15 13:12:44.365  1014  2610 I chatty  : uid=1000(system) Binder:1014_A expire 10 lines
07-15 13:15:38.571  1524  7193 I chatty  : uid=1000(system) com.oculus.unifiedtelemetry expire 1 line
07-15 13:16:30.274  1014  1031 I chatty  : uid=1000(system) Binder:1014_2 expire 7 lines
07-15 13:17:30.293  1014  7448 I chatty  : uid=1000(system) Binder:1014_16 expire 9 lines
07-15 13:19:30.327  1014 14457 I chatty  : uid=1000(system) Binder:1014_1D expire 5 lines
07-15 13:22:38.698  1524  7319 I chatty  : uid=1000(system) com.oculus.unifiedtelemetry expire 1 line
07-15 13:23:35.085  1014 10004 I chatty  : uid=1000(system) Binder:1014_18 expire 3 lines
07-15 13:23:38.290   827   827 I wificond: Received external scan result notification from kernel.
07-15 13:28:30.909  1014  1129 I chatty  : uid=1000(system) ConnectivitySer expire 5 lines
07-15 13:28:31.823  1524  7438 I chatty  : uid=1000(system) com.oculus.unifiedtelemetry expire 1 line
07-15 13:28:31.915  1014  1040 I chatty  : uid=1000(system) android.bg expire 4 lines
07-15 13:29:10.698  1014  1393 I chatty  : uid=1000(system) Binder:1014_6 expire 2 lines
07-15 13:34:30.704  1524  7536 I chatty  : uid=1000(system) com.oculus.unifiedtelemetry expire 1 line
07-15 13:35:31.502  1014  3834 I chatty  : uid=1000(system) Binder:1014_D expire 3 lines
07-15 13:37:19.016  1014  1014 I chatty  : uid=1000 system_server expire 1 line
07-15 13:37:32.527  1014  1045 I chatty  : uid=1000(system) batterystats-wo expire 1 line
07-15 13:37:39.544  1014  5069 I chatty  : uid=1000(system) Binder:1014_11 expire 1 line
07-15 13:39:02.434  1014  3919 I chatty  : uid=1000(system) Binder:1014_E expire 1 line
07-15 13:39:30.553  1014  5398 I chatty  : uid=1000(system) Binder:1014_20 expire 1 line
07-15 13:39:30.661  1014  1129 I chatty  : uid=1000(system) ConnectivitySer expire 3 lines
07-15 13:39:31.485  1524  7662 I chatty  : uid=1000(system) com.oculus.unifiedtelemetry expire 1 line
07-15 13:39:31.673  1014  1040 I chatty  : uid=1000(system) android.bg expire 5 lines
07-15 13:40:08.193  1014  7448 I chatty  : uid=1000(system) Binder:1014_16 expire 11 lines
07-15 13:40:30.560  1014  5069 I chatty  : uid=1000(system) Binder:1014_11 expire 9 lines
07-15 13:41:13.948  1014  3834 I chatty  : uid=1000(system) Binder:1014_D expire 2 lines
07-15 13:41:30.556  1014  5398 I chatty  : uid=1000(system) Binder:1014_20 expire 4 lines
07-15 13:42:19.713  1014  3919 I chatty  : uid=1000(system) Binder:1014_E expire 2 lines
07-15 13:42:30.576  1014 16917 I chatty  : uid=1000(system) Binder:1014_1F expire 4 lines
07-15 13:45:33.755  1524  7761 I chatty  : uid=1000(system) com.oculus.unifiedtelemetry expire 1 line
07-15 13:46:42.694  1014 10004 I chatty  : uid=1000(system) Binder:1014_18 expire 9 lines
07-15 13:51:38.972  1524  7879 I chatty  : uid=1000(system) com.oculus.unifiedtelemetry expire 1 line
07-15 13:53:30.717  1014  2610 I chatty  : uid=1000(system) Binder:1014_A expire 4 lines
07-15 13:53:38.347   827   827 I wificond: Received external scan result notification from kernel.
07-15 13:54:22.914  1014  1031 I chatty  : uid=1000(system) Binder:1014_2 expire 2 lines
07-15 13:54:37.375  1014  1041 I chatty  : uid=1000(system) ActivityManager expire 1 line
07-15 13:56:31.932  1014  1129 I chatty  : uid=1000(system) ConnectivitySer expire 4 lines
07-15 13:56:32.809  1524  7994 I chatty  : uid=1000(system) com.oculus.unifiedtelemetry expire 1 line
07-15 14:03:32.058  1524  8108 I chatty  : uid=1000(system) com.oculus.unifiedtelemetry expire 1 line
07-15 14:05:20.438  1014  7448 I chatty  : uid=1000(system) Binder:1014_16 expire 17 lines
07-15 14:06:26.194  1014 16917 I chatty  : uid=1000(system) Binder:1014_1F expire 6 lines
07-15 14:07:32.521  1014  1045 I chatty  : uid=1000(system) batterystats-wo expire 2 lines
07-15 14:08:31.864  1014 10004 I chatty  : uid=1000(system) Binder:1014_18 expire 15 lines
07-15 14:09:31.882  1014  5069 I chatty  : uid=1000(system) Binder:1014_11 expire 20 lines
07-15 14:10:30.817  1014  1040 I chatty  : uid=1000(system) android.bg expire 14 lines
07-15 14:10:32.155  1524  8237 I chatty  : uid=1000(system) com.oculus.unifiedtelemetry expire 1 line
07-15 14:10:32.257  1014  1129 I chatty  : uid=1000(system) ConnectivitySer expire 12 lines
07-15 14:10:49.235  1014 14457 I chatty  : uid=1000(system) Binder:1014_1D expire 6 lines
07-15 14:11:31.929  1014  2610 I chatty  : uid=1000(system) Binder:1014_A expire 10 lines
07-15 14:13:43.840  1014  1014 I chatty  : uid=1000 system_server expire 5 lines
07-15 14:14:39.155  1524  8327 I chatty  : uid=1000(system) com.oculus.unifiedtelemetry expire 1 line
07-15 14:18:08.251  1014  1041 I chatty  : uid=1000(system) ActivityManager expire 2 lines
07-15 14:21:31.261  1524  8441 I chatty  : uid=1000(system) com.oculus.unifiedtelemetry expire 1 line
07-15 14:23:38.416   827   827 I wificond: Received external scan result notification from kernel.
07-15 14:25:33.647  1524  8542 I chatty  : uid=1000(system) com.oculus.unifiedtelemetry expire 1 line
07-15 14:32:33.712  1524  8658 I chatty  : uid=1000(system) com.oculus.unifiedtelemetry expire 1 line
07-15 14:38:33.763  1524  8804 I chatty  : uid=1000(system) com.oculus.unifiedtelemetry expire 1 line
07-15 14:40:24.342  1014  1031 I chatty  : uid=1000(system) Binder:1014_2 expire 5 lines
07-15 14:42:39.512  1524  8899 I chatty  : uid=1000(system) com.oculus.unifiedtelemetry expire 1 line
07-15 14:43:40.262  1014  1102 I chatty  : uid=1000(system) NetworkWatchlis expire 2 lines
07-15 14:43:40.286  1014  1042 I chatty  : uid=1000(system) ActivityManager expire 2 lines
07-15 14:43:40.445  1014  8950 I chatty  : uid=1000 system_server expire 1 line
07-15 14:43:53.222 14990 16769 D DownloadManager: Removed 0 stale downloads
07-15 14:43:53.233 14990 16769 D DownloadManager: Found 0 files in database
07-15 14:43:53.233 14990 16769 D DownloadManager: Found 0 files on disk
07-15 14:44:02.755  1524  9252 I chatty  : uid=1000(system) com.oculus.unifiedtelemetry expire 1 line
07-15 14:44:12.762  1524  9291 I chatty  : uid=1000(system) com.oculus.unifiedtelemetry expire 1 line
07-15 14:44:12.877  1524  9292 I chatty  : uid=1000(system) com.oculus.unifiedtelemetry expire 1 line
07-15 14:44:13.025  1524  9298 I chatty  : uid=1000(system) com.oculus.unifiedtelemetry expire 1 line
07-15 14:44:13.155  1524  9299 I chatty  : uid=1000(system) com.oculus.unifiedtelemetry expire 1 line
07-15 14:44:13.297  1524  9300 I chatty  : uid=1000(system) com.oculus.unifiedtelemetry expire 1 line
07-15 14:44:13.431  1524  9301 I chatty  : uid=1000(system) com.oculus.unifiedtelemetry expire 1 line
07-15 14:44:13.558  1524  9302 I chatty  : uid=1000(system) com.oculus.unifiedtelemetry expire 1 line
07-15 14:44:13.658  1524  9303 I chatty  : uid=1000(system) com.oculus.unifiedtelemetry expire 1 line
07-15 14:44:13.827  1524  9304 I chatty  : uid=1000(system) com.oculus.unifiedtelemetry expire 1 line
07-15 14:44:13.959  1524  9305 I chatty  : uid=1000(system) com.oculus.unifiedtelemetry expire 1 line
07-15 14:44:14.096  1524  9306 I chatty  : uid=1000(system) com.oculus.unifiedtelemetry expire 1 line
07-15 14:44:14.237  1524  9307 I chatty  : uid=1000(system) com.oculus.unifiedtelemetry expire 1 line
07-15 14:45:32.234  1014 11531 I chatty  : uid=1000(system) Binder:1014_19 expire 10 lines
07-15 14:46:32.246  1014  3834 I chatty  : uid=1000(system) Binder:1014_D expire 9 lines
07-15 14:47:32.234  1014  1200 I chatty  : uid=1000(system) Binder:1014_4 expire 5 lines
07-15 14:48:32.430  1524  9379 I chatty  : uid=1000(system) com.oculus.unifiedtelemetry expire 1 line
07-15 14:50:16.073  1014 10004 I chatty  : uid=1000(system) Binder:1014_18 expire 3 lines
07-15 14:50:31.347  1014  1040 I chatty  : uid=1000(system) android.bg expire 8 lines
07-15 14:52:19.025  1014  1097 I chatty  : uid=1000(system) AlarmManager expire 2 lines
07-15 14:52:19.038  1014  1014 I chatty  : uid=1000 system_server expire 2 lines
07-15 14:52:19.088  1014  1042 I chatty  : uid=1000(system) ActivityManager expire 1 line
07-15 14:52:19.205  1014  1031 I chatty  : uid=1000(system) Binder:1014_2 expire 5 lines
07-15 14:53:38.528   827   827 I wificond: Received external scan result notification from kernel.
07-15 14:55:31.473  1014  1129 I chatty  : uid=1000(system) ConnectivitySer expire 4 lines
07-15 14:55:31.594  1524  9547 I chatty  : uid=1000(system) com.oculus.unifiedtelemetry expire 1 line
07-15 14:59:36.107  1524  9649 I chatty  : uid=1000(system) com.oculus.unifiedtelemetry expire 1 line
07-15 15:00:07.822  1014 14457 I chatty  : uid=1000(system) Binder:1014_1D expire 4 lines
07-15 15:01:13.567  1014  1393 I chatty  : uid=1000(system) Binder:1014_6 expire 3 lines
07-15 15:01:53.752  1524  9707 I chatty  : uid=1000(system) com.oculus.unifiedtelemetry expire 1 line
07-15 15:01:53.952  1524  9719 I chatty  : uid=1000(system) com.oculus.unifiedtelemetry expire 1 line
07-15 15:01:54.019  1524  9720 I chatty  : uid=1000(system) com.oculus.unifiedtelemetry expire 1 line
07-15 15:03:40.459  1014  5398 I chatty  : uid=1000(system) Binder:1014_20 expire 3 lines
07-15 15:05:32.446  1014 16917 I chatty  : uid=1000(system) Binder:1014_1F expire 7 lines
07-15 15:05:39.698  1524  9802 I chatty  : uid=1000(system) com.oculus.unifiedtelemetry expire 1 line
07-15 15:07:32.575  1014  1045 I chatty  : uid=1000(system) batterystats-wo expire 1 line
07-15 15:07:40.051  1014  1034 I chatty  : uid=1000(system) android.io expire 2 lines
07-15 15:11:31.637  1014  1129 I chatty  : uid=1000(system) ConnectivitySer expire 8 lines
07-15 15:11:32.568  1524  9933 I chatty  : uid=1000(system) com.oculus.unifiedtelemetry expire 1 line
07-15 15:11:32.665  1014  1040 I chatty  : uid=1000(system) android.bg expire 5 lines
07-15 15:13:16.985  1014 14457 I chatty  : uid=1000(system) Binder:1014_1D expire 7 lines
07-15 15:13:43.781  1014  1014 I chatty  : uid=1000 system_server expire 2 lines
07-15 15:13:58.818  1014  1031 I chatty  : uid=1000(system) Binder:1014_2 expire 6 lines
07-15 15:14:38.101  1014  1041 I chatty  : uid=1000(system) ActivityManager expire 1 line
07-15 15:15:40.591  1014  1200 I chatty  : uid=1000(system) Binder:1014_4 expire 5 lines
07-15 15:16:39.876  1524 10024 I chatty  : uid=1000(system) com.oculus.unifiedtelemetry expire 1 line
07-15 15:17:32.571  1014  1393 I chatty  : uid=1000(system) Binder:1014_6 expire 3 lines
07-15 15:18:32.600  1014  5398 I chatty  : uid=1000(system) Binder:1014_20 expire 7 lines
07-15 15:20:57.272  1014  5069 I chatty  : uid=1000(system) Binder:1014_11 expire 2 lines
07-15 15:23:31.583  1014  2610 I chatty  : uid=1000(system) Binder:1014_A expire 8 lines
07-15 15:23:38.567   827   827 I wificond: Received external scan result notification from kernel.
07-15 15:23:39.871  1524 10161 W ContextImpl: Calling a method in the system process without a qualified user: android.app.ContextImpl.sendBroadcast:1057 android.content.ContextWrapper.sendBroadcast:448 X.o8.A00:143 X.nw.A00:17 X.nw.handleMessage:90 
07-15 15:28:32.783  1014 11531 I chatty  : uid=1000(system) Binder:1014_19 expire 1 line
07-15 15:28:33.736  1524 10259 W ContextImpl: Calling a method in the system process without a qualified user: android.app.ContextImpl.sendBroadcast:1057 android.content.ContextWrapper.sendBroadcast:448 X.o8.A00:143 X.nw.A00:17 X.nw.handleMessage:90 
07-15 15:35:12.038  1014  5069 I chatty  : uid=1000(system) Binder:1014_11 expire 6 lines
07-15 15:35:31.717  1014  5398 I chatty  : uid=1000(system) Binder:1014_20 expire 8 lines
07-15 15:35:33.734  1524 10380 W ContextImpl: Calling a method in the system process without a qualified user: android.app.ContextImpl.sendBroadcast:1057 android.content.ContextWrapper.sendBroadcast:448 X.o8.A00:143 X.nw.A00:17 X.nw.handleMessage:90 
07-15 15:36:17.786  1014  1200 I chatty  : uid=1000(system) Binder:1014_4 expire 6 lines
07-15 15:37:32.574  1014  1045 I chatty  : uid=1000(system) batterystats-wo expire 1 line
07-15 15:37:34.080  1014  1393 I chatty  : uid=1000(system) Binder:1014_6 expire 4 lines
07-15 15:39:33.010  1014  1129 I chatty  : uid=1000(system) ConnectivitySer expire 4 lines
07-15 15:39:34.009  1014  1040 I chatty  : uid=1000(system) android.bg expire 4 lines
07-15 15:39:40.056  1524 10490 W ContextImpl: Calling a method in the system process without a qualified user: android.app.ContextImpl.sendBroadcast:1057 android.content.ContextWrapper.sendBroadcast:448 X.o8.A00:143 X.nw.A00:17 X.nw.handleMessage:90 
07-15 15:41:46.577  1014  2610 I chatty  : uid=1000(system) Binder:1014_A expire 10 lines
07-15 15:43:32.817  1014 14457 I chatty  : uid=1000(system) Binder:1014_1D expire 2 lines
07-15 15:43:43.707  1014  1014 I chatty  : uid=1000 system_server expire 2 lines
07-15 15:44:32.824  1014  3834 I chatty  : uid=1000(system) Binder:1014_D expire 1 line
07-15 15:46:32.075  1524 10608 W ContextImpl: Calling a method in the system process without a qualified user: android.app.ContextImpl.sendBroadcast:1057 android.content.ContextWrapper.sendBroadcast:448 X.o8.A00:143 X.nw.A00:17 X.nw.handleMessage:90 
07-15 15:49:38.362  1014  1041 I chatty  : uid=1000(system) ActivityManager expire 1 line
07-15 15:52:41.241  1524 10734 W ContextImpl: Calling a method in the system process without a qualified user: android.app.ContextImpl.sendBroadcast:1057 android.content.ContextWrapper.sendBroadcast:448 X.o8.A00:143 X.nw.A00:17 X.nw.handleMessage:90 
07-15 15:53:38.670   827   827 I wificond: Received external scan result notification from kernel.
07-15 15:53:38.806  1014  2610 I chatty  : uid=1000(system) Binder:1014_A expire 1 line
07-15 15:53:49.986  1014  3919 I chatty  : uid=1000(system) Binder:1014_E expire 1 line
07-15 15:56:31.940  1014  5069 I chatty  : uid=1000(system) Binder:1014_11 expire 1 line
07-15 15:56:32.024  1014 14457 I chatty  : uid=1000(system) Binder:1014_1D expire 1 line
07-15 15:56:32.053  1014  1129 I chatty  : uid=1000(system) ConnectivitySer expire 8 lines
07-15 15:56:33.079  1014  1040 I chatty  : uid=1000(system) android.bg expire 5 lines
07-15 15:57:07.294  1014 14457 I chatty  : uid=1000(system) Binder:1014_1D expire 3 lines
07-15 15:57:31.964  1014  1200 I chatty  : uid=1000(system) Binder:1014_4 expire 4 lines
07-15 15:57:32.255  1524 10838 W ContextImpl: Calling a method in the system process without a qualified user: android.app.ContextImpl.sendBroadcast:1057 android.content.ContextWrapper.sendBroadcast:448 X.o8.A00:143 X.nw.A00:17 X.nw.handleMessage:90 
07-15 15:58:13.060  1014  5398 I chatty  : uid=1000(system) Binder:1014_20 expire 8 lines
07-15 15:58:31.974  1014  5069 I chatty  : uid=1000(system) Binder:1014_11 expire 11 lines
07-15 16:00:41.045  1014  3919 I chatty  : uid=1000(system) Binder:1014_E expire 4 lines
07-15 16:02:33.027  1014  3834 I chatty  : uid=1000(system) Binder:1014_D expire 5 lines
07-15 16:04:32.298  1524 10953 W ContextImpl: Calling a method in the system process without a qualified user: android.app.ContextImpl.sendBroadcast:1057 android.content.ContextWrapper.sendBroadcast:448 X.o8.A00:143 X.nw.A00:17 X.nw.handleMessage:90 
07-15 16:07:18.882  1014  1014 I chatty  : uid=1000 system_server expire 3 lines
07-15 16:07:32.591  1014  1045 I chatty  : uid=1000(system) batterystats-wo expire 1 line
07-15 16:09:10.717  1014 11531 I chatty  : uid=1000(system) Binder:1014_19 expire 2 lines
07-15 16:09:32.081  1014  2610 I chatty  : uid=1000(system) Binder:1014_A expire 8 lines
07-15 16:11:32.491  1524 11088 W ContextImpl: Calling a method in the system process without a qualified user: android.app.ContextImpl.sendBroadcast:1057 android.content.ContextWrapper.sendBroadcast:448 X.o8.A00:143 X.nw.A00:17 X.nw.handleMessage:90 
07-15 16:15:33.707  1524 11174 W ContextImpl: Calling a method in the system process without a qualified user: android.app.ContextImpl.sendBroadcast:1057 android.content.ContextWrapper.sendBroadcast:448 X.o8.A00:143 X.nw.A00:17 X.nw.handleMessage:90 
07-15 16:20:52.098   735   878 I SyncBossHAL: [info   ] syncboss_hal_powerstate.c(63): Reporting powerstate event: prox_on
07-15 16:20:52.114  1014  1049 I chatty  : uid=1000(system) PowerManagerSer expire 3 lines
07-15 16:20:52.116   839  1198 D SensorClientUtils: Cancelling delayed transition to SLEEP
07-15 16:20:52.116   859  9759 D SensorClientUtils: Cancelling delayed transition to SLEEP
07-15 16:20:52.116   839  1198 D SensorClientUtils: Received transition request to RUNNING current is SLEEP
07-15 16:20:52.116   839  1198 D SensorClientUtils: Executing transition from SLEEP to STANDBY
07-15 16:20:52.116   839  1198 D SensorClientUtils: Setting power state to STANDBY
07-15 16:20:52.118   859  3579 D SensorClientUtils: Cancelling delayed transition to SLEEP
07-15 16:20:52.118   859  3579 D SensorClientUtils: Received transition request to RUNNING current is SLEEP
07-15 16:20:52.118   859  3579 D SensorClientUtils: Executing transition from SLEEP to STANDBY
07-15 16:20:52.118   859  3579 D SensorClientUtils: Setting power state to STANDBY
07-15 16:20:52.120   839  1198 D SensorClientUtils: Executing transition from STANDBY to RUNNING
07-15 16:20:52.120   839  1198 D SensorClientUtils: Setting power state to RUNNING
07-15 16:20:52.122   859  9759 D SensorClientUtils: Received transition request to RUNNING current is SLEEP
07-15 16:20:52.122   859  9759 D SensorClientUtils: Executing transition from SLEEP to STANDBY
07-15 16:20:52.122   859  9759 D SensorClientUtils: Setting power state to STANDBY
07-15 16:20:52.155   859  3579 D OVRRemoteService: ControllerGlue: setting expected mode to Streaming
07-15 16:20:52.155   859  3579 D OVRRemoteService: ControllerGlue: Setting current mode to Streaming
07-15 16:20:52.155   859  3579 D OVRRemoteService: ControllerGlue: leave mode Disabled
07-15 16:20:52.155   859  3579 D OVRRemoteService: ControllerGlue: Setting mode to Streaming
07-15 16:20:52.155   859  3579 D OVRRemoteService: ControllerGlue: enter mode Streaming
07-15 16:20:52.157  1014  1035 I chatty  : uid=1000(system) android.display expire 1 line
07-15 16:20:52.160   735  3061 I SyncBossHAL: [info   ] syncboss_hal_impl_android_driver.c(457): Failed to read system property vendor.syncbosshal.uart_path. Using default "/dev/ttyHS99".
07-15 16:20:52.161   859   991 I TrackingService: [ vision_manager] SLEEP -> STANDBY transition time: 5 ms
07-15 16:20:52.161   859   991 I TrackingService: [            iad] SLEEP -> STANDBY transition time: 0 ms
07-15 16:20:52.163   735  3061 I SyncBossHAL: [info   ] syncboss_hal_impl_android_driver.c(575): Starting logging thread from UART path /dev/ttyHS99
07-15 16:20:52.163   735  3061 D SensorService: ControllerProvider: acquiring StreamingSession
07-15 16:20:52.163   735  3061 D SensorService: SyncbossEventHandler: starting all streams
07-15 16:20:52.163   735 11274 D SensorService: SyncbossEventHandler::producerThreadFunc() start
07-15 16:20:52.163   735 11274 W SensorService: Data for sensor type HMD_IMU dropped because of failure to update clock drift from vsync. 1 drops in the last 0s.
07-15 16:20:52.163   735 11274 W SensorService: Data for sensor type HMD_FSIN dropped because of failure to update clock drift from vsync. 1 drops in the last 0s.
07-15 16:20:52.167   735  3061 I SyncBossHAL: [info   ] syncboss_hal_impl_input.c(276): No pulsar frequency blocklist set
07-15 16:20:52.167   735  3061 I SyncBossHAL: [info   ] syncboss_hal_impl_input.c(303): No AFH behavior specified, enabled by default
07-15 16:20:52.167   735  3061 I SyncBossHAL: [info   ] syncboss_hal_impl_input.c(343): Input device auto-whitelisting disabled
07-15 16:20:52.172   735  3061 D SensorService: ControllerProvider: acquiring StreamingClient impl; approx # alive: 1
07-15 16:20:52.172   735  3061 D libsensorscommon: ControllerProvider: acquiring StreamingClient hidl
07-15 16:20:52.174   735 11272 I SyncBossFW: 21078604 [info   ] {WIHO}: Pulsar device auto-whitelisting disabled
07-15 16:20:52.174   859  1149 W RemoteService: Failed to update remote status, removing callback
07-15 16:20:52.175   859 11279 D OVRRemoteService: processStateChange([PairedControllerInfo LCON dc36774d072f3cbd disconnected mcnt=0])
07-15 16:20:52.175   859 11279 D OVRRemoteService: processStateChange([PairedControllerInfo LCON adf260742d57ae23 disconnected update-required mcnt=0])
07-15 16:20:52.175   859  3579 D OVRRemoteService: [controller] SLEEP -> STANDBY
07-15 16:20:52.175   859  3579 D SensorClientUtils: Executing transition from STANDBY to RUNNING
07-15 16:20:52.175   859  3579 D SensorClientUtils: Setting power state to RUNNING
07-15 16:20:52.175   859  3579 D OVRRemoteService: [controller] STANDBY -> RUNNING
07-15 16:20:52.188   735 11273 D SensorService: stateChangeNotifierFunc(): Reporting controller info. Change token: 14, paired=2 connected=0
07-15 16:20:52.188   735 11273 E SensorService: Thread Controller::stateWorkerFunc: took longer than expected time of 1500.000000Ms / 11792.000000Ms
07-15 16:20:52.188   859 11279 D OVRRemoteService: processStateChange([PairedControllerInfo LCON dc36774d072f3cbd disconnected update-required mcnt=0])
07-15 16:20:52.188   859 11279 D OVRRemoteService: processStateChange([PairedControllerInfo LCON adf260742d57ae23 disconnected update-required mcnt=0])
07-15 16:20:52.188   859   991 I TrackingService: [           bolt] SLEEP -> STANDBY transition time: 26 ms
07-15 16:20:52.201  1014  1014 I chatty  : uid=1000 system_server expire 7 lines
07-15 16:20:52.233  1014  5069 I chatty  : uid=1000(system) Binder:1014_11 expire 2 lines
07-15 16:20:52.241  1014  1049 I chatty  : uid=1000(system) PowerManagerSer expire 1 line
07-15 16:20:52.242  1014  2610 I chatty  : uid=1000(system) Binder:1014_A expire 1 line
07-15 16:20:52.270  1014  1042 I chatty  : uid=1000(system) ActivityManager expire 4 lines
07-15 16:20:52.275  1014  1878 I chatty  : uid=1000(system) backup-0 expire 5 lines
07-15 16:20:52.517   859   991 I TrackingService: ConstellationTrackingGlue: setEnableExtendedDeadreckoning to false
07-15 16:20:52.540   859   991 I TrackingService: [         object] SLEEP -> STANDBY transition time: 23 ms
07-15 16:20:52.541   735  3061 D SensorService: ControllerProvider: acquiring StreamingClient impl; approx # alive: 2
07-15 16:20:52.541   735  3061 D libsensorscommon: ControllerProvider: acquiring StreamingClient hidl
07-15 16:20:52.541   859 11279 D OVRRemoteService: processStateChange([PairedControllerInfo LCON dc36774d072f3cbd disconnected update-required mcnt=0])
07-15 16:20:52.541   859 11279 D OVRRemoteService: processStateChange([PairedControllerInfo LCON adf260742d57ae23 disconnected update-required mcnt=0])
07-15 16:20:52.552   735  3061 I FrameSetDispatcher: [HEADSET] Client thread started
07-15 16:20:52.552   735  3061 I CameraClientManager: [HEADSET] Added client - started clients: 1
07-15 16:20:52.575   859 11364 D RemoteService: RemoteService - Registering status callback
07-15 16:20:52.625   735 11272 I SyncBossFW: 21079057 [info   ] {APPI}: cams_found=0xf
07-15 16:20:52.656   735  3061 I SyncBossHAL: [info   ] syncboss_hal_impl_camera.c(245): Changing camera frame period to 33333 (status=0)
07-15 16:20:52.660   735   854 I SyncBossHAL: [info   ] pulsar_manager.c(772): Setting controller LED config to period: 33333us, on-time: 19us
07-15 16:20:52.717   859   991 I TrackingService: [            iot] STANDBY -> RUNNING transition time: 172 ms
07-15 16:20:52.717   859   991 I TrackingService: [  constellation] STANDBY -> RUNNING transition time: 0 ms
07-15 16:20:52.748   735 11377 W SensorService: frameset capture timestamp out of spec by -21079137.57 ms. FrameType=HEADSET, observed=21079170902000 expected=a33333000. FrameSyncPeriod is: 33.33 ms
07-15 16:20:52.749  1524 11370 W ContextImpl: Calling a method in the system process without a qualified user: android.app.ContextImpl.sendBroadcast:1057 android.content.ContextWrapper.sendBroadcast:448 X.o8.A00:143 X.nw.A00:17 X.nw.handleMessage:90 
07-15 16:20:52.782   735 11365 E FrameSetDispatcher: [HEADSET] Client pid=859 (859): Failed to read from receive FMQ for 1 packets in 5000ms.
07-15 16:20:52.782   735 11365 E FrameSetDispatcher: This probably means this client is taking more than 33 ms to process the frame.
07-15 16:20:52.782   735 11365 E FrameSetDispatcher: Retrying.
07-15 16:20:52.986  1014 11531 I chatty  : uid=1000(system) Binder:1014_19 expire 2 lines
07-15 16:20:53.012   735  3061 I FrameSetDispatcher: [HEADSET] Client thread started
07-15 16:20:53.012   735  3061 I CameraClientManager: [HEADSET] Added client - started clients: 2
07-15 16:20:53.023  1014  1200 I chatty  : uid=1000(system) Binder:1014_4 expire 1 line
07-15 16:20:53.024   859  3579 W TrackingService: attachClient: found client in attached list
07-15 16:20:53.025   859  3579 D TrackingService: getSharedMemory: /system/bin/mrsystemservice, HeadTracker
07-15 16:20:53.026   859  3579 W TrackingService: attachClient: found client in attached list
07-15 16:20:53.027   859  3579 D TrackingService: getSharedMemory: /system/bin/mrsystemservice, Controller
07-15 16:20:53.316  1014  1035 I chatty  : uid=1000(system) android.display expire 8 lines
07-15 16:20:53.400  1014  5398 I chatty  : uid=1000(system) Binder:1014_20 expire 1 line
07-15 16:20:53.723   859   991 I TrackingService: Setting initial exposure: 0.005000, initial gain: 3.000000
07-15 16:20:53.732   735 11449 E FrameSetDispatcher: [HAND] Client pid=859 (859): Failed to read from receive FMQ for 1 packets in 5000ms.
07-15 16:20:53.732   735 11449 E FrameSetDispatcher: This probably means this client is taking more than 33 ms to process the frame.
07-15 16:20:53.732   735 11449 E FrameSetDispatcher: Retrying.
07-15 16:20:53.770   735   735 I FrameSetDispatcher: [HEADSET] Client thread started
07-15 16:20:53.770   735   735 E FrameSetDispatcher: [HEADSET] Frame Count Requirement violated: number of streaming clients: 4, maximum number of FrameSets: 4
07-15 16:20:53.770   735   735 I CameraClientManager: [HEADSET] Added client - started clients: 4
07-15 16:20:53.793   735   942 I FrameSetDispatcher: [HAND] Client thread started
07-15 16:20:53.793   735   942 E FrameSetDispatcher: [HAND] Frame Count Requirement violated: number of streaming clients: 3, maximum number of FrameSets: 2
07-15 16:20:53.793   735   942 I CameraClientManager: [HAND] Added client - started clients: 3
07-15 16:20:53.795   859   991 I TrackingService: [ExposureControl] STANDBY -> RUNNING transition time: 109 ms
07-15 16:20:53.800   859  9759 D TrackingService: setPowerState: RUNNING
07-15 16:20:54.077  1014  1040 I chatty  : uid=1000(system) android.bg expire 4 lines
07-15 16:20:54.244  1524 11534 W ContextImpl: Calling a method in the system process without a qualified user: android.app.ContextImpl.sendBroadcast:1057 android.content.ContextWrapper.sendBroadcast:448 X.o8.A00:143 X.nw.A00:17 X.nw.handleMessage:90 
07-15 16:20:54.512   859  9759 W TrackingService: attachClient: found client in attached list
07-15 16:20:54.515   859  9759 D TrackingService: getSharedMemory: com.oculus.mrservice, HeadTracker
07-15 16:20:54.573   859  9759 D TrackingService: TrackingEnvironment::getSharedMemory()
07-15 16:20:54.736  1524 11330 W ContextImpl: Calling a method in the system process without a qualified user: android.app.ContextImpl.sendBroadcast:1057 android.content.ContextWrapper.sendBroadcast:448 X.o8.A00:143 X.nw.A00:17 X.nw.handleMessage:90 
07-15 16:20:55.247  1524 11593 W ContextImpl: Calling a method in the system process without a qualified user: android.app.ContextImpl.sendBroadcast:1057 android.content.ContextWrapper.sendBroadcast:448 X.o8.A00:143 X.nw.A00:17 X.nw.handleMessage:90 
07-15 16:20:55.837  1014 10004 I chatty  : uid=1000(system) Binder:1014_18 expire 1 line
07-15 16:20:55.848  1014 15651 I chatty  : uid=1000(system) Binder:1014_1E expire 2 lines
07-15 16:20:55.947  1014 14457 I chatty  : uid=1000(system) Binder:1014_1D expire 3 lines
07-15 16:20:56.103  1014 14383 I chatty  : uid=1000(system) Binder:1014_1C expire 4 lines
07-15 16:20:56.122  1014  7448 I chatty  : uid=1000(system) Binder:1014_16 expire 2 lines
07-15 16:20:56.281  1014  3834 I chatty  : uid=1000(system) Binder:1014_D expire 3 lines
07-15 16:20:57.574  1524 11624 W ContextImpl: Calling a method in the system process without a qualified user: android.app.ContextImpl.sendBroadcast:1057 android.content.ContextWrapper.sendBroadcast:448 X.o8.A00:143 X.nw.A00:17 X.nw.handleMessage:90 
07-15 16:20:57.802   735 11365 E FrameSetDispatcher: [HEADSET] Client pid=859 (859): Failed to read from receive FMQ for 31 packets in 5000ms.
07-15 16:20:57.802   735 11365 E FrameSetDispatcher: This probably means this client is taking more than 33 ms to process the frame.
07-15 16:20:57.802   735 11365 E FrameSetDispatcher: Retrying.
07-15 16:20:58.708   735   844 I SyncBossHAL: [info   ] syncboss_hal_impl_input.c(992): Pulsar connected devices state change: 1
07-15 16:20:58.710   735 11272 I SyncBossFW: 21085139 [info   ] {WIHO}: Pulsar device connected adf26074xxxxxxxx (type: 13011101, connection id: 0x1)
07-15 16:20:58.777   735   854 I SyncBossHAL: [info   ] pulsar_manager.c(467): adf26074xxxxxxxx: Configuring IR LED to ontime = 19, period = 33333
07-15 16:20:58.788   735 11273 D SensorService: stateChangeNotifierFunc(): Reporting controller info. Change token: 15, paired=2 connected=1
07-15 16:20:58.788   859 11279 D OVRRemoteService: processStateChange([PairedControllerInfo LCON adf260742d57ae23 connected mcnt=0])
07-15 16:20:58.789   859 11279 D OVRRemoteService: processStateChange([PairedControllerInfo LCON dc36774d072f3cbd disconnected update-required mcnt=0])
07-15 16:20:58.785   735   854 I SyncBossHAL: [info   ] pulsar_manager.c(319): Finished getting cache data for controller
07-15 16:20:58.785   735   854 I SyncBossHAL:     id            : adf26074xxxxxxxx
07-15 16:20:58.785   735   854 I SyncBossHAL:     pulsar_type   : 0x13011101
07-15 16:20:58.785   735   854 I SyncBossHAL:     connection id : 0x1
07-15 16:20:58.785   735   854 I SyncBossHAL:     fw ver        : 1.17.2
07-15 16:20:58.785   735   854 I SyncBossHAL:     spl ver       : 1.13.0
07-15 16:20:58.785   735   854 I SyncBossHAL:     serial        : 1PALCRD1C00166
07-15 16:20:58.785   735   854 I SyncBossHAL:     handedness    : right
07-15 16:20:58.785   735   854 I SyncBossHAL:     battery state : 100%
07-15 16:20:58.799   735   942 D SensorService: Found paired controllers: 2
07-15 16:20:58.800   735   735 W SensorService: Attempt to adjust transmit power. Should boost:N. Function not implemented in syncboss HAL yet.
07-15 16:20:58.800   859 11363 E TrackingService: Failed to set transmit power adjustment. Should boost:N, Controller addr:adf260742d57ae23
07-15 16:20:58.805   859 11363 I TrackingService: Registering primary controller adf260742d57ae23 in slot 0
07-15 16:20:58.806   859 11363 D TrackingService: TrackingDataPostProcessor: Hand autotransition v2 GK enabled: 1
07-15 16:20:58.807   859 11363 D TrackingService: registerRemote: adf260742d57ae23
07-15 16:20:58.859   859 11363 W TrackingService: Attempted to control leds, but gatekeeper is disabled. Skipping operation.
07-15 16:20:58.860   735 11274 I SyncBossInput: [info   ] [lcon (right) adf26074xxxxxxxx]:       2 [info   ] {LOG }: Chip rev: AAE1
07-15 16:20:58.861   859 11363 D TrackingService: [HANDTRACKING] Controller adf260742d57ae23 in hand: Y, valid: Y
07-15 16:20:58.914   735 11274 I SyncBossInput: [info   ] [lcon (right) adf26074xxxxxxxx]:       2 [info   ] {LOG }: FW Version: 1.17.2 (85f71d687af1)
07-15 16:20:58.933   735  3061 I MontereyCameraProvider: Switching channel from HAND to CONTROLLER
07-15 16:20:58.937   735 11545 I FrameSetDispatcher: [HAND] Client thread stopping
07-15 16:20:58.938   735  3061 I FrameSetDispatcher: [HAND] Client thread joined
07-15 16:20:58.938   735  3061 I CameraClientManager: [HAND] Removed client - started clients: 2
07-15 16:20:58.939   735 11532 I FrameSetDispatcher: [HAND] Client thread stopping
07-15 16:20:58.939   735  3061 I FrameSetDispatcher: [HAND] Client thread joined
07-15 16:20:58.940   735  3061 I CameraClientManager: [HAND] Removed client - started clients: 1
07-15 16:20:58.952   735 11449 I FrameSetDispatcher: [HAND] Client thread stopping
07-15 16:20:58.953   735  3061 I FrameSetDispatcher: [HAND] Client thread joined
07-15 16:20:58.953   735  3061 I CameraClientManager: [HAND] Removed client - started clients: 0
07-15 16:20:58.963   735  3061 I FrameSetDispatcher: [CONTROLLER] Client thread started
07-15 16:20:58.965   735  3061 I CameraClientManager: [CONTROLLER] Added client - started clients: 1
07-15 16:20:58.966   859   991 I TrackingService: ConstellationTrackingGlue: setEnableExtendedDeadreckoning to false
07-15 16:20:58.970   735 11274 I SyncBossInput: [info   ] [lcon (right) adf26074xxxxxxxx]:       2 [info   ] {LOG }: Build Date: Nov 12 2021 Time: 10:34:42
07-15 16:20:58.998   735 11374 W SensorService: frameset capture timestamp out of spec by -21085389.14 ms. FrameType=CONTROLLER, observed=21085422477000 expected=a33333000. FrameSyncPeriod is: 33.33 ms
07-15 16:20:59.009   735 11274 I SyncBossInput: [info   ] [lcon (right) adf26074xxxxxxxx]:       2 [info   ] {LOG }: Build flavor: USER
07-15 16:20:59.041   735 11274 I SyncBossInput: [info   ] [lcon (right) adf26074xxxxxxxx]:       2 [info   ] {LOG }: RESET_REASON:
07-15 16:20:59.074   735 11274 I SyncBossInput: [info   ] [lcon (right) adf26074xxxxxxxx]:       2 [info   ] {LOG }:  --> SYSTEM_OFF
07-15 16:20:59.115   735 11274 I SyncBossInput: [info   ] [lcon (right) adf26074xxxxxxxx]:       2 [info   ] {LOG }: Lock state: locked
07-15 16:20:59.164   735 11274 I SyncBossInput: [info   ] [lcon (right) adf26074xxxxxxxx]:       2 [info   ] {WRLS}: Device paired with: 0xAD1FFABC
07-15 16:20:59.212   735 11274 I SyncBossInput: [info   ] [lcon (right) adf26074xxxxxxxx]:       3 [info   ] {TRG }: Forward trigger range: 6063 13033
07-15 16:20:59.256   735 11274 I SyncBossInput: [info   ] [lcon (right) adf26074xxxxxxxx]:       3 [info   ] {TRG }: Grip trigger range: 2922 13500
07-15 16:20:59.288   735 11274 I SyncBossInput: [info   ] [lcon (right) adf26074xxxxxxxx]:       4 [info   ] {CAPT}: Cap touch init
07-15 16:20:59.300   735   844 I SyncBossHAL: [info   ] syncboss_hal_impl_input.c(992): Pulsar connected devices state change: 2
07-15 16:20:59.304   735 11272 I SyncBossFW: 21085732 [info   ] {WIHO}: Pulsar device connected dc36774dxxxxxxxx (type: 13001101, connection id: 0x2)
07-15 16:20:59.328   735 11274 I SyncBossInput: [info   ] [lcon (right) adf26074xxxxxxxx]:      12 [info   ] {IMU }: IMU model: ICM20601
07-15 16:20:59.362   735   854 I SyncBossHAL: [info   ] pulsar_manager.c(467): dc36774dxxxxxxxx: Configuring IR LED to ontime = 19, period = 33333
07-15 16:20:59.372   735 11274 I SyncBossInput: [info   ] [lcon (right) adf26074xxxxxxxx]:      13 [info   ] {THDG}: UNSET -> active_seek
07-15 16:20:59.378   735   854 I SyncBossHAL: [info   ] pulsar_manager.c(319): Finished getting cache data for controller
07-15 16:20:59.378   735   854 I SyncBossHAL:     id            : dc36774dxxxxxxxx
07-15 16:20:59.378   735   854 I SyncBossHAL:     pulsar_type   : 0x13001101
07-15 16:20:59.378   735   854 I SyncBossHAL:     connection id : 0x2
07-15 16:20:59.378   735   854 I SyncBossHAL:     fw ver        : 1.17.2
07-15 16:20:59.378   735   854 I SyncBossHAL:     spl ver       : 1.13.0
07-15 16:20:59.378   735   854 I SyncBossHAL:     serial        : 1PALCLDAE50171
07-15 16:20:59.378   735   854 I SyncBossHAL:     handedness    : left
07-15 16:20:59.378   735   854 I SyncBossHAL:     battery state : 100%
07-15 16:20:59.382   735 11273 D SensorService: stateChangeNotifierFunc(): Reporting controller info. Change token: 16, paired=2 connected=2
07-15 16:20:59.382   859 11279 D OVRRemoteService: processStateChange([PairedControllerInfo LCON adf260742d57ae23 connected mcnt=0])
07-15 16:20:59.382   859 11279 D OVRRemoteService: processStateChange([PairedControllerInfo LCON dc36774d072f3cbd connected mcnt=0])
07-15 16:20:59.390   735   942 D SensorService: Found paired controllers: 2
07-15 16:20:59.391   735   942 W SensorService: Attempt to adjust transmit power. Should boost:N. Function not implemented in syncboss HAL yet.
07-15 16:20:59.391   859 11363 E TrackingService: Failed to set transmit power adjustment. Should boost:N, Controller addr:dc36774d072f3cbd
07-15 16:20:59.391   859 11363 I TrackingService: Registering primary controller dc36774d072f3cbd in slot 1
07-15 16:20:59.396   859 11363 D TrackingService: TrackingDataPostProcessor: Hand autotransition v2 GK enabled: 1
07-15 16:20:59.396   859 11363 D TrackingService: registerRemote: dc36774d072f3cbd
07-15 16:20:59.408   735 11274 I SyncBossInput: [info   ] [lcon (right) adf26074xxxxxxxx]:      13 [info   ] {APP }: Init complete
07-15 16:20:59.410   859 11363 W TrackingService: Attempted to control leds, but gatekeeper is disabled. Skipping operation.
07-15 16:20:59.413   859 11363 D TrackingService: [HANDTRACKING] Controller dc36774d072f3cbd in hand: Y, valid: Y
07-15 16:20:59.436   735 11274 I SyncBossInput: [info   ] [lcon (right) adf26074xxxxxxxx]:      72 [info   ] {APP }: Connected
07-15 16:20:59.442   735 11274 I SyncBossInput: [info   ] [lcon ( left) dc36774dxxxxxxxx]:       2 [info   ] {LOG }: Chip rev: AAE1
07-15 16:20:59.478   735 11274 I SyncBossInput: [info   ] [lcon (right) adf26074xxxxxxxx]:      72 [info   ] {THDG}: active_seek -> active_connected
07-15 16:20:59.486   735 11274 I SyncBossInput: [info   ] [lcon ( left) dc36774dxxxxxxxx]:       2 [info   ] {LOG }: FW Version: 1.17.2 (85f71d687af1)
07-15 16:20:59.542   735 11274 I SyncBossInput: [info   ] [lcon ( left) dc36774dxxxxxxxx]:       2 [info   ] {LOG }: Build Date: Nov 12 2021 Time: 10:34:42
07-15 16:20:59.576   735 11274 I SyncBossInput: [info   ] [lcon ( left) dc36774dxxxxxxxx]:       2 [info   ] {LOG }: Build flavor: USER
07-15 16:20:59.612   735 11274 I SyncBossInput: [info   ] [lcon ( left) dc36774dxxxxxxxx]:       2 [info   ] {LOG }: RESET_REASON:
07-15 16:20:59.644   735 11274 I SyncBossInput: [info   ] [lcon ( left) dc36774dxxxxxxxx]:       2 [info   ] {LOG }:  --> SYSTEM_OFF
07-15 16:20:59.678   735 11274 I SyncBossInput: [info   ] [lcon ( left) dc36774dxxxxxxxx]:       2 [info   ] {LOG }: Lock state: locked
07-15 16:20:59.726   735 11274 I SyncBossInput: [info   ] [lcon ( left) dc36774dxxxxxxxx]:       2 [info   ] {WRLS}: Device paired with: 0xAD1FFABC
07-15 16:20:59.770   735 11274 I SyncBossInput: [info   ] [lcon ( left) dc36774dxxxxxxxx]:       3 [info   ] {TRG }: Forward trigger range: 6564 13279
07-15 16:20:59.819   735 11274 I SyncBossInput: [info   ] [lcon ( left) dc36774dxxxxxxxx]:       3 [info   ] {TRG }: Grip trigger range: 4680 13558
07-15 16:20:59.850   735 11274 I SyncBossInput: [info   ] [lcon ( left) dc36774dxxxxxxxx]:       4 [info   ] {CAPT}: Cap touch init
07-15 16:20:59.892   735 11274 I SyncBossInput: [info   ] [lcon ( left) dc36774dxxxxxxxx]:      12 [info   ] {IMU }: IMU model: ICM20601
07-15 16:20:59.897  1524 11597 W ContextImpl: Calling a method in the system process without a qualified user: android.app.ContextImpl.sendBroadcast:1057 android.content.ContextWrapper.sendBroadcast:448 X.o8.A00:143 X.nw.A00:17 X.nw.handleMessage:90 
07-15 16:20:59.934   735 11274 I SyncBossInput: [info   ] [lcon ( left) dc36774dxxxxxxxx]:      13 [info   ] {THDG}: UNSET -> active_seek
07-15 16:20:59.970   735 11274 I SyncBossInput: [info   ] [lcon ( left) dc36774dxxxxxxxx]:      13 [info   ] {APP }: Init complete
07-15 16:20:59.999   735 11274 I SyncBossInput: [info   ] [lcon ( left) dc36774dxxxxxxxx]:      87 [info   ] {APP }: Connected
07-15 16:21:00.038   735 11274 I SyncBossHAL: [info   ] syncboss_hal_input_controller.c(197): Controller adf26074xxxxxxxx battery level changed: 0% -> 100%
07-15 16:21:00.043   735 11273 D SensorService: stateChangeNotifierFunc(): Reporting controller info. Change token: 17, paired=2 connected=2
07-15 16:21:00.043   859 11279 D OVRRemoteService: processStateChange([PairedControllerInfo LCON adf260742d57ae23 connected mcnt=0])
07-15 16:21:00.043   859 11279 D OVRRemoteService: processStateChange([PairedControllerInfo LCON dc36774d072f3cbd connected mcnt=0])
07-15 16:21:00.044   735 11274 I SyncBossInput: [info   ] [lcon ( left) dc36774dxxxxxxxx]:      87 [info   ] {THDG}: active_seek -> active_connected
07-15 16:21:00.377  1524 11654 W ContextImpl: Calling a method in the system process without a qualified user: android.app.ContextImpl.sendBroadcast:1057 android.content.ContextWrapper.sendBroadcast:448 X.o8.A00:143 X.nw.A00:17 X.nw.handleMessage:90 
07-15 16:21:00.634   735 11274 I SyncBossHAL: [info   ] syncboss_hal_input_controller.c(197): Controller dc36774dxxxxxxxx battery level changed: 0% -> 100%
07-15 16:21:00.639   735 11273 D SensorService: stateChangeNotifierFunc(): Reporting controller info. Change token: 18, paired=2 connected=2
07-15 16:21:00.639   859 11279 D OVRRemoteService: processStateChange([PairedControllerInfo LCON adf260742d57ae23 connected mcnt=0])
07-15 16:21:00.639   859 11279 D OVRRemoteService: processStateChange([PairedControllerInfo LCON dc36774d072f3cbd connected mcnt=0])
07-15 16:21:01.058  1014  1032 I chatty  : uid=1000(system) android.fg expire 4 lines
07-15 16:21:01.140  1014 16917 I chatty  : uid=1000(system) Binder:1014_1F expire 2 lines
07-15 16:21:01.298   735 11429 I FrameSetDispatcher: [HEADSET] Client thread stopping
07-15 16:21:01.300   735  3061 I FrameSetDispatcher: [HEADSET] Client thread joined
07-15 16:21:01.300   735  3061 I CameraClientManager: [HEADSET] Removed client - started clients: 3
07-15 16:21:01.396  1014  1035 I chatty  : uid=1000(system) android.display expire 2 lines
07-15 16:21:01.451  1014 16917 I chatty  : uid=1000(system) Binder:1014_1F expire 5 lines
07-15 16:21:01.496  1524 11656 W ContextImpl: Calling a method in the system process without a qualified user: android.app.ContextImpl.sendBroadcast:1057 android.content.ContextWrapper.sendBroadcast:448 X.o8.A00:143 X.nw.A00:17 X.nw.handleMessage:90 
07-15 16:21:01.555  1524 11659 W ContextImpl: Calling a method in the system process without a qualified user: android.app.ContextImpl.sendBroadcast:1057 android.content.ContextWrapper.sendBroadcast:448 X.o8.A00:143 X.nw.A00:17 X.nw.handleMessage:90 
07-15 16:21:01.691   735 11274 E SensorService: HMD IMU samples delayed: 4.673ms between sample arrivals (expected 1.000ms)
07-15 16:21:01.701  1014  1382 I chatty  : uid=1000(system) HwBinder:1014_4 expire 1 line
07-15 16:21:01.746  1014  1032 I chatty  : uid=1000(system) android.fg expire 4 lines
07-15 16:21:02.870  1014  1041 I chatty  : uid=1000(system) ActivityManager expire 39 lines
07-15 16:21:02.925  1014  1042 I chatty  : uid=1000(system) ActivityManager expire 2 lines
07-15 16:21:09.278  1524 11725 W ContextImpl: Calling a method in the system process without a qualified user: android.app.ContextImpl.sendBroadcast:1057 android.content.ContextWrapper.sendBroadcast:448 X.o8.A00:143 X.nw.A00:17 X.nw.handleMessage:90 
07-15 16:21:09.595   735 11274 E SensorService: HMD IMU samples delayed: 4.182ms between sample arrivals (expected 1.000ms)
07-15 16:21:11.506  1014 13068 I chatty  : uid=1000(system) Binder:1014_1B expire 4 lines
07-15 16:21:11.514  1014 14457 I chatty  : uid=1000(system) Binder:1014_1D expire 3 lines
07-15 16:21:11.590  1014  5069 I chatty  : uid=1000(system) Binder:1014_11 expire 1 line
07-15 16:21:11.705  1014  3834 I chatty  : uid=1000(system) Binder:1014_D expire 5 lines
07-15 16:21:11.722  1014  1035 I chatty  : uid=1000(system) android.display expire 2 lines
07-15 16:21:11.745  1014  9872 I chatty  : uid=1000(system) Binder:1014_17 expire 2 lines
07-15 16:21:12.053  1014  5398 I chatty  : uid=1000(system) Binder:1014_20 expire 5 lines
07-15 16:21:12.259  1524 11746 W ContextImpl: Calling a method in the system process without a qualified user: android.app.ContextImpl.sendBroadcast:1057 android.content.ContextWrapper.sendBroadcast:448 X.o8.A00:143 X.nw.A00:17 X.nw.handleMessage:90 
07-15 16:21:22.426  1014 11805 I chatty  : uid=1000 system_server expire 1 line
07-15 16:21:22.864  1524 11811 W ContextImpl: Calling a method in the system process without a qualified user: android.app.ContextImpl.sendBroadcast:1057 android.content.ContextWrapper.sendBroadcast:448 X.o8.A00:143 X.nw.A00:17 X.nw.handleMessage:90 
07-15 16:21:23.288  1014  1033 I chatty  : uid=1000(system) android.ui expire 7 lines
07-15 16:21:23.513   859  9759 D TrackingService: getSharedMemory: com.android.networkstack.inprocess, HeadTracker
07-15 16:21:23.515  1014 11851 I chatty  : uid=1000 system_server expire 2 lines
07-15 16:21:23.869  1524 11863 W ContextImpl: Calling a method in the system process without a qualified user: android.app.ContextImpl.sendBroadcast:1057 android.content.ContextWrapper.sendBroadcast:448 X.o8.A00:143 X.nw.A00:17 X.nw.handleMessage:90 
07-15 16:21:24.197  1524 11858 W ContextImpl: Calling a method in the system process without a qualified user: android.app.ContextImpl.sendBroadcast:1057 android.content.ContextWrapper.sendBroadcast:448 X.o8.A00:143 X.nw.A00:17 X.nw.handleMessage:90 
07-15 16:21:24.245  1014 16917 I chatty  : uid=1000(system) Binder:1014_1F expire 3 lines
07-15 16:21:24.295   859  9759 D TrackingService: getSharedMemory: com.android.networkstack.inprocess, Controller
07-15 16:21:24.440  1524 11868 W ContextImpl: Calling a method in the system process without a qualified user: android.app.ContextImpl.sendBroadcast:1057 android.content.ContextWrapper.sendBroadcast:448 X.o8.A00:143 X.nw.A00:17 X.nw.handleMessage:90 
07-15 16:21:28.268  1014  5398 I chatty  : uid=1000(system) Binder:1014_20 expire 3 lines
07-15 16:21:29.005  1014  1042 I chatty  : uid=1000(system) ActivityManager expire 3 lines
07-15 16:21:29.316  1014  1053 I chatty  : uid=1000(system) PackageManager expire 25 lines
07-15 16:21:29.669  1014  1040 I chatty  : uid=1000(system) android.bg expire 2 lines
07-15 16:21:29.708  1014  1041 I chatty  : uid=1000(system) ActivityManager expire 6 lines
07-15 16:21:29.755  1014  1518 I chatty  : uid=1000(system) Binder:1014_7 expire 1 line
07-15 16:21:29.781  1014  4824 I chatty  : uid=1000(system) Binder:1014_10 expire 1 line
07-15 16:21:30.444   859  9759 I TrackingService: Unregistering client by ITrackingService.unregisterClient
07-15 16:21:30.444   859  9759 I TrackingService: Failed to unregister client because client not found in registered list
07-15 16:21:30.444   859  9759 I chatty  : uid=1000(system) Binder:859_5 identical 3 lines
07-15 16:21:30.444   859  9759 I TrackingService: Failed to unregister client because client not found in registered list
07-15 16:21:30.444   859  9759 D TrackingService: unregister: com.android.networkstack.inprocess
07-15 16:21:30.524  1014  1033 I chatty  : uid=1000(system) android.ui expire 5 lines
07-15 16:21:30.670  1014  5135 I chatty  : uid=1000(system) Binder:1014_13 expire 2 lines
07-15 16:21:30.710   735  3061 I FrameSetDispatcher: [HEADSET] Client thread started
07-15 16:21:30.719   735  3061 E FrameSetDispatcher: [HEADSET] Frame Count Requirement violated: number of streaming clients: 4, maximum number of FrameSets: 4
