07-15 16:37:29.777  1524 13431 W ContextImpl: Calling a method in the system process without a qualified user: android.app.ContextImpl.sendBroadcast:1057 android.content.ContextWrapper.sendBroadcast:448 X.o8.A00:143 X.nw.A00:17 X.nw.handleMessage:90 
07-15 16:37:29.828  3197  3197 D [SUI] AnytimeUIPanelAppBase: Acquiring viewModel SettingsViewModel refCount: 1
07-15 16:37:29.828  3197  3197 D [SUI] AnytimeUIPanelAppBase: Acquiring viewModel SocialViewModel refCount: 2
07-15 16:37:29.828  3197  3197 D [SUI] AnytimeUIPanelAppBase: Acquiring viewModel StatusViewModel refCount: 3
07-15 16:37:29.828  3197  3197 D [SUI] ActiveCallBarViewModel: Constructing ActiveCallBarViewModel
07-15 16:37:29.828  3197  3197 D [SUI] AnytimeUIPanelAppBase: Acquiring viewModel SocialViewModel refCount: 3
07-15 16:37:29.828  3197  3197 I [SUI] PartiesCallBarViewModel: new ServicePresenceClient
07-15 16:37:29.837  3197  3197 I PresenceAPK(ServiceApiManager): Trying to bind to presence service API.
07-15 16:37:29.840  3197  3197 D PresenceAPK(PresenceClient): setEventListener id=SystemCallGroup
07-15 16:37:29.840  3197  3197 I PresenceAPK(GroupManager): addListener for id SystemCallGroup
07-15 16:37:29.840  3197  3197 D [SUI] MessengerCallBarViewModel: constructing MessengerCallBarViewModel
07-15 16:37:29.840  3197  3197 D [SUI] MessengerCallViewModel: constructing MessengerCallViewModel, instance count:55
07-15 16:37:29.840  3197  3197 D HyperspaceClient: acquire instance, refcount: 2
07-15 16:37:29.840  3197  3197 D [SUI] MessengerCallViewModel: hyperspace client created
07-15 16:37:29.840  3197  3197 D [SUI] AnytimeUIPanelAppBase: Acquiring viewModel MessengerCallViewModel refCount: 1
07-15 16:37:29.840  3197  3197 D [SUI] MessengerCallViewModel: registerObserver
07-15 16:37:29.840  3197  3197 D [SUI] AnytimeUIPanelAppBase: Acquiring viewModel ActiveCallBarViewModel refCount: 1
07-15 16:37:29.843  3197  3197 D [SUI] OnboardingTutorial: Initialize Onboarding Tutorial
07-15 16:37:29.844  3197  3197 D [SUI] OnboardingTutorial: Step is: SKIPPED
07-15 16:37:29.844  3197  3197 D [SUI] OnboardingTutorial: Not a first time user; skipping the tutorial
07-15 16:37:29.844  3197  3197 D [SUI] SystemStatusView: Initializing System Status
07-15 16:37:29.845  3197  3197 D [SUI] AnytimeUIPanelAppBase: Acquiring viewModel SocialViewModel refCount: 4
07-15 16:37:29.845  3197  3197 D [SUI] StatusViewModel: Constructing ViewModel
07-15 16:37:29.845   543   543 I hwservicemanager: getTransport: Cannot find entry vendor.oculus.hardware.battery@1.0::IBattery/default in either framework or device manifest.
07-15 16:37:29.846  3197  3197 D External Battery: Battery Service not available
07-15 16:37:29.848  3197  3197 D [SUI] StatusViewModel: Initializing wifi status BroadcastReceiver
07-15 16:37:29.849  3197  3197 D [SUI] StatusViewModel: Initialized wifi status BroadcastReceiver
07-15 16:37:29.860  3197  3197 D [SUI] AnytimeUIPanelAppBase: Acquiring viewModel BarViewModel refCount: 2
07-15 16:37:29.860  3197  3197 D [SUI] AnytimeUIPanelAppBase: Acquiring viewModel SystemStatusViewModel refCount: 1
07-15 16:37:29.860  3197  3197 D [SUI] SocialViewModel: registerObserver(): -$$Lambda$SystemStatusView$hvdttGlyfUmlGZJVTLPJRt2c5Fk
07-15 16:37:29.861  3197  3197 D [SUI] SystemStatusView: Initialized System Status
07-15 16:37:29.861  3197  3197 D [SUI] AnytimeUIPanelAppBase: Acquiring viewModel DynamicAppsViewModel refCount: 2
07-15 16:37:29.861  3197  3197 D [SUI] DynamicAppsView: Initializing dynamic apps view on bar
07-15 16:37:29.861  3197  3197 D [SUI] DestinationUIButtonView: Initializing running app navigation button
07-15 16:37:29.864  3197  3197 D [SUI] DestinationUIButtonView: Initialized running app navigation button
07-15 16:37:29.864  3197  3197 D [SUI] BarView: Initialized parties call bar
07-15 16:37:29.864  3197  3197 D [SUI] MessengerCallViewModel: registerObserver
07-15 16:37:29.864  3197  3197 D [SUI] BarView: Initialized messenger call bar
07-15 16:37:29.864  3197  3197 V [SUI] BarView: Subscribing to notifications badge live data
07-15 16:37:29.864  3197  3197 V [SUI] BarView: Notifs badge count: 0, Messenger badge count 0
07-15 16:37:29.876  1014  2610 I DisplayManagerService: Display device removed: DisplayDeviceInfo{"com.oculus.android_panel_app.AndroidPanelLayer-#main": uniqueId="virtual:com.oculus.systemux,10034,com.oculus.android_panel_app.AndroidPanelLayer-#main,1", 640 x 1000, modeId 317, defaultModeId 317, supportedModes [{id=317, width=640, height=1000, fps=60.0}], colorMode 0, supportedColorModes [0], HdrCapabilities null, density 160, 160.0 x 160.0 dpi, appVsyncOff 0, presDeadline 16666666, touch NONE, rotation 0, type VIRTUAL, state OFF, owner com.oculus.systemux (uid 10034), FLAG_PRIVATE, FLAG_NEVER_BLANK, FLAG_OWN_CONTENT_ONLY}
07-15 16:37:29.879  1014  5398 I DisplayManagerService: Display device added: DisplayDeviceInfo{"com.oculus.android_panel_app.AndroidPanelLayer-#main": uniqueId="virtual:com.oculus.systemux,10034,com.oculus.android_panel_app.AndroidPanelLayer-#main,1", 640 x 88, modeId 318, defaultModeId 318, supportedModes [{id=318, width=640, height=88, fps=60.0}], colorMode 0, supportedColorModes [0], HdrCapabilities null, density 160, 160.0 x 160.0 dpi, appVsyncOff 0, presDeadline 16666666, touch NONE, rotation 0, type VIRTUAL, state OFF, owner com.oculus.systemux (uid 10034), FLAG_PRIVATE, FLAG_NEVER_BLANK, FLAG_OWN_CONTENT_ONLY}
07-15 16:37:29.892  3197  3197 D [SUI] SettingsAssistantJsonBuilder: Registering legacy settings
07-15 16:37:29.893  3197  3197 D [SUI] SettingsAssistantJsonBuilder: Not registering settings service settings. Blocked by GK
07-15 16:37:29.893  3197  3197 D [SUI] SettingsAssistantJsonBuilder: Settings JSON: {"settings":[{"id":"about","type":"void","mutable":false,"queryable":false,"route":"systemux:\/\/settings\/about"},{"id":"auto sleep","type":"void","mutable":false,"queryable":false,"route":"systemux:\/\/settings\/power?setting=SYSTEM_POWER_auto_sleep_time","parent":"power"},{"id":"auto wake","type":"void","mutable":false,"queryable":false,"route":"systemux:\/\/settings\/power?setting=SYSTEM_POWER_auto_wake","parent":"power"},{"id":"bluetooth pairing","type":"void","mutable":false,"queryable":false,"route":"systemux:\/\/settings\/bluetooth?setting=BLUETOOTH_bluetooth_pairing","parent":"bluetooth"},{"id":"boundary color","type":"void","mutable":false,"queryable":false,"route":"systemux:\/\/settings\/guardian_general?setting=guardian_customization_boundary_color_config","parent":"guardian"},{"id":"bug report","type":"void","mutable":false,"queryable":false,"route":"systemux:\/\/bug_report","parent":"about"},{"id":"controllers","type":"void","mutable":false,"queryable":false,"route":"systemux:\/\/settings\/controllers"},{"id":"display","type":"void","mutable":false,"queryable":false,"route":"systemux:\/\/settings\/display"},{"id":"do not disturb","type":"void","mutable":false,"queryable":false,"route":"systemux:\/\/settings\/do_not_disturb?setting=DO_NOT_DISTURB_do_not_disturb","parent":"do not disturb"},{"id":"environment","type":"void","mutable":false,"queryable":false,"route":"systemux:\/\/settings\/environment"},{"id":"experimental","type":"void","mutable":false,"queryable":false,"route":"systemux:\/\/settings\/experiments"},{"id":"floor level","type":"void","mutable":false,"queryable":false,"route":"systemux:\/\/guardian\/guardian-adjust-floor","parent":"guardian"},{"id":"glanceable boundary","type":"void","mutable":false,"queryable":false,"route":"systemux:\/\/settings\/guardian_roomscale?setting=GUARDIAN_ROOMSCALE_guardian_enable_glanceable_bounds","parent":"guardian"},{"id":"guardian","type":"void","mutable":false,"queryable":false,"route":"systemux:\/\/settings\/guardian_general"},{"id":"guardian history","type":"void","mutable":false,"queryable":false,"route":"systemux:\/\/settings\/guardian_general?setting=GUARDIAN_GENERAL_guardian_clear_history","parent":"guardian"},{"id":"guardian passthrough","type":"void","mutable":false,"queryable":false,"route":"systemux:\/\/settings\/guardian_general?setting=GUARDIAN_GENERAL_passthrough_on_demand","parent":"guardian"},{"id":"hand tracking","type":"void","mutable":false,"queryable":false,"route":"systemux:\/\/settings\/hands?setting=HANDS_hands_hand_tracking","parent":"hands"},{"id":"health and safety","type":"void","mutable":false,"queryable":false,"route":"systemux:\/\/health_and_safety_video","parent":"about"},{"id":"language","type":"void","mutable":false,"queryable":false,"route":"systemux:\/\/settings\/language_and_region?setting=LANGUAGE_AND_REGION_language","parent":"language and region"},{"id":"long press","type":"void","mutable":false,"queryable":false,"route":"systemux:\/\/settings\/controllers?setting=CONTROLLER_controllers_oculus_button_long_press","parent":"controllers"},{"id":"mac address","type":"void","mutable":false,"queryable":false,"route":"systemux:\/\/settings\/about?setting=SYSTEM_ABOUT_about_mac_address","parent":"about"},{"id":"microphone","type":"void","mutable":false,"queryable":false,"route":"systemux:\/\/settings\/sound?setting=SOUND_microphone","parent":"sound"},{"id":"night shift","type":"void","mutable":false,"queryable":false,"route":"systemux:\/\/settings\/display?setting=DISPLAY_night_shift","parent":"display"},{"id":"notifications","type":"void","mutable":false,"queryable":false,"route":"systemux:\/\/settings\/notifications"},{"id":"os version","type":"void","mutable":false,"queryable":false,"route":"systemux:\/\/settings\/software_update?setting=SOFTWARE_UPDATE_os_version","parent":"about"},{"id":"permissions","type":"void","mutable":false,"queryable":false,"route":"systemux:\/\/settings\/permissions"},{"id":"power","type":"void","mutable":false,"queryable":f
07-15 16:37:29.906  3197  3197 D [SUI] AnytimeUIAndroidPanelApp: Stored settings in pref store in 12486042 ns
07-15 16:37:29.906  3197  3197 I PanelService: BEGIN: nativeInitializePanelInstance - Configure and set up thread polling.
07-15 16:37:29.906  3197  3197 I PanelService: BEGIN: Call hosted app's Configure method.
07-15 16:37:29.906  3197  3197 I PanelService: END: Call hosted app's Configure method.
07-15 16:37:29.906  3197  3197 I PanelService: END: nativeInitializePanelInstance - Add fd 72 to looper with error code 1
07-15 16:37:29.906  3197  3197 D CppPanelService: END: Initializing panel application via MSG_CREATE_PANEL_APP.
07-15 16:37:29.906  3197  3197 I AndroidPanelApp: Processing next frame action "layerShow" for layer "#main"
07-15 16:37:29.907  3197 13441 I AnytimeUIAndroidPanelApp: GuardianSDKClient.InitClient
07-15 16:37:29.907  3197 13441 I ipcLoader_static: RuntimeIPC: Loader: IPC Service API Loader Version: 28 May 20 2022 12:35:26
07-15 16:37:29.907  3197 13441 I RuntimeIPCApi: ipc_Initialize
07-15 16:37:29.907  3197 13441 I RuntimeIPCServiceClient: Init: Already initialized: com.oculus.systemux:SystemUX, 3
07-15 16:37:29.928  3197  3211 I [SUI] AnytimeUIAndroidPanelApp: GCing AnytimeUIAndroidPanelApp
07-15 16:37:29.928  3197  3211 W System  : A resource failed to call release. 
07-15 16:37:29.928  3197  3211 I chatty  : uid=10034(com.oculus.systemux) FinalizerDaemon identical 22 lines
07-15 16:37:29.933  1269  1269 V AvrcpMediaPlayerList: onPlaybackConfigChanged(): Configs list size=8
07-15 16:37:29.933  1269  1269 V AvrcpMediaPlayerList: onPlaybackConfigChanged(): Configs list size=7
07-15 16:37:29.933  1269  1269 V AvrcpMediaPlayerList: onPlaybackConfigChanged(): Configs list size=6
07-15 16:37:29.941  1014  1033 W InputReader: Device has associated, but no associated display id.
07-15 16:37:29.946  1940  2684 I chatty  : uid=10023(com.oculus.vrshell) ShellOverlayVR expire 1 line
07-15 16:37:29.950  1014  1035 I DisplayManagerService: Display device changed state: "com.oculus.android_panel_app.AndroidPanelLayer-#main", ON
07-15 16:37:29.958  1014  5398 E WindowManager: App trying to use insecure INPUT_FEATURE_NO_INPUT_CHANNEL flag. Ignoring
07-15 16:37:29.962  3197  3197 I chatty  : uid=10034 com.oculus.systemux:SystemUX expire 62 lines
07-15 16:37:29.963  1014  1035 W InputReader: Device has associated, but no associated display id.
07-15 16:37:29.963  1014  1035 I ActivityTaskManager: Override config changes=20005df8 {0.0 ?mcc?mnc ?localeList ?layoutDir sw88dp w640dp h88dp 160dpi nrml long land ?uimode ?night -touch qwerty/v/v -nav/h winConfig={ mBounds=Rect(0, 0 - 640, 88) mAppBounds=Rect(0, 0 - 640, 88) mWindowingMode=fullscreen mDisplayWindowingMode=fullscreen mActivityType=undefined mAlwaysOnTop=undefined mRotation=ROTATION_0}} for displayId=317
07-15 16:37:29.975  1014  1035 I DisplayManagerService: Display device changed state: "com.oculus.android_panel_app.AndroidPanelLayer-tablet", ON
07-15 16:37:29.976  2134  2357 I chatty  : uid=10023(com.oculus.vrshell) ShellMainVR expire 2 lines
07-15 16:37:29.977  1220  2847 I VrRuntimeService: CreateSwapChain: 3065165709
07-15 16:37:29.977  1220  2847 I VrRuntimeService: CreateSwapChain: api:vk 0 0x2b 640 88 10 3 1 4 3
07-15 16:37:29.979  1220  2847 W SwapChain_Vulkan: CreateTextureSwapChainFoveationVulkan: ShouldCreateFragmentDensityMap: false
07-15 16:37:29.979  1220  2847 W SwapChain_Vulkan: ExportTextureResourcesFoveationVulkan: chain->VkInteropFoveation.Device == nullptr
07-15 16:37:29.979  1220  2847 W SwapChain: CreateTextureSwapChainFoveation: export failed
07-15 16:37:29.979  1220  2847 I VrRuntimeServer: CreateTextureSwapChain: result importswapchaingles 1
07-15 16:37:29.980  1014  5314 E WindowManager: App trying to use insecure INPUT_FEATURE_NO_INPUT_CHANNEL flag. Ignoring
07-15 16:37:29.981  2013  3000 I SwapChain_Vulkan: Imported texture has requirements 9, ends up index 0
07-15 16:37:29.982  2013  3000 I chatty  : uid=10015(com.oculus.shellenv) Thread-38 identical 3 lines
07-15 16:37:29.984  2826 13429 I RuntimeIPCServerMgr: GetServerStatesConfig -> {MaxBufferSize=32768, MaxEntries=64}
07-15 16:37:29.987  1220  2847 I VrRuntimeService: UpdateSwapChainSamplerState: 570
07-15 16:37:29.987  1220  2847 I VrRuntimeService: UpdateSwapChainSamplerState: minFilter=1 magFilter=1 wrapModeS=3 warpModeT=3 maxAniso=1.000000 border={0.000000,0.000000,0.000000,0.000000} swizzle={0,1,2,3}
07-15 16:37:30.009  2826  2826 D VrGuardianService: onStartCommand
07-15 16:37:30.012  1940  2684 I chatty  : uid=10023(com.oculus.vrshell) ShellOverlayVR expire 3 lines
07-15 16:37:30.012  1940  2205 I chatty  : uid=10023 com.oculus.vrshell:Overlay expire 2 lines
07-15 16:37:30.022  1524  2280 E LoggingHandler: JSONException
07-15 16:37:30.022  1524  2280 E LoggingHandler: org.json.JSONException: Forbidden numeric value: NaN
07-15 16:37:30.022  1524  2280 E LoggingHandler: 	at org.json.JSON.checkDouble(JSON.java:25)
07-15 16:37:30.022  1524  2280 E LoggingHandler: 	at org.json.JSONObject.put(JSONObject.java:270)
07-15 16:37:30.022  1524  2280 E LoggingHandler: 	at com.oculus.unifiedtelemetry.unifiedlogging.LoggingHandler.A04(:132)
07-15 16:37:30.022  1524  2280 E LoggingHandler: 	at com.oculus.unifiedtelemetry.unifiedlogging.LoggingHandler.A07(:64836)
07-15 16:37:30.022  1524  2280 E LoggingHandler: 	at com.oculus.unifiedtelemetry.unifiedlogging.LoggingHandler$5.reportEvents(:34)
07-15 16:37:30.022  1524  2280 E LoggingHandler: 	at com.oculus.aidl.IUnifiedTelemetryService$Stub.onTransact(IUnifiedTelemetryService.java:297)
07-15 16:37:30.022  1524  2280 E LoggingHandler: 	at android.os.Binder.execTransactInternal(Binder.java:1021)
07-15 16:37:30.022  1524  2280 E LoggingHandler: 	at android.os.Binder.execTransact(Binder.java:994)
07-15 16:37:30.022  1524  2280 E failed_to_parse_telemetry_data: hands_quality_runtime_periodic_events|Forbidden numeric value: NaN
07-15 16:37:30.023  1524  2280 E LoggingHandler: JSONException
07-15 16:37:30.023  1524  2280 E LoggingHandler: org.json.JSONException: Forbidden numeric value: NaN
07-15 16:37:30.023  1524  2280 E LoggingHandler: 	at org.json.JSON.checkDouble(JSON.java:25)
07-15 16:37:30.023  1524  2280 E LoggingHandler: 	at org.json.JSONObject.put(JSONObject.java:270)
07-15 16:37:30.023  1524  2280 E LoggingHandler: 	at com.oculus.unifiedtelemetry.unifiedlogging.LoggingHandler.A04(:132)
07-15 16:37:30.023  1524  2280 E LoggingHandler: 	at com.oculus.unifiedtelemetry.unifiedlogging.LoggingHandler.A07(:64836)
07-15 16:37:30.023  1524  2280 E LoggingHandler: 	at com.oculus.unifiedtelemetry.unifiedlogging.LoggingHandler$5.reportEvents(:34)
07-15 16:37:30.023  1524  2280 E LoggingHandler: 	at com.oculus.aidl.IUnifiedTelemetryService$Stub.onTransact(IUnifiedTelemetryService.java:297)
07-15 16:37:30.023  1524  2280 E LoggingHandler: 	at android.os.Binder.execTransactInternal(Binder.java:1021)
07-15 16:37:30.023  1524  2280 E LoggingHandler: 	at android.os.Binder.execTransact(Binder.java:994)
07-15 16:37:30.023  1524 13331 E ACRA    : Handling exception for soft error
07-15 16:37:30.023  1524 13331 E ACRA    : X.hx: failed_to_parse_telemetry_data | hands_quality_runtime_periodic_events|Forbidden numeric value: NaN
07-15 16:37:30.023  1524 13331 E ACRA    : 	at X.im.A4K(:341)
07-15 16:37:30.023  1524 13331 E ACRA    : 	at com.oculus.errorreporting.ErrorReporter.A4I(:28)
07-15 16:37:30.023  1524 13331 E ACRA    : 	at com.oculus.unifiedtelemetry.unifiedlogging.LoggingHandler.A04(:182)
07-15 16:37:30.023  1524 13331 E ACRA    : 	at com.oculus.unifiedtelemetry.unifiedlogging.LoggingHandler.A07(:64836)
07-15 16:37:30.023  1524 13331 E ACRA    : 	at com.oculus.unifiedtelemetry.unifiedlogging.LoggingHandler$5.reportEvents(:34)
07-15 16:37:30.023  1524 13331 E ACRA    : 	at com.oculus.aidl.IUnifiedTelemetryService$Stub.onTransact(IUnifiedTelemetryService.java:297)
07-15 16:37:30.023  1524 13331 E ACRA    : 	at android.os.Binder.execTransactInternal(Binder.java:1021)
07-15 16:37:30.023  1524 13331 E ACRA    : 	at android.os.Binder.execTransact(Binder.java:994)
07-15 16:37:30.024  1524  2280 E failed_to_parse_telemetry_data: hands_quality_runtime_periodic_events|Forbidden numeric value: NaN
07-15 16:37:30.030  2826  2826 D VrGuardianUserService: onStartCommandIntent { cmp=com.oculus.guardian/com.oculus.vrguardianservice.VrGuardianUserService }
07-15 16:37:30.030  2826  2826 D VrGuardianUserService: maybeSubscribeDeviceConfig
07-15 16:37:30.031  2826  2826 D VrGuardianUserService: onStartCommand null user = 0
07-15 16:37:30.032  3197  3424 I chatty  : uid=10034(com.oculus.systemux) RenderThread expire 2 lines
07-15 16:37:30.036  2826  2924 W GuardianOpenXrMgr: @@@ wait frame retry=10 dtWait=0.000001 dtFrame=0.038987 submittedFrameIndex=74750
07-15 16:37:30.038  3197 13441 I chatty  : uid=10034 com.oculus.systemux:SystemUX expire 2 lines
07-15 16:37:30.039  2826  2826 D VrGuardianService: setCurrentUser() called with: userId = [0]
07-15 16:37:30.039  2826  2826 I VrGuardianService: nativeSetCurrentUser userid = 0
07-15 16:37:30.039  2826  2826 I GuardianSystem: GuardianSystem::SetCurrentUser: 0 
07-15 16:37:30.061  1014  1035 I DisplayManagerService: Display device changed state: "com.oculus.android_panel_app.AndroidPanelLayer-#main", ON
07-15 16:37:30.074  1014  6010 E WindowManager: App trying to use insecure INPUT_FEATURE_NO_INPUT_CHANNEL flag. Ignoring
07-15 16:37:30.092  3197 13545 I chatty  : uid=10034(com.oculus.systemux) Binder:3197_E expire 6 lines
07-15 16:37:30.094  3197  3214 I chatty  : uid=10034(com.oculus.systemux) Binder:3197_2 expire 6 lines
07-15 16:37:30.107  1940  2684 I chatty  : uid=10023(com.oculus.vrshell) ShellOverlayVR expire 4 lines
07-15 16:37:30.127  1220  2656 I VrRuntimeService: CreateSwapChain: 832593295
07-15 16:37:30.127  1220  2656 I VrRuntimeService: CreateSwapChain: api:gles 0 0x8c43 640 88 10 2 1 0 3
07-15 16:37:30.128  1220  2656 I VrRuntimeServer: CreateTextureSwapChain: result importswapchaingles 1
07-15 16:37:30.178  2134  2357 I chatty  : uid=10023(com.oculus.vrshell) ShellMainVR expire 2 lines
07-15 16:37:30.214  1940  2684 I chatty  : uid=10023(com.oculus.vrshell) ShellOverlayVR expire 4 lines
07-15 16:37:30.223 11404 11458 I .socialplatfor: Background concurrent copying GC freed 22844(2543KB) AllocSpace objects, 20(400KB) LOS objects, 49% free, 3010KB/6021KB, paused 44us total 372.847ms
07-15 16:37:30.229  1524 13436 W ContextImpl: Calling a method in the system process without a qualified user: android.app.ContextImpl.sendBroadcast:1057 android.content.ContextWrapper.sendBroadcast:448 X.o8.A00:143 X.nw.A00:17 X.nw.handleMessage:90 
07-15 16:37:30.247  1220  2656 I VrRuntimeService: UpdateSwapChainSamplerState: 571
07-15 16:37:30.247  1220  2656 I VrRuntimeService: UpdateSwapChainSamplerState: minFilter=1 magFilter=1 wrapModeS=3 warpModeT=3 maxAniso=1.000000 border={0.000000,0.000000,0.000000,0.000000} swizzle={0,1,2,3}
07-15 16:37:30.283  1220  2918 I VrRuntimeService: RuntimeServiceSDKServer::SetGuardianSystemState: 3366694278
07-15 16:37:30.283  2826  2924 I GuardianSystem: UpdateGuardianSystemState: Flags changed: 1646600, 1638408, SYSTEM_ROOM_SCALE_ACTIVE,SYSTEM_GUARDIAN_VISIBLE,SYSTEM_HANDTRACKING_MODE,SYSTEM_GUARDIAN_VALID,SYSTEM_PLAYSPACE_SCAN_WARNING to SYSTEM_ROOM_SCALE_ACTIVE,SYSTEM_HANDTRACKING_MODE,SYSTEM_GUARDIAN_VALID,SYSTEM_PLAYSPACE_SCAN_WARNING
07-15 16:37:30.370  2134 13375 I chatty  : uid=10023(com.oculus.vrshell) ShellMain expire 1 line
07-15 16:37:30.459  1220 12801 I CompositorVR: SetSchedFifo( tid=2924, pol=2, pri=0 ) succeeded
07-15 16:37:30.459  1220 12801 I CompositorVR: SetSchedFifo( tid=3352, pol=2, pri=0 ) succeeded
07-15 16:37:30.459  1220 12801 I CompositorVR: SetSchedFifo( tid=3363, pol=2, pri=0 ) succeeded
07-15 16:37:30.547  1524  1542 I nifiedtelemetr: Background concurrent copying GC freed 51866(3254KB) AllocSpace objects, 3(80KB) LOS objects, 49% free, 3482KB/6964KB, paused 5.469ms total 298.596ms
07-15 16:37:30.632  2013 13368 I chatty  : uid=10015(com.oculus.shellenv) expire 3 lines
07-15 16:37:30.672   859  1170 I chatty  : uid=1000(system) Localizer expire 4 lines
07-15 16:37:30.690  1524 13331 E ACRA    : Handling exception for soft error
07-15 16:37:30.690  1524 13331 E ACRA    : X.hx: failed_to_parse_telemetry_data | hands_quality_runtime_periodic_events|Forbidden numeric value: NaN
07-15 16:37:30.690  1524 13331 E ACRA    : 	at X.im.A4K(:341)
07-15 16:37:30.690  1524 13331 E ACRA    : 	at com.oculus.errorreporting.ErrorReporter.A4I(:28)
07-15 16:37:30.690  1524 13331 E ACRA    : 	at com.oculus.unifiedtelemetry.unifiedlogging.LoggingHandler.A04(:182)
07-15 16:37:30.690  1524 13331 E ACRA    : 	at com.oculus.unifiedtelemetry.unifiedlogging.LoggingHandler.A07(:64836)
07-15 16:37:30.690  1524 13331 E ACRA    : 	at com.oculus.unifiedtelemetry.unifiedlogging.LoggingHandler$5.reportEvents(:34)
07-15 16:37:30.690  1524 13331 E ACRA    : 	at com.oculus.aidl.IUnifiedTelemetryService$Stub.onTransact(IUnifiedTelemetryService.java:297)
07-15 16:37:30.690  1524 13331 E ACRA    : 	at android.os.Binder.execTransactInternal(Binder.java:1021)
07-15 16:37:30.690  1524 13331 E ACRA    : 	at android.os.Binder.execTransact(Binder.java:994)
07-15 16:37:30.714  1524 13444 W ContextImpl: Calling a method in the system process without a qualified user: android.app.ContextImpl.sendBroadcast:1057 android.content.ContextWrapper.sendBroadcast:448 X.o8.A00:143 X.nw.A00:17 X.nw.handleMessage:90 
07-15 16:37:30.822  1014  1858 E TaskPersister: File error accessing recents directory (directory doesn't exist?).
07-15 16:37:30.863   735   878 I SyncBossHAL: [info   ] syncboss_hal_powerstate.c(63): Reporting powerstate event: prox_off
07-15 16:37:30.865  1014  1014 D VrPowerManagerService: processing message: sensor changed
07-15 16:37:30.865  1014  1014 I VrPowerManagerService: transition from HEADSET_MOUNTED to HEADSET_UNMOUNTED
07-15 16:37:30.869  2134  2134 I chatty  : uid=10023(com.oculus.vrshell) ShellMain expire 1 line
07-15 16:37:30.869  1220  1220 D VrRuntimeService: Received broadcast: com.oculus.intent.action.MOUNT_STATE_CHANGED
07-15 16:37:30.869  1220  1220 D VrRuntimeService: mounted state: false
07-15 16:37:30.870  1220  2100 I UnifiedTelemetryWrapper: Stopped UT session don
07-15 16:37:30.870  2013  2140 I chatty  : uid=10015(com.oculus.shellenv) OVR::ShellEnv expire 6 lines
07-15 16:37:30.871   839  1198 D SensorClientUtils: Received transition request to STANDBY current is RUNNING
07-15 16:37:30.871   839  1198 D SensorClientUtils: Executing transition from RUNNING to STANDBY
07-15 16:37:30.871   859  1412 D SensorClientUtils: Received transition request to STANDBY current is RUNNING
07-15 16:37:30.871   859  1412 D SensorClientUtils: Executing transition from RUNNING to STANDBY
07-15 16:37:30.873  1534  1763 D VrPowerManagerClient: Headset state: 2
07-15 16:37:30.873  1534  1763 V ControllerNotifications: Handling unmount notification
07-15 16:37:30.875  1940  1940 I chatty  : uid=10023(com.oculus.vrshell) ShellOverlayMai expire 6 lines
07-15 16:37:30.875  2134  2357 I chatty  : uid=10023(com.oculus.vrshell) ShellMainVR expire 4 lines
07-15 16:37:30.878   714   779 D audio_hw_primary: adev_set_mic_mute state 0
07-15 16:37:30.878  1605  1605 I [CT]    : MIXEDREALITY: MrService: MountStateChanged: false
07-15 16:37:30.878  1014 16917 E AudioSystem-JNI: Command failed for android_media_AudioSystem_muteMicrophone: -38
07-15 16:37:30.879 11404 11404 W VRLifecycleSessionManager: No apps were active so skipping session.
07-15 16:37:30.879 11404 11404 W VRLifecycleManager: onHeadsetUnmounted
07-15 16:37:30.880   859  3579 D SensorClientUtils: Received transition request to STANDBY current is RUNNING
07-15 16:37:30.880   859  3579 D SensorClientUtils: Executing transition from RUNNING to STANDBY
07-15 16:37:30.882  1940  2684 I chatty  : uid=10023(com.oculus.vrshell) ShellOverlayVR expire 10 lines
07-15 16:37:30.882  2134  2357 I chatty  : uid=10023(com.oculus.vrshell) ShellMainVR expire 1 line
07-15 16:37:30.894  1964  1964 W VRLifecycleManager: onHeadsetUnmounted
07-15 16:37:30.905  2826  2924 I StateMachine: StateMachine::Update GuardianInitializationStateMachine: unmountEvent -> Unmounted_Black
07-15 16:37:30.905  2826  2924 I GuardianSystem: Headset was unmounted
07-15 16:37:30.914  1964  1964 I OVRPlatform: [AudioManager] SetHeadsetMounted: false
07-15 16:37:30.914  1964  1964 I OVRPlatform: [AudioManager] Current headsetMounted_ false
07-15 16:37:30.914  1964  1964 I OVRPlatform: [AudioManager] Current headphoneStatus_: DISCONNECTED
07-15 16:37:30.918  2134  2134 I chatty  : uid=10023(com.oculus.vrshell) ShellMain expire 4 lines
07-15 16:37:30.920  1940  1940 I chatty  : uid=10023(com.oculus.vrshell) ShellOverlayMai expire 16 lines
07-15 16:37:31.032  1220  2071 D OVRFitnessDataInternal: Requesting Insert FitnessData: 41.0.0.0
07-15 16:37:31.047  2581  2613 I FitnessDataProvider: Received Request Insert FitnessData: 41.0.0.0
07-15 16:37:31.294   859 12756 I chatty  : uid=1000(system) Mapper0 expire 8 lines
07-15 16:37:31.642  2013 13368 I chatty  : uid=10015(com.oculus.shellenv) expire 12 lines
07-15 16:37:31.822  1964  3126 W OVRLibrary: null cursor received for query content://com.oculus.ocms.library/apps/com.oculus.mrservice
07-15 16:37:32.294   859 12812 I chatty  : uid=1000(system) CtrlTracking expire 10 lines
07-15 16:37:32.426  1220  2100 I ServiceInputManager: HANDTRACKING hand 1 status set to Tracked
07-15 16:37:32.517   715   715 D vendor.qti.bluetooth@1.0-wake_lock: Acquire wakelock is acquired 
07-15 16:37:32.524  1014  1045 E BatteryExternalStatsWorker: no controller energy info supplied for telephony
07-15 16:37:32.541   726   726 E PowerStats: getResults:Failed to open file /d/wlan0/power_stats: No such file or directory
07-15 16:37:32.544   703   703 I netd    : tetherGetStats() <1.13ms>
07-15 16:37:32.690  1220  2100 I PerformanceManager_V0: SetClockLevels: Apply pending clock request change: 4,3 -> 3,3
07-15 16:37:32.690  1220  2076 I Clocks  : ReleaseClocks - start
07-15 16:37:32.691  1220  2076 I Clocks  : ReleaseClocks - end (0.4 ms)
07-15 16:37:32.691  1220  2076 I Clocks  : LockClocks( cpu=3, gpu=3 ) - start
07-15 16:37:32.691  1220  2076 I Clocks  : CPU levels [0, 4]
07-15 16:37:32.691  1220  2076 I Clocks  : GPU levels [0, 5]
07-15 16:37:32.692  1220  2076 I Clocks  : LockClocks( cpu=3, gpu=3 ) - end (0.8 ms)
07-15 16:37:32.892  1605  3047 I Telemetry: App memory usage: PSS=15MB DalvikPSS=1 MB PrivateDirty=10MB PrivateClean=0MB
07-15 16:37:32.894  1940  2684 I chatty  : uid=10023(com.oculus.vrshell) ShellOverlayVR expire 29 lines
07-15 16:37:32.909  1940 13372 I chatty  : uid=10023(com.oculus.vrshell) ShellOverlayMai expire 1 line
07-15 16:37:32.934  2013  2140 I chatty  : uid=10015(com.oculus.shellenv) OVR::ShellEnv expire 4 lines
07-15 16:37:33.671   715  1601 D vendor.qti.bluetooth@1.0-wake_lock: Release wakelock is released 
07-15 16:37:33.967   723   723 W health@2.0-serv: type=1400 audit(0.0:500): avc: denied { read } for name="life_time_estimation_a" dev="sysfs" ino=35977 scontext=u:r:hal_health_default:s0 tcontext=u:object_r:sysfs:s0 tclass=file permissive=0
07-15 16:37:33.967   723   723 W health@2.0-serv: type=1400 audit(0.0:501): avc: denied { read } for name="life_time_estimation_b" dev="sysfs" ino=35978 scontext=u:r:hal_health_default:s0 tcontext=u:object_r:sysfs:s0 tclass=file permissive=0
07-15 16:37:33.967   723   723 W health@2.0-serv: type=1400 audit(0.0:502): avc: denied { read } for name="eol_info" dev="sysfs" ino=35976 scontext=u:r:hal_health_default:s0 tcontext=u:object_r:sysfs:s0 tclass=file permissive=0
07-15 16:37:33.983   723   723 E libhealthbattery: Failed to read SysFsItem "ufs_lifetime_a" : "/sys/devices/soc/1da4000.ufshc/health_descriptor/life_time_estimation_a", setting default value.
07-15 16:37:33.983   723   723 E libhealthbattery: Failed to read SysFsItem "ufs_lifetime_b" : "/sys/devices/soc/1da4000.ufshc/health_descriptor/life_time_estimation_b", setting default value.
07-15 16:37:33.983   723   723 E libhealthbattery: Failed to read SysFsItem "ufs_eol" : "/sys/devices/soc/1da4000.ufshc/health_descriptor/eol_info", setting default value.
07-15 16:37:33.983   600   600 E PersistableBundle: Failed at frameworks/native/libs/binder/PersistableBundle.cpp:158 (erase)
07-15 16:37:33.983   600   600 E PersistableBundle: Failed at frameworks/native/libs/binder/PersistableBundle.cpp:158 (erase)
07-15 16:37:34.040  1220  2071 D OVRFitnessDataInternal: Requesting Insert FitnessData: 41.0.0.0
07-15 16:37:34.054  2581  2613 I FitnessDataProvider: Received Request Insert FitnessData: 41.0.0.0
07-15 16:37:34.361  1220  2100 I ServiceInputManager: HANDTRACKING hand 1 status set to OutOfView
07-15 16:37:34.637  2826  2826 D MemoryPressureObserver: Quest1:Resending the current pressure state to re-clear the caches state:some
07-15 16:37:34.637  2826  2826 D MemoryPressureObserver: setCurrentMemoryPressure:some
07-15 16:37:34.637  2826  2826 D VrGuardianService: OnMemoryPressureStateUpdate: memoryPressure = Some
07-15 16:37:34.637  2826  2826 I VrGuardianService: OnMemoryPressureChange: 1
07-15 16:37:34.695  1220  2100 I PerformanceManager_V0: SetClockLevels: Apply pending clock request change: 3,3 -> 2,3
07-15 16:37:34.695  1220  2076 I Clocks  : ReleaseClocks - start
07-15 16:37:34.696  1220  2076 I Clocks  : ReleaseClocks - end (0.4 ms)
07-15 16:37:34.696  1220  2076 I Clocks  : LockClocks( cpu=2, gpu=3 ) - start
07-15 16:37:34.696  1220  2076 I Clocks  : CPU levels [0, 4]
07-15 16:37:34.696  1220  2076 I Clocks  : GPU levels [0, 5]
07-15 16:37:34.697  1220  2076 I Clocks  : LockClocks( cpu=2, gpu=3 ) - end (1.4 ms)
07-15 16:37:34.816   735 12728 I SyncBossFW: 22081301 [info   ] {PERF}: cpu load cur=0.38 min=0.04 max=0.38 avg=0.05
07-15 16:37:35.820   839 12868 I chatty  : uid=1000(system) mrsyssvc:main expire 2 lines
07-15 16:37:37.052  1220  2071 D OVRFitnessDataInternal: Requesting Insert FitnessData: 41.0.0.0
07-15 16:37:37.071  2581  2613 I FitnessDataProvider: Received Request Insert FitnessData: 41.0.0.0
07-15 16:37:37.101   859 12910 I chatty  : uid=1000(system) /system/bin/trackingservice expire 16 lines
07-15 16:37:37.376  1605  2963 I [CT]    : MIXEDREALITY: MrServiceModel: commitLayerState: (every 10 seconds), ImagesAndCompute: false, ImagesOnly: false, NoRequirement: true.
07-15 16:37:37.396  1605  2963 I [CT]    : MIXEDREALITY: MrServiceView: renderIteration: (every 10 seconds), screen is: ON, PT is: ON, ID is: OFF
07-15 16:37:37.668   859 12831 I chatty  : uid=1000(system) /system/bin/trackingservice expire 162 lines
07-15 16:37:37.909  1940 13456 I chatty  : uid=10023(com.oculus.vrshell) ShellOverlayMai expire 1 line
07-15 16:37:38.673  1014  1478 D SntpClient: round trip: 46ms, clock offset: 10ms
07-15 16:37:39.186   859 12832 I chatty  : uid=1000(system) /system/bin/trackingservice expire 2 lines
07-15 16:37:39.381  2826  3360 I Telemetry: App memory usage: PSS=28MB DalvikPSS=1 MB PrivateDirty=22MB PrivateClean=2MB
07-15 16:37:39.421   839  1189 I chatty  : uid=1000(system) mrsyssvc:comput expire 30 lines
07-15 16:37:39.640  2826  2826 D MemoryPressureObserver: Quest1:Resending the current pressure state to re-clear the caches state:some
07-15 16:37:39.640  2826  2826 D MemoryPressureObserver: setCurrentMemoryPressure:some
07-15 16:37:39.640  2826  2826 D VrGuardianService: OnMemoryPressureStateUpdate: memoryPressure = Some
07-15 16:37:39.640  2826  2826 I VrGuardianService: OnMemoryPressureChange: 1
07-15 16:37:39.760  1524 13461 W ContextImpl: Calling a method in the system process without a qualified user: android.app.ContextImpl.sendBroadcast:1057 android.content.ContextWrapper.sendBroadcast:448 X.o8.A00:143 X.nw.A00:17 X.nw.handleMessage:90 
07-15 16:37:40.064  1220  2071 D OVRFitnessDataInternal: Requesting Insert FitnessData: 41.0.0.0
07-15 16:37:40.080  2581  2613 I FitnessDataProvider: Received Request Insert FitnessData: 41.0.0.0
07-15 16:37:40.306  1964  3126 W OVRLibrary: null cursor received for query content://com.oculus.ocms.library/apps/com.oculus.guardian
07-15 16:37:41.137  1940 12848 I chatty  : uid=10023(com.oculus.vrshell) ShellOverlayMai expire 1 line
07-15 16:37:41.200   735 12730 E SensorService: HMD IMU samples delayed: 4.262ms between sample arrivals (expected 1.000ms)
07-15 16:37:41.490  1014  1041 W ActivityManager: Stopping service due to app idle: u0a17 -1m10s28ms com.oculus.appsafety/.AppSafetyService
07-15 16:37:41.491 11903 11903 D AppSafetyService: Service stopping
07-15 16:37:42.042   735 12730 I SyncBossHAL: [info   ] syncboss_hal_input_controller.c(63): adf26074xxxxxxxx: 0 missed/90000 expected (PER 0.00%)
07-15 16:37:42.216   735 12730 I SyncBossHAL: [info   ] syncboss_hal_input_controller.c(63): dc36774dxxxxxxxx: 0 missed/90000 expected (PER 0.00%)
07-15 16:37:42.909  1940  1940 I chatty  : uid=10023(com.oculus.vrshell) ShellOverlayMai expire 14 lines
07-15 16:37:42.910  1940 13458 I chatty  : uid=10023(com.oculus.vrshell) ShellOverlayMai expire 1 line
07-15 16:37:43.075  1220  2071 D OVRFitnessDataInternal: Requesting Insert FitnessData: 41.0.0.0
07-15 16:37:43.086  2581  2613 I FitnessDataProvider: Received Request Insert FitnessData: 41.0.0.0
07-15 16:37:43.642  2013 13368 I chatty  : uid=10015(com.oculus.shellenv) expire 12 lines
07-15 16:37:44.643  2826  2826 D MemoryPressureObserver: Quest1:Resending the current pressure state to re-clear the caches state:some
07-15 16:37:44.643  2826  2826 D MemoryPressureObserver: setCurrentMemoryPressure:some
07-15 16:37:44.643  2826  2826 D VrGuardianService: OnMemoryPressureStateUpdate: memoryPressure = Some
07-15 16:37:44.643  2826  2826 I VrGuardianService: OnMemoryPressureChange: 1
07-15 16:37:46.084  1220  2071 D OVRFitnessDataInternal: Requesting Insert FitnessData: 41.0.0.0
07-15 16:37:46.099  2581  2613 I FitnessDataProvider: Received Request Insert FitnessData: 41.0.0.0
07-15 16:37:46.594  1563  1751 D DeviceCertLibrary: verifyKeyForCurrentSecureState returned status: 0
07-15 16:37:46.594  1563  1751 D DeviceCertLibrary: containsAlias received status: 0
07-15 16:37:47.396  1605  2963 I [CT]    : MIXEDREALITY: MrServiceModel: commitLayerState: (every 10 seconds), ImagesAndCompute: false, ImagesOnly: false, NoRequirement: true.
07-15 16:37:47.416  1605  2963 I [CT]    : MIXEDREALITY: MrServiceView: renderIteration: (every 10 seconds), screen is: ON, PT is: ON, ID is: OFF
07-15 16:37:47.915  1940  2684 I chatty  : uid=10023(com.oculus.vrshell) ShellOverlayVR expire 17 lines
07-15 16:37:47.915  1940 13464 I chatty  : uid=10023(com.oculus.vrshell) ShellOverlayMai expire 1 line
07-15 16:37:49.097  1220  2071 D OVRFitnessDataInternal: Requesting Insert FitnessData: 41.0.0.0
07-15 16:37:49.113  2581  2613 I FitnessDataProvider: Received Request Insert FitnessData: 41.0.0.0
07-15 16:37:49.234   859 12910 I chatty  : uid=1000(system) /system/bin/trackingservice expire 16 lines
07-15 16:37:49.645  2826  2826 D MemoryPressureObserver: Quest1:Resending the current pressure state to re-clear the caches state:some
07-15 16:37:49.645  2826  2826 D MemoryPressureObserver: setCurrentMemoryPressure:some
07-15 16:37:49.645  2826  2826 D VrGuardianService: OnMemoryPressureStateUpdate: memoryPressure = Some
07-15 16:37:49.645  2826  2826 I VrGuardianService: OnMemoryPressureChange: 1
07-15 16:37:50.113  2134 13375 I chatty  : uid=10023(com.oculus.vrshell) ShellMain expire 1 line
07-15 16:37:52.109  1220  2071 D OVRFitnessDataInternal: Requesting Insert FitnessData: 41.0.0.0
07-15 16:37:52.125  2581  2613 I FitnessDataProvider: Received Request Insert FitnessData: 41.0.0.0
07-15 16:37:52.891  1605  3047 I Telemetry: App memory usage: PSS=15MB DalvikPSS=1 MB PrivateDirty=10MB PrivateClean=0MB
07-15 16:37:52.916  1940  1940 I chatty  : uid=10023(com.oculus.vrshell) ShellOverlayMai expire 7 lines
07-15 16:37:52.917  1940 13467 I chatty  : uid=10023(com.oculus.vrshell) ShellOverlayMai expire 1 line
07-15 16:37:52.988  2013  2140 I chatty  : uid=10015(com.oculus.shellenv) OVR::ShellEnv expire 1 line
07-15 16:37:54.644  2013 13368 I chatty  : uid=10015(com.oculus.shellenv) expire 5 lines
07-15 16:37:54.650  2826  2826 D MemoryPressureObserver: Quest1:Resending the current pressure state to re-clear the caches state:some
07-15 16:37:54.650  2826  2826 D MemoryPressureObserver: setCurrentMemoryPressure:some
07-15 16:37:54.650  2826  2826 D VrGuardianService: OnMemoryPressureStateUpdate: memoryPressure = Some
07-15 16:37:54.650  2826  2826 I VrGuardianService: OnMemoryPressureChange: 1
07-15 16:37:54.926  1940  2684 I chatty  : uid=10023(com.oculus.vrshell) ShellOverlayVR expire 10 lines
07-15 16:37:55.117  1220  2071 D OVRFitnessDataInternal: Requesting Insert FitnessData: 41.0.0.0
07-15 16:37:55.140  2581  2613 I FitnessDataProvider: Received Request Insert FitnessData: 41.0.0.0
07-15 16:37:56.019  1964  3126 W OVRLibrary: null cursor received for query content://com.oculus.ocms.library/apps/com.oculus.vrshell
07-15 16:37:56.053  1964  3126 W OVRLibrary: null cursor received for query content://com.oculus.ocms.library/apps/com.oculus.vrshell
07-15 16:37:56.654  1964  3126 W OVRLibrary: null cursor received for query content://com.oculus.ocms.library/apps/com.oculus.shellenv
07-15 16:37:57.413  1605  2963 I [CT]    : MIXEDREALITY: MrServiceModel: commitLayerState: (every 10 seconds), ImagesAndCompute: false, ImagesOnly: false, NoRequirement: true.
07-15 16:37:57.433  1605  2963 I [CT]    : MIXEDREALITY: MrServiceView: renderIteration: (every 10 seconds), screen is: ON, PT is: ON, ID is: OFF
07-15 16:37:57.919  1940  1940 I chatty  : uid=10023(com.oculus.vrshell) ShellOverlayMai expire 7 lines
07-15 16:37:57.920  1940 13469 I chatty  : uid=10023(com.oculus.vrshell) ShellOverlayMai expire 1 line
07-15 16:37:58.001  2013  2140 I chatty  : uid=10015(com.oculus.shellenv) OVR::ShellEnv expire 1 line
07-15 16:37:58.001   859 12831 I chatty  : uid=1000(system) /system/bin/trackingservice expire 117 lines
07-15 16:37:58.128  1220  2071 D OVRFitnessDataInternal: Requesting Insert FitnessData: 41.0.0.0
07-15 16:37:58.145  2581  2613 I FitnessDataProvider: Received Request Insert FitnessData: 41.0.0.0
07-15 16:37:59.386  2826  3360 I Telemetry: App memory usage: PSS=29MB DalvikPSS=1 MB PrivateDirty=22MB PrivateClean=2MB
07-15 16:37:59.645  2013 13368 I chatty  : uid=10015(com.oculus.shellenv) expire 4 lines
07-15 16:37:59.655  2826  2826 D MemoryPressureObserver: Quest1:Resending the current pressure state to re-clear the caches state:some
07-15 16:37:59.655  2826  2826 D MemoryPressureObserver: setCurrentMemoryPressure:some
07-15 16:37:59.655  2826  2826 D VrGuardianService: OnMemoryPressureStateUpdate: memoryPressure = Some
07-15 16:37:59.655  2826  2826 I VrGuardianService: OnMemoryPressureChange: 1
07-15 16:38:00.412   859 12910 I chatty  : uid=1000(system) /system/bin/trackingservice expire 20 lines
07-15 16:38:01.133  1940 12848 I chatty  : uid=10023(com.oculus.vrshell) ShellOverlayMai expire 1 line
07-15 16:38:01.142  1220  2071 D OVRFitnessDataInternal: Requesting Insert FitnessData: 41.0.0.0
07-15 16:38:01.153  2581  2613 I FitnessDataProvider: Received Request Insert FitnessData: 41.0.0.0
07-15 16:38:02.919  1940  1940 I chatty  : uid=10023(com.oculus.vrshell) ShellOverlayMai expire 7 lines
07-15 16:38:02.920  1940  2684 I chatty  : uid=10023(com.oculus.vrshell) ShellOverlayVR expire 10 lines
07-15 16:38:02.920  1940 13470 I chatty  : uid=10023(com.oculus.vrshell) ShellOverlayMai expire 1 line
07-15 16:38:03.000  2013  2140 I Clay    : Local user with id 106348798779619 does NOT have a custom avatar
07-15 16:38:03.645  2013 13368 I VrApi   : FPS=72/72,Prd=0ms,Tear=0,Early=0,Stale=0,VSnc=0,Lat=-1,Fov=0,CPU4/GPU=2/3,1651/515MHz,OC=FF,TA=0/E0/0,SP=N/F/N,Mem=1804MHz,Free=1339MB,PLS=0,Temp=30.0C/0.0C,TW=1.02ms,App=0.00ms,GD=0.00ms,CPU&GPU=0.58ms,LCnt=0,GPU%=0.08,CPU%=0.06(W0.14),DSF=1.00
07-15 16:38:04.150  1220  2071 D OVRFitnessDataInternal: Requesting Insert FitnessData: 41.0.0.0
07-15 16:38:04.165  2581  2613 I FitnessDataProvider: Received Request Insert FitnessData: 41.0.0.0
07-15 16:38:04.335   859 12732 I chatty  : uid=1000(system) BoltWorkerThrea expire 13 lines
07-15 16:38:04.645  2013 13368 I VrApi   : FPS=72/72,Prd=0ms,Tear=0,Early=0,Stale=0,VSnc=0,Lat=-1,Fov=0,CPU4/GPU=2/3,1651/515MHz,OC=FF,TA=0/E0/0,SP=N/F/N,Mem=1804MHz,Free=1339MB,PLS=0,Temp=30.0C/0.0C,TW=1.01ms,App=0.00ms,GD=0.00ms,CPU&GPU=0.55ms,LCnt=0,GPU%=0.08,CPU%=0.06(W0.10),DSF=1.00
07-15 16:38:04.657  2826  2826 D MemoryPressureObserver: Quest1:Resending the current pressure state to re-clear the caches state:some
07-15 16:38:04.657  2826  2826 D MemoryPressureObserver: setCurrentMemoryPressure:some
07-15 16:38:04.657  2826  2826 D VrGuardianService: OnMemoryPressureStateUpdate: memoryPressure = Some
07-15 16:38:04.657  2826  2826 I VrGuardianService: OnMemoryPressureChange: 1
07-15 16:38:05.645  2013 13368 I VrApi   : FPS=72/72,Prd=0ms,Tear=0,Early=0,Stale=0,VSnc=0,Lat=-1,Fov=0,CPU4/GPU=2/3,1651/515MHz,OC=FF,TA=0/E0/0,SP=N/F/N,Mem=1804MHz,Free=1339MB,PLS=0,Temp=30.0C/0.0C,TW=1.02ms,App=0.00ms,GD=0.00ms,CPU&GPU=0.55ms,LCnt=0,GPU%=0.08,CPU%=0.08(W0.14),DSF=1.00
07-15 16:38:05.773  1940  1940 I chatty  : uid=10023(com.oculus.vrshell) ShellOverlayMai expire 8 lines
07-15 16:38:05.821   839 12868 I chatty  : uid=1000(system) mrsyssvc:main expire 2 lines
07-15 16:38:06.645  2013 13368 I VrApi   : FPS=72/72,Prd=0ms,Tear=0,Early=0,Stale=0,VSnc=0,Lat=-1,Fov=0,CPU4/GPU=2/3,1651/515MHz,OC=FF,TA=0/E0/0,SP=N/F/N,Mem=1804MHz,Free=1339MB,PLS=0,Temp=30.0C/0.0C,TW=1.02ms,App=0.00ms,GD=0.00ms,CPU&GPU=0.58ms,LCnt=0,GPU%=0.08,CPU%=0.11(W0.14),DSF=1.00
07-15 16:38:07.161  1220  2071 D OVRFitnessDataInternal: Requesting Insert FitnessData: 41.0.0.0
07-15 16:38:07.178  2581  2613 I FitnessDataProvider: Received Request Insert FitnessData: 41.0.0.0
07-15 16:38:07.419  1605  2963 I [CT]    : MIXEDREALITY: MrServiceModel: commitLayerState: (every 10 seconds), ImagesAndCompute: false, ImagesOnly: false, NoRequirement: true.
07-15 16:38:07.439  1605  2963 I [CT]    : MIXEDREALITY: MrServiceView: renderIteration: (every 10 seconds), screen is: ON, PT is: ON, ID is: OFF
07-15 16:38:07.645  2013 13368 I VrApi   : FPS=72/72,Prd=0ms,Tear=0,Early=0,Stale=0,VSnc=0,Lat=-1,Fov=0,CPU4/GPU=2/3,1651/515MHz,OC=FF,TA=0/E0/0,SP=N/F/N,Mem=1804MHz,Free=1339MB,PLS=0,Temp=30.0C/0.0C,TW=1.03ms,App=0.00ms,GD=0.00ms,CPU&GPU=0.55ms,LCnt=0,GPU%=0.08,CPU%=0.09(W0.13),DSF=1.00
07-15 16:38:07.922  1940  2684 I chatty  : uid=10023(com.oculus.vrshell) ShellOverlayVR expire 8 lines
07-15 16:38:07.923  1940 13472 I chatty  : uid=10023(com.oculus.vrshell) ShellOverlayMai expire 1 line
07-15 16:38:08.012  2013  2140 I Clay    : Local user with id 106348798779619 does NOT have a custom avatar
07-15 16:38:08.645  2013 13368 I VrApi   : FPS=72/72,Prd=0ms,Tear=0,Early=0,Stale=0,VSnc=0,Lat=-1,Fov=0,CPU4/GPU=2/3,1651/515MHz,OC=FF,TA=0/E0/0,SP=N/F/N,Mem=1804MHz,Free=1339MB,PLS=0,Temp=30.0C/0.0C,TW=1.01ms,App=0.00ms,GD=0.00ms,CPU&GPU=0.55ms,LCnt=0,GPU%=0.08,CPU%=0.09(W0.14),DSF=1.00
07-15 16:38:09.421   839  1189 I chatty  : uid=1000(system) mrsyssvc:comput expire 30 lines
07-15 16:38:09.660  2826  2826 D MemoryPressureObserver: Quest1:Resending the current pressure state to re-clear the caches state:some
07-15 16:38:09.660  2826  2826 D MemoryPressureObserver: setCurrentMemoryPressure:some
07-15 16:38:09.660  2826  2826 D VrGuardianService: OnMemoryPressureStateUpdate: memoryPressure = Some
07-15 16:38:09.660  2826  2826 I VrGuardianService: OnMemoryPressureChange: 1
07-15 16:38:10.117  2134 13375 I chatty  : uid=10023(com.oculus.vrshell) ShellMain expire 1 line
07-15 16:38:10.174  1220  2071 D OVRFitnessDataInternal: Requesting Insert FitnessData: 41.0.0.0
07-15 16:38:10.198  2581  2613 I FitnessDataProvider: Received Request Insert FitnessData: 41.0.0.0
07-15 16:38:10.211  1220  2071 E TREX    : Plugin FitnessTrackerServerPlugin update: max = 0.033, actual = 0.037. Next plugin update is throttled.
07-15 16:38:10.262  1524 13474 W ContextImpl: Calling a method in the system process without a qualified user: android.app.ContextImpl.sendBroadcast:1057 android.content.ContextWrapper.sendBroadcast:448 X.o8.A00:143 X.nw.A00:17 X.nw.handleMessage:90 
07-15 16:38:10.352  2013 13368 I Telemetry: App memory usage: PSS=639MB DalvikPSS=0 MB PrivateDirty=605MB PrivateClean=5MB
07-15 16:38:10.353  2013 13368 I VrApi   : FPS=72/72,Prd=0ms,Tear=0,Early=0,Stale=0,VSnc=0,Lat=-1,Fov=0,CPU4/GPU=2/3,1651/515MHz,OC=FF,TA=0/E0/0,SP=N/F/N,Mem=1804MHz,Free=1337MB,PLS=0,Temp=30.0C/0.0C,TW=1.01ms,App=0.00ms,GD=0.00ms,CPU&GPU=0.55ms,LCnt=0,GPU%=0.08,CPU%=0.08(W0.14),DSF=1.00
07-15 16:38:10.645  2013 13368 I VrApi   : FPS=72/72,Prd=0ms,Tear=0,Early=0,Stale=0,VSnc=0,Lat=-1,Fov=0,CPU4/GPU=2/3,1651/515MHz,OC=FF,TA=0/E0/0,SP=N/F/N,Mem=1804MHz,Free=1337MB,PLS=0,Temp=30.0C/0.0C,TW=1.03ms,App=0.00ms,GD=0.00ms,CPU&GPU=0.54ms,LCnt=0,GPU%=0.08,CPU%=0.03(W0.05),DSF=1.00
07-15 16:38:11.468   859 12910 I chatty  : uid=1000(system) /system/bin/trackingservice expire 24 lines
07-15 16:38:11.646  2013 13368 I VrApi   : FPS=72/72,Prd=0ms,Tear=0,Early=0,Stale=0,VSnc=0,Lat=-1,Fov=0,CPU4/GPU=2/3,1651/515MHz,OC=FF,TA=0/E0/0,SP=N/F/N,Mem=1804MHz,Free=1337MB,PLS=0,Temp=30.0C/0.0C,TW=1.02ms,App=0.00ms,GD=0.00ms,CPU&GPU=0.55ms,LCnt=0,GPU%=0.08,CPU%=0.06(W0.10),DSF=1.00
07-15 16:38:11.899   859 12831 I chatty  : uid=1000(system) /system/bin/trackingservice expire 106 lines
07-15 16:38:12.645  2013 13368 I VrApi   : FPS=72/72,Prd=0ms,Tear=0,Early=0,Stale=0,VSnc=0,Lat=-1,Fov=0,CPU4/GPU=2/3,1651/515MHz,OC=FF,TA=0/E0/0,SP=N/F/N,Mem=1804MHz,Free=1337MB,PLS=0,Temp=30.0C/0.0C,TW=1.02ms,App=0.00ms,GD=0.00ms,CPU&GPU=0.54ms,LCnt=0,GPU%=0.08,CPU%=0.06(W0.14),DSF=1.00
07-15 16:38:12.900  1605  3047 I Telemetry: App memory usage: PSS=16MB DalvikPSS=1 MB PrivateDirty=10MB PrivateClean=0MB
07-15 16:38:12.925  1940  1940 I chatty  : uid=10023(com.oculus.vrshell) ShellOverlayMai expire 7 lines
07-15 16:38:12.926  1940  2684 I chatty  : uid=10023(com.oculus.vrshell) ShellOverlayVR expire 6 lines
07-15 16:38:12.926  1940 13473 I chatty  : uid=10023(com.oculus.vrshell) ShellOverlayMai expire 1 line
07-15 16:38:12.927  1940  2684 I chatty  : uid=10023(com.oculus.vrshell) ShellOverlayVR expire 3 lines
07-15 16:38:13.038  2013  2140 I Clay    : Local user with id 106348798779619 does NOT have a custom avatar
07-15 16:38:13.183  1220  2071 D OVRFitnessDataInternal: Requesting Insert FitnessData: 41.0.0.0
07-15 16:38:13.198  2581  2613 I FitnessDataProvider: Received Request Insert FitnessData: 41.0.0.0
07-15 16:38:13.646  2013 13368 I VrApi   : FPS=72/72,Prd=0ms,Tear=0,Early=0,Stale=0,VSnc=0,Lat=-1,Fov=0,CPU4/GPU=2/3,1651/515MHz,OC=FF,TA=0/E0/0,SP=N/F/N,Mem=1804MHz,Free=1337MB,PLS=0,Temp=30.0C/0.0C,TW=1.02ms,App=0.00ms,GD=0.00ms,CPU&GPU=0.55ms,LCnt=0,GPU%=0.08,CPU%=0.05(W0.14),DSF=1.00
07-15 16:38:14.646  2013 13368 I VrApi   : FPS=72/72,Prd=0ms,Tear=0,Early=0,Stale=0,VSnc=0,Lat=-1,Fov=0,CPU4/GPU=2/3,1651/515MHz,OC=FF,TA=0/E0/0,SP=N/F/N,Mem=1804MHz,Free=1337MB,PLS=0,Temp=30.0C/0.0C,TW=1.02ms,App=0.00ms,GD=0.00ms,CPU&GPU=0.56ms,LCnt=0,GPU%=0.08,CPU%=0.02(W0.05),DSF=1.00
07-15 16:38:14.664  2826  2826 D MemoryPressureObserver: Quest1:Resending the current pressure state to re-clear the caches state:some
07-15 16:38:14.665  2826  2826 D MemoryPressureObserver: setCurrentMemoryPressure:some
07-15 16:38:14.665  2826  2826 D VrGuardianService: OnMemoryPressureStateUpdate: memoryPressure = Some
07-15 16:38:14.665  2826  2826 I VrGuardianService: OnMemoryPressureChange: 1
07-15 16:38:15.646  2013 13368 I VrApi   : FPS=72/72,Prd=0ms,Tear=0,Early=0,Stale=0,VSnc=0,Lat=-1,Fov=0,CPU4/GPU=2/3,1651/515MHz,OC=FF,TA=0/E0/0,SP=N/F/N,Mem=1804MHz,Free=1337MB,PLS=0,Temp=30.0C/0.0C,TW=1.03ms,App=0.00ms,GD=0.00ms,CPU&GPU=0.56ms,LCnt=0,GPU%=0.08,CPU%=0.06(W0.09),DSF=1.00
07-15 16:38:16.193  1220  2071 D OVRFitnessDataInternal: Requesting Insert FitnessData: 41.0.0.0
07-15 16:38:16.214  2581  2613 I FitnessDataProvider: Received Request Insert FitnessData: 41.0.0.0
