07-15 16:39:05.822   839 12868 I [CT]    : MIXEDREALITY: MrSystemService: FramesetTelemetry: timeouts stereo/color: compute side: 0/0, render side: 0/0, egl: 0.
07-15 16:39:06.168   859 12910 I chatty  : uid=1000(system) /system/bin/trackingservice expire 16 lines
07-15 16:39:06.650  2013 13368 I VrApi   : FPS=72/72,Prd=0ms,Tear=0,Early=0,Stale=0,VSnc=0,Lat=-1,Fov=0,CPU4/GPU=2/3,1651/515MHz,OC=FF,TA=0/E0/0,SP=N/F/N,Mem=1804MHz,Free=1335MB,PLS=0,Temp=31.0C/0.0C,TW=1.02ms,App=0.00ms,GD=0.00ms,CPU&GPU=0.57ms,LCnt=0,GPU%=0.08,CPU%=0.08(W0.10),DSF=1.00
07-15 16:39:07.394  1220  2071 D OVRFitnessDataInternal: Requesting Insert FitnessData: 41.0.0.0
07-15 16:39:07.400   859 12831 I chatty  : uid=1000(system) /system/bin/trackingservice expire 176 lines
07-15 16:39:07.412  2581  2613 I FitnessDataProvider: Received Request Insert FitnessData: 41.0.0.0
07-15 16:39:07.489  1605  2963 I [CT]    : MIXEDREALITY: MrServiceModel: commitLayerState: (every 10 seconds), ImagesAndCompute: false, ImagesOnly: false, NoRequirement: true.
07-15 16:39:07.509  1605  2963 I [CT]    : MIXEDREALITY: MrServiceView: renderIteration: (every 10 seconds), screen is: ON, PT is: ON, ID is: OFF
07-15 16:39:07.650  2013 13368 I VrApi   : FPS=72/72,Prd=0ms,Tear=0,Early=0,Stale=0,VSnc=0,Lat=-1,Fov=0,CPU4/GPU=2/3,1651/515MHz,OC=FF,TA=0/E0/0,SP=N/F/N,Mem=1804MHz,Free=1335MB,PLS=0,Temp=31.0C/0.0C,TW=1.02ms,App=0.00ms,GD=0.00ms,CPU&GPU=0.56ms,LCnt=0,GPU%=0.08,CPU%=0.06(W0.09),DSF=1.00
07-15 16:39:07.957  1940  1940 D MemoryPressureObserver: Quest1:Resending the current pressure state to re-clear the caches state:some
07-15 16:39:07.958  1940  1940 D MemoryPressureObserver: setCurrentMemoryPressure:some
07-15 16:39:07.958  1940  1940 D [OAO] ShellOverlayService: OnMemoryPressureStateUpdate: memoryPressure = Some
07-15 16:39:07.958  1940  1940 I [OAO] ShellOverlayServiceJNI: NativeSendOverlayCommand
07-15 16:39:07.958  1940  1940 I [OAO] ShellOverlayServiceJNI: NativeWake
07-15 16:39:07.958  1940  1940 I [OAO] ShellOverlayMain: WakeVrThread
07-15 16:39:07.958  1940  1940 I [OAO] ShellOverlayMain: WakeVrThread - notifying vr thread
07-15 16:39:07.958  1940  2684 I [OAO] ShellOverlayApp: VrThread woke up
07-15 16:39:07.958  1940  2684 I [OAO] ShellOverlayApp: 0xcba7bbd0 msg: overlayCommand:
07-15 16:39:07.958  1940  2684 I [OAO] ShellOverlayApp: command = onMemoryPressureUpdate
07-15 16:39:07.958  1940  2684 I [OAO] ShellOverlayApp: level = some
07-15 16:39:07.958  1940  2684 I [OAO] ShellOverlayApp: Process_OverlayCommand command : onMemoryPressureUpdate
07-15 16:39:07.958  1940  2684 I [OAO] ShellOverlayApp: OnMemoryPressureUpdate level:some 
07-15 16:39:07.958  1940  2684 I [OAO] ShellOverlayApp: OnMemoryPressureUpdate Clearing easy caches for some memory pressure
07-15 16:39:07.958  1940  2684 I [OAO] AudioSystem: OnLowMemory - Clearing sound cache
07-15 16:39:07.958  1940 13505 I [OAO] SoundCache: Exiting the SoundCache decode thread.
07-15 16:39:07.958  1940  2684 I [OAO] ShellOverlayApp: Start sleep timeout. Now:91897.834094, Timeout:91899.834094
07-15 16:39:08.163  2013  2140 I Clay    : Local user with id 106348798779619 does NOT have a custom avatar
07-15 16:39:08.650  2013 13368 I VrApi   : FPS=72/72,Prd=0ms,Tear=0,Early=0,Stale=0,VSnc=0,Lat=-1,Fov=0,CPU4/GPU=2/3,1651/515MHz,OC=FF,TA=0/E0/0,SP=N/F/N,Mem=1804MHz,Free=1335MB,PLS=0,Temp=31.0C/0.0C,TW=1.02ms,App=0.00ms,GD=0.00ms,CPU&GPU=0.55ms,LCnt=0,GPU%=0.08,CPU%=0.06(W0.10),DSF=1.00
07-15 16:39:09.394   859 12732 I chatty  : uid=1000(system) BoltWorkerThrea expire 2 lines
07-15 16:39:09.455   839  1189 I [CT]    : MIXEDREALITY: MrRuntimeCompute: computeIteration: (every 30 seconds), Streaming: OFF, Passthrough: ON, Playspace: ON, IntrusionDetection: OFF.
07-15 16:39:09.695   839  1189 I [CT]    : MIXEDREALITY: PassthroughTelemetry: Passthrough compute telemetry over 30.0 seconds:
07-15 16:39:09.695   839  1189 I [CT]    : MIXEDREALITY: PassthroughTelemetry: - using online cal: yes, calibration age: 4620.6 minutes
07-15 16:39:09.695   839  1189 I [CT]    : MIXEDREALITY: PassthroughTelemetry: - frames processed (stereo/depth): 901.0 (901.0/0.0)
07-15 16:39:09.695   839  1189 I [CT]    : MIXEDREALITY: PassthroughTelemetry: - avg exp/gain stereo: 6.8/8.1 depth: 0.0/0.0
07-15 16:39:09.695   839  1189 I [CT]    : MIXEDREALITY: PassthroughTelemetry: - mvs: possible: 3722932.0, actual: 485746.0, intra frame: 362703.0
07-15 16:39:09.695   839  1189 I [CT]    : MIXEDREALITY: PassthroughTelemetry: - mvs checks: left-right: 8725.0, filter: 2350.0, epipolar: 268.0
07-15 16:39:09.695   839  1189 I [CT]    : MIXEDREALITY: PassthroughTelemetry: - refinement: refine: 40.0, temporal hist: 204.0
07-15 16:39:09.695   839  1189 I [CT]    : MIXEDREALITY: PassthroughTelemetry: - points: new: 40.0, prior: 203.0, primary: 0.0, secondary: 204.0
07-15 16:39:09.695   839  1189 I [CT]    : MIXEDREALITY: PassthroughTelemetry: - per frame: primary: 0.0,0.0,0.0, secondary: 0.0,0.2,2.0, prev mesh: 0.0,0.0,0.0 solver 1.0
07-15 16:39:09.695   839  1189 I [CT]    : MIXEDREALITY: PassthroughComputeCapability: sendComputeTelemetry: Logging telemetry.
07-15 16:39:09.700  2826  2826 D MemoryPressureObserver: Quest1:Resending the current pressure state to re-clear the caches state:some
07-15 16:39:09.700  2826  2826 D MemoryPressureObserver: setCurrentMemoryPressure:some
07-15 16:39:09.700  2826  2826 D VrGuardianService: OnMemoryPressureStateUpdate: memoryPressure = Some
07-15 16:39:09.700  2826  2826 I VrGuardianService: OnMemoryPressureChange: 1
07-15 16:39:09.965  1940  2684 I [OAO] ShellOverlayApp: Sleep timeout exceeded. Timeout:91899.834094, Now:91899.840850. Sleeping... 
07-15 16:39:09.965  1940  2684 I [OAO] ShellOverlayApp: WaitForWake: VrThread entering waiting state
07-15 16:39:10.122  2134 13375 I Telemetry: App memory usage: PSS=92MB DalvikPSS=1 MB PrivateDirty=70MB PrivateClean=1MB
07-15 16:39:10.341  2013 13368 I Telemetry: App memory usage: PSS=639MB DalvikPSS=0 MB PrivateDirty=606MB PrivateClean=5MB
07-15 16:39:10.343  2013 13368 I VrApi   : FPS=72/72,Prd=0ms,Tear=0,Early=0,Stale=0,VSnc=0,Lat=-1,Fov=0,CPU4/GPU=2/3,1651/515MHz,OC=FF,TA=0/E0/0,SP=N/F/N,Mem=1804MHz,Free=1332MB,PLS=0,Temp=31.0C/0.0C,TW=1.02ms,App=0.00ms,GD=0.00ms,CPU&GPU=0.56ms,LCnt=0,GPU%=0.08,CPU%=0.06(W0.09),DSF=1.00
07-15 16:39:10.406  1220  2071 D OVRFitnessDataInternal: Requesting Insert FitnessData: 41.0.0.0
07-15 16:39:10.419  2581  2613 I FitnessDataProvider: Received Request Insert FitnessData: 41.0.0.0
07-15 16:39:10.650  2013 13368 I VrApi   : FPS=72/72,Prd=0ms,Tear=0,Early=0,Stale=0,VSnc=0,Lat=-1,Fov=0,CPU4/GPU=2/3,1651/515MHz,OC=FF,TA=0/E0/0,SP=N/F/N,Mem=1804MHz,Free=1332MB,PLS=0,Temp=31.0C/0.0C,TW=1.01ms,App=0.00ms,GD=0.00ms,CPU&GPU=0.55ms,LCnt=0,GPU%=0.08,CPU%=0.08(W0.10),DSF=1.00
07-15 16:39:11.063   839  1189 I [CT]    : MIXEDREALITY: PlayspaceScanTelemetry: PlayspaceScanComputeTelemetry over 30.0 seconds:
07-15 16:39:11.063   839  1189 I [CT]    : MIXEDREALITY: PlayspaceScanTelemetry: - using online cal: yes, calibration age: 4620.6 minutes
07-15 16:39:11.063   839  1189 I [CT]    : MIXEDREALITY: PlayspaceScanTelemetry: - frames processed (stereo/depth): 902.0 (902.0/0.0)
07-15 16:39:11.063   839  1189 I [CT]    : MIXEDREALITY: PlayspaceScanTelemetry: - mvs: possible: 3727064.0, actual: 488025.0, intra frame: 364248.0
07-15 16:39:11.063   839  1189 I [CT]    : MIXEDREALITY: PlayspaceScanTelemetry: - mvs checks: left-right: 8959.0, filter: 2548.0, epipolar: 296.0
07-15 16:39:11.064   839  1189 I [CT]    : MIXEDREALITY: PlayspaceScanTelemetry: - refinement: refine: 29.0, temporal hist: 204.0
07-15 16:39:11.064   839  1189 I [CT]    : MIXEDREALITY: PlayspaceScanTelemetry: - points: new: 29.0, prior: 201.0, primary: 0.0, secondary: 201.0
07-15 16:39:11.064   839  1189 I [CT]    : MIXEDREALITY: PlayspaceScanTelemetry: - per frame: primary: 0.0,0.0,0.0, secondary: 0.0,0.2,4.0
07-15 16:39:11.064   839  1189 I [CT]    : MIXEDREALITY: PlayspaceScanTelemetry: - rejected stereo points (min/avg/max): 0/0/0
07-15 16:39:11.064   839  1189 I [CT]    : MIXEDREALITY: PlayspaceScanTelemetry: - stereo depths (min/avg/max): 0/0/0 m
07-15 16:39:11.064   839  1189 I [CT]    : MIXEDREALITY: PlayspaceScanTelemetry: - voxels (min/avg/max): touched: 0/0/0, removed: 0/0/0
07-15 16:39:11.064   839  1189 I [CT]    : MIXEDREALITY: PlayspaceScanTelemetry:   floor voxels: 2, ceiling voxels: 0
07-15 16:39:11.064   839  1189 I [CT]    : MIXEDREALITY: PlayspaceScanTelemetry:   occupied voxels while drawing: inside: 748, outside: 354
07-15 16:39:11.064   839  1189 I [CT]    : MIXEDREALITY: PlayspaceScanTelemetry:   occupied voxels complete guardian: inside: -1, outside: -1
07-15 16:39:11.064   839  1189 I [CT]    : MIXEDREALITY: PlayspaceScanTelemetry: - occupied guardian area ratio (min/avg/max): 0.058385238/0.058385238/0.058385238
07-15 16:39:11.064   839  1189 I [CT]    : MIXEDREALITY: PlayspaceScanTelemetry: - device outside grid: 0
07-15 16:39:11.064   839  1189 I [CT]    : MIXEDREALITY: PlayspaceScanTelemetry: - rates: images: 30.033846, geometry: 30.033846 fps
07-15 16:39:11.064   839  1189 I [CT]    : MIXEDREALITY: PlayspaceScanTelemetry: - latencies (min/avg/max): stereo: 6.166302133351564/7.070342544466257/22.913645952939987, aggregation: 0.001249999968422344/0.0024717251108086202/0.5663540214300156, decay: 0.24328200379386544/0.2760878414846957/1.0150519665330648 ms
07-15 16:39:11.064   839  1189 I [CT]    : MIXEDREALITY: PlayspaceScanComputeCapability: sendPlayspaceScanComputeTelemetry: Logging telemetry.
07-15 16:39:11.204   859 12756 I chatty  : uid=1000(system) Mapper0 expire 1 line
07-15 16:39:11.650  2013 13368 I VrApi   : FPS=72/72,Prd=0ms,Tear=0,Early=0,Stale=0,VSnc=0,Lat=-1,Fov=0,CPU4/GPU=2/3,1651/515MHz,OC=FF,TA=0/E0/0,SP=N/F/N,Mem=1804MHz,Free=1332MB,PLS=0,Temp=31.0C/0.0C,TW=1.02ms,App=0.00ms,GD=0.00ms,CPU&GPU=0.56ms,LCnt=0,GPU%=0.08,CPU%=0.02(W0.05),DSF=1.00
07-15 16:39:12.307   859 12812 I chatty  : uid=1000(system) CtrlTracking expire 2 lines
07-15 16:39:12.651  2013 13368 I VrApi   : FPS=72/72,Prd=0ms,Tear=0,Early=0,Stale=0,VSnc=0,Lat=-1,Fov=0,CPU4/GPU=2/3,1651/515MHz,OC=FF,TA=0/E0/0,SP=N/F/N,Mem=1804MHz,Free=1332MB,PLS=0,Temp=31.0C/0.0C,TW=1.02ms,App=0.00ms,GD=0.00ms,CPU&GPU=0.55ms,LCnt=0,GPU%=0.08,CPU%=0.02(W0.05),DSF=1.00
07-15 16:39:12.904  1605  3047 I Telemetry: App memory usage: PSS=16MB DalvikPSS=1 MB PrivateDirty=11MB PrivateClean=0MB
07-15 16:39:12.958  1940  1940 D MemoryPressureObserver: Quest1:Resending the current pressure state to re-clear the caches state:some
07-15 16:39:12.958  1940  1940 D MemoryPressureObserver: setCurrentMemoryPressure:some
07-15 16:39:12.958  1940  1940 D [OAO] ShellOverlayService: OnMemoryPressureStateUpdate: memoryPressure = Some
07-15 16:39:12.958  1940  1940 I [OAO] ShellOverlayServiceJNI: NativeSendOverlayCommand
07-15 16:39:12.958  1940  1940 I [OAO] ShellOverlayServiceJNI: NativeWake
07-15 16:39:12.958  1940  1940 I [OAO] ShellOverlayMain: WakeVrThread
07-15 16:39:12.958  1940  1940 I [OAO] ShellOverlayMain: WakeVrThread - notifying vr thread
07-15 16:39:12.959  1940  2684 I [OAO] ShellOverlayApp: VrThread woke up
07-15 16:39:12.959  1940  2684 I [OAO] ShellOverlayApp: 0xcba7bbd0 msg: overlayCommand:
07-15 16:39:12.959  1940  2684 I [OAO] ShellOverlayApp: command = onMemoryPressureUpdate
07-15 16:39:12.959  1940  2684 I [OAO] ShellOverlayApp: level = some
07-15 16:39:12.959  1940  2684 I [OAO] ShellOverlayApp: Process_OverlayCommand command : onMemoryPressureUpdate
07-15 16:39:12.959  1940  2684 I [OAO] ShellOverlayApp: OnMemoryPressureUpdate level:some 
07-15 16:39:12.959  1940  2684 I [OAO] ShellOverlayApp: OnMemoryPressureUpdate Clearing easy caches for some memory pressure
07-15 16:39:12.959  1940  2684 I [OAO] AudioSystem: OnLowMemory - Clearing sound cache
07-15 16:39:12.959  1940 13507 I [OAO] SoundCache: Exiting the SoundCache decode thread.
07-15 16:39:12.959  1940  2684 I [OAO] ShellOverlayApp: Start sleep timeout. Now:91902.834773, Timeout:91904.834773
07-15 16:39:13.189  2013  2140 I Clay    : Local user with id 106348798779619 does NOT have a custom avatar
07-15 16:39:13.416  1220  2071 D OVRFitnessDataInternal: Requesting Insert FitnessData: 41.0.0.0
07-15 16:39:13.431  2581  2613 I FitnessDataProvider: Received Request Insert FitnessData: 41.0.0.0
07-15 16:39:13.651  2013 13368 I VrApi   : FPS=72/72,Prd=0ms,Tear=0,Early=0,Stale=0,VSnc=0,Lat=-1,Fov=0,CPU4/GPU=2/3,1651/515MHz,OC=FF,TA=0/E0/0,SP=N/F/N,Mem=1804MHz,Free=1332MB,PLS=0,Temp=31.0C/0.0C,TW=1.03ms,App=0.00ms,GD=0.00ms,CPU&GPU=0.53ms,LCnt=0,GPU%=0.08,CPU%=0.06(W0.10),DSF=1.00
07-15 16:39:14.651  2013 13368 I VrApi   : FPS=72/72,Prd=0ms,Tear=0,Early=0,Stale=0,VSnc=0,Lat=-1,Fov=0,CPU4/GPU=2/3,1651/515MHz,OC=FF,TA=0/E0/0,SP=N/F/N,Mem=1804MHz,Free=1332MB,PLS=0,Temp=31.0C/0.0C,TW=1.02ms,App=0.00ms,GD=0.00ms,CPU&GPU=0.55ms,LCnt=0,GPU%=0.08,CPU%=0.02(W0.05),DSF=1.00
07-15 16:39:14.704  2826  2826 D MemoryPressureObserver: Quest1:Resending the current pressure state to re-clear the caches state:some
07-15 16:39:14.705  2826  2826 D MemoryPressureObserver: setCurrentMemoryPressure:some
07-15 16:39:14.705  2826  2826 D VrGuardianService: OnMemoryPressureStateUpdate: memoryPressure = Some
07-15 16:39:14.705  2826  2826 I VrGuardianService: OnMemoryPressureChange: 1
07-15 16:39:14.966  1940  2684 I [OAO] ShellOverlayApp: Sleep timeout exceeded. Timeout:91904.834773, Now:91904.841661. Sleeping... 
07-15 16:39:14.966  1940  2684 I [OAO] ShellOverlayApp: WaitForWake: VrThread entering waiting state
07-15 16:39:15.651  2013 13368 I VrApi   : FPS=72/72,Prd=0ms,Tear=0,Early=0,Stale=0,VSnc=0,Lat=-1,Fov=0,CPU4/GPU=2/3,1651/515MHz,OC=FF,TA=0/E0/0,SP=N/F/N,Mem=1804MHz,Free=1332MB,PLS=0,Temp=31.0C/0.0C,TW=1.03ms,App=0.00ms,GD=0.00ms,CPU&GPU=0.54ms,LCnt=0,GPU%=0.08,CPU%=0.02(W0.05),DSF=1.00
07-15 16:39:15.754  1220  2100 I ServiceInputManager: HANDTRACKING hand 0 status set to Tracked
07-15 16:39:15.921  1220  2100 I ServiceInputManager: HANDTRACKING hand 0 status set to OutOfView
07-15 16:39:16.426  1220  2071 D OVRFitnessDataInternal: Requesting Insert FitnessData: 41.0.0.0
07-15 16:39:16.441  2581  2613 I FitnessDataProvider: Received Request Insert FitnessData: 41.0.0.0
07-15 16:39:16.651  2013 13368 I VrApi   : FPS=72/72,Prd=0ms,Tear=0,Early=0,Stale=0,VSnc=0,Lat=-1,Fov=0,CPU4/GPU=2/3,1651/515MHz,OC=FF,TA=0/E0/0,SP=N/F/N,Mem=1804MHz,Free=1332MB,PLS=0,Temp=31.0C/0.0C,TW=1.03ms,App=0.00ms,GD=0.00ms,CPU&GPU=0.53ms,LCnt=0,GPU%=0.08,CPU%=0.06(W0.10),DSF=1.00
07-15 16:39:17.501  1605  2963 I [CT]    : MIXEDREALITY: MrServiceModel: commitLayerState: (every 10 seconds), ImagesAndCompute: false, ImagesOnly: false, NoRequirement: true.
07-15 16:39:17.503   859 12831 I chatty  : uid=1000(system) /system/bin/trackingservice expire 34 lines
07-15 16:39:17.522  1605  2963 I [CT]    : MIXEDREALITY: MrServiceView: renderIteration: (every 10 seconds), screen is: ON, PT is: ON, ID is: OFF
07-15 16:39:17.651  2013 13368 I VrApi   : FPS=72/72,Prd=0ms,Tear=0,Early=0,Stale=0,VSnc=0,Lat=-1,Fov=0,CPU4/GPU=2/3,1651/515MHz,OC=FF,TA=0/E0/0,SP=N/F/N,Mem=1804MHz,Free=1332MB,PLS=0,Temp=31.0C/0.0C,TW=1.02ms,App=0.00ms,GD=0.00ms,CPU&GPU=0.53ms,LCnt=0,GPU%=0.08,CPU%=0.03(W0.05),DSF=1.00
07-15 16:39:17.959  1940  1940 D MemoryPressureObserver: Quest1:Resending the current pressure state to re-clear the caches state:some
07-15 16:39:17.959  1940  1940 D MemoryPressureObserver: setCurrentMemoryPressure:some
07-15 16:39:17.959  1940  1940 D [OAO] ShellOverlayService: OnMemoryPressureStateUpdate: memoryPressure = Some
07-15 16:39:17.959  1940  1940 I [OAO] ShellOverlayServiceJNI: NativeSendOverlayCommand
07-15 16:39:17.959  1940  1940 I [OAO] ShellOverlayServiceJNI: NativeWake
07-15 16:39:17.959  1940  1940 I [OAO] ShellOverlayMain: WakeVrThread
07-15 16:39:17.959  1940  1940 I [OAO] ShellOverlayMain: WakeVrThread - notifying vr thread
07-15 16:39:17.959  1940  2684 I [OAO] ShellOverlayApp: VrThread woke up
07-15 16:39:17.959  1940  2684 I [OAO] ShellOverlayApp: 0xcba7bbd0 msg: overlayCommand:
07-15 16:39:17.959  1940  2684 I [OAO] ShellOverlayApp: command = onMemoryPressureUpdate
07-15 16:39:17.959  1940  2684 I [OAO] ShellOverlayApp: level = some
07-15 16:39:17.959  1940  2684 I [OAO] ShellOverlayApp: Process_OverlayCommand command : onMemoryPressureUpdate
07-15 16:39:17.959  1940  2684 I [OAO] ShellOverlayApp: OnMemoryPressureUpdate level:some 
07-15 16:39:17.959  1940  2684 I [OAO] ShellOverlayApp: OnMemoryPressureUpdate Clearing easy caches for some memory pressure
07-15 16:39:17.959  1940  2684 I [OAO] AudioSystem: OnLowMemory - Clearing sound cache
07-15 16:39:17.959  1940 13508 I [OAO] SoundCache: Exiting the SoundCache decode thread.
07-15 16:39:17.960  1940  2684 I [OAO] ShellOverlayApp: Start sleep timeout. Now:91907.835269, Timeout:91909.835269
07-15 16:39:18.202  2013  2140 I Clay    : Local user with id 106348798779619 does NOT have a custom avatar
07-15 16:39:18.235   859 12910 I chatty  : uid=1000(system) /system/bin/trackingservice expire 7 lines
07-15 16:39:18.503   859 12831 I chatty  : uid=1000(system) /system/bin/trackingservice expire 113 lines
07-15 16:39:18.651  2013 13368 I VrApi   : FPS=72/72,Prd=0ms,Tear=0,Early=0,Stale=0,VSnc=0,Lat=-1,Fov=0,CPU4/GPU=2/3,1651/515MHz,OC=FF,TA=0/E0/0,SP=N/F/N,Mem=1804MHz,Free=1332MB,PLS=0,Temp=31.0C/0.0C,TW=1.02ms,App=0.00ms,GD=0.00ms,CPU&GPU=0.54ms,LCnt=0,GPU%=0.08,CPU%=0.03(W0.05),DSF=1.00
07-15 16:39:19.391  2826  3360 I Telemetry: App memory usage: PSS=28MB DalvikPSS=0 MB PrivateDirty=21MB PrivateClean=2MB
07-15 16:39:19.403   859 12732 I chatty  : uid=1000(system) BoltWorkerThrea expire 1 line
07-15 16:39:19.436  1220  2071 D OVRFitnessDataInternal: Requesting Insert FitnessData: 41.0.0.0
07-15 16:39:19.451  2581  2613 I FitnessDataProvider: Received Request Insert FitnessData: 41.0.0.0
07-15 16:39:19.651  2013 13368 I VrApi   : FPS=72/72,Prd=0ms,Tear=0,Early=0,Stale=0,VSnc=0,Lat=-1,Fov=0,CPU4/GPU=2/3,1651/515MHz,OC=FF,TA=0/E0/0,SP=N/F/N,Mem=1804MHz,Free=1332MB,PLS=0,Temp=31.0C/0.0C,TW=1.02ms,App=0.00ms,GD=0.00ms,CPU&GPU=0.57ms,LCnt=0,GPU%=0.08,CPU%=0.06(W0.14),DSF=1.00
07-15 16:39:19.710  2826  2826 D MemoryPressureObserver: Quest1:Resending the current pressure state to re-clear the caches state:some
07-15 16:39:19.710  2826  2826 D MemoryPressureObserver: setCurrentMemoryPressure:some
07-15 16:39:19.710  2826  2826 D VrGuardianService: OnMemoryPressureStateUpdate: memoryPressure = Some
07-15 16:39:19.710  2826  2826 I VrGuardianService: OnMemoryPressureChange: 1
07-15 16:39:19.970  1940  2684 I [OAO] ShellOverlayApp: Sleep timeout exceeded. Timeout:91909.835269, Now:91909.846128. Sleeping... 
07-15 16:39:19.971  1940  2684 I [OAO] ShellOverlayApp: WaitForWake: VrThread entering waiting state
07-15 16:39:20.651  2013 13368 I VrApi   : FPS=72/72,Prd=0ms,Tear=0,Early=0,Stale=0,VSnc=0,Lat=-1,Fov=0,CPU4/GPU=2/3,1651/515MHz,OC=FF,TA=0/E0/0,SP=N/F/N,Mem=1804MHz,Free=1332MB,PLS=0,Temp=31.0C/0.0C,TW=1.03ms,App=0.00ms,GD=0.00ms,CPU&GPU=0.56ms,LCnt=0,GPU%=0.08,CPU%=0.03(W0.05),DSF=1.00
07-15 16:39:20.904   859 12779 I chatty  : uid=1000(system) IOTmotion expire 1 line
07-15 16:39:21.144  1940 12848 I Telemetry: App memory usage: PSS=65MB DalvikPSS=1 MB PrivateDirty=46MB PrivateClean=2MB
07-15 16:39:21.651  2013 13368 I VrApi   : FPS=72/72,Prd=0ms,Tear=0,Early=0,Stale=0,VSnc=0,Lat=-1,Fov=0,CPU4/GPU=2/3,1651/515MHz,OC=FF,TA=0/E0/0,SP=N/F/N,Mem=1804MHz,Free=1332MB,PLS=0,Temp=31.0C/0.0C,TW=1.02ms,App=0.00ms,GD=0.00ms,CPU&GPU=0.54ms,LCnt=0,GPU%=0.08,CPU%=0.05(W0.09),DSF=1.00
07-15 16:39:21.700   859 12831 I chatty  : uid=1000(system) /system/bin/trackingservice expire 22 lines
07-15 16:39:22.269   859 12910 I chatty  : uid=1000(system) /system/bin/trackingservice expire 1 line
07-15 16:39:22.299   859 12831 I chatty  : uid=1000(system) /system/bin/trackingservice expire 2 lines
07-15 16:39:22.310   859 12812 I chatty  : uid=1000(system) CtrlTracking expire 2 lines
07-15 16:39:22.367   859 12831 I chatty  : uid=1000(system) /system/bin/trackingservice expire 10 lines
07-15 16:39:22.446  1220  2071 D OVRFitnessDataInternal: Requesting Insert FitnessData: 41.0.0.0
07-15 16:39:22.461  2581  2613 I FitnessDataProvider: Received Request Insert FitnessData: 41.0.0.0
07-15 16:39:22.636   859 12779 I chatty  : uid=1000(system) IOTmotion expire 1 line
07-15 16:39:22.636   859 12812 I chatty  : uid=1000(system) CtrlTracking expire 6 lines
07-15 16:39:22.652  2013 13368 I VrApi   : FPS=72/72,Prd=0ms,Tear=0,Early=0,Stale=0,VSnc=0,Lat=-1,Fov=0,CPU4/GPU=2/3,1651/515MHz,OC=FF,TA=0/E0/0,SP=N/F/N,Mem=1804MHz,Free=1332MB,PLS=0,Temp=31.0C/0.0C,TW=1.04ms,App=0.00ms,GD=0.00ms,CPU&GPU=0.57ms,LCnt=0,GPU%=0.08,CPU%=0.03(W0.09),DSF=1.00
07-15 16:39:22.932   859 12831 I chatty  : uid=1000(system) /system/bin/trackingservice expire 18 lines
07-15 16:39:22.963  1940  1940 D MemoryPressureObserver: Quest1:Resending the current pressure state to re-clear the caches state:some
07-15 16:39:22.963  1940  1940 D MemoryPressureObserver: setCurrentMemoryPressure:some
07-15 16:39:22.963  1940  1940 D [OAO] ShellOverlayService: OnMemoryPressureStateUpdate: memoryPressure = Some
07-15 16:39:22.963  1940  1940 I [OAO] ShellOverlayServiceJNI: NativeSendOverlayCommand
07-15 16:39:22.963  1940  1940 I [OAO] ShellOverlayServiceJNI: NativeWake
07-15 16:39:22.963  1940  1940 I [OAO] ShellOverlayMain: WakeVrThread
07-15 16:39:22.963  1940  1940 I [OAO] ShellOverlayMain: WakeVrThread - notifying vr thread
07-15 16:39:22.963  1940  2684 I [OAO] ShellOverlayApp: VrThread woke up
07-15 16:39:22.963  1940  2684 I [OAO] ShellOverlayApp: 0xcba7bbd0 msg: overlayCommand:
07-15 16:39:22.963  1940  2684 I [OAO] ShellOverlayApp: command = onMemoryPressureUpdate
07-15 16:39:22.963  1940  2684 I [OAO] ShellOverlayApp: level = some
07-15 16:39:22.963  1940  2684 I [OAO] ShellOverlayApp: Process_OverlayCommand command : onMemoryPressureUpdate
07-15 16:39:22.963  1940  2684 I [OAO] ShellOverlayApp: OnMemoryPressureUpdate level:some 
07-15 16:39:22.963  1940  2684 I [OAO] ShellOverlayApp: OnMemoryPressureUpdate Clearing easy caches for some memory pressure
07-15 16:39:22.963  1940  2684 I [OAO] AudioSystem: OnLowMemory - Clearing sound cache
07-15 16:39:22.964  1940 13510 I [OAO] SoundCache: Exiting the SoundCache decode thread.
07-15 16:39:22.964  1940  2684 I [OAO] ShellOverlayApp: Start sleep timeout. Now:91912.839531, Timeout:91914.839531
07-15 16:39:23.219  2013  2140 I Clay    : Local user with id 106348798779619 does NOT have a custom avatar
07-15 16:39:23.652  2013 13368 I VrApi   : FPS=72/72,Prd=0ms,Tear=0,Early=0,Stale=0,VSnc=0,Lat=-1,Fov=0,CPU4/GPU=2/3,1651/515MHz,OC=FF,TA=0/E0/0,SP=N/F/N,Mem=1804MHz,Free=1332MB,PLS=0,Temp=31.0C/0.0C,TW=1.03ms,App=0.00ms,GD=0.00ms,CPU&GPU=0.54ms,LCnt=0,GPU%=0.08,CPU%=0.08(W0.14),DSF=1.00
07-15 16:39:24.171   859 12831 I [CT]    : VIPER: Mode=Vega,Status=6DoF,TRACKING,KF=-1,Inl=18,Pts=0,Mem=58.0,Jit=0.0mm,Issues(Cam/min=0.1,IMU/min=0.0),Exp=(7.4ms,g=9.0,I=33,Ir=505.2)(10.4ms,g=13.0,I=75,Ir=558.6)(7.4ms,g=9.0,I=117,Ir=1769.0)(7.4ms,g=8.0,I=75,Ir=1267.5)
07-15 16:39:24.202   859 12831 W [CT]    : VEGA:MAP_TRACKING_HM: Bad map tracking: map tracking failed
07-15 16:39:24.236   859 12831 I chatty  : uid=1000(system) /system/bin/trackingservice identical 1 line
07-15 16:39:24.268   859 12831 W [CT]    : VEGA:MAP_TRACKING_HM: Bad map tracking: map tracking failed
07-15 16:39:24.301   859 12910 I [CT]    : NIMBLE:HTEngine: active tracking pipeline: 1
07-15 16:39:24.302   859 12831 W [CT]    : VEGA:MAP_TRACKING_HM: Bad map tracking: map tracking failed
07-15 16:39:24.334   859 12831 W [CT]    : VEGA:MAP_TRACKING_HM: Bad map tracking: map tracking failed
07-15 16:39:24.355   859 12831 I [CT]    : BrightnessPredictor: [Throttled count=449] Current irradiance: 3861.5981 (samples: 1).
07-15 16:39:24.368   859 12831 W [CT]    : VEGA:MAP_TRACKING_HM: Bad map tracking: map tracking failed
07-15 16:39:24.401   859 12831 W [CT]    : VEGA:MAP_TRACKING_HM: Bad map tracking: num_inliers too low (3 < 4)
07-15 16:39:24.410   859 12732 I [CT]    : boltlib: DSP utilization: 46.68 % (2337 / 5007 ms)
07-15 16:39:24.436   859 12831 W [CT]    : VEGA:MAP_TRACKING_HM: Bad map tracking: num_inliers too low (3 < 4)
07-15 16:39:24.464   859 12831 W [CT]    : F2F_TRACKER: Low ratio of valid tracks for available capacity (133/300=0.44<0.50). Verify corner detection and track creation!
07-15 16:39:24.467   859 12831 W [CT]    : VEGA:MAP_TRACKING_HM: Bad map tracking: map tracking failed
07-15 16:39:24.501   859 12831 W [CT]    : VEGA:MAP_TRACKING_HM: Bad map tracking: num_inliers too low (3 < 4)
07-15 16:39:24.534   859 12831 W [CT]    : VEGA:MAP_TRACKING_HM: Bad map tracking: prediction-to-fusion translation too high (0.111447684 m > 0.1 m)
07-15 16:39:24.568   859 12831 W [CT]    : VEGA:MAP_TRACKING_HM: Bad map tracking: map tracking failed
07-15 16:39:24.602   859 12831 W [CT]    : VEGA:MAP_TRACKING_HM: Bad map tracking: map tracking failed
07-15 16:39:24.635   859 12831 W [CT]    : VEGA:MAP_TRACKING_HM: Bad map tracking: num_inliers too low (3 < 4)
07-15 16:39:24.652  2013 13368 I VrApi   : FPS=72/72,Prd=0ms,Tear=0,Early=0,Stale=0,VSnc=0,Lat=-1,Fov=0,CPU4/GPU=2/3,1651/515MHz,OC=FF,TA=0/E0/0,SP=N/F/N,Mem=1804MHz,Free=1332MB,PLS=0,Temp=31.0C/0.0C,TW=1.02ms,App=0.00ms,GD=0.00ms,CPU&GPU=0.56ms,LCnt=0,GPU%=0.08,CPU%=0.09(W0.14),DSF=1.00
07-15 16:39:24.715  2826  2826 D MemoryPressureObserver: Quest1:Resending the current pressure state to re-clear the caches state:some
07-15 16:39:24.715  2826  2826 D MemoryPressureObserver: setCurrentMemoryPressure:some
07-15 16:39:24.715  2826  2826 D VrGuardianService: OnMemoryPressureStateUpdate: memoryPressure = Some
07-15 16:39:24.715  2826  2826 I VrGuardianService: OnMemoryPressureChange: 1
07-15 16:39:24.800   859 12831 W [CT]    : VEGA:MAP_TRACKING_HM: Bad map tracking: prediction-to-fusion translation too high (0.11792719 m > 0.1 m)
07-15 16:39:24.972  1940  2684 I [OAO] ShellOverlayApp: Sleep timeout exceeded. Timeout:91914.839531, Now:91914.847492. Sleeping... 
07-15 16:39:24.972  1940  2684 I [OAO] ShellOverlayApp: WaitForWake: VrThread entering waiting state
07-15 16:39:25.411   859 12910 I [CT]    : IrradianceInfo: [Frame  8400 camera 0] [HT] has_hand =  NO, irradiance_proxy =    816.3, intensity =   79.6, exposure =  6.498ms, gain =   15
07-15 16:39:25.411   859 12910 I [CT]    : IrradianceInfo: [Frame  8400 camera 1] [HT] has_hand =  NO, irradiance_proxy =    870.2, intensity =   84.8, exposure =  6.498ms, gain =   15
07-15 16:39:25.411   859 12910 I [CT]    : IrradianceInfo: [Frame  8400 camera 2] [HT] has_hand =  NO, irradiance_proxy =   3410.6, intensity =  108.1, exposure =  5.282ms, gain =    6
07-15 16:39:25.411   859 12910 I [CT]    : IrradianceInfo: [Frame  8400 camera 3] [HT] has_hand =  NO, irradiance_proxy =   1701.1, intensity =   98.9, exposure =  5.814ms, gain =   10
07-15 16:39:25.411   859 12910 I [CT]    : NIMBLE:HTEngine: Hand Tracking Processed FPS = 30.091223433607958 Hz / Camera FPS = 30.091223433607958
07-15 16:39:25.459  1220  2071 D OVRFitnessDataInternal: Requesting Insert FitnessData: 41.0.0.0
07-15 16:39:25.466   859 12831 W [CT]    : VEGA:MAP_TRACKING_HM: Bad map tracking: map tracking failed
07-15 16:39:25.466   859 12831 I [CT]    : VEGA:PERCEPTUAL_HM: [Throttled count=21] Perceptual HM: no map tracking while exposing 6DoF. Delaying switch to 3DoF for 4.966667 seconds.
07-15 16:39:25.470   859 12831 I [CT]    : VegaTracker: [Throttled count=21] VegaTracker::track returned 213 track measurement(s) 7 track-to-landmark association(s) and 73 closed track ID(s) while reporting poor tracking quality. (isTrackerHealthy = true, isMapTrackingHealthy = false)
07-15 16:39:25.477  2581  2613 I FitnessDataProvider: Received Request Insert FitnessData: 41.0.0.0
07-15 16:39:25.489   859 12831 I [CT]    : VegaTracker: [Throttled count=21] Performing big search to recover from bad map tracking or new reloc.
07-15 16:39:25.652  2013 13368 I VrApi   : FPS=72/72,Prd=0ms,Tear=0,Early=0,Stale=0,VSnc=0,Lat=-1,Fov=0,CPU4/GPU=2/3,1651/515MHz,OC=FF,TA=0/E0/0,SP=N/F/N,Mem=1804MHz,Free=1332MB,PLS=0,Temp=31.0C/0.0C,TW=1.02ms,App=0.00ms,GD=0.00ms,CPU&GPU=0.56ms,LCnt=0,GPU%=0.08,CPU%=0.07(W0.17),DSF=1.00
07-15 16:39:25.663   859 12831 W [CT]    : F2F_TRACKER: Low ratio of valid tracks for available capacity (130/300=0.43<0.50). Verify corner detection and track creation!
07-15 16:39:25.732   859 12831 W [CT]    : VEGA:MAP_TRACKING_HM: Bad map tracking: map tracking failed
07-15 16:39:25.901   859 12831 I chatty  : uid=1000(system) /system/bin/trackingservice identical 1 line
07-15 16:39:25.935   859 12831 W [CT]    : VEGA:MAP_TRACKING_HM: Bad map tracking: map tracking failed
07-15 16:39:26.101   859 12831 W [CT]    : VEGA:MAP_TRACKING_HM: Bad map tracking: prediction-to-fusion translation too high (0.28252807 m > 0.1 m)
07-15 16:39:26.134   859 12831 W [CT]    : VEGA:MAP_TRACKING_HM: Bad map tracking: map tracking failed
07-15 16:39:26.335   859 12910 I [CT]    : NIMBLE:HTEngine: active tracking pipeline: 1
07-15 16:39:26.405   859 12756 I [CT]    : VIPER: InternalAnchorHealthMonitor: Anchors: 1 | Persistent anchors: 1 | Anchors never observed: 0
07-15 16:39:26.405   859 12756 I [CT]    :   (min/avg/max) Anchor landmarks: (26|26|26) | Covisible keyframes: (79|79|79) | Times since observation: (0|0|0)
07-15 16:39:26.466   859 12831 W [CT]    : VEGA:MAP_TRACKING_HM: Bad map tracking: prediction-to-fusion translation too high (0.98025936 m > 0.1 m)
07-15 16:39:26.466   859 12831 I [CT]    : VEGA:PERCEPTUAL_HM: [Throttled count=5] Perceptual HM: no map tracking while exposing 6DoF. Delaying switch to 3DoF for 4.966667 seconds.
07-15 16:39:26.470   859 12831 I [CT]    : VegaTracker: [Throttled count=5] VegaTracker::track returned 181 track measurement(s) 9 track-to-landmark association(s) and 83 closed track ID(s) while reporting poor tracking quality. (isTrackerHealthy = true, isMapTrackingHealthy = false)
07-15 16:39:26.490   859 12831 I [CT]    : VegaTracker: [Throttled count=5] Performing big search to recover from bad map tracking or new reloc.
07-15 16:39:26.652  2013 13368 I VrApi   : FPS=72/72,Prd=0ms,Tear=0,Early=0,Stale=0,VSnc=0,Lat=-1,Fov=0,CPU4/GPU=2/3,1651/515MHz,OC=FF,TA=0/E0/0,SP=N/F/N,Mem=1804MHz,Free=1332MB,PLS=0,Temp=31.0C/0.0C,TW=1.01ms,App=0.00ms,GD=0.00ms,CPU&GPU=0.56ms,LCnt=0,GPU%=0.08,CPU%=0.08(W0.14),DSF=1.00
07-15 16:39:26.664   859 12831 W [CT]    : F2F_TRACKER: Low ratio of valid tracks for available capacity (132/300=0.44<0.50). Verify corner detection and track creation!
07-15 16:39:26.665   859 12831 W [CT]    : VEGA:MAP_TRACKING_HM: Bad map tracking: map tracking failed
07-15 16:39:26.701   859 12831 W [CT]    : VEGA:MAP_TRACKING_HM: Bad map tracking: map tracking failed
07-15 16:39:26.734   859 12831 W [CT]    : VEGA:MAP_TRACKING_HM: Bad map tracking: num_inliers too low (3 < 4)
07-15 16:39:26.768   859 12831 W [CT]    : VEGA:MAP_TRACKING_HM: Bad map tracking: num_inliers too low (3 < 4)
07-15 16:39:26.934   859 12831 W [CT]    : VEGA:MAP_TRACKING_HM: Bad map tracking: map tracking failed
07-15 16:39:27.142   859 12831 I [CT]    : VIPER:MAP_MANAGER: State: TrackingPersistent, UUID=67ae1123-c943-f8da-da39-204d9a923487, Num. Persistent maps = 3,  Persistent maps:b66c06f9-d8f9-c89e-c8c4-5c1b1b771ca8,33d217f0-5f39-13be-c6b2-5e6b1a68a152,67ae1123-c943-f8da-da39-204d9a923487,
07-15 16:39:27.171   859 12831 I [CT]    : VIPER: Mode=Vega,Status=6DoF,TRACKING,KF=-1,Inl=20,Pts=0,Mem=58.0,Jit=0.0mm,Issues(Cam/min=0.1,IMU/min=0.0),Exp=(8.7ms,g=10.0,I=21,Ir=243.8)(12.6ms,g=15.0,I=74,Ir=394.8)(8.7ms,g=10.0,I=131,Ir=1520.8)(7.3ms,g=9.0,I=74,Ir=1142.6)
07-15 16:39:27.507  1605  2963 I [CT]    : MIXEDREALITY: MrServiceModel: commitLayerState: (every 10 seconds), ImagesAndCompute: false, ImagesOnly: false, NoRequirement: true.
07-15 16:39:27.527  1605  2963 I [CT]    : MIXEDREALITY: MrServiceView: renderIteration: (every 10 seconds), screen is: ON, PT is: ON, ID is: OFF
07-15 16:39:27.653  2013 13368 I VrApi   : FPS=72/72,Prd=0ms,Tear=0,Early=0,Stale=0,VSnc=0,Lat=-1,Fov=0,CPU4/GPU=2/3,1651/515MHz,OC=FF,TA=0/E0/0,SP=N/F/N,Mem=1804MHz,Free=1332MB,PLS=0,Temp=31.0C/0.0C,TW=1.02ms,App=0.00ms,GD=0.00ms,CPU&GPU=0.54ms,LCnt=0,GPU%=0.08,CPU%=0.06(W0.09),DSF=1.00
07-15 16:39:27.665   859 12831 W [CT]    : F2F_TRACKER: Low ratio of valid tracks for available capacity (139/300=0.46<0.50). Verify corner detection and track creation!
07-15 16:39:27.966  1940  1940 D MemoryPressureObserver: Quest1:Resending the current pressure state to re-clear the caches state:some
07-15 16:39:27.966  1940  1940 D MemoryPressureObserver: setCurrentMemoryPressure:some
07-15 16:39:27.966  1940  1940 D [OAO] ShellOverlayService: OnMemoryPressureStateUpdate: memoryPressure = Some
07-15 16:39:27.966  1940  1940 I [OAO] ShellOverlayServiceJNI: NativeSendOverlayCommand
07-15 16:39:27.966  1940  1940 I [OAO] ShellOverlayServiceJNI: NativeWake
07-15 16:39:27.966  1940  1940 I [OAO] ShellOverlayMain: WakeVrThread
07-15 16:39:27.966  1940  1940 I [OAO] ShellOverlayMain: WakeVrThread - notifying vr thread
07-15 16:39:27.966  1940  2684 I [OAO] ShellOverlayApp: VrThread woke up
07-15 16:39:27.966  1940  2684 I [OAO] ShellOverlayApp: 0xcba7bbd0 msg: overlayCommand:
07-15 16:39:27.966  1940  2684 I [OAO] ShellOverlayApp: command = onMemoryPressureUpdate
07-15 16:39:27.966  1940  2684 I [OAO] ShellOverlayApp: level = some
07-15 16:39:27.966  1940  2684 I [OAO] ShellOverlayApp: Process_OverlayCommand command : onMemoryPressureUpdate
07-15 16:39:27.966  1940  2684 I [OAO] ShellOverlayApp: OnMemoryPressureUpdate level:some 
07-15 16:39:27.966  1940  2684 I [OAO] ShellOverlayApp: OnMemoryPressureUpdate Clearing easy caches for some memory pressure
07-15 16:39:27.966  1940  2684 I [OAO] AudioSystem: OnLowMemory - Clearing sound cache
07-15 16:39:27.966  1940 13512 I [OAO] SoundCache: Exiting the SoundCache decode thread.
07-15 16:39:27.967  1940  2684 I [OAO] ShellOverlayApp: Start sleep timeout. Now:91917.842308, Timeout:91919.842308
07-15 16:39:28.229  2013  2140 I Clay    : Local user with id 106348798779619 does NOT have a custom avatar
07-15 16:39:28.368   859 12910 I [CT]    : NIMBLE:HTEngine: active tracking pipeline: 1
07-15 16:39:28.467  1220  2071 D OVRFitnessDataInternal: Requesting Insert FitnessData: 41.0.0.0
07-15 16:39:28.481  2581  2613 I FitnessDataProvider: Received Request Insert FitnessData: 41.0.0.0
07-15 16:39:28.653  2013 13368 I VrApi   : FPS=72/72,Prd=0ms,Tear=0,Early=0,Stale=0,VSnc=0,Lat=-1,Fov=0,CPU4/GPU=2/3,1651/515MHz,OC=FF,TA=0/E0/0,SP=N/F/N,Mem=1804MHz,Free=1332MB,PLS=0,Temp=31.0C/0.0C,TW=1.03ms,App=0.00ms,GD=0.00ms,CPU&GPU=0.54ms,LCnt=0,GPU%=0.08,CPU%=0.06(W0.13),DSF=1.00
07-15 16:39:28.864   859 12831 W [CT]    : F2F_TRACKER: Low ratio of valid tracks for available capacity (115/300=0.38<0.50). Verify corner detection and track creation!
07-15 16:39:29.201   859 12831 W [CT]    : VEGA:MAP_TRACKING_HM: Bad map tracking: map tracking failed
07-15 16:39:29.201   859 12831 I [CT]    : VEGA:PERCEPTUAL_HM: [Throttled count=5] Perceptual HM: no map tracking while exposing 6DoF. Delaying switch to 3DoF for 4.966667 seconds.
07-15 16:39:29.205   859 12831 I [CT]    : VegaTracker: [Throttled count=5] VegaTracker::track returned 191 track measurement(s) 12 track-to-landmark association(s) and 28 closed track ID(s) while reporting poor tracking quality. (isTrackerHealthy = true, isMapTrackingHealthy = false)
07-15 16:39:29.224   859 12831 I [CT]    : VegaTracker: [Throttled count=5] Performing big search to recover from bad map tracking or new reloc.
07-15 16:39:29.236   859 12831 W [CT]    : VEGA:MAP_TRACKING_HM: Bad map tracking: num_inliers too low (3 < 4)
07-15 16:39:29.425   859 12732 I [CT]    : boltlib: DSP utilization: 44.90 % (2251 / 5015 ms)
07-15 16:39:29.622  1220  2100 I ServiceInputManager: HANDTRACKING hand 1 status set to Tracked
07-15 16:39:29.718  2826  2826 D MemoryPressureObserver: Quest1:Resending the current pressure state to re-clear the caches state:some
07-15 16:39:29.718  2826  2826 D MemoryPressureObserver: setCurrentMemoryPressure:some
07-15 16:39:29.718  2826  2826 D VrGuardianService: OnMemoryPressureStateUpdate: memoryPressure = Some
07-15 16:39:29.718  2826  2826 I VrGuardianService: OnMemoryPressureChange: 1
07-15 16:39:29.975  1940  2684 I [OAO] ShellOverlayApp: Sleep timeout exceeded. Timeout:91919.842308, Now:91919.850982. Sleeping... 
07-15 16:39:29.975  1940  2684 I [OAO] ShellOverlayApp: WaitForWake: VrThread entering waiting state
07-15 16:39:30.126  2134 13375 I Telemetry: App memory usage: PSS=93MB DalvikPSS=1 MB PrivateDirty=70MB PrivateClean=1MB
07-15 16:39:30.137   859 12831 I [CT]    : VIPER:MAP_MANAGER: State: TrackingPersistent, UUID=67ae1123-c943-f8da-da39-204d9a923487, Num. Persistent maps = 3,  Persistent maps:b66c06f9-d8f9-c89e-c8c4-5c1b1b771ca8,33d217f0-5f39-13be-c6b2-5e6b1a68a152,67ae1123-c943-f8da-da39-204d9a923487,
07-15 16:39:30.171   859 12831 I [CT]    : VIPER: Mode=Vega,Status=6DoF,TRACKING,KF=-1,Inl=14,Pts=0,Mem=58.0,Jit=0.1mm,Issues(Cam/min=0.1,IMU/min=0.0),Exp=(7.3ms,g=8.0,I=26,Ir=458.2)(11.0ms,g=14.0,I=75,Ir=491.5)(7.3ms,g=8.0,I=128,Ir=2201.8)(7.4ms,g=8.0,I=75,Ir=1283.9)
07-15 16:39:30.372  2013 13368 I Telemetry: App memory usage: PSS=640MB DalvikPSS=0 MB PrivateDirty=606MB PrivateClean=5MB
07-15 16:39:30.375  2013 13368 I VrApi   : FPS=72/72,Prd=0ms,Tear=0,Early=0,Stale=0,VSnc=0,Lat=-1,Fov=0,CPU4/GPU=2/3,1651/515MHz,OC=FF,TA=0/E0/0,SP=N/F/N,Mem=1804MHz,Free=1330MB,PLS=0,Temp=31.0C/0.0C,TW=1.03ms,App=0.00ms,GD=0.00ms,CPU&GPU=0.55ms,LCnt=0,GPU%=0.08,CPU%=0.09(W0.14),DSF=1.00
07-15 16:39:30.401   859 12910 I [CT]    : NIMBLE:HTEngine: active tracking pipeline: 1
07-15 16:39:30.419   859 12910 I [CT]    : IrradianceInfo: [Frame  8550 camera 0] [HT] has_hand = YES, irradiance_proxy =    207.7, intensity =   20.2, exposure =  6.498ms, gain =   15
07-15 16:39:30.419   859 12910 I [CT]    : IrradianceInfo: [Frame  8550 camera 1] [HT] has_hand =  NO, irradiance_proxy =    843.5, intensity =   82.2, exposure =  6.498ms, gain =   15
07-15 16:39:30.419   859 12910 I [CT]    : IrradianceInfo: [Frame  8550 camera 2] [HT] has_hand = YES, irradiance_proxy =   3263.8, intensity =  103.4, exposure =  5.282ms, gain =    6
07-15 16:39:30.419   859 12910 I [CT]    : IrradianceInfo: [Frame  8550 camera 3] [HT] has_hand =  NO, irradiance_proxy =   1717.5, intensity =   99.2, exposure =  5.776ms, gain =   10
07-15 16:39:30.419   859 12910 I [CT]    : NIMBLE:HTEngine: Hand Tracking Processed FPS = 29.95568245497396 Hz / Camera FPS = 29.95568245497396
07-15 16:39:30.653  2013 13368 I VrApi   : FPS=72/72,Prd=0ms,Tear=0,Early=0,Stale=0,VSnc=0,Lat=-1,Fov=0,CPU4/GPU=2/3,1651/515MHz,OC=FF,TA=0/E0/0,SP=N/F/N,Mem=1804MHz,Free=1330MB,PLS=0,Temp=31.0C/0.0C,TW=1.04ms,App=0.00ms,GD=0.00ms,CPU&GPU=0.56ms,LCnt=0,GPU%=0.08,CPU%=0.06(W0.14),DSF=1.00
07-15 16:39:30.877  1014  1014 D VrPowerManagerService: processing message: timer expired
07-15 16:39:30.877  1014  1014 I VrPowerManagerService: transition from HEADSET_UNMOUNTED to WAITING_FOR_SLEEP_MSG
07-15 16:39:30.877  1014  1014 I PowerManagerService: Going to sleep due to application (uid 1000)...
07-15 16:39:30.878  1014  1014 W UsageStatsService: Event reported without a package name, eventType:16
07-15 16:39:30.878  1014  1049 I PowerManagerService: Sleeping (uid 1000)...
07-15 16:39:30.878  1014  1049 I DisplayPowerController: Blocking screen off
07-15 16:39:30.879  1014  1049 I DisplayPowerController: Unblocked screen off after 0 ms
07-15 16:39:30.879  1014  1049 D ActivityTaskManager: Top Process State changed to PROCESS_STATE_TOP_SLEEPING
07-15 16:39:30.882   598  4219 D AF::TrackHandle: OpPlayAudio: track:141 uid:10023 pkg:com.oculus.vrshell usage:1 muted
07-15 16:39:30.883   598   807 D AF::RecordHandle: OpRecordAudio: track:137 uid:10049 pkg:com.oculus.horizon usage:0 muted
07-15 16:39:30.883   598 12425 D AF::RecordHandle: OpRecordAudio: track:55 uid:10015 pkg:com.oculus.shellenv usage:0 muted
07-15 16:39:30.883   598  5574 D AF::TrackHandle: OpPlayAudio: track:56 uid:10015 pkg:com.oculus.shellenv usage:1 muted
07-15 16:39:30.884   598   807 D AF::RecordHandle: OpRecordAudio: track:137 uid:10049 pkg:com.oculus.horizon usage:0 muted
07-15 16:39:30.884   598   806 D AF::TrackHandle: OpPlayAudio: track:141 uid:10023 pkg:com.oculus.vrshell usage:1 muted
07-15 16:39:30.885   598  5574 D AF::TrackHandle: OpPlayAudio: track:56 uid:10015 pkg:com.oculus.shellenv usage:1 muted
07-15 16:39:30.885   598 12425 D AF::RecordHandle: OpRecordAudio: track:55 uid:10015 pkg:com.oculus.shellenv usage:0 muted
07-15 16:39:30.885   598   807 D AF::RecordHandle: OpRecordAudio: track:137 uid:10049 pkg:com.oculus.horizon usage:0 muted
07-15 16:39:30.885   598  5574 D AF::TrackHandle: OpPlayAudio: track:56 uid:10015 pkg:com.oculus.shellenv usage:1 muted
07-15 16:39:30.886   598   806 D AF::TrackHandle: OpPlayAudio: track:141 uid:10023 pkg:com.oculus.vrshell usage:1 muted
07-15 16:39:30.886   598  1268 D AF::TrackHandle: OpPlayAudio: track:139 uid:10023 pkg:com.oculus.vrshell usage:1 not muted
07-15 16:39:30.886   598  4276 D AF::TrackHandle: OpPlayAudio: track:131 uid:1000 pkg:com.android.networkstack.inprocess usage:13 not muted
07-15 16:39:30.886   598  5574 D AF::TrackHandle: OpPlayAudio: track:56 uid:10015 pkg:com.oculus.shellenv usage:1 muted
07-15 16:39:30.886   598   806 D AF::TrackHandle: OpPlayAudio: track:141 uid:10023 pkg:com.oculus.vrshell usage:1 muted
07-15 16:39:30.887   598 12425 D AF::RecordHandle: OpRecordAudio: track:55 uid:10015 pkg:com.oculus.shellenv usage:0 muted
07-15 16:39:30.887   598  4276 D AF::TrackHandle: OpPlayAudio: track:131 uid:1000 pkg:com.android.networkstack.inprocess usage:13 not muted
07-15 16:39:30.887   598  1268 D AF::TrackHandle: OpPlayAudio: track:139 uid:10023 pkg:com.oculus.vrshell usage:1 muted
07-15 16:39:30.887   598  4276 D AF::TrackHandle: OpPlayAudio: track:131 uid:1000 pkg:com.android.networkstack.inprocess usage:13 not muted
07-15 16:39:30.887   598   806 D AF::RecordHandle: OpRecordAudio: track:55 uid:10015 pkg:com.oculus.shellenv usage:0 muted
07-15 16:39:30.891   598  1268 D AF::TrackHandle: OpPlayAudio: track:139 uid:10023 pkg:com.oculus.vrshell usage:1 muted
07-15 16:39:30.891   598   807 D AF::RecordHandle: OpRecordAudio: track:137 uid:10049 pkg:com.oculus.horizon usage:0 muted
07-15 16:39:30.892   598  4276 D AF::TrackHandle: OpPlayAudio: track:131 uid:1000 pkg:com.android.networkstack.inprocess usage:13 not muted
07-15 16:39:30.892   598  1268 D AF::TrackHandle: OpPlayAudio: track:139 uid:10023 pkg:com.oculus.vrshell usage:1 muted
07-15 16:39:30.893   598  1268 D AF::TrackHandle: OpPlayAudio: track:56 uid:10015 pkg:com.oculus.shellenv usage:1 muted
07-15 16:39:30.894   598  5574 D AF::RecordHandle: OpRecordAudio: track:55 uid:10015 pkg:com.oculus.shellenv usage:0 muted
07-15 16:39:30.894   598  4276 D AF::TrackHandle: OpPlayAudio: track:141 uid:10023 pkg:com.oculus.vrshell usage:1 muted
07-15 16:39:30.894   598 12425 D AF::RecordHandle: OpRecordAudio: track:137 uid:10049 pkg:com.oculus.horizon usage:0 muted
07-15 16:39:30.894   598 12425 D AF::RecordHandle: OpRecordAudio: track:137 uid:10049 pkg:com.oculus.horizon usage:0 muted
07-15 16:39:30.894   598  5574 D AF::RecordHandle: OpRecordAudio: track:55 uid:10015 pkg:com.oculus.shellenv usage:0 muted
07-15 16:39:30.896   598  4007 D AF::RecordHandle: OpRecordAudio: track:55 uid:10015 pkg:com.oculus.shellenv usage:0 muted
07-15 16:39:30.896   598   807 D AF::TrackHandle: OpPlayAudio: track:131 uid:1000 pkg:com.android.networkstack.inprocess usage:13 not muted
07-15 16:39:30.896   714   779 D msm8974_platform: platform_split_snd_device: snd_device(2) num devices(1) new_snd_devices(0)
07-15 16:39:30.896   714   779 D ACDB-LOADER: ACDB -> send_audvoltable
07-15 16:39:30.896   714   779 D ACDB-LOADER: ACDB -> ACDB_CMD_GET_AUDPROC_VOL_STEP_TABLE_SIZE
07-15 16:39:30.896   714   779 D ACDB-LOADER: ACDB -> ACDB_CMD_GET_AUDPROC_GAIN_DEP_STEP_TABLE, vol index 3
07-15 16:39:30.896   714   779 D         : Failed to fetch the lookup information of the device 0000000F 
07-15 16:39:30.896   714   779 E ACDB-LOADER: Error: ACDB AudProc vol returned = -19
07-15 16:39:30.896   598   806 D AF::TrackHandle: OpPlayAudio: track:139 uid:10023 pkg:com.oculus.vrshell usage:1 muted
07-15 16:39:30.896   714   779 D ACDB-LOADER: ACDB -> AUDIO_SET_VOL_CAL cal type = 40
07-15 16:39:30.896   598 12425 D AF::RecordHandle: OpRecordAudio: track:137 uid:10049 pkg:com.oculus.horizon usage:0 muted
07-15 16:39:30.897   714   779 D msm8974_platform: platform_split_snd_device: snd_device(2) num devices(1) new_snd_devices(0)
07-15 16:39:30.897   714   779 D ACDB-LOADER: ACDB -> send_audvoltable
07-15 16:39:30.897   714   779 D ACDB-LOADER: ACDB -> ACDB_CMD_GET_AUDPROC_VOL_STEP_TABLE_SIZE
07-15 16:39:30.897   714   779 D ACDB-LOADER: ACDB -> ACDB_CMD_GET_AUDPROC_GAIN_DEP_STEP_TABLE, vol index 5
07-15 16:39:30.897   714   779 D         : Failed to fetch the lookup information of the device 0000000F 
07-15 16:39:30.897   714   779 E ACDB-LOADER: Error: ACDB AudProc vol returned = -19
07-15 16:39:30.897   714   779 D ACDB-LOADER: ACDB -> AUDIO_SET_VOL_CAL cal type = 40
07-15 16:39:30.898   598   807 D AF::TrackHandle: OpPlayAudio: track:131 uid:1000 pkg:com.android.networkstack.inprocess usage:13 not muted
07-15 16:39:30.899   598  4276 D AF::TrackHandle: OpPlayAudio: track:141 uid:10023 pkg:com.oculus.vrshell usage:1 muted
07-15 16:39:30.899   598   806 D AF::TrackHandle: OpPlayAudio: track:139 uid:10023 pkg:com.oculus.vrshell usage:1 muted
07-15 16:39:30.900   598  5574 D AF::TrackHandle: OpPlayAudio: track:139 uid:10023 pkg:com.oculus.vrshell usage:1 muted
07-15 16:39:30.900   598   807 D AF::TrackHandle: OpPlayAudio: track:131 uid:1000 pkg:com.android.networkstack.inprocess usage:13 not muted
07-15 16:39:30.900   598  4276 D AF::TrackHandle: OpPlayAudio: track:141 uid:10023 pkg:com.oculus.vrshell usage:1 muted
07-15 16:39:30.901   598   807 D AF::TrackHandle: OpPlayAudio: track:131 uid:1000 pkg:com.android.networkstack.inprocess usage:13 not muted
07-15 16:39:30.902   598   807 D AF::TrackHandle: OpPlayAudio: track:131 uid:1000 pkg:com.android.networkstack.inprocess usage:13 not muted
07-15 16:39:30.902   598  4007 D AF::RecordHandle: OpRecordAudio: track:55 uid:10015 pkg:com.oculus.shellenv usage:0 muted
07-15 16:39:30.905   598  5574 D AF::TrackHandle: OpPlayAudio: track:139 uid:10023 pkg:com.oculus.vrshell usage:1 muted
07-15 16:39:30.905   598  4007 D AF::RecordHandle: OpRecordAudio: track:55 uid:10015 pkg:com.oculus.shellenv usage:0 muted
07-15 16:39:30.905   598  4219 D AF::RecordHandle: OpRecordAudio: track:137 uid:10049 pkg:com.oculus.horizon usage:0 muted
07-15 16:39:30.905   598  4276 D AF::TrackHandle: OpPlayAudio: track:141 uid:10023 pkg:com.oculus.vrshell usage:1 muted
07-15 16:39:30.906   598  1268 D AF::TrackHandle: OpPlayAudio: track:56 uid:10015 pkg:com.oculus.shellenv usage:1 muted
07-15 16:39:30.906   598  4219 D AF::RecordHandle: OpRecordAudio: track:137 uid:10049 pkg:com.oculus.horizon usage:0 muted
07-15 16:39:30.906   598   807 D AF::TrackHandle: OpPlayAudio: track:139 uid:10023 pkg:com.oculus.vrshell usage:1 muted
07-15 16:39:30.906   598 12425 D AF::RecordHandle: OpRecordAudio: track:55 uid:10015 pkg:com.oculus.shellenv usage:0 muted
07-15 16:39:30.906   598  4007 D AF::TrackHandle: OpPlayAudio: track:131 uid:1000 pkg:com.android.networkstack.inprocess usage:13 not muted
07-15 16:39:30.906   598  1268 D AF::TrackHandle: OpPlayAudio: track:56 uid:10015 pkg:com.oculus.shellenv usage:1 muted
07-15 16:39:30.907   598  1268 D AF::TrackHandle: OpPlayAudio: track:56 uid:10015 pkg:com.oculus.shellenv usage:1 muted
07-15 16:39:30.907   598   807 D AF::TrackHandle: OpPlayAudio: track:139 uid:10023 pkg:com.oculus.vrshell usage:1 muted
07-15 16:39:30.908   598  4219 D AF::RecordHandle: OpRecordAudio: track:137 uid:10049 pkg:com.oculus.horizon usage:0 muted
07-15 16:39:30.909   598  4276 D AF::TrackHandle: OpPlayAudio: track:141 uid:10023 pkg:com.oculus.vrshell usage:1 muted
07-15 16:39:30.909   598  4007 D AF::TrackHandle: OpPlayAudio: track:56 uid:10015 pkg:com.oculus.shellenv usage:1 muted
07-15 16:39:30.909   598  4276 D AF::TrackHandle: OpPlayAudio: track:141 uid:10023 pkg:com.oculus.vrshell usage:1 muted
07-15 16:39:30.910   598  4007 D AF::TrackHandle: OpPlayAudio: track:56 uid:10015 pkg:com.oculus.shellenv usage:1 muted
07-15 16:39:30.911   598  4219 D AF::TrackHandle: OpPlayAudio: track:56 uid:10015 pkg:com.oculus.shellenv usage:1 muted
07-15 16:39:30.911   598   807 D AF::TrackHandle: OpPlayAudio: track:131 uid:1000 pkg:com.android.networkstack.inprocess usage:13 not muted
07-15 16:39:30.911   598  1268 D AF::RecordHandle: OpRecordAudio: track:55 uid:10015 pkg:com.oculus.shellenv usage:0 muted
07-15 16:39:30.913   598  4276 D AF::TrackHandle: OpPlayAudio: track:141 uid:10023 pkg:com.oculus.vrshell usage:1 muted
07-15 16:39:30.913   598  4007 D AF::TrackHandle: OpPlayAudio: track:139 uid:10023 pkg:com.oculus.vrshell usage:1 muted
07-15 16:39:30.913   598  4219 D AF::RecordHandle: OpRecordAudio: track:55 uid:10015 pkg:com.oculus.shellenv usage:0 muted
07-15 16:39:30.913   598  4276 D AF::TrackHandle: OpPlayAudio: track:141 uid:10023 pkg:com.oculus.vrshell usage:1 muted
07-15 16:39:30.913   598  1268 D AF::TrackHandle: OpPlayAudio: track:56 uid:10015 pkg:com.oculus.shellenv usage:1 muted
07-15 16:39:30.914   598  4007 D AF::TrackHandle: OpPlayAudio: track:139 uid:10023 pkg:com.oculus.vrshell usage:1 muted
07-15 16:39:30.914   598   807 D AF::TrackHandle: OpPlayAudio: track:131 uid:1000 pkg:com.android.networkstack.inprocess usage:13 not muted
07-15 16:39:30.914   598  5574 D AF::RecordHandle: OpRecordAudio: track:137 uid:10049 pkg:com.oculus.horizon usage:0 muted
07-15 16:39:30.914   598  5574 D AF::RecordHandle: OpRecordAudio: track:137 uid:10049 pkg:com.oculus.horizon usage:0 muted
