07-11 12:03:25.683  2700  3264 W ipcLoader_static: RuntimeIPC: Loader: ipc_GetTimestamp was called but missing from vtable!
07-11 12:03:25.684  2700  3264 W REFLECT : RuntimeIPC: !IsClientValid: MarkerPoint
07-11 12:03:25.684  2700  3264 E QplClient: (com.oculus.socialplatform) MarkerPoint failed!
07-11 12:03:25.684  2075  2329 I [SEO] SystemTabletController: Processing pending None tablet.
07-11 12:03:25.684  2075  2329 I [SEO] SystemTabletController: Processing AUI deep link uri /tablet_none.
07-11 12:03:25.684   855  5365 I [CT]    : TIMESTAMPCHECKER: Received first Camera-CHM capture timestamp: 962.457042000 [sec]
07-11 12:03:25.684   855  5365 W [CT]    : CONSTELLATION: R: In GetVisionPrediction: No attitude buffer entries for prediction available. Muting log for 1 sec.
07-11 12:03:25.686  2075  2329 I [SEO] PanelAppLaunchInfo: PanelAppLaunchInfo componentString:com.oculus.systemux/com.oculus.panelapp.controlbar.ControlBarPanelService packageName:com.oculus.systemux serviceName:com.oculus.panelapp.controlbar.ControlBarPanelService componentName:com.oculus.systemux/com.oculus.panelapp.controlbar.ControlBarPanelService
07-11 12:03:25.686  2075  5267 I InputDevice_TrackedRemote: REMOTE: Hand=2 IndexAnalog=0.00 GripAnalog=0.00 Buttons=0x00000000
07-11 12:03:25.686  2075  2329 I [SEO] HostPlatform: Retrieving component launch information for package (com.oculus.systemux) and service (com.oculus.panelapp.controlbar.ControlBarPanelService)
07-11 12:03:25.686  2075  5267 I InputDevice_TrackedRemote: REMOTE: Hand=1 IndexAnalog=0.00 GripAnalog=0.00 Buttons=0x00000000
07-11 12:03:25.687  3120  5279 E memtrack: Couldn't load memtrack module
07-11 12:03:25.687  3120  5279 W android.os.Debug: failed to get memory consumption info: -1
07-11 12:03:25.687  1941  5263 I InputDevice_TrackedRemote: REMOTE: Hand=2 IndexAnalog=0.00 GripAnalog=0.00 Buttons=0x00000000
07-11 12:03:25.687  1941  5263 I InputDevice_TrackedRemote: REMOTE: Hand=1 IndexAnalog=0.00 GripAnalog=0.00 Buttons=0x00000000
07-11 12:03:25.688  2909  3407 I InputDevice_TrackedRemote: REMOTE: Hand=2 IndexAnalog=0.00 GripAnalog=0.00 Buttons=0x00000000
07-11 12:03:25.689  2909  3407 I InputDevice_TrackedRemote: REMOTE: Hand=1 IndexAnalog=0.00 GripAnalog=0.00 Buttons=0x00000000
07-11 12:03:25.689  1975  5272 I InputDevice_TrackedRemote: REMOTE: Hand=2 IndexAnalog=0.00 GripAnalog=0.00 Buttons=0x00000000
07-11 12:03:25.689  1975  5272 I InputDevice_TrackedRemote: REMOTE: Hand=1 IndexAnalog=0.00 GripAnalog=0.00 Buttons=0x00000000
07-11 12:03:25.689  2075  2329 I [SEO] HostPlatform: Is valid panel service component for package (com.oculus.systemux) and service (com.oculus.panelapp.controlbar.ControlBarPanelService) - true
07-11 12:03:25.689  2075  2329 I [SEO] ShellApp: CreatePanelApp( com.oculus.systemux/com.oculus.panelapp.controlbar.ControlBarPanelService )
07-11 12:03:25.689  2075  2329 I [SEO] ShellApp: Environment:
07-11 12:03:25.689  2075  2075 I [SEO] PanelServiceConnection: verifyFirstPartyUID(Debug Signatures=false, uid=10034) => apkSignatureResult=SigCertInfo(isTrusted=true, packageNames=[com.oculus.systemux], fingerprint sha1=98a1809f3c3e79170e5df8135b500ecfa39df1be, fingerprint sha256=012f8165c191efe8fb0d6d4606aa4abac14d77d1d97d5340860c9f81045aa157, signature=308205cf308203b7a0030201020204097e91c1300d06092a864886f70d01010b0500308197310b3009060355040613025553311330110603550408130a43616c69666f726e6961311330110603550407130a4d656e6c6f205061726b31233021060355040a131a46616365626f6f6b20546563686e6f6c6f676965732c204c4c4331233021060355040b131a46616365626f6f6b20546563686e6f6c6f676965732c204c4c43311430120603550403130b4f63756c75732041707073301e170d3139303730343131333935315a170d3436313131393131333935315a308197310b3009060355040613025553311330110603550408130a43616c69666f726e6961311330110603550407130a4d656e6c6f205061726b31233021060355040a131a46616365626f6f6b20546563686e6f6c6f676965732c204c4c4331233021060355040b131a46616365626f6f6b20546563686e6f6c6f676965732c204c4c43311430120603550403130b4f63756c7573204170707330820222300d06092a864886f70d01010105000382020f003082020a0282020100b815642a5c201c8da044905dafbb06c05fddb75449cc75a716a0434da0493a52a4d60643532c237e76cb41d2c32a5e4474f12b37f632a809b5a5ceb8c6289ecf828e736b4ec452b1c2757bd0b5ed13eff5a7a47ab2ef6cdf60a8d749e9e8603f30d12b5db8f734c57578a2a4ce5ff5737c1f02c629d2dcb4f82726674663a699de94463ff370fa9eb48158831bf0b68bd6ec84293182d52e860bdd81bb9ce9cdd6a77fea0df25004da34d3cce7a31069646aa4628fba9ccb0952163793be9a4edf49a53f83179c2f44d8c87d6c129e8d590af0f3fced26201ee43b31fccd93b497cd198c5cd1f98d64c4f7ad79ca47278c02652d5dc072a99807e22f473f7bae4da2bafcae48cd49ad55a764b8d39f329f6175eac9074307deff48b1c4a6e19b748766617768c31a17feae8478eb7f9ebfb61af2b9f5a692b636342d7ebc53d7146626b51801b5a0a102e281475decdefb8683d0ca2843dc7aaeb6759bcab0dcba38db44f5d7f797a1c9c02dd159c0e3c72b14dc882d31c24ad8abee4ce0f7f0205e05efef551e2551a61e96636ed5dfd7435d3d24f5a130a12f10452cc954aa770d5d95e3e0cb9d7b05c5506a7947f8ff3437b3d82274fdaa156d85bfb7fbcb4fa5557080fedab86520b71d3d533e7bb3e7e3ebe9712b68e755d700b0afbf7595ffa80a6b3d90bfe599769138ee6515df415e32c0abed2b8e4aea1f47351f490203010001a321301f301d0603551d0e04160414a3c939e6b71c43bc9193f773c0351be1aff311f9300d06092a864886f70d01010b050003820201004e4c865231f2a3583c6af9488ecf9aa96b1ee84e2d7bfad00581537dc70c54ecfcf360e563d018efa4cdd77bf6fc4c9f1a20ebd4215cf1538686d4089bdcc8adb6ae4497ead14b0c18efd52ce93357019973e94e16b3326c60885b1bdc5f9cad1098f16732935876d8d19bda3ceeaaa69a83c4e2231710c6735f88abdfffe3dfa2be3f18f894923441b4e4a9c9664ed6294c16d7c073547063bfdbbefad184a001f1dce2feffdc96d10eb16a3bfbcd382cd297ca3b4edb7ebacd1a9931a1368a5157ceaebbca5b39bd5db5461a340db8ec076d38a94bcdd042bfb51388158ba97a49b631c1762fa746c7bb36eaf15cae23fa993cfb052e824f2ae173ea27b50a6cca91eb955f4faf131514757e5a3ecae9df6d23771279b7742f28fb9ce394eb9e03926f550716f1312355a5efdc479d8347b516cff55cb14307c81280142cacf2fd6562a2baacbfc97869272b1c51abf79121de8bab227e001313d4115eb9b33a332ebb34e290f14b5352ef1038f7a5f3740c9d1136b3526de4331deb4fa529c36a17c04c3e64d4f6ebda73d6e6e18281e3948fd11e685eab6611be1bc62839bce5962715e7f6537e6c083bcd3538d17407b26c850cd6b3f5e2149fdef027a6cfb7ed0f93c928aca14927b10c6a3f104ba1b10413af8b1868b84a004e5ddd065fff26a7bb3c818bb5a2d69aedf9441ef9033efae3ef52282a96f66d4b4ff3f2)
07-11 12:03:25.689  2075  2329 I [SEO] PanelAppHost: PanelAppHost constructor, panel 21 (com.oculus.systemux/com.oculus.panelapp.controlbar.ControlBarPanelService)
07-11 12:03:25.689  2075  2329 I [SEO] PanelAppHost: Panel app 21 (com.oculus.systemux/com.oculus.panelapp.controlbar.ControlBarPanelService) changing state from startup to foreground
07-11 12:03:25.690  2075  2329 I [SEO] PanelAppHost: Passing env var _oc_analytics_session_id = 5418bd5b-7d23-4f0d-914f-3bf9cc106f97
07-11 12:03:25.690  2075  2329 I [SEO] PanelAppHost: Passing env var _oc_userid = 106348798779619
07-11 12:03:25.690  2075  2329 I [SEO] PanelAppHost: Passing env var _oc_shell_version_name = 41.0.0.124.307
07-11 12:03:25.690  2075  2329 I [SEO] PanelAppHost: Passing env var _oc_shell_version_code = 379035701
07-11 12:03:25.690  2075  2329 I [SEO] PanelAppHost: Passing env var _oc_shell_automation_enabled = false
07-11 12:03:25.690  2075  2329 I [SEO] PanelAppHost: Passing env var _oc_shell_view_id_debugging_enabled = false
07-11 12:03:25.690  2075  2329 I [SEO] PanelAppHost: Passing env var _oc_shell_pixel_density = 16
07-11 12:03:25.690  2075  2329 I [SEO] PanelAppHost: Passing env var _oc_shell_render_scale = 1.000000
07-11 12:03:25.690  2075  2329 I [SEO] PanelAppHost: Passing env var _oc_shell_ux_policy = {"panelBackgroundLayerOriginDepths":{"far":0.2,"mid":0.1,"near":0.015}}
07-11 12:03:25.690  2075  2329 I [SEO] PanelAppHost: Passing env var _oc_shell_panel_session_id = 5418bd5b-7d23-4f0d-914f-3bf9cc106f97-21
07-11 12:03:25.690  2075  2329 I [SEO] PanelAppHost: Passing env var _oc_shell_back_navigation_enabled = false
07-11 12:03:25.691  2075  2329 I [SEO] PanelAppHost: Passing env var _oc_shell_feature_sets = cooperativeState-v2,layerTranslate-v1,multiapp-v1,multiapp-v2,multiapp-v3,system-ux-file-picker-v1,system-reauth-v1,dragDrop-v1,systemThemeSetting-v1,layerOptions-v1,destinationUi-v2,systemActionBackgroundPanels-v1,shellPanelAdaptability-v1,vrNotificationsBootLoad-v1,multitasking-v1,appmenu-v1,appmenu-v2,controlBar-v1,theaterScreen,recoverInstances-v1,copresence-v1,copresenceVersion-v1,vrLibraryAppLock-v1
07-11 12:03:25.691  2075  2329 I [SEO] PanelAppHost: Passing env var _oc_launch_timestamp = 967344
07-11 12:03:25.691  2075  2329 I [SEO] PanelAppHost: Passing env var _oc_shell_host = vrshell
07-11 12:03:25.691  2075  2329 I [SEO] PanelAppHost: Passing env var _oc_shell_panel_id = 21
07-11 12:03:25.691  2075  2329 I [SEO] PanelAppHost: Calling sendPanelLaunchIntent for panel app 21 (com.oculus.systemux/com.oculus.panelapp.controlbar.ControlBarPanelService)
07-11 12:03:25.691  2075  2329 D [SEO] ShellApplication: sendApkPanelLaunchIntent: packageName=com.oculus.systemux, serviceClassName=com.oculus.panelapp.controlbar.ControlBarPanelService
07-11 12:03:25.692  2075  2329 D [SEO] PanelServiceConnection: getSystemProcessUidForCurrentUser: 'android' systemUid = 1000
07-11 12:03:25.692  2075  2329 D [SEO] ShellApplication: bindService Intent { cmp=com.oculus.systemux/com.oculus.panelapp.controlbar.ControlBarPanelService }
07-11 12:03:25.692  3120  4306 I CppPanelService: verifyVrShellUID(Debug Signatures=false, uid=10023) => apkSignatureResult=SigCertInfo(isTrusted=true, packageNames=[com.oculus.vrshell], fingerprint sha1=331660b6dd3bd582f3dfd3cbae4546724668a021, fingerprint sha256=dc2f834e3c1942378b14f076c82cd1ab59ea6566bff4730b2047e98efc9f9daf, signature=3082038d30820275a00302010202041303858a300d06092a864886f70d01010b05003077310b3009060355040613025553310b3009060355040813024341311330110603550407130a4d656e6c6f205061726b31173015060355040a130e4f63756c75732056522c204c4c4331173015060355040b130e4f63756c75732056522c204c4c43311430120603550403130b4f63756c75732041707073301e170d3134313033303231343032315a170d3432303331373231343032315a3077310b3009060355040613025553310b3009060355040813024341311330110603550407130a4d656e6c6f205061726b31173015060355040a130e4f63756c75732056522c204c4c4331173015060355040b130e4f63756c75732056522c204c4c43311430120603550403130b4f63756c7573204170707330820122300d06092a864886f70d01010105000382010f003082010a0282010100a34c7fbd96dea95d811f21a0d760cabca85f2df5dbe19b62aca7a3e3e0b6e48f7e173345f2753c458d639cc2e222eeee4cfb5e89ac1c5060044414056709a43a7f1a6f1e4f2c3d708c48912634be08ad6da1fff92d9c0d4b85e4bc8a8b1c27de84c04eb1e6577c10693500af46beaf7bd2ce72a06a46f4e565859f242cecbef1a431ae8096db712cebe73840bacc64de6b99077ba1ca8c20e5d0b4870bd161f087abbf568dfef58e604068ca6f7cdea183c8681c306bc30cb223e7c5ce3a2fcf00d13e158475b3700ef62dcca46c57baecca4d91052e20b861a1a085d5fc8e99aed8c4a9cfd550d01e54ef5062133befcf7f9ea6a5a1d1575a72cd82279f34030203010001a321301f301d0603551d0e04160414ec7ccdaf8ccdc6dd1b87d4b561582ad8ec397b80300d06092a864886f70d01010b0500038201010014c557ecddc17ba8b979618036e7093b8e7307f624644532c31239f4dc83fd9424267ca7670fa9f78689cbc5bfd8a6312fdc214bd159d614a8753ceec0f2b2d9166217895b13c992e1d10ca625a3153dacfa51dbdb7fde139bd59510f5add29f88be3826b445ce7386dcf06577be72fbdf118fa81179091fad275981409e02d40422d8e86df5827a2c496a4b905b4825c3f1ba0af4cf509bf9b0d4d608cf0b4320ac60d1a8cbcc384de24f11a4c93c0fc5b887cbd6855871af1b1ef729c51a8a123efc6a627b6494e81a264587443b9156ad17772863c2f9685fae9c72a552b333f8ef2822bce5d4d178e45b3a8dd4e321924f6a5ba43f732971a9e74cbf0433), time=2 ms
07-11 12:03:25.692  3120  3120 D CppPanelService: BEGIN: Initializing panel application via MSG_CREATE_PANEL_APP.
07-11 12:03:25.693  3120  3120 I AndroidPanelApp: Created
07-11 12:03:25.694  1941  2788 I VrRuntimeClient: SetTextureSwapChainSamplerState: No change in sampler state.
07-11 12:03:25.694  3120  3120 V LifecycleAwareViewModelStore: LifecycleAwareViewModelStore created
07-11 12:03:25.694  3120  3120 V LifecycleAwarePanelApp: PanelApp initial lifecycle started and moved from state INITIALIZED to state RESUMED
07-11 12:03:25.697  2075  2329 D [SEO] ShellApplication: notify OS to set com.oculus.systemux/com.oculus.panelapp.controlbar.ControlBarPanelService to FOREGROUND
07-11 12:03:25.698  3120  3120 I [SUI] ConsumerConfiguration: Setting SystemUX Configuration and Policy Settings.
07-11 12:03:25.699  2075  2329 I [SEO] SystemUXController: OnReorient(reason: 3)
07-11 12:03:25.699  3120  3120 D [SUI] AnytimeUIBroadcastReceiver: requestCaptureState being sent
07-11 12:03:25.699  2075  2329 I [SEO] TelemetryProvider: aui_reorient system 0 0 0 
07-11 12:03:25.699  2075  2329 I [SEO] FlowController: UpdateActiveFlow from DesktopFlow to GuardianSetupFlow
07-11 12:03:25.699  2075  2329 I [SEO] GuardianSetupFlow: GuardianSetupFlow Activated
07-11 12:03:25.699  2075  2329 I [SEO] InputManager: Should render Hands system gestures icons: no
07-11 12:03:25.699  2075  2329 I [SEO] PanelAppOSLifecycleNotificationManager: Sending frameState isForeground:1 to OS for app com.oculus.systemux/com.oculus.panelapp.controlbar.ControlBarPanelService
07-11 12:03:25.699  2075  2329 I [SEO] PanelAppOSLifecycleNotificationManager: Sending frameState isForeground:1 to OS for app com.oculus.systemux/com.oculus.panelapp.anytimeui.AnytimeUIAndroidPanelService
07-11 12:03:25.700  3120  5366 D QuickPromotionController: Initialized and enabled.
07-11 12:03:25.700  3120  5366 D QuickPromotionController: Fetching Quick Promotions for all surfaces.
07-11 12:03:25.700  3120  5366 D QuickPromotionController: Initialized and enabled.
07-11 12:03:25.700  3120  5366 D QuickPromotionController: Set access token.
07-11 12:03:25.700  1975  2081 I Clay    : EnvironmentSystem: setCurrentEnvironment from '' to 'apk://com.oculus.environment.prod.dome/assets/scene.zip'. Computed visibility: Hidden (reason: LayerRendering)
07-11 12:03:25.700  1975  2081 I Clay    : OpenXR: set refresh-rate: 72.000000Hz
07-11 12:03:25.700  2075  2329 I [SEO] ShellFrameAnalytics: Shell Heartbeat focusedPanelTimeSpent: {"3":27} visibleTimeSpent: {"3":27} inputTimeSpent: {"gaze":27} inputClickCount: {} mouseMoveTimeSpent: 0 mouseScrollTimeSpent: 0 physicalKeyboardConnectedTimeSpent: 0 physicalKeyboardTrackedTimeSpent: 0 quickActionsMenuActivations: 0 quickActionsMenuTimeSpent: 0 quickActionsMenuSessionLengths: [] quickActionsMenuSelections: {} handTrackingOptIn: 1 handTrackingAutoTransition: 1
07-11 12:03:25.700  3120  3120 D [SUI] StatusViewModel: Constructing ViewModel
07-11 12:03:25.700  2075  2329 I [SEO] LocalSpace: Reset - initialRawFromLocalPose: quat(-0.111073, 0.326151, 0.141967, 0.927973), translation(-0.631115, -0.080392, -0.899736)
07-11 12:03:25.700  2075  2329 I [SEO] LocalSpace: Applying VRAPI Reorient, the reorient reason is 3
07-11 12:03:25.701  1253  2328 I VrRuntimeService: RuntimeServiceSDKServer::RecenterLocalSpace
07-11 12:03:25.701  1253  2328 I VrRuntimeService: RuntimeServiceSDKServer::RecenterLocalSpaceInternal
07-11 12:03:25.701  1253  2328 I VrRuntimeServer: UpdateLocalSpace: Src: 2, Version: 23, VersionUser: 0, RawFloorHeightOld: -0.288202, RawFloorHeightNew: -0.288202
07-11 12:03:25.701   855  5331 I [CT]    : VIPER: [Throttled count=1] Environment brightness changed from 0 to 1
07-11 12:03:25.702  3120  5366 D QuickPromotionController: Fetched Quick Promotions for all surfaces.
07-11 12:03:25.704   855  5365 I [CT]    : CONSTELLATION: R: Not reinitializing 6DoF filter yet (no valid pose from matching).
07-11 12:03:25.704   855  5365 I [CT]    : CONSTELLATION:VISION_STATUS: adf260742d57ae23 (R): BlobDetection:[#BlobsDetected=(20.00, 0.00)]Matching:[MatchSuccess=0.000, MatchCost=(0.00000, 0.00000), #MatchedBlobs=(0.00, 0.00), #MatchedLeds=(0.00, 0.00), RematchM=0.000, SkipRefine=0.000] MatchMethod:[Prox=0.000, ConstBrute=0.000, UnconstBrute=0.000] MatchResets[AnomBlobSize=0.000, SharedMatch=0.000, DenseReacq=0.000] | Fusion:[FusionError=0.000, ImuFromCamMs=(22.284, 0.000), RematchF=0.000] FusionUpdates:[Successful=0.000, Reliable=0.000, TightFusion=0.000, FullPose=0.000, StaticPrior=0.000, StaticForHandTrans=0.000, PoseUpdateMD=(0.0000, 0.0000)] FusionResets[6DoFReset=1.000, ResetSuccess=0.000] FusionStatus[HasPosition=0.000, HasVelocity=0.000] 
07-11 12:03:25.704  2075  2329 I [SEO] TelemetryProvider: AUI visibility false, TaskBar visibility false, forced true
07-11 12:03:25.704   855  5365 I [CT]    : TIMESTAMPCHECKER: Received first Camera-Constellation capture timestamp: 962.457042000 [sec]
07-11 12:03:25.705   855  5365 I [CT]    : CONSTELLATION: L: Not reinitializing 6DoF filter yet (no valid pose from matching).
07-11 12:03:25.705   855  5365 I [CT]    : CONSTELLATION:VISION_STATUS: dc36774d072f3cbd (L): BlobDetection:[#BlobsDetected=(20.00, 0.00)]Matching:[MatchSuccess=0.000, MatchCost=(0.00000, 0.00000), #MatchedBlobs=(0.00, 0.00), #MatchedLeds=(0.00, 0.00), RematchM=0.000, SkipRefine=0.000] MatchMethod:[Prox=0.000, ConstBrute=0.000, UnconstBrute=0.000] MatchResets[AnomBlobSize=0.000, SharedMatch=0.000, DenseReacq=0.000] | Fusion:[FusionError=0.000, ImuFromCamMs=(22.504, 0.000), RematchF=0.000] FusionUpdates:[Successful=0.000, Reliable=0.000, TightFusion=0.000, FullPose=0.000, StaticPrior=0.000, StaticForHandTrans=1.000, PoseUpdateMD=(0.0000, 0.0000)] FusionResets[6DoFReset=1.000, ResetSuccess=0.000] FusionStatus[HasPosition=0.000, HasVelocity=0.000] 
07-11 12:03:25.705   855  5365 I [CT]    : TIMESTAMPCHECKER: Received first Camera-Constellation capture timestamp: 962.457042000 [sec]
07-11 12:03:25.706   539   539 I hwservicemanager: getTransport: Cannot find entry vendor.oculus.hardware.battery@1.0::IBattery/default in either framework or device manifest.
07-11 12:03:25.706  3120  3120 D External Battery: Battery Service not available
07-11 12:03:25.706  2909  3027 I VrGuardianService: GuardianSDKServer::SendRenderModeConditions
07-11 12:03:25.707  1253  3013 I VrRuntimeService: RuntimeServiceSDKServer::SetGuardianSystemState: 3470851528
07-11 12:03:25.707  2909  3018 I GuardianSystem: UpdateGuardianSystemState: Flags changed: 1593352, 544776, SYSTEM_ROOM_SCALE_ACTIVE,SYSTEM_RELOCALIZING,SYSTEM_TRACKING_LOST,SYSTEM_GUARDIAN_VALID,SYSTEM_PLAYSPACE_SCAN_WARNING to SYSTEM_ROOM_SCALE_ACTIVE,SYSTEM_RELOCALIZING,SYSTEM_TRACKING_LOST,SYSTEM_GUARDIAN_VALID
07-11 12:03:25.707  2909  3018 I GuardianSystem: UpdateSystem: Responding to local space version number change.
07-11 12:03:25.708  2909  3018 I GuardianSurfaceMgr: ForceShowSurfaceBounds: false, 1.00
07-11 12:03:25.708  2909  3018 I GuardianSurfaceMgr: ForceShowSurfaceBounds: Soft fade out: currentTime 967.36, ForceShowTime 968.36, ForceShowFadeTime 969.36
07-11 12:03:25.708  2909  3027 I GuardianSystem: ForceShowGuardian: false, 1.00
07-11 12:03:25.708  2909  3027 I GuardianSystem: ForceShowGuardian: Soft fade out: 1.00
07-11 12:03:25.709  3120  3120 D [SUI] StatusViewModel: Initializing wifi status BroadcastReceiver
07-11 12:03:25.709  1975  2081 I Clay    : EnvironmentSystem: computed visibility changed from Hidden to Visible (reason: <none>)
07-11 12:03:25.709  1975  2081 I Clay    : EnvironmentSystem: Loading 'apk://com.oculus.environment.prod.dome/assets/scene.zip' as asset package
07-11 12:03:25.709  2075  2329 I [SEO] VrPlatformOpenXr: xrPollEvent: received XR_TYPE_EVENT_DATA_REFERENCE_SPACE_CHANGE_PENDING event
07-11 12:03:25.709  1975  2081 I Clay    : xrPollEvent: REFERENCE_SPACE_CHANGE_PENDING
07-11 12:03:25.710  3120  3120 D [SUI] StatusViewModel: Initialized wifi status BroadcastReceiver
07-11 12:03:25.712  3120  3120 D [SUI] AnytimeUIPanelAppBase: Acquiring viewModel StatusViewModel refCount: 1
07-11 12:03:25.714  2700  2700 W VRLifecycleManager: onHeadsetMounted
07-11 12:03:25.721  2075  2329 I [SEO] LocalSpace: New Space: quat(-0.125053, 0.012747, 0.100606, 0.986954), translation(0.000000, 0.213397, 0.000000) - Prior Space: quat(-0.125053, 0.012747, 0.100606, 0.986954), translation(0.000000, 0.213397, 0.000000)
07-11 12:03:25.721  2075  2329 I [SEO] LocalSpace: Local space version from 20 to 21, local space user version from 0 to 0.
07-11 12:03:25.722  2075  2329 I [SEO] SystemUXController: OnReorient(reason: 3)
07-11 12:03:25.724  1941  2788 I [OAO] VrPlatformOpenXr: xrPollEvent: received XR_TYPE_EVENT_DATA_REFERENCE_SPACE_CHANGE_PENDING event
07-11 12:03:25.728  2075  2329 I [SEO] TelemetryProvider: aui_reorient system 0 0 0 
07-11 12:03:25.729  1975  2081 I Clay    : EnvironmentSystem: computed visibility changed from Visible to Hidden (reason: LayerRendering)
07-11 12:03:25.731  2075  2075 D [SEO] ShellControlBroadcastReceiver: onReceive with MainActivity native pointer 3565976912, action com.oculus.systemactivities.CAPTURE_STATE_UPDATE
07-11 12:03:25.731  2075  2075 D [SEO] ShellApplication: isTrustedAppLaunch early exit. Not a trusted action.com.oculus.systemactivities.CAPTURE_STATE_UPDATE
07-11 12:03:25.731  2075  2075 D [SEO] ShellControlBroadcastReceiver: isLaunchAction = false, isTrustedAppLaunch = false
07-11 12:03:25.731  2075  2075 D [SEO] ShellControlBroadcastReceiver: IsCaptureStateUpdateAction
07-11 12:03:25.733   736  5307 E FrameSetDispatcher: [HEADSET] Client pid=855 (855): Failed to read from receive FMQ for 1 packets in 5000ms.
07-11 12:03:25.733   736  5307 E FrameSetDispatcher: This probably means this client is taking more than 33 ms to process the frame.
07-11 12:03:25.733   736  5307 E FrameSetDispatcher: Retrying.
07-11 12:03:25.734   855  5363 W [CT]    : EXPCTRL: Failed to find exposure settings in history.Setting the exposure commands is probably taking more than 3/4 frames
07-11 12:03:25.745  1941  1941 D DeviceHelper: isScreenOn = true
07-11 12:03:25.746  1941  1941 D [OAO] ShellOverlayBroadcastReceiver: onReceive with ShellOverlayService native pointer 3754646720, action com.oculus.systemactivities.CAPTURE_STATE_UPDATE
07-11 12:03:25.746  1253  5305 I CompositorVR: SetSchedFifo( tid=3018, pol=2, pri=0 ) succeeded
07-11 12:03:25.747  1253  5305 I CompositorVR: SetSchedFifo( tid=3398, pol=2, pri=0 ) succeeded
07-11 12:03:25.747  1253  5305 I CompositorVR: SetSchedFifo( tid=3411, pol=2, pri=0 ) succeeded
07-11 12:03:25.751   855  5255 W [CT]    : MatchOutlierRejection: Too few stereo matches, performs non-stereo outlier rejection
07-11 12:03:25.753   855  5255 I [CT]    : MatchOutlierRejection: Matches: 187, Stereo matches: 0, Inlier ratio: 0.44919786
07-11 12:03:25.753   855  5255 I [CT]    : VIPER:VIO: VIO refused to initialize: VIO did not try to initialize, most likely because not enough frames have been added.
07-11 12:03:25.756   855  5255 I [CT]    : VEGA:PERCEPTUAL_HM: Forcing PerceptualTrackingStatus to Orientation because we're initializing.
07-11 12:03:25.756   855  5331 I [CT]    : VIPER: Added frame to tracking init, queue size is 1 of max 1 and we are not initialized.
07-11 12:03:25.756   855  5331 W [CT]    : VIPER: Frame Tracking [0.054923645 [sec]s] exceeded camera sampling time [0.033333333 [sec]s].
07-11 12:03:25.760   855  5331 I [CT]    : VIPER: Added frame to tracking init, queue size is 1 of max 1 and we are not initialized.
07-11 12:03:25.770   855  5331 I [CT]    : VIPER: Added frame to tracking init, queue size is 1 of max 1 and we are not initialized.
07-11 12:03:25.771  2597  5341 I WM-GreedyScheduler: Ignoring schedule request in a secondary process
07-11 12:03:25.772  1941  2788 I [OAO] LocalSpace: New Space: quat(-0.137937, -0.125918, 0.082057, 0.978971), translation(-0.039410, 0.213397, -1.057051) - Prior Space: quat(-0.137937, -0.125918, 0.082057, 0.978971), translation(-0.039410, 0.213397, -1.057051)
07-11 12:03:25.772  1941  2788 I [OAO] LocalSpace: Local space version from 19 to 20, local space user version from 0 to 0.
07-11 12:03:25.773  3120  3137 W System  : A resource failed to call release. 
07-11 12:03:25.773  3120  3137 I chatty  : uid=10034(com.oculus.systemux) FinalizerDaemon identical 2 lines
07-11 12:03:25.773  3120  3137 W System  : A resource failed to call release. 
07-11 12:03:25.798   849  1232 W [CT]    : MIXEDREALITY: MrRuntimeCompute: compute: Dropping frameset type 1 timestamp 967.409998963 due to expiry, max expiry duration 18.000000000000004 ms, stereo start delay 29 ms.
07-11 12:03:25.800  3120  3120 I [SUI] AirlinkUtils: Initializing AirLink feature (secure pairing: true)
07-11 12:03:25.800  3120  3120 I [SUI] AnytimeUIAndroidPanelApp: Creating AUI PanelApp, isInOverlay: false, instanceCount: 2
07-11 12:03:25.803  3120  5366 I [SUI] AirlinkUtils: Retrieved already stored certificate
07-11 12:03:25.803  3120  5366 I [SUI] AirlinkUtils: Passing certificate to XRSPBroker: Cert(length: 996), Key(length: 1711)
07-11 12:03:25.803  3120  5366 D OsSdk   : XrspBroker: setALEnabled 1
07-11 12:03:25.803  3120  5366 W OsSdk   : registerStateObserver v4 ignored - already registered 0x7819bc2dc0
07-11 12:03:25.803  3120  5366 E OsSdk   : Failed to register internal state observer
07-11 12:03:25.803   855  1162 I [CT]    : VIPER:LOCALIZER: Validating using a pose that is 0.16 [sec] old.
07-11 12:03:25.804   855  1162 W [CT]    : VIPER:LOCALIZER: Localization priors not provided to LocalizationValidator
07-11 12:03:25.804  3120  5366 I [SUI] XrspBrokerHelper: Set AirLink Enabled Secured: 1
07-11 12:03:25.804   900   933 D xrspd   : setALEnabled 1
07-11 12:03:25.804   855  5331 I [CT]    : VIPER: Added frame to tracking init, queue size is 1 of max 1 and we are not initialized.
07-11 12:03:25.805  3120  5366 I [SUI] XrspBrokerHelper: PairingStateObserver v4 registered: 0x77b32e7300
07-11 12:03:25.806   900   933 D xrspd   : setAlinkEnabledCallback enabled with existing cert and key, ignoring
07-11 12:03:25.806  3120  3120 D [SUI] AnytimeUIBroadcastReceiver: requestCaptureState being sent
07-11 12:03:25.806  3120  5366 I [SUI] XrspBrokerHelper: Get Secure Pairing State: Disconnected
07-11 12:03:25.807  3120  3120 D [SUI] SocialViewModel: Constructing ViewModel
07-11 12:03:25.808  3120  3120 D [SUI] AnytimeUIPanelAppBase: Acquiring viewModel SocialViewModel refCount: 1
07-11 12:03:25.808  3120  3120 D [SUI] DynamicAppsViewModel: Initializing pinned apps
07-11 12:03:25.808  3120  3120 D [SUI] AnytimeUIPanelAppBase: Acquiring viewModel DynamicAppsViewModel refCount: 1
07-11 12:03:25.808  3120  3120 D [SUI] SharingViewModel: Constructing ViewModel
07-11 12:03:25.825  3120  3120 D [SUI] SharingViewModel: clearAbuseReportRecordingTimer
07-11 12:03:25.825  2700  2731 I .socialplatfor: Background concurrent copying GC freed 6510(894KB) AllocSpace objects, 6(120KB) LOS objects, 49% free, 2510KB/5021KB, paused 75us total 159.026ms
07-11 12:03:25.825  3120  3120 D [SUI] AnytimeUIPanelAppBase: Acquiring viewModel SharingViewModel refCount: 1
07-11 12:03:25.825  3120  3120 I AndroidPanelApp: HideLayer(#main, shape: 1, shouldMinimizeLayer: false)
07-11 12:03:25.826  1034  1777 I DisplayManagerService: Display device added: DisplayDeviceInfo{"com.oculus.android_panel_app.AndroidPanelLayer-#main": uniqueId="virtual:com.oculus.systemux,10034,com.oculus.android_panel_app.AndroidPanelLayer-#main,2", 640 x 1000, modeId 44, defaultModeId 44, supportedModes [{id=44, width=640, height=1000, fps=60.0}], colorMode 0, supportedColorModes [0], HdrCapabilities null, density 160, 160.0 x 160.0 dpi, appVsyncOff 0, presDeadline 16666666, touch NONE, rotation 0, type VIRTUAL, state OFF, owner com.oculus.systemux (uid 10034), FLAG_PRIVATE, FLAG_NEVER_BLANK, FLAG_OWN_CONTENT_ONLY}
07-11 12:03:25.836  3120  3120 D [SUI] BarViewModel: Constructing BarViewModel
07-11 12:03:25.837  3120  3120 D [SUI] AnytimeUIPanelAppBase: Acquiring viewModel BarViewModel refCount: 1
07-11 12:03:25.837  3120  3120 D [SUI] SettingsViewModel: Constructing ViewModel
07-11 12:03:25.837  2909  3018 I StateMachine: StateMachine::Update TrackingLost: tooBright -> TooBright
07-11 12:03:25.838  2909  3018 I GuardianSystem: Environment Status changed: 33 to 36
07-11 12:03:25.840   855  1162 I [CT]    : VIPER:LOCALIZER: Vio not initialized. Keep validating. Current numOfValidations 1.
07-11 12:03:25.841   855  1162 I [CT]    : VIPER:LOCALIZER: Validating using a pose that is 0.03 [sec] old.
07-11 12:03:25.841   855  1162 W [CT]    : VIPER:LOCALIZER: Localization priors not provided to LocalizationValidator
07-11 12:03:25.844  3120  3120 D [SUI] AnytimeUIPanelAppBase: Acquiring viewModel StatusViewModel refCount: 2
07-11 12:03:25.858   855  5255 W [CT]    : MatchOutlierRejection: Too few stereo matches, performs non-stereo outlier rejection
07-11 12:03:25.861   855  5255 I [CT]    : MatchOutlierRejection: Matches: 103, Stereo matches: 1, Inlier ratio: 0.2815534
07-11 12:03:25.861   855  5255 I [CT]    : VIPER:VIO: VIO refused to initialize: VIO did not try to initialize, most likely because not enough frames have been added.
07-11 12:03:25.863   855  5255 I [CT]    : VEGA:PERCEPTUAL_HM: Forcing PerceptualTrackingStatus to Orientation because we're initializing.
07-11 12:03:25.863   855  5331 I [CT]    : VIPER: Added frame to tracking init, queue size is 1 of max 1 and we are not initialized.
07-11 12:03:25.869  1034  1055 W InputReader: Device has associated, but no associated display id.
07-11 12:03:25.869   855  5331 I [CT]    : VIPER: Added frame to tracking init, queue size is 1 of max 1 and we are not initialized.
07-11 12:03:25.870  3120  5383 D CCodec  : allocate(c2.android.raw.decoder)
07-11 12:03:25.870   840  1402 V C2Store : in init
07-11 12:03:25.870   840  1402 V C2Store : loading dll
07-11 12:03:25.879  2909  3018 I StateMachine: StateMachine::Update TrackingLost: lost -> Lost
07-11 12:03:25.879  2909  3018 I GuardianSystem: Environment Status changed: 36 to 33
07-11 12:03:25.881  1034  1057 W InputReader: Device has associated, but no associated display id.
07-11 12:03:25.881  1034  1057 I ActivityTaskManager: Override config changes=20005df8 {0.0 ?mcc?mnc ?localeList ?layoutDir sw640dp w640dp h1000dp 160dpi lrg port ?uimode ?night -touch qwerty/v/v -nav/h winConfig={ mBounds=Rect(0, 0 - 640, 1000) mAppBounds=Rect(0, 0 - 640, 1000) mWindowingMode=fullscreen mDisplayWindowingMode=fullscreen mActivityType=undefined mAlwaysOnTop=undefined mRotation=ROTATION_0}} for displayId=43
07-11 12:03:25.882  3120  5383 I CCodec  : Created component [c2.android.raw.decoder]
07-11 12:03:25.883  3120  5383 D CCodecConfig: read media type: audio/raw
07-11 12:03:25.887  2075  2075 D [SEO] ShellControlBroadcastReceiver: onReceive with MainActivity native pointer 3565976912, action com.oculus.systemactivities.CAPTURE_STATE_UPDATE
07-11 12:03:25.887  2075  2075 D [SEO] ShellApplication: isTrustedAppLaunch early exit. Not a trusted action.com.oculus.systemactivities.CAPTURE_STATE_UPDATE
07-11 12:03:25.887  2075  2075 D [SEO] ShellControlBroadcastReceiver: isLaunchAction = false, isTrustedAppLaunch = false
07-11 12:03:25.887  2075  2075 D [SEO] ShellControlBroadcastReceiver: IsCaptureStateUpdateAction
07-11 12:03:25.890  3120  5383 D ReflectedParamUpdater: extent() != 1 for single value type: algo.buffers.max-count.values
07-11 12:03:25.890  3120  5383 D ReflectedParamUpdater: extent() != 1 for single value type: output.subscribed-indices.values
07-11 12:03:25.890  3120  5383 D ReflectedParamUpdater: extent() != 1 for single value type: input.buffers.allocator-ids.values
07-11 12:03:25.890  3120  5383 D ReflectedParamUpdater: extent() != 1 for single value type: output.buffers.allocator-ids.values
07-11 12:03:25.891  3120  5383 D ReflectedParamUpdater: extent() != 1 for single value type: algo.buffers.allocator-ids.values
07-11 12:03:25.891  3120  5383 D ReflectedParamUpdater: extent() != 1 for single value type: output.buffers.pool-ids.values
07-11 12:03:25.891  3120  5383 D ReflectedParamUpdater: extent() != 1 for single value type: algo.buffers.pool-ids.values
07-11 12:03:25.892  3120  5383 I CCodecConfig: query failed after returning 8 values (BAD_INDEX)
07-11 12:03:25.892  3120  5383 D CCodecConfig: c2 config diff is Dict {
07-11 12:03:25.892  3120  5383 D CCodecConfig:   c2::u32 coded.bitrate.value = 64000
07-11 12:03:25.892  3120  5383 D CCodecConfig:   c2::u32 input.buffers.max-size.value = 65536
07-11 12:03:25.892  3120  5383 D CCodecConfig:   c2::u32 input.delay.value = 0
07-11 12:03:25.892  3120  5383 D CCodecConfig:   string input.media-type.value = "audio/raw"
07-11 12:03:25.892  3120  5383 D CCodecConfig:   string output.media-type.value = "audio/raw"
07-11 12:03:25.892  3120  5383 D CCodecConfig:   c2::u32 raw.channel-count.value = 2
07-11 12:03:25.892  3120  5383 D CCodecConfig:   c2::u32 raw.pcm-encoding.value = 0
07-11 12:03:25.892  3120  5383 D CCodecConfig:   c2::u32 raw.sample-rate.value = 44100
07-11 12:03:25.892  3120  5383 D CCodecConfig: }
07-11 12:03:25.893  3120  5383 D CCodecConfig: no c2 equivalents for durationUs
07-11 12:03:25.893  3120  5383 D CCodecConfig: no c2 equivalents for track-id
07-11 12:03:25.893  3120  5383 D CCodecConfig: no c2 equivalents for bits-per-sample
07-11 12:03:25.893  3120  5383 D CCodecConfig: no c2 equivalents for channel-mask
07-11 12:03:25.893  3120  5383 D CCodecConfig: c2 config diff is   c2::u32 raw.channel-count.value = 1
07-11 12:03:25.893  3120  5383 D CCodecConfig:   c2::u32 raw.sample-rate.value = 48000
07-11 12:03:25.894  3120  5383 W Codec2Client: query -- param skipped: index = 1107298332.
07-11 12:03:25.894  3120  5383 D CCodec  : setup formats input: AMessage(what = 0x00000000) = {
07-11 12:03:25.894  3120  5383 D CCodec  :   int32_t channel-count = 1
07-11 12:03:25.894  3120  5383 D CCodec  :   int32_t max-input-size = 65536
07-11 12:03:25.894  3120  5383 D CCodec  :   string mime = "audio/raw"
07-11 12:03:25.894  3120  5383 D CCodec  :   int32_t pcm-encoding = 2
07-11 12:03:25.894  3120  5383 D CCodec  :   int32_t sample-rate = 48000
07-11 12:03:25.894  3120  5383 D CCodec  : } and output: AMessage(what = 0x00000000) = {
07-11 12:03:25.894  3120  5383 D CCodec  :   int32_t channel-count = 1
07-11 12:03:25.894  3120  5383 D CCodec  :   string mime = "audio/raw"
07-11 12:03:25.894  3120  5383 D CCodec  :   int32_t pcm-encoding = 2
07-11 12:03:25.894  3120  5383 D CCodec  :   int32_t sample-rate = 48000
07-11 12:03:25.894  3120  5383 D CCodec  :   int32_t channel-mask = 0
07-11 12:03:25.894  3120  5383 D CCodec  : }
07-11 12:03:25.906   855  5331 I [CT]    : VIPER: Added frame to tracking init, queue size is 1 of max 1 and we are not initialized.
07-11 12:03:25.909  3120  5383 W Codec2Client: query -- param skipped: index = 1342179345.
07-11 12:03:25.909  3120  5383 W Codec2Client: query -- param skipped: index = 2415921170.
07-11 12:03:25.910  1941  1941 D DeviceHelper: isScreenOn = true
07-11 12:03:25.910  1941  1941 D [OAO] ShellOverlayBroadcastReceiver: onReceive with ShellOverlayService native pointer 3754646720, action com.oculus.systemactivities.CAPTURE_STATE_UPDATE
07-11 12:03:25.910  3120  5383 D CCodecBufferChannel: [c2.android.raw.decoder#489] Created input block pool with allocatorID 16 => poolID 24 - OK (0)
07-11 12:03:25.911  3120  5383 I CCodecBufferChannel: [c2.android.raw.decoder#489] Created output block pool with allocatorID 16 => poolID 54 - OK
07-11 12:03:25.912  3120  5383 D CCodecBufferChannel: [c2.android.raw.decoder#489] Configured output block pool ids 54 => OK
07-11 12:03:25.915   855  5273 I [CT]    : TIMESTAMPCHECKER: Identified Magnetometer-IOHM sampling rate: 29.51 Hz
07-11 12:03:25.917   808  3642 D MediaBufferGroup: creating MemoryDealer
07-11 12:03:25.920   840  5384 D SimpleC2Component: Using output block pool with poolID 54 => got 54 - 0
07-11 12:03:25.936   855  5331 I [CT]    : VIPER: Added frame to tracking init, queue size is 1 of max 1 and we are not initialized.
07-11 12:03:25.945   855  1162 I [CT]    : VIPER:LOCALIZER: Vio not initialized. Keep validating. Current numOfValidations 2.
07-11 12:03:25.945   855  1162 I [CT]    : VIPER:LOCALIZER: Validating using a pose that is 0.09 [sec] old.
07-11 12:03:25.975  1545  1565 I nifiedtelemetr: Background young concurrent copying GC freed 25824(1750KB) AllocSpace objects, 4(208KB) LOS objects, 15% free, 5569KB/6559KB, paused 1.656ms total 233.895ms
07-11 12:03:25.980   855  1162 I [CT]    : VIPER:LOCALIZER: Vio not initialized. Keep validating. Current numOfValidations 3.
07-11 12:03:25.980   855  1162 I [CT]    : VIPER:LOCALIZER: Validating using a pose that is 0.03 [sec] old.
07-11 12:03:25.984   840  1399 D BufferPoolAccessor: Destruction - bufferpool2 0x3374eea430 cached: 0/0M, 0/0% in use; allocs: 0, 0% recycled; transfers: 0, 0% unfetced
07-11 12:03:25.984   840  1399 V C2Store : in ~ComponentModule
07-11 12:03:25.984   840  1399 V C2Store : unloading dll
07-11 12:03:25.993   855  5255 W [CT]    : MatchOutlierRejection: Too few stereo matches, performs non-stereo outlier rejection
07-11 12:03:25.994   855  5255 I [CT]    : MatchOutlierRejection: Matches: 123, Stereo matches: 0, Inlier ratio: 0.4715447
07-11 12:03:25.995   855  5255 I [CT]    : VIPER:VIO: VIO refused to initialize: VIO did not try to initialize, most likely because not enough frames have been added.
07-11 12:03:25.997   855  5255 I [CT]    : VEGA:PERCEPTUAL_HM: Forcing PerceptualTrackingStatus to Orientation because we're initializing.
07-11 12:03:25.997   855  5331 I [CT]    : VIPER: Added frame to tracking init, queue size is 1 of max 1 and we are not initialized.
07-11 12:03:26.000   855  5331 I [CT]    : TIMESTAMPCHECKER: Identified Camera-IOHM sampling rate: 30.00 Hz
07-11 12:03:26.002   855  5331 I [CT]    : VIPER: Added frame to tracking init, queue size is 1 of max 1 and we are not initialized.
07-11 12:03:26.020   855  1162 I [CT]    : VIPER:LOCALIZER: Vio not initialized. Keep validating. Current numOfValidations 4.
07-11 12:03:26.022   855  1162 I [CT]    : VIPER:LOCALIZER: Validating using a pose that is 0.03 [sec] old.
07-11 12:03:26.036   855  5331 I [CT]    : VIPER: Added frame to tracking init, queue size is 1 of max 1 and we are not initialized.
07-11 12:03:26.058  2700  3267 E PartyNativeModuleManager: Calling getCurrentPartyId but native code wasn't initialized. Noop.
07-11 12:03:26.060  2700  3267 W PartyNativeModuleManager: Calling nativeTearDown but native code wasn't initialized. Noop.
07-11 12:03:26.063  2700  3264 W ipcLoader_static: RuntimeIPC: Loader: ipc_GetTimestamp was called but missing from vtable!
07-11 12:03:26.063  2700  3264 W REFLECT : RuntimeIPC: !IsClientValid: MarkerPoint
07-11 12:03:26.063  2700  3264 E QplClient: (com.oculus.socialplatform) MarkerPoint failed!
07-11 12:03:26.064  2700  3264 W ipcLoader_static: RuntimeIPC: Loader: ipc_GetTimestamp was called but missing from vtable!
07-11 12:03:26.064  2700  3264 W REFLECT : RuntimeIPC: !IsClientValid: MarkerAnnotation
07-11 12:03:26.064  2700  3264 E QplClient: (com.oculus.socialplatform) MarkerAnnotation failed!
07-11 12:03:26.064  2700  3264 W ipcLoader_static: RuntimeIPC: Loader: ipc_GetTimestamp was called but missing from vtable!
07-11 12:03:26.064  2700  3264 W REFLECT : RuntimeIPC: !IsClientValid: MarkerEnd
07-11 12:03:26.064  2700  3264 E QplClient: (com.oculus.socialplatform) MarkerEnd failed!
07-11 12:03:26.064  2700  3264 W ipcLoader_static: RuntimeIPC: Loader: ipc_GetTimestamp was called but missing from vtable!
07-11 12:03:26.064  2700  3264 W REFLECT : RuntimeIPC: !IsClientValid: MarkerEnd
07-11 12:03:26.064  2700  3264 E QplClient: (com.oculus.socialplatform) MarkerEnd failed!
07-11 12:03:26.064  2700  3264 W ipcLoader_static: RuntimeIPC: Loader: ipc_GetTimestamp was called but missing from vtable!
07-11 12:03:26.064  2700  3264 W REFLECT : RuntimeIPC: !IsClientValid: MarkerStart
07-11 12:03:26.064  2700  3264 E QplClient: (com.oculus.socialplatform) MarkerStart failed!
07-11 12:03:26.064  2700  3264 W ipcLoader_static: RuntimeIPC: Loader: ipc_GetTimestamp was called but missing from vtable!
07-11 12:03:26.064  2700  3264 W REFLECT : RuntimeIPC: !IsClientValid: MarkerAnnotation
07-11 12:03:26.064  2700  3264 E QplClient: (com.oculus.socialplatform) MarkerAnnotation failed!
07-11 12:03:26.064  2700  3264 W ipcLoader_static: RuntimeIPC: Loader: ipc_GetTimestamp was called but missing from vtable!
07-11 12:03:26.064  2700  3264 W REFLECT : RuntimeIPC: !IsClientValid: MarkerAnnotation
07-11 12:03:26.064  2700  3264 E QplClient: (com.oculus.socialplatform) MarkerAnnotation failed!
07-11 12:03:26.064  2700  3264 W ipcLoader_static: RuntimeIPC: Loader: ipc_GetTimestamp was called but missing from vtable!
07-11 12:03:26.064  2700  3264 W REFLECT : RuntimeIPC: !IsClientValid: MarkerAnnotation
07-11 12:03:26.064  2700  3264 E QplClient: (com.oculus.socialplatform) MarkerAnnotation failed!
07-11 12:03:26.064  2700  3264 W ipcLoader_static: RuntimeIPC: Loader: ipc_GetTimestamp was called but missing from vtable!
07-11 12:03:26.064  2700  3264 W REFLECT : RuntimeIPC: !IsClientValid: MarkerAnnotation
07-11 12:03:26.064  2700  3264 E QplClient: (com.oculus.socialplatform) MarkerAnnotation failed!
07-11 12:03:26.064  2700  3264 W ipcLoader_static: RuntimeIPC: Loader: ipc_GetTimestamp was called but missing from vtable!
07-11 12:03:26.064  2700  3264 W REFLECT : RuntimeIPC: !IsClientValid: MarkerAnnotation
07-11 12:03:26.064  2700  3264 E QplClient: (com.oculus.socialplatform) MarkerAnnotation failed!
07-11 12:03:26.064  2700  3264 W ipcLoader_static: RuntimeIPC: Loader: ipc_GetTimestamp was called but missing from vtable!
07-11 12:03:26.064  2700  3264 W REFLECT : RuntimeIPC: !IsClientValid: MarkerAnnotation
07-11 12:03:26.064  2700  3264 E QplClient: (com.oculus.socialplatform) MarkerAnnotation failed!
07-11 12:03:26.069   855  5331 I [CT]    : VIPER: Added frame to tracking init, queue size is 1 of max 1 and we are not initialized.
07-11 12:03:26.069   855  5331 W [CT]    : VIPER: [Throttled count=42] StateBuffer: Could not get velocity from buffer. Not currently tracking in 6dof.
07-11 12:03:26.070  1253  2027 I PerformanceManager_V0: SetClockLevels: Apply pending clock request change: 2,3 -> 3,3
07-11 12:03:26.071  1253  1999 I Clocks  : ReleaseClocks - start
07-11 12:03:26.071  1253  1999 I Clocks  : ReleaseClocks - end (0.8 ms)
07-11 12:03:26.071  1253  1999 I Clocks  : LockClocks( cpu=3, gpu=3 ) - start
07-11 12:03:26.072  1253  1999 I Clocks  : CPU levels [0, 4]
07-11 12:03:26.072  1253  1999 I Clocks  : GPU levels [0, 5]
07-11 12:03:26.072  1253  1999 I Clocks  : LockClocks( cpu=3, gpu=3 ) - end (0.6 ms)
07-11 12:03:26.072   855  1162 I [CT]    : VIPER:LOCALIZER: Vio not initialized. Keep validating. Current numOfValidations 5.
07-11 12:03:26.072   855  1162 I [CT]    : VIPER:LOCALIZER: Validating using a pose that is 0.06 [sec] old.
07-11 12:03:26.096   855  1162 I [CT]    : VIPER:LOCALIZER: Vio not initialized. Keep validating. Current numOfValidations 6.
07-11 12:03:26.103   855  1162 I [CT]    : VIPER:LOCALIZER: Validating using a pose that is 0.03 [sec] old.
07-11 12:03:26.115  4994  5023 I WM-WorkerWrapper: Worker result SUCCESS for Work [ id=e6ed721a-6ca3-4816-996b-1f2b09b1e310, tags={ com.oculus.fitnesstracker.datasync.FitnessPublicKeyDownloadWorker } ]
07-11 12:03:26.117   855  5365 I [CT]    : TIMESTAMPCHECKER: Identified Camera-CHM sampling rate: 30.00 Hz
07-11 12:03:26.127   855  5255 W [CT]    : MatchOutlierRejection: Too few stereo matches, performs non-stereo outlier rejection
07-11 12:03:26.128   855  5255 I [CT]    : MatchOutlierRejection: Matches: 177, Stereo matches: 0, Inlier ratio: 0.53107345
07-11 12:03:26.128   855  5255 I [CT]    : VIPER:VIO: VIO refused to initialize: VIO did not try to initialize, most likely because not enough frames have been added.
07-11 12:03:26.130   855  5255 I [CT]    : VEGA:PERCEPTUAL_HM: Forcing PerceptualTrackingStatus to Orientation because we're initializing.
07-11 12:03:26.130   855  5331 I [CT]    : VIPER: Added frame to tracking init, queue size is 1 of max 1 and we are not initialized.
07-11 12:03:26.135   855  5331 I [CT]    : VIPER: Added frame to tracking init, queue size is 1 of max 1 and we are not initialized.
07-11 12:03:26.135   855  1162 I [CT]    : VIPER:LOCALIZER: Vio not initialized. Keep validating. Current numOfValidations 7.
07-11 12:03:26.135   855  1162 I [CT]    : VIPER:LOCALIZER: Validating using a pose that is 0.03 [sec] old.
07-11 12:03:26.157   855  1162 I [CT]    : VIPER:LOCALIZER: Vio not initialized. Keep validating. Current numOfValidations 8.
07-11 12:03:26.168   855  1162 I [CT]    : VIPER:LOCALIZER: Validating using a pose that is 0.03 [sec] old.
07-11 12:03:26.168   855  5331 I [CT]    : VIPER: Added frame to tracking init, queue size is 1 of max 1 and we are not initialized.
07-11 12:03:26.176  3120  3120 D [SUI] AnytimeUIPanelAppBase: Acquiring viewModel SettingsViewModel refCount: 1
07-11 12:03:26.177  3120  3120 D [SUI] AnytimeUIPanelAppBase: Acquiring viewModel SocialViewModel refCount: 2
07-11 12:03:26.177  3120  3120 D [SUI] AnytimeUIPanelAppBase: Acquiring viewModel StatusViewModel refCount: 3
07-11 12:03:26.177  3120  3120 D [SUI] ActiveCallBarViewModel: Constructing ActiveCallBarViewModel
07-11 12:03:26.177  3120  3120 D [SUI] AnytimeUIPanelAppBase: Acquiring viewModel SocialViewModel refCount: 3
07-11 12:03:26.177  3120  3120 I [SUI] PartiesCallBarViewModel: new ServicePresenceClient
07-11 12:03:26.183  3120  3120 I PresenceAPK(ServiceApiManager): Trying to bind to presence service API.
07-11 12:03:26.185  3120  3120 D PresenceAPK(PresenceClient): setEventListener id=SystemCallGroup
07-11 12:03:26.186  3120  3120 I PresenceAPK(GroupManager): addListener for id SystemCallGroup
07-11 12:03:26.186  3120  3120 D [SUI] MessengerCallBarViewModel: constructing MessengerCallBarViewModel
07-11 12:03:26.186  3120  3120 D [SUI] MessengerCallViewModel: constructing MessengerCallViewModel, instance count:8
07-11 12:03:26.187  3120  3120 D HyperspaceClient: acquire instance, refcount: 2
07-11 12:03:26.187  3120  3120 D [SUI] MessengerCallViewModel: hyperspace client created
07-11 12:03:26.188  3120  3120 D [SUI] AnytimeUIPanelAppBase: Acquiring viewModel MessengerCallViewModel refCount: 1
07-11 12:03:26.188  3120  3120 D [SUI] MessengerCallViewModel: registerObserver
07-11 12:03:26.188  3120  3120 D [SUI] AnytimeUIPanelAppBase: Acquiring viewModel ActiveCallBarViewModel refCount: 1
07-11 12:03:26.190  3120  3120 D [SUI] OnboardingTutorial: Initialize Onboarding Tutorial
07-11 12:03:26.192  3120  3120 D [SUI] OnboardingTutorial: Step is: SKIPPED
07-11 12:03:26.192  3120  3120 D [SUI] OnboardingTutorial: Not a first time user; skipping the tutorial
07-11 12:03:26.192  3120  3120 D [SUI] SystemStatusView: Initializing System Status
07-11 12:03:26.192  3120  3120 D [SUI] AnytimeUIPanelAppBase: Acquiring viewModel SocialViewModel refCount: 4
07-11 12:03:26.192  3120  3120 D [SUI] StatusViewModel: Constructing ViewModel
07-11 12:03:26.193   539   539 I hwservicemanager: getTransport: Cannot find entry vendor.oculus.hardware.battery@1.0::IBattery/default in either framework or device manifest.
07-11 12:03:26.194  3120  3120 D External Battery: Battery Service not available
07-11 12:03:26.195   855  1162 I [CT]    : VIPER:LOCALIZER: Vio not initialized. Keep validating. Current numOfValidations 9.
07-11 12:03:26.204   855  5331 I [CT]    : VIPER: Added frame to tracking init, queue size is 1 of max 1 and we are not initialized.
07-11 12:03:26.204   855  1162 I [CT]    : VIPER:LOCALIZER: Validating using a pose that is 0.03 [sec] old.
07-11 12:03:26.207  3120  3120 D [SUI] StatusViewModel: Initializing wifi status BroadcastReceiver
07-11 12:03:26.208  1545  5353 W ContextImpl: Calling a method in the system process without a qualified user: android.app.ContextImpl.sendBroadcast:1057 android.content.ContextWrapper.sendBroadcast:448 X.o8.A00:143 X.nw.A00:17 X.nw.handleMessage:90 
07-11 12:03:26.208  3120  3120 D [SUI] StatusViewModel: Initialized wifi status BroadcastReceiver
07-11 12:03:26.209   855  5365 W [CT]    : CONSTELLATION:MATCHING: Brute matching timed out after 2100 iterations WITHOUT a match.
07-11 12:03:26.213  3120  3120 D [SUI] AnytimeUIPanelAppBase: Acquiring viewModel BarViewModel refCount: 2
07-11 12:03:26.213  3120  3120 D [SUI] AnytimeUIPanelAppBase: Acquiring viewModel SystemStatusViewModel refCount: 1
07-11 12:03:26.213  3120  3120 D [SUI] SocialViewModel: registerObserver(): -$$Lambda$SystemStatusView$hvdttGlyfUmlGZJVTLPJRt2c5Fk
07-11 12:03:26.214  3120  3120 D [SUI] SystemStatusView: Initialized System Status
07-11 12:03:26.214  3120  3120 D [SUI] AnytimeUIPanelAppBase: Acquiring viewModel DynamicAppsViewModel refCount: 2
07-11 12:03:26.214  3120  3120 D [SUI] DynamicAppsView: Initializing dynamic apps view on bar
07-11 12:03:26.214  3120  3120 D [SUI] DestinationUIButtonView: Initializing running app navigation button
07-11 12:03:26.216  3120  3120 D [SUI] DestinationUIButtonView: Initialized running app navigation button
07-11 12:03:26.216  3120  3120 D [SUI] BarView: Initialized parties call bar
07-11 12:03:26.216  3120  3120 D [SUI] MessengerCallViewModel: registerObserver
07-11 12:03:26.216  3120  3120 D [SUI] BarView: Initialized messenger call bar
07-11 12:03:26.216  3120  3120 V [SUI] BarView: Subscribing to notifications badge live data
07-11 12:03:26.216  3120  3120 V [SUI] BarView: Notifs badge count: 0, Messenger badge count 0
07-11 12:03:26.241  1034  3510 I DisplayManagerService: Display device removed: DisplayDeviceInfo{"com.oculus.android_panel_app.AndroidPanelLayer-#main": uniqueId="virtual:com.oculus.systemux,10034,com.oculus.android_panel_app.AndroidPanelLayer-#main,2", 640 x 1000, modeId 44, defaultModeId 44, supportedModes [{id=44, width=640, height=1000, fps=60.0}], colorMode 0, supportedColorModes [0], HdrCapabilities null, density 160, 160.0 x 160.0 dpi, appVsyncOff 0, presDeadline 16666666, touch NONE, rotation 0, type VIRTUAL, state OFF, owner com.oculus.systemux (uid 10034), FLAG_PRIVATE, FLAG_NEVER_BLANK, FLAG_OWN_CONTENT_ONLY}
