07-11 13:00:08.993  1034  1054 D UsbDeviceManager: getAppliedFunctions will return 4294967301
07-11 13:00:09.026  1551  1551 D OculusNotificationListenerService: Notification removed: -1|android|32|null|1000
07-11 13:00:09.029  1975  9517 I chatty  : uid=10015(com.oculus.shellenv) expire 3 lines
07-11 13:00:09.035   900   930 D xrspd   : ep0 xrspd event ENABLE
07-11 13:00:09.035   900   930 D xrspd   : Setting event 2
07-11 13:00:09.035   899  9719 I adbd    : USB event: FUNCTIONFS_ENABLE
07-11 13:00:09.036   900  9734 D xrspd   : Starting FUNCTIONFS_ENABLE/FUNCTIONFS_RESUME debounce
07-11 13:00:09.036   900   930 D xrspd   : ep0 xrspd event ENABLE
07-11 13:00:09.036   900   930 D xrspd   : Setting event 2
07-11 13:00:09.036   900   930 D xrspd   : Debounce should have extended to 4372763
07-11 13:00:09.080  1551  1551 D OculusNotificationListenerService: Notification posted: -1|android|27|null|1000
07-11 13:00:09.121  3120  3120 D [SUI] NotificationBroadcastReceiver: action: com.oculus.intent.action.NOTIF_CHANGE
07-11 13:00:09.132  1975  9445 I chatty  : uid=10015(com.oculus.shellenv) expire 9 lines
07-11 13:00:09.132   840  9446 D BufferPoolAccessor: bufferpool2 0x3374eee630 : 3(98304 size) total buffers - 1(32768 size) used buffers - 1964/1969 (recycle/alloc) - 7/1965 (fetch/transfer)
07-11 13:00:09.162  3120  3120 V [SUI] BarView: Notifs badge count: 4, Messenger badge count 0
07-11 13:00:09.172  3120  3120 V [SUI] BarView: Notifs badge count: 4, Messenger badge count 0
07-11 13:00:09.532  1606  2988 I [CT]    : MIXEDREALITY: MrServiceModel: commitLayerState: (every 10 seconds), ImagesAndCompute: true, ImagesOnly: false, NoRequirement: false.
07-11 13:00:09.535  2909  3018 I GuardianInput: RightTrigger down
07-11 13:00:09.537   899   899 W adbd    : timeout expired while flushing socket, closing
07-11 13:00:09.789  2909  3018 I GuardianInput: RightTrigger up
07-11 13:00:09.808   855  8794 D TrackingService: [HANDTRACKING] Controller dc36774d072f3cbd in hand: N, valid: Y
07-11 13:00:09.848  2909  3027 I VrGuardianService: GuardianSDKServer::ForwardDialogResult
07-11 13:00:09.848  2909  3027 I GuardianSystem: ForwardDialogResult:completeDrawing
07-11 13:00:09.854  2909  3018 I GuardianDialogMgr: GuardianDialogMgr::ProcessDialogResultViaHandler: completeDrawing
07-11 13:00:09.854  2909  3018 I GuardianSetupStateMachine: GuardianSetupStateMachine::HandleResult: completeDrawing
07-11 13:00:09.854  2909  3018 I StateMachine: StateMachine::Update GuardianSetup: confirmedRoomscaleBoundary -> RoomscaleComplete
07-11 13:00:09.854  2909  3018 I GuardianSystem: SetOnDemandOneShotGuardianAudio: Setting next on-demand one-shot audio request to apk://com.oculus.guardianresources/assets/audio/gnux_boundary_complete.ogg at 1.00 volume.
07-11 13:00:09.854  2909  3018 I GuardianSystem: SetGuardianAudio: Requesting playback of on-demand one shot audio
07-11 13:00:09.854  2909  3018 I GuardianSetupHelper: SetConfigState: RecordingPolygon to PostRecordPolygon
07-11 13:00:09.855  1253  3013 I VrRuntimeService: RuntimeServiceSDKServer::SetGuardianPolygon: 3470851528, 470
07-11 13:00:09.855  1253  3013 I VrRuntimeServer: SetGuardianPolygon: 470
07-11 13:00:09.856  1253  3013 I VrRuntimeService: RuntimeServiceSDKServer::SetGuardianPolygon: 3470851528, 470
07-11 13:00:09.856  1253  3013 I VrRuntimeServer: SetGuardianPolygon: 470
07-11 13:00:09.856  2909  3018 I GuardianSystem: UpdateLocalSpaceToCurrentPose
07-11 13:00:09.856  1253  3013 I VrRuntimeService: RuntimeServiceSDKServer::UpdateLocalSpace
07-11 13:00:09.856  1253  3013 I VrRuntimeServer: UpdateLocalSpace: Src: 3, Version: 63, VersionUser: 0, RawFloorHeightOld: -1.010810, RawFloorHeightNew: -1.010810
07-11 13:00:09.858  2909  3018 I GuardianSurfaceMgr: ForceShowSurfaceBounds: false, 1.00
07-11 13:00:09.858  2909  3018 I GuardianSurfaceMgr: ForceShowSurfaceBounds: Soft fade out: currentTime 4371.59, ForceShowTime 4372.59, ForceShowFadeTime 4373.59
07-11 13:00:09.864  2909  3027 I VrGuardianService: GuardianSDKServer::SetGuardianHitDialog2 0
07-11 13:00:09.864  1975  2081 I chatty  : uid=10015(com.oculus.shellenv) OVR::ShellEnv expire 9 lines
07-11 13:00:09.869  2909  3018 I GuardianSystem: GuardianSystem::GetGuardianDialogDefinition shell_dialog_guardian_setup?dialogName=BOUNDARY_COMPLETE&temporarySurfaceType=0
07-11 13:00:09.871  2909  3018 I GuardianSystem: pendingDialogDefinition = {"type":"custom","dialogId":"GUARDIAN_BOUNDARY_COMPLETE","title":"Confirm Guardian Boundary","body":"Look around to check that this boundary is correctly positioned and clear of any obstructions, including anything you could hit with your arms outstretched.<br\/><br\/>This can be used for all sitting or standing experiences. If you get too close to the edge of your play area, your Guardian boundary will be visible in your VR experience to alert you.","switchList":[],"heroSpace":{"videoAutoLoops":true,"videoSourceUrl":"apk:\/\/com.oculus.guardianresources\/assets\/animatics\/06_CONFIRMATION.mp4","aspectRatio":1.649999976158142,"backgroundColor":"0xFF000000"},"primaryButton":{"action":"setupComplete","text":"Confirm"},"backButton":{"action":"startBoundaryMode"}}
07-11 13:00:09.871  2909  3018 I GuardianSystem: For renderSource [3] renderMode != desiredRenderMode: (3, 1, 1, 3, 2), (4, 1, 1, 3, 2)
07-11 13:00:09.871  1253  3013 I VrRuntimeService: RuntimeServiceSDKServer::SetGuardianPolygon: 3470851528, 470
07-11 13:00:09.871  1253  3013 I VrRuntimeServer: SetGuardianPolygon: 470
07-11 13:00:09.879   849  3165 I chatty  : uid=1000(system) mrsyssvc:main expire 9 lines
07-11 13:00:09.885  2909  3398 I GuardianWall: BuildFromPoints: Original: 470, New: 134, Triangles: 3432
07-11 13:00:09.889  2909  3027 I VrGuardianService: GuardianSDKServer::ClearPassthroughFlag
07-11 13:00:09.894  3120  3120 I [SUI] AndroidDialogPanelApp: handleShowDialog command received: dialogShow vrshell com.oculus.vrshell com.oculus.vrshell {"type":"custom","dialogId":"GUARDIAN_BOUNDARY_COMPLETE","title":"Confirm Guardian Boundary","body":"Look around to check that this boundary is correctly positioned and clear of any obstructions, including anything you could hit with your arms outstretched.<br\/><br\/>This can be used for all sitting or standing experiences. If you get too close to the edge of your play area, your Guardian boundary will be visible in your VR experience to alert you.","switchList":[],"heroSpace":{"videoAutoLoops":true,"videoSourceUrl":"apk:\/\/com.oculus.guardianresources\/assets\/animatics\/06_CONFIRMATION.mp4","aspectRatio":1.649999976158142,"backgroundColor":"0xFF000000"},"primaryButton":{"action":"setupComplete","text":"Confirm"},"backButton":{"action":"startBoundaryMode"}}
07-11 13:00:09.895   849  3165 I [CT]    : MIXEDREALITY: PlayspaceScanComputeCapability: MrChangePSSGuardianStatus
07-11 13:00:09.895  3120  3120 I [SUI] CustomDialog: Constructed CustomDialog.
07-11 13:00:09.933   809  1414 D NuPlayerDriver: NuPlayerDriver(0xf0133dc0) created, clientPid(3120)
07-11 13:00:09.938   809  1414 I Codec2Client: Creating a Codec2 client to service "software"
07-11 13:00:09.944   809  1414 I Codec2Client: Client to Codec2 service "software" created
07-11 13:00:09.957   809  9740 D GenericSource: FileSource remote
07-11 13:00:09.973   808  3496 I SampleTable: There are reordered frames present.
07-11 13:00:09.980   808  8484 D MediaBufferGroup: creating MemoryDealer
07-11 13:00:09.986  3120  3120 V MediaPlayer: resetDrmState:  mDrmInfo=null mDrmProvisioningThread=null mPrepareDrmInProgress=false mActiveDrmScheme=false
07-11 13:00:09.986  3120  3120 V MediaPlayer: cleanDrmObj: mDrmObj=null mDrmSessionId=null
07-11 13:00:09.987   809   809 D NuPlayerDriver: reset(0xf01335a0) at state 5
07-11 13:00:09.989  1292  1292 V AvrcpMediaPlayerList: onPlaybackConfigChanged(): Configs list size=8
07-11 13:00:10.012   838  1388 I OMX-VDEC-1080P: omx_vdec::component_deinit() complete
07-11 13:00:10.013   838  1388 I OMX-VDEC-1080P: Exit OMX vdec Destructor: fd=8
07-11 13:00:10.013   838  1388 E OMX-VDEC-1080P: vendor library not set in ro.vendor.extension_library
07-11 13:00:10.015   809  9729 D SurfaceUtils: disconnecting from surface 0xf019a008, reason disconnectFromSurface
07-11 13:00:10.025   809  9728 D SurfaceUtils: connecting to surface 0xf019a008, reason onShutdown
07-11 13:00:10.033   809  9721 D NuPlayerDriver: notifyResetComplete(0xf01335a0)
07-11 13:00:10.033   809   809 D SurfaceUtils: disconnecting from surface 0xf0186008, reason disconnectNativeWindow
07-11 13:00:10.035   899   899 I adbd    : UsbFfs: already offline
07-11 13:00:10.036   899   899 I adbd    : Calling send_auth_request...
07-11 13:00:10.036   809   809 W AMessage: failed to post message as target looper for handler 96 is gone.
07-11 13:00:10.041  3120  3120 I AndroidPanelApp: Processing pending show layer info for layer #main with width 384 and height 750.
07-11 13:00:10.041  3120  3120 I AndroidPanelApp: layerSupersample no changes
07-11 13:00:10.048   809   809 D SurfaceUtils: connecting to surface 0xf0186008, reason setVideoSurfaceTexture
07-11 13:00:10.049   809  9739 D NuPlayer: onSetVideoSurface(0xf0186800, no video decoder)
07-11 13:00:10.055  1292  1292 V AvrcpMediaPlayerList: onPlaybackConfigChanged(): Configs list size=8
07-11 13:00:10.056   809  9739 I GenericSource: start
07-11 13:00:10.058  3120  3120 I AndroidPanelApp: Processing next frame action "layerShow" for layer "#main"
07-11 13:00:10.061   899   899 I /system/bin/adbd: adbd_auth: loading keys from /data/misc/adb/adb_keys
07-11 13:00:10.062   899   899 I adbd    : adb client authorized
07-11 13:00:10.081   809  9747 I OMXClient: IOmx service obtained
07-11 13:00:10.082   838  1388 I OMXMaster: makeComponentInstance(OMX.qcom.video.decoder.hevc) in android.hardwar process
07-11 13:00:10.091   838  1388 E OMX-VDEC-1080P: vendor library not set in ro.vendor.extension_library
07-11 13:00:10.096   838  1388 I OMX-VDEC-1080P: component_init: OMX.qcom.video.decoder.hevc : fd=8
07-11 13:00:10.110   838  1388 I OMX-VDEC-1080P: omx_vdec::component_init() success : fd=8
07-11 13:00:10.118   809  9745 D SurfaceUtils: disconnecting from surface 0xf0186808, reason onConfigure
07-11 13:00:10.121   809  9746 D SurfaceUtils: connecting to surface 0xf0186808, reason connectToSurface
07-11 13:00:10.122   809  9746 I MediaCodec: [OMX.qcom.video.decoder.hevc] setting surface generation to 828423
07-11 13:00:10.122   809  9746 D SurfaceUtils: disconnecting from surface 0xf0186808, reason connectToSurface(reconnect)
07-11 13:00:10.122   809  9746 D SurfaceUtils: connecting to surface 0xf0186808, reason connectToSurface(reconnect)
07-11 13:00:10.137   838  3888 E OMXNodeInstance: getConfig(0xf7069604:qcom.decoder.hevc, ??(0x7f000062)) ERROR: UnsupportedSetting(0x80001019)
07-11 13:00:10.138   809  9746 I MediaCodec: MediaCodec will operate in async mode
07-11 13:00:10.164   809  9747 D SurfaceUtils: set up nativeWindow 0xf0186808 for 512x310, color 0x7fa30c06, rotation 0, usage 0x20002900
07-11 13:00:10.220   838   964 E OMXNodeInstance: getConfig(0xf7069604:qcom.decoder.hevc, ??(0x7f000062)) ERROR: UnsupportedSetting(0x80001019)
07-11 13:00:10.241   809  9747 D SurfaceUtils: set up nativeWindow 0xf0186808 for 512x312, color 0x7fa30c06, rotation 0, usage 0x20002900
07-11 13:00:10.277   838   964 E OMXNodeInstance: getConfig(0xf7069604:qcom.decoder.hevc, ??(0x7f000062)) ERROR: UnsupportedSetting(0x80001019)
07-11 13:00:10.290  3120  3144 W MediaPlayerNative: info/warning (3, 0)
07-11 13:00:10.299  2909  3027 I VrGuardianService: GuardianSDKServer::SetGuardianHitDialog2 1
07-11 13:00:10.312  2909  3018 W GuardianOpenXrMgr: @@@ wait frame retry=10 dtWait=0.000000 dtFrame=0.044589 submittedFrameIndex=24766
07-11 13:00:10.816  2909  3018 I GuardianInput: RightTrigger down
07-11 13:00:11.036   900  9734 D xrspd   : Debounce condition complete
07-11 13:00:11.036   900  9734 D xrspd   : No callback to invoke
07-11 13:00:11.040  2909  3018 I GuardianInput: RightTrigger up
07-11 13:00:11.101  2909  3027 I VrGuardianService: GuardianSDKServer::ForwardDialogResult
07-11 13:00:11.101  2909  3027 I GuardianSystem: ForwardDialogResult:setupComplete
07-11 13:00:11.110  2909  3018 I GuardianDialogMgr: GuardianDialogMgr::ProcessDialogResultViaHandler: setupComplete
07-11 13:00:11.110  2909  3018 I GuardianSetupStateMachine: GuardianSetupStateMachine::HandleResult: setupComplete
07-11 13:00:11.113  2909  3018 I UnifiedTelemetryWrapper: Started UT session guardian_boundary
07-11 13:00:11.113  2909  3018 I [CT]    : GuardianMapDataMgr: GuardianMapDataMgr::SetActiveGuardianValid anchorUuid = a3480b66-631e-2cae-2583-e08bd940d7bf (4)
07-11 13:00:11.113  2909  3018 I [CT]    : SpatialAnchorContainer: persistAnchor: Saving transient anchor: a3480b66-631e-2cae-2583-e08bd940d7bf
07-11 13:00:11.113  2909  3018 W OpenXR_Anchor: xrSpatialEntitySaveSpaceFB: experimental function deprecated; Switch to using xrSaveSpaceFB
07-11 13:00:11.114   855  3694 I chatty  : uid=1000(system) Binder:855_3 expire 2 lines
07-11 13:00:11.114  2909  3371 I ipcLoader_static: RuntimeIPC: Loader: IPC Service API Loader Version: 28 Jun 17 2022 12:29:33
07-11 13:00:11.114  2909  3371 I RuntimeIPCApi: ipc_Initialize
07-11 13:00:11.114  2909  3371 I RuntimeIPCServiceClient: Init: Already initialized: com.oculus.vrguardianservice, 6
07-11 13:00:11.114  2909  3371 I RuntimeIPCServiceMethodsNative: EnsureServiceStarted: SPS userMode is already IPC_USER_CURRENT
07-11 13:00:11.114  2909  3018 I [CT]    : SpatialAnchor: Begin saving roomscale space: a3480b66-631e-2cae-2583-e08bd940d7bf request: 34
07-11 13:00:11.115  1253  3013 I VrRuntimeService: RuntimeServiceSDKServer::SetGuardianSystemState: 3470851528
07-11 13:00:11.116  2909  3018 I GuardianSystem: ForceShowGuardian: false, 1.00
07-11 13:00:11.116  2909  3018 I GuardianSystem: ForceShowGuardian: Soft fade out: 1.00
07-11 13:00:11.116  2909  3018 I GuardianSystem: UpdateLocalSpaceToCurrentPose
07-11 13:00:11.116  1253  3013 I VrRuntimeService: RuntimeServiceSDKServer::SetGuardianSystemState: 3470851528
07-11 13:00:11.116  2909  3018 I GuardianSystem: UpdateGuardianSystemState: Flags changed: 3416072, 3940360, SYSTEM_ROOM_SCALE_ACTIVE,SYSTEM_GUARDIAN_VISIBLE,SYSTEM_SYSTEM_PT_VISIBLE,SYSTEM_PLAYSPACE_SCAN_WARNING,SYSTEM_SHOULD_USE_GUARDIAN_RAY to SYSTEM_ROOM_SCALE_ACTIVE,SYSTEM_GUARDIAN_VISIBLE,SYSTEM_SYSTEM_PT_VISIBLE,SYSTEM_GUARDIAN_VALID,SYSTEM_PLAYSPACE_SCAN_WARNING,SYSTEM_SHOULD_USE_GUARDIAN_RAY
07-11 13:00:11.117  1253  3013 I VrRuntimeService: RuntimeServiceSDKServer::UpdateLocalSpace
07-11 13:00:11.117  1253  3013 I VrRuntimeServer: UpdateLocalSpace: Src: 3, Version: 64, VersionUser: 0, RawFloorHeightOld: -1.010810, RawFloorHeightNew: -1.010810
07-11 13:00:11.118  1253  3013 I VrRuntimeService: RuntimeServiceSDKServer::UpdateLocalSpace
07-11 13:00:11.118  1253  3013 I VrRuntimeServer: UpdateLocalSpace: Src: 3, Version: 65, VersionUser: 0, RawFloorHeightOld: -1.010810, RawFloorHeightNew: -1.010810
07-11 13:00:11.118  1253  3013 I VrRuntimeService: RuntimeServiceSDKServer::SetGuardianPolygon: 3470851528, 470
07-11 13:00:11.118  1253  3013 I VrRuntimeServer: SetGuardianPolygon: 470
07-11 13:00:11.118  2909  3018 I GuardianSetupHelper: SetConfigState: PostRecordPolygon to None
07-11 13:00:11.118  1253  3013 I VrRuntimeService: RuntimeServiceSDKServer::SetGuardianPolygon: 3470851528, 470
07-11 13:00:11.118  1253  3013 I VrRuntimeServer: SetGuardianPolygon: 470
07-11 13:00:11.119  2909  3018 I GuardianSurfaceMgr: ForceShowSurfaceBounds: false, 1.00
07-11 13:00:11.119  2909  3018 I GuardianSurfaceMgr: ForceShowSurfaceBounds: Soft fade out: currentTime 4372.85, ForceShowTime 4373.85, ForceShowFadeTime 4374.85
07-11 13:00:11.119  2909  3018 I GuardianSystem: UpdateLocalSpaceToCurrentPose
07-11 13:00:11.119  1253  3013 I VrRuntimeService: RuntimeServiceSDKServer::SetGuardianSystemState: 3470851528
07-11 13:00:11.119  2909  3018 I GuardianSystem: UpdateGuardianSystemState: Flags changed: 3940360, 1843208, SYSTEM_ROOM_SCALE_ACTIVE,SYSTEM_GUARDIAN_VISIBLE,SYSTEM_SYSTEM_PT_VISIBLE,SYSTEM_GUARDIAN_VALID,SYSTEM_PLAYSPACE_SCAN_WARNING,SYSTEM_SHOULD_USE_GUARDIAN_RAY to SYSTEM_ROOM_SCALE_ACTIVE,SYSTEM_GUARDIAN_VISIBLE,SYSTEM_SYSTEM_PT_VISIBLE,SYSTEM_GUARDIAN_VALID,SYSTEM_PLAYSPACE_SCAN_WARNING
07-11 13:00:11.119  1253  3013 I VrRuntimeService: RuntimeServiceSDKServer::UpdateLocalSpace
07-11 13:00:11.119  1253  3013 I VrRuntimeServer: UpdateLocalSpace: Src: 3, Version: 66, VersionUser: 0, RawFloorHeightOld: -1.010810, RawFloorHeightNew: -1.010810
07-11 13:00:11.119  2909  3018 I GuardianSurfaceMgr: GuardianSurfaceMgr::SetActiveBoundToCurrentBound: active bound set to 1. Active surface ID set to 4294967295.
07-11 13:00:11.120  1253  3013 I VrRuntimeService: RuntimeServiceSDKServer::SetGuardianPolygon: 3470851528, 470
07-11 13:00:11.120  1253  3013 I VrRuntimeServer: SetGuardianPolygon: 470
07-11 13:00:11.120  2909  3018 I GuardianSystem: For renderSource [3] renderMode != desiredRenderMode: (4, 1, 1, 3, 2), (3, 3, 2, 0, 2)
07-11 13:00:11.120  1253  3013 I VrRuntimeService: RuntimeServiceSDKServer::SetGuardianPolygon: 3470851528, 470
07-11 13:00:11.120  1253  3013 I VrRuntimeServer: SetGuardianPolygon: 470
07-11 13:00:11.120  2909  3018 I StateMachine: StateMachine::Update GuardianSetup: setupNotActive -> NotInSetup
07-11 13:00:11.121  2909  3018 I [CT]    : GobbBuilder: StopThread
07-11 13:00:11.121  2909  3018 I GuardianSetupHelper: ShutdownPaintBuffers
07-11 13:00:11.123  2909  3018 I GuardianSystem: For renderSource [3] renderMode != desiredRenderMode: (3, 3, 2, 0, 2), (4, 1, 1, 0, 2)
07-11 13:00:11.123  1253  3013 I VrRuntimeService: RuntimeServiceSDKServer::SetGuardianPolygon: 3470851528, 470
07-11 13:00:11.123  1253  3013 I VrRuntimeServer: SetGuardianPolygon: 470
07-11 13:00:11.123  2909  3018 I GuardianSystem: UpdateSystem: Responding to local space version number change.
07-11 13:00:11.124  2909  3018 I GuardianSurfaceMgr: ForceShowSurfaceBounds: false, 1.00
07-11 13:00:11.124  2909  3018 I GuardianSurfaceMgr: ForceShowSurfaceBounds: Soft fade out: currentTime 4372.85, ForceShowTime 4373.85, ForceShowFadeTime 4374.85
07-11 13:00:11.124  2909  3018 I GuardianSurfaceMgr: ForceShowSurfaceBounds: false, 1.00
07-11 13:00:11.124  2909  3018 I GuardianSurfaceMgr: ForceShowSurfaceBounds: Soft fade out: currentTime 4372.85, ForceShowTime 4373.85, ForceShowFadeTime 4374.85
07-11 13:00:11.128  2909  3018 I GuardianSystem: pendingDialogDefinition = 
07-11 13:00:11.128  2909  3018 I GuardianSystem: SetGuardianAudio: Requesting stop of persistent audio
07-11 13:00:11.128  2909  3018 I GuardianSystem: For renderSource [3] renderMode != desiredRenderMode: (4, 1, 1, 0, 2), (3, 3, 2, 0, 2)
07-11 13:00:11.129  1253  3013 I VrRuntimeService: RuntimeServiceSDKServer::SetGuardianPolygon: 3470851528, 470
07-11 13:00:11.129  1253  3013 I VrRuntimeServer: SetGuardianPolygon: 470
07-11 13:00:11.129  2909  3398 I GuardianWall: BuildFromPoints: Original: 470, New: 134, Triangles: 3432
07-11 13:00:11.138  1941  2968 I chatty  : uid=10023(com.oculus.vrshell) Thread-11 expire 1 line
07-11 13:00:11.140  1962  1962 I AnchorPersistenceService: onCreate()
07-11 13:00:11.142  2909  3371 I RuntimeIPCClientMgr: ConnectToServer: UserID correct: anchor_persistence_server_0 -> anchor_persistence_server_0
07-11 13:00:11.143  3120  3120 I [SUI] AnytimeUIAndroidPanelApp: handleUpdateHandDialog: Destroying Active Layers.
07-11 13:00:11.145   849  3165 I [CT]    : MIXEDREALITY: PlayspaceScanComputeCapability: MrChangePSSGuardianData
07-11 13:00:11.145   849  3165 I [CT]    : MIXEDREALITY: IntrusionDetectionComputeCapability: MrChangeIDGuardianData
07-11 13:00:11.145  2909  3397 I GuardianRender: ~~Sending Freespace Guardian event MR_FREESPACE_GUARDIAN_SETUP_ENDED
07-11 13:00:11.146  2909  3371 D RuntimeIPCClientMgr: TryToGetIPCResourcesFromServer: Server process hasn't registered yet: Client: com.oculus.guardian:com.oculus.vrguardianservice:2909, Server: com.facebook.spatial_persistence_service:com.facebook.spatial_persistence_service (anchor_persistence_server_0)
07-11 13:00:11.152  2909  3027 I VrGuardianService: GuardianSDKServer::ClearPassthroughFlag
07-11 13:00:11.153  2909  3027 I VrGuardianService: GuardianSDKServer::SendRenderModeConditions
07-11 13:00:11.153  2909  3027 I GuardianSystem: ForceShowGuardian: false, 1.00
07-11 13:00:11.153  2909  3027 I GuardianSystem: ForceShowGuardian: Soft fade out: 1.00
07-11 13:00:11.155  3120  3120 I [SUI] AnytimeUIAndroidPanelApp: handleUpdateHandDialog: Destroying Active Layers.
07-11 13:00:11.156  3120  3120 D CppPanelService: onDestroy()
07-11 13:00:11.157  3120  3120 I PanelService: VR Shell socket closed(0); shutting down fd: 54
07-11 13:00:11.157  3120  3120 I PanelService: Quitting application via hardExit flag. Shutting down fd 54.
07-11 13:00:11.157  3120  3120 V LifecycleAwareViewModelStore: LifecycleAwareViewModelStore destroyed
07-11 13:00:11.157  3120  3120 V LifecycleAwarePanelApp: PanelApp lifecycle moved to final state: DESTROYED
07-11 13:00:11.157  3120  3120 I AndroidPanelApp: Destroyed
07-11 13:00:11.159  3120  3120 V MediaPlayer: resetDrmState:  mDrmInfo=null mDrmProvisioningThread=null mPrepareDrmInProgress=false mActiveDrmScheme=false
07-11 13:00:11.159  3120  3120 V MediaPlayer: cleanDrmObj: mDrmObj=null mDrmSessionId=null
07-11 13:00:11.159   809   809 D NuPlayerDriver: reset(0xf0133dc0) at state 5
07-11 13:00:11.161  1606  2988 I [CT]    : MIXEDREALITY: MrRuntimeImpl: onPause, for capability 1. Target device 0.
07-11 13:00:11.161   849  3165 I [CT]    : MIXEDREALITY: MrSystemServiceIPCServer: MrSystemServiceIPCServer::ChangeMrCapabilityStatus from 1670723570, request was 1/0
07-11 13:00:11.161   849  3165 I [CT]    : MIXEDREALITY: MrRuntimeCompute: onStop: Playspace.
07-11 13:00:11.161   849  3165 I [CT]    : MR:Capability: Playspace capability: stop received from 1670723570
07-11 13:00:11.161   849  3165 I [CT]    : MIXEDREALITY: PlayspaceScanComputeCapability: onStop: Deleting Playspace Scan.
07-11 13:00:11.161   849  3165 I [CT]    : MIXEDREALITY: PlayspaceScanTelemetry: PlayspaceScanComputeTelemetry over 22.9 seconds:
07-11 13:00:11.161   849  3165 I [CT]    : MIXEDREALITY: PlayspaceScanTelemetry: - using online cal: yes, calibration age: 8176.0 minutes
07-11 13:00:11.161   849  3165 I [CT]    : MIXEDREALITY: PlayspaceScanTelemetry: - frames processed (stereo/depth): 1370.0 (1370.0/0.0)
07-11 13:00:11.161   849  3165 I [CT]    : MIXEDREALITY: PlayspaceScanTelemetry: - mvs: possible: 5660840.0, actual: 2409625.0, intra frame: 2220583.0
07-11 13:00:11.161   849  3165 I [CT]    : MIXEDREALITY: PlayspaceScanTelemetry: - mvs checks: left-right: 455785.0, filter: 408165.0, epipolar: 154086.0
07-11 13:00:11.161   849  3165 I [CT]    : MIXEDREALITY: PlayspaceScanTelemetry: - refinement: refine: 74641.0, temporal hist: 220486.0
07-11 13:00:11.161   849  3165 I [CT]    : MIXEDREALITY: PlayspaceScanTelemetry: - points: new: 76440.0, prior: 206352.0, primary: 66790.0, secondary: 140669.0
07-11 13:00:11.161   849  3165 I [CT]    : MIXEDREALITY: PlayspaceScanTelemetry: - per frame: primary: 0.0,40.7,214.0, secondary: 0.0,41.0,270.0
07-11 13:00:11.161   849  3165 I [CT]    : MIXEDREALITY: PlayspaceScanTelemetry: - rejected stereo points (min/avg/max): 0/7.3701015/51
07-11 13:00:11.161   849  3165 I [CT]    : MIXEDREALITY: PlayspaceScanTelemetry: - stereo depths (min/avg/max): 0.49957937/1.5486604/1.9283626 m
07-11 13:00:11.161   849  3165 I [CT]    : MIXEDREALITY: PlayspaceScanTelemetry: - voxels (min/avg/max): touched: 0/2.0391872/50, removed: 0/1.7082728/45
07-11 13:00:11.161   849  3165 I [CT]    : MIXEDREALITY: PlayspaceScanTelemetry:   floor voxels: 45, ceiling voxels: 0
07-11 13:00:11.161   849  3165 I [CT]    : MIXEDREALITY: PlayspaceScanTelemetry:   occupied voxels while drawing: inside: 105, outside: 0
07-11 13:00:11.161   849  3165 I [CT]    : MIXEDREALITY: PlayspaceScanTelemetry:   occupied voxels complete guardian: inside: 130, outside: 0
07-11 13:00:11.161   849  3165 I [CT]    : MIXEDREALITY: PlayspaceScanTelemetry: - occupied guardian area ratio (min/avg/max): 0/0.004565445/0.018137338
07-11 13:00:11.161   849  3165 I [CT]    : MIXEDREALITY: PlayspaceScanTelemetry: - device outside grid: 0
07-11 13:00:11.161   849  3165 I [CT]    : MIXEDREALITY: PlayspaceScanTelemetry: - rates: images: 30.043026, geometry: 30.043026 fps
07-11 13:00:11.161   849  3165 I [CT]    : MIXEDREALITY: PlayspaceScanTelemetry: - latencies (min/avg/max): stereo: 6.067447829991579/7.541028317064047/35.962291061878204, aggregation: 0.0010940000265691197/0.09035693074110895/1.6051570419222116, decay: 0.0022399999579647556/0.025579405701137148/1.3226040173321962 ms
07-11 13:00:11.161   849  3165 I [CT]    : MIXEDREALITY: PlayspaceScanComputeCapability: sendPlayspaceScanComputeTelemetry: Logging telemetry.
07-11 13:00:11.161   849  3165 I [CT]    : DenseVoxelGrid: ~DenseVoxelGrid
07-11 13:00:11.162   849  3165 I [CT]    : BOLTDEPTH: BoltDepthSystem: deactivateClient: depth client 1 is deactivated.
07-11 13:00:11.162   849  3165 I [CT]    : MIXEDREALITY: PlayspaceScanComputeCapability: MrChangePSSGuardianStatus
07-11 13:00:11.162   849  3165 I [CT]    : MIXEDREALITY: PlayspaceScanComputeCapability: MrNotifyPSSGuardianEvent
07-11 13:00:11.163  1292  1292 V AvrcpMediaPlayerList: onPlaybackConfigChanged(): Configs list size=7
07-11 13:00:11.167  2909  3027 I VrGuardianService: GuardianSDKServer::SetGuardianHitDialog2 0
07-11 13:00:11.168  1253  2933 I VrRuntimeService: DestroySwapChain: swapchain=359
07-11 13:00:11.189   899   899 W adbd    : timeout expired while flushing socket, closing
07-11 13:00:11.197  1551  1551 D OculusNotificationListenerService: Notification posted: 0|com.facebook.spatial_persistence_service|1|null|10059
07-11 13:00:11.203   838   964 I OMX-VDEC-1080P: omx_vdec::component_deinit() complete
07-11 13:00:11.205   838   964 I OMX-VDEC-1080P: Exit OMX vdec Destructor: fd=8
07-11 13:00:11.205   838   964 E OMX-VDEC-1080P: vendor library not set in ro.vendor.extension_library
07-11 13:00:11.211   809  9746 D SurfaceUtils: disconnecting from surface 0xf0186808, reason disconnectFromSurface
07-11 13:00:11.213   809  9745 D SurfaceUtils: connecting to surface 0xf0186808, reason onShutdown
07-11 13:00:11.224   809  9739 D NuPlayerDriver: notifyResetComplete(0xf0133dc0)
07-11 13:00:11.224   809   809 D SurfaceUtils: disconnecting from surface 0xf0186008, reason disconnectNativeWindow
07-11 13:00:11.226   809   809 W AMessage: failed to post message as target looper for handler 103 is gone.
07-11 13:00:11.228  1962  9768 I AnchorPersistenceService: onHandleIntent() Intent { cmp=com.facebook.spatial_persistence_service/.AnchorPersistenceService }
07-11 13:00:11.233   899   899 W adbd    : timeout expired while flushing socket, closing
07-11 13:00:11.234  1253  8768 I CompositorVR: SetSchedFifo( tid=3018, pol=2, pri=0 ) succeeded
07-11 13:00:11.234  1253  8768 I CompositorVR: SetSchedFifo( tid=3398, pol=2, pri=0 ) succeeded
07-11 13:00:11.235  1253  8768 I CompositorVR: SetSchedFifo( tid=3411, pol=2, pri=0 ) succeeded
07-11 13:00:09.036  1034  1054 D UsbDeviceManager: getAppliedFunctions will return 4294967301
07-11 13:00:11.242  1034  1053 I DisplayManagerService: Display device removed: DisplayDeviceInfo{"com.oculus.android_panel_app.AndroidPanelLayer-#main": uniqueId="virtual:com.oculus.systemux,10034,com.oculus.android_panel_app.AndroidPanelLayer-#main,3", 384 x 750, modeId 157, defaultModeId 157, supportedModes [{id=157, width=384, height=750, fps=60.0}], colorMode 0, supportedColorModes [0], HdrCapabilities null, density 160, 160.0 x 160.0 dpi, appVsyncOff 0, presDeadline 16666666, touch NONE, rotation 0, type VIRTUAL, state ON, owner com.oculus.systemux (uid 10034), FLAG_PRIVATE, FLAG_NEVER_BLANK, FLAG_OWN_CONTENT_ONLY}
07-11 13:00:11.244  3120  3120 D [SUI] NotificationBroadcastReceiver: action: com.oculus.intent.action.NOTIF_CHANGE
07-11 13:00:11.245  3120  3120 D [SUI] AnytimeUIAndroidPanelApp: Received appStatus from VrShell: [{"name":"com.oculus.explore\/com.oculus.explore.PanelService","panels":[{"panelId":3,"state":"Background"}]}]
07-11 13:00:11.245  3120  3120 I [SUI] AnytimeUIAndroidPanelApp: handleUpdateHandDialog: Destroying Active Layers.
07-11 13:00:11.245  3120  3120 D [SUI] AdapterUpdatesCoalescer: startDiffingInBackground
07-11 13:00:11.246  3120  3120 D [SUI] AdapterUpdatesCoalescer: There is no pending update
07-11 13:00:11.247  2909  3371 D RuntimeIPCClientMgr: TryToGetIPCResourcesFromServer: Server process hasn't registered yet: Client: com.oculus.guardian:com.oculus.vrguardianservice:2909, Server: com.facebook.spatial_persistence_service:com.facebook.spatial_persistence_service (anchor_persistence_server_0)
07-11 13:00:11.278  3120  3120 I [SUI] AnytimeUIAndroidPanelApp: handleUpdateHandDialog: Destroying Active Layers.
07-11 13:00:11.278  3120  3120 I chatty  : uid=10034 com.oculus.systemux:SystemUX identical 39 lines
07-11 13:00:11.288   599   998 D AudioFlinger: mixer(0x72096a20c0) throttle end: throttle time(4)
07-11 13:00:11.294  1962  9768 I AnchorPersistenceService:   cacheDir: /data/user/0/com.facebook.spatial_persistence_service/cache; filesDir: /data/user/0/com.facebook.spatial_persistence_service/files iaapiV2: false
07-11 13:00:11.296  1962  3449 D OsSdk   : TrackingServiceConnection ctor
07-11 13:00:11.296  1962  9768 I SweeperUtils: Checking /data/user/0/com.facebook.spatial_persistence_service/files for uninstalled apps with saved anchors.
07-11 13:00:11.297  1962  3449 I ipcLoader_static: RuntimeIPC: Loader: IPC Service API Loader Version: 28 Jun 17 2022 12:29:33
07-11 13:00:11.297  1962  3449 I RuntimeIPCApi: ipc_Initialize
07-11 13:00:11.308  1962  3449 I DeadlockObserver: Init SUCCESS
07-11 13:00:11.309  1962  3449 I RuntimeIPCServiceClient: Using OS RuntimeIPC Service
07-11 13:00:11.310  1962  9770 I DeadlockObserver: MainLoop starting
07-11 13:00:11.329  1962  3449 I AsyncTaskMgr: Init SUCCESS
07-11 13:00:11.329  1962  3449 I ServerStateMgr: Init
07-11 13:00:11.329  1962  3449 I RuntimeIPCServiceClientRPC: InitRPCToServiceInternal: Calling Methods->GetConnectInfo
07-11 13:00:11.330  1962  9771 I AsyncTaskMgr: MainLoop starting
07-11 13:00:11.333  1962  1962 I AnchorPersistenceService: onDestroy()
07-11 13:00:11.333   796   796 I RuntimeIPCService: CreateBrokerConnection: 1962:com.facebook.spatial_persistence_service:com.facebook.spatial_persistence_service
07-11 13:00:11.334  1962  3449 I RuntimeIPCServiceClientRPC: InitRPCToServiceInternal: Calling Helper.Init
07-11 13:00:11.334  1962  3449 I RuntimeIPCServiceClientRPC: InitRPCToServiceInternal: Calling InitBrokerHandler
07-11 13:00:11.336  1545  1565 I nifiedtelemetr: Background young concurrent copying GC freed 38268(2500KB) AllocSpace objects, 4(140KB) LOS objects, 41% free, 3341KB/5707KB, paused 382us total 105.805ms
07-11 13:00:11.338  1962  3449 I RuntimeIPCServiceClientRPC: InitRPCToServiceInternal: Success
07-11 13:00:11.338  1962  3449 I ServerStateMgr: Init
07-11 13:00:11.346  1551  1551 D OculusNotificationListenerService: Notification removed: 0|com.facebook.spatial_persistence_service|1|null|10059
07-11 13:00:11.348  1962  3449 I RuntimeIPCServiceClient: IPCMainLoopHandler: Init SUCCESS
07-11 13:00:11.348  1962  3449 I ServerStateBuffer: MaxEntries=64 MaxBufferSize=32768 StateBufferOffset=2600
07-11 13:00:11.348  1962  3449 I ServerStateMgr: Init
07-11 13:00:11.348  1962  3449 I RuntimeIPCServerMgr: RegisterServer: SUCCESS: com.facebook.spatial_persistence_service:com.facebook.spatial_persistence_service (anchor_persistence_server_0)
07-11 13:00:11.448  2909  3371 W ClientProcessConnector: GetProcessConnection: Re-establishing connection: com.facebook.spatial_persistence_service:com.facebook.spatial_persistence_service
07-11 13:00:11.454   796  2998 I RuntimeIPCService: RPC_BROKER_CREATE_PROCESS_CONNECTION: SUCCESS: Client: com.oculus.guardian:com.oculus.vrguardianservice:2909, Server: com.facebook.spatial_persistence_service:com.facebook.spatial_persistence_service:1962, SetBrokerHandlerCalled: 1
07-11 13:00:11.456  2909  3371 I ClientProcessConnector: GetProcessConnection: com.facebook.spatial_persistence_service:com.facebook.spatial_persistence_service
07-11 13:00:11.456  1962  9775 D RuntimeIPCServerMgr: RegisterClient: Client: com.oculus.guardian:com.oculus.vrguardianservice:2909, Server: com.facebook.spatial_persistence_service:com.facebook.spatial_persistence_service (anchor_persistence_server_0)
07-11 13:00:11.457  1962  9775 I IPCSharedMemory: CreateSharedMemory: Allocated shared memory fd 40 (ipcStateReadWrite)
07-11 13:00:11.457  1545  9769 W ContextImpl: Calling a method in the system process without a qualified user: android.app.ContextImpl.sendBroadcast:1057 android.content.ContextWrapper.sendBroadcast:448 X.o8.A00:143 X.nw.A00:17 X.nw.handleMessage:90 
07-11 13:00:11.458  1962  9775 I IPCSharedMemory: CreateSharedMemory: Allocated shared memory fd 54 (ipcReadOnlyState)
07-11 13:00:11.458  1962  9775 I RuntimeIPCServerMgr: Event buffer size (server): 8192
07-11 13:00:11.459  1962  9775 I IPCSharedMemory: CreateSharedMemory: Allocated shared memory fd 56 (ipcEventBuffer)
07-11 13:00:11.459  1962  9775 I IPCSharedMemory: CreateSharedMemory: Allocated shared memory fd 57 (ipcEventBuffer_Private)
07-11 13:00:11.460  1962  9775 I RuntimeIPCServerMgr: HandleClientConnect SUCCESS: Client: com.oculus.guardian:com.oculus.vrguardianservice:2909, Server: com.facebook.spatial_persistence_service:com.facebook.spatial_persistence_service (anchor_persistence_server_0)
07-11 13:00:11.461  1962  9776 W System.err: java.lang.ClassNotFoundException: com.oculus.packageintegrityclient.PackageIntegrityClient
07-11 13:00:11.468  1962  9776 W System.err: java.lang.ClassNotFoundException: com.oculus.packageintegrityclient.PackageIntegrityClient
07-11 13:00:11.468  1962  9775 I RuntimeIPCServerMgr: GetServerStatesConfig -> {MaxBufferSize=32768, MaxEntries=64}
07-11 13:00:11.468  2909  3371 I RuntimeIPCClientMgr: GetServerStatesConfig returned maxEntries=64, maxBuffSize=32768
07-11 13:00:11.468  2909  3371 I RuntimeIPCClientMgr: Event buffer size (client): 8192
07-11 13:00:11.468  2909  3371 I RuntimeIPCClientMgr: TryToGetIPCResourcesFromServer: RPC_CONNECTOR_CONNECT_TO_SERVER SUCCESS: Client: com.oculus.guardian:com.oculus.vrguardianservice:2909, Server: com.facebook.spatial_persistence_service:com.facebook.spatial_persistence_service (anchor_persistence_server_0)
07-11 13:00:11.468  2909  3371 I RuntimeIPCClientMgr: EnsureServerConnection: SUCCESS. Client: com.oculus.guardian:com.oculus.vrguardianservice:2909, Server: com.facebook.spatial_persistence_service:com.facebook.spatial_persistence_service (anchor_persistence_server_0)
07-11 13:00:11.468  2909  3371 I RuntimeIPCClientMgr: ConnectToServer: SUCCESS: Client: com.oculus.guardian:com.oculus.vrguardianservice:2909, Server: com.facebook.spatial_persistence_service:com.facebook.spatial_persistence_service (anchor_persistence_server_0)
07-11 13:00:11.468  2909  3371 I RuntimeIPCClientMgr: GetClientOptions
07-11 13:00:11.469  2909  3398 W OsSdk   : Requested historical tracking state too far in the past; oldest: 4372.912902s, requested: 4372.883231s
07-11 13:00:11.469  2909  3018 W GuardianOpenXrMgr: @@@ wait frame retry=10 dtWait=0.000001 dtFrame=0.345571 submittedFrameIndex=24825
07-11 13:00:11.470  1253  8768 I CompositorVR: SetSchedFifo( tid=3018, pol=5, pri=1 ) succeeded
07-11 13:00:11.471  1253  8768 I CompositorVR: SetSchedFifo( tid=3398, pol=5, pri=1 ) succeeded
07-11 13:00:11.471  1253  8768 I CompositorVR: SetSchedFifo( tid=3411, pol=5, pri=1 ) succeeded
07-11 13:00:11.472  2909  3018 I GuardianSystem: GuardianSystem::CancelToastNotification 3
07-11 13:00:11.472  2909  2909 V VrGuardianService: VrGuardianService: for user: 0 run: cancelUserNotification
07-11 13:00:11.472  2909  2909 D VrGuardianUserService: cancelUserNotification() : 3
07-11 13:00:11.473  2909  3398 I GuardianWall: BuildFromPoints: Original: 470, New: 134, Triangles: 3432
07-11 13:00:11.474  1962  9776 W System.err: java.lang.ClassNotFoundException: com.oculus.packageintegrityclient.PackageIntegrityClient
07-11 13:00:11.476  1962  9776 W System.err: java.lang.ClassNotFoundException: com.oculus.packageintegrityclient.PackageIntegrityClient
07-11 13:00:11.477  1253  2933 I VrRuntimeService: CreateSwapChain: 2285421117
07-11 13:00:11.477  1253  2933 I VrRuntimeService: CreateSwapChain: api:vk 0 0x2b 800 500 10 3 1 4 3
07-11 13:00:11.479  1253  2933 I VrRuntimeServer: CreateTextureSwapChain: result importswapchaingles 1
07-11 13:00:11.481  1962  9776 I [CT]    : AnchorPersistenceIpcRuntimeServer: checkRPC start: clientId:3470851528 givenPackageName:com.oculus.guardian
07-11 13:00:11.481  1962  9776 I [CT]    : AnchorPersistenceIpcRuntimeServer: checkRPC package name matches: clientId:3470851528 givenPackageName:com.oculus.guardian detectedPackageName:com.oculus.guardian clientIdTrustedStatus_.count:1
07-11 13:00:11.481  1962  9776 I [CT]    : AnchorPersistenceIpcRuntimeServer: checkStorageLocation clientId: 3470851528, location: 1
07-11 13:00:11.487  1253  2933 I VrRuntimeService: UpdateSwapChainSamplerState: 360
07-11 13:00:11.487  1253  2933 I VrRuntimeService: UpdateSwapChainSamplerState: minFilter=1 magFilter=1 wrapModeS=3 warpModeT=3 maxAniso=1.000000 border={0.000000,0.000000,0.000000,0.000000} swizzle={0,1,2,3}
07-11 13:00:11.488  3519  3591 I RCTVR   : AppState foreground
07-11 13:00:11.494  3519  3591 D QuickPromotionModule: Signal trigger 'app_foreground'.
07-11 13:00:11.495   849  3165 I [CT]    : MIXEDREALITY: PlayspaceScanComputeCapability: MrChangePSSGuardianData
07-11 13:00:11.495   849  3165 I [CT]    : MIXEDREALITY: IntrusionDetectionComputeCapability: MrChangeIDGuardianData
07-11 13:00:11.501  2909  3027 I VrGuardianService: GuardianSDKServer::SetGuardianHitDialog2 1
07-11 13:00:11.503  1034  3848 I DisplayManagerService: Display device added: DisplayDeviceInfo{"com.oculus.android_panel_app.AndroidPanelLayer-controlbar3": uniqueId="virtual:com.oculus.systemux,10034,com.oculus.android_panel_app.AndroidPanelLayer-controlbar3,0", 1000 x 40, modeId 158, defaultModeId 158, supportedModes [{id=158, width=1000, height=40, fps=60.0}], colorMode 0, supportedColorModes [0], HdrCapabilities null, density 160, 160.0 x 160.0 dpi, appVsyncOff 0, presDeadline 16666666, touch NONE, rotation 0, type VIRTUAL, state OFF, owner com.oculus.systemux (uid 10034), FLAG_PRIVATE, FLAG_NEVER_BLANK, FLAG_OWN_CONTENT_ONLY}
07-11 13:00:11.509  3519  3591 V RCTVRMEM: Total Allocated Space: 20646592, Total Free Space: 2995520, JavaScript Heap Size: 24728312
07-11 13:00:11.519  1253  3013 I VrRuntimeService: RuntimeServiceSDKServer::SetGuardianSystemState: 3470851528
07-11 13:00:11.519  2909  3018 I GuardianSystem: UpdateGuardianSystemState: Flags changed: 1843208, 1581064, SYSTEM_ROOM_SCALE_ACTIVE,SYSTEM_GUARDIAN_VISIBLE,SYSTEM_SYSTEM_PT_VISIBLE,SYSTEM_GUARDIAN_VALID,SYSTEM_PLAYSPACE_SCAN_WARNING to SYSTEM_ROOM_SCALE_ACTIVE,SYSTEM_GUARDIAN_VISIBLE,SYSTEM_GUARDIAN_VALID,SYSTEM_PLAYSPACE_SCAN_WARNING
07-11 13:00:11.520  2909  3018 I TREX    : Spatial Persistence event: SaveSpace
07-11 13:00:11.520  2909  3018 E [CT]    : SpatialAnchorContainer: Finished saving an anchor we have no record of: space 0xc000000000000ab
07-11 13:00:11.520  2909  3018 E [CT]    : SpatialAnchorContainer: Finished saving an anchor we have no record of: space 0xc000000000000ab
07-11 13:00:11.520  2909  3018 I GuardianJSONHelper: WriteJSONFile(ksJson*)
07-11 13:00:11.521  1034  1053 I DisplayManagerService: Display device removed: DisplayDeviceInfo{"com.oculus.android_panel_app.AndroidPanelLayer-controlbar3": uniqueId="virtual:com.oculus.systemux,10034,com.oculus.android_panel_app.AndroidPanelLayer-controlbar3,0", 1000 x 40, modeId 158, defaultModeId 158, supportedModes [{id=158, width=1000, height=40, fps=60.0}], colorMode 0, supportedColorModes [0], HdrCapabilities null, density 160, 160.0 x 160.0 dpi, appVsyncOff 0, presDeadline 16666666, touch NONE, rotation 0, type VIRTUAL, state OFF, owner com.oculus.systemux (uid 10034), FLAG_PRIVATE, FLAG_NEVER_BLANK, FLAG_OWN_CONTENT_ONLY}
07-11 13:00:11.526  1034  1053 I DisplayManagerService: Display device added: DisplayDeviceInfo{"com.oculus.android_panel_app.AndroidPanelLayer-controlbar3": uniqueId="virtual:com.oculus.systemux,10034,com.oculus.android_panel_app.AndroidPanelLayer-controlbar3,0", 800 x 40, modeId 159, defaultModeId 159, supportedModes [{id=159, width=800, height=40, fps=60.0}], colorMode 0, supportedColorModes [0], HdrCapabilities null, density 160, 160.0 x 160.0 dpi, appVsyncOff 0, presDeadline 16666666, touch NONE, rotation 0, type VIRTUAL, state OFF, owner com.oculus.systemux (uid 10034), FLAG_PRIVATE, FLAG_NEVER_BLANK, FLAG_OWN_CONTENT_ONLY}
07-11 13:00:11.527  2909  3018 V VrGuardianService: VrGuardianService: for user: 0 run: writeUserJSONFile
07-11 13:00:11.528  2909  3018 D VrGuardianUserService: getGuardianFilesDir() /data/user/0/com.oculus.guardian/files/guardian/
07-11 13:00:11.528  2909  3018 D VrGuardianUserService: VrGuardianService: saveUserFile() /data/user/0/com.oculus.guardian/files/guardian/guardian_info.json
07-11 13:00:11.529  2909  3018 I GuardianJSONHelper: GuardianJSONHelper::ParseJSONFile()
07-11 13:00:11.529  2909  3018 V VrGuardianService: VrGuardianService: for user: 0 run: readUserJSONFile
07-11 13:00:11.529  2909  3018 D VrGuardianUserService: getGuardianFilesDir() /data/user/0/com.oculus.guardian/files/guardian/
07-11 13:00:11.529  2909  3018 D VrGuardianUserService: VrGuardianService: loadUserFile() /data/user/0/com.oculus.guardian/files/guardian/guardian_info.json
07-11 13:00:11.531  2909  3018 I GuardianJSONHelper: GuardianJSONHelper::ParseJSONFile maps found.
07-11 13:00:11.534  2909  3018 W GuardianOpenXrMgr: @@@ wait frame retry=10 dtWait=0.000001 dtFrame=0.045797 submittedFrameIndex=24827
07-11 13:00:11.537  3519  3591 I nanovg  : Created new font page (index: 1, handle: 124) of size: 256x128
07-11 13:00:11.545  3519  3630 V RCTVRNET: Request complete: time=44 name=unknown docid= traceid=GKw7+g0HI9d code=200
07-11 13:00:11.560  3519  3609 W RCTVR_HERMES: [warn]: 'QuickPromotions', { type: 'oc_quick_promotion_client_events',
07-11 13:00:11.560  3519  3609 W RCTVR_HERMES:   action_name: 'dropped',
07-11 13:00:11.560  3519  3609 W RCTVR_HERMES:   trigger: 'app_foreground',
07-11 13:00:11.560  3519  3609 W RCTVR_HERMES:   promotion_id: '603810110204466',
07-11 13:00:11.560  3519  3609 W RCTVR_HERMES:   surface_id: 5259,
07-11 13:00:11.560  3519  3609 W RCTVR_HERMES:   message: 'Surface mismatch \'5259\' on \'5643\'.',
07-11 13:00:11.560  3519  3609 W RCTVR_HERMES:   logging_trace: '{"eligibility_status":"1","qp_status":"Public","qp_start_time":"1607671437","qp_end_time":"4102473600","nux_id":"5259","supports_dark_mode_image":"","uuid":"0e138a41-37a5-4887-8779-174df73b3207","viewer_id":"0","is_hscroll_unit":"","locale":"en_US"}' }
07-11 13:00:11.564  1606  3395 I [CT]    : MIXEDREALITY: MrFeatureStatus: Client status changed from Started to Paused.
07-11 13:00:11.564  1606  3395 I [CT]    : MIXEDREALITY: MrFeatureStatus: Target status Started, CurrentStatus: Started
07-11 13:00:11.564  2909  3397 I GuardianRender: Successfully changed mrSessionActiveMrRenderType_ from Passthrough to None
07-11 13:00:11.569  3519  3609 E RCTVR_HERMES: [error]: 'QuickPromotions', { type: 'oc_quick_promotion_client_events',
07-11 13:00:11.569  3519  3609 E RCTVR_HERMES:   action_name: 'dropped',
07-11 13:00:11.569  3519  3609 E RCTVR_HERMES:   trigger: 'app_foreground',
07-11 13:00:11.569  3519  3609 E RCTVR_HERMES:   promotion_id: '603810110204466',
07-11 13:00:11.569  3519  3609 E RCTVR_HERMES:   surface_id: 5259,
07-11 13:00:11.569  3519  3609 E RCTVR_HERMES:   message: 'Error in evaluating contextual filters.',
07-11 13:00:11.569  3519  3609 E RCTVR_HERMES:   logging_trace: '{"eligibility_status":"1","qp_status":"Public","qp_start_time":"1607671437","qp_end_time":"4102473600","nux_id":"5259","supports_dark_mode_image":"","uuid":"0e138a41-37a5-4887-8779-174df73b3207","viewer_id":"0","is_hscroll_unit":"","locale":"en_US"}' }
07-11 13:00:11.570  1606  2988 I [CT]    : MIXEDREALITY: MrSvc: PassthroughPresentationLayerImpl: Deallocating framebuffers for layer -1.
07-11 13:00:11.571  1253  3066 I VrRuntimeService: DestroySwapChain: swapchain=347
07-11 13:00:11.572  1253  3066 I VrRuntimeService: DestroySwapChain: swapchain=348
07-11 13:00:11.572  1606  2988 I [CT]    : MIXEDREALITY: PassthroughTelemetry: Passthrough rendering telemetry over 16.0 seconds:
07-11 13:00:11.572  1606  2988 I [CT]    : MIXEDREALITY: PassthroughTelemetry: - session duration: 46011.6 ms
07-11 13:00:11.572  1606  2988 I [CT]    : MIXEDREALITY: PassthroughTelemetry: - time to first render: -1000.0 ms
07-11 13:00:11.572  1606  2988 I [CT]    : MIXEDREALITY: PassthroughTelemetry: - time to first depth map: -1000.0 ms
07-11 13:00:11.572  1606  2988 I [CT]    : MIXEDREALITY: PassthroughTelemetry: - rates: rendering: 71.7/72.0, images: 30.0/0.0, geometry: 30.0, texture: 30.0, tex coord: 50.1 fps
07-11 13:00:11.572  1606  2988 I [CT]    : MIXEDREALITY: PassthroughTelemetry: - latencies (min/avg/max): stereo images: 10.7,17.3,33.2, color images: 0.0,0.0,0.0, photon-to-geometry: 41.9,54.3,73.9, photon-to-texture: 35.4,44.7,54.4 ms
07-11 13:00:11.572  1606  2988 I [CT]    : MIXEDREALITY: PassthroughTelemetry: - avg exp/gain grayscale: 0.7/1.0 color: 0.0/0.0
07-11 13:00:11.572  1606  2988 I [CT]    : MIXEDREALITY: PassthroughRenderingCapability: sendPassthroughRenderingTelemetry: Logging telemetry.
07-11 13:00:11.572  1606  2988 I [CT]    : MIXEDREALITY: MrRuntimeImpl: onPause, for capability 0. Target device 0.
07-11 13:00:11.572   849  3165 I [CT]    : MIXEDREALITY: PassthroughComputeCapability: MrChangePassthroughStatus
07-11 13:00:11.572   849  3165 I [CT]    : MIXEDREALITY: MrSystemServiceIPCServer: MrSystemServiceIPCServer::ChangeMrCapabilityStatus from 1670723570, request was 0/0
07-11 13:00:11.572   849  3165 I [CT]    : MIXEDREALITY: MrRuntimeCompute: onStop: Passthrough.
07-11 13:00:11.572   849  3165 I [CT]    : MR:Capability: Passthrough capability: stop received from 1670723570
07-11 13:00:11.572   849  3165 I [CT]    : MIXEDREALITY: PassthroughComputeCapability: onStop: Deleting Passthrough.
07-11 13:00:11.572   849  3165 I [CT]    : MIXEDREALITY: PassthroughTelemetry: Passthrough compute telemetry over 15.2 seconds:
07-11 13:00:11.572   849  3165 I [CT]    : MIXEDREALITY: PassthroughTelemetry: - using online cal: yes, calibration age: 8176.0 minutes
07-11 13:00:11.572   849  3165 I [CT]    : MIXEDREALITY: PassthroughTelemetry: - frames processed (stereo/depth): 456.0 (456.0/0.0)
07-11 13:00:11.572   849  3165 I [CT]    : MIXEDREALITY: PassthroughTelemetry: - avg exp/gain stereo: 0.5/1.0 depth: 0.0/0.0
07-11 13:00:11.572   849  3165 I [CT]    : MIXEDREALITY: PassthroughTelemetry: - mvs: possible: 1884192.0, actual: 639781.0, intra frame: 584516.0
07-11 13:00:11.572   849  3165 I [CT]    : MIXEDREALITY: PassthroughTelemetry: - mvs checks: left-right: 101580.0, filter: 83302.0, epipolar: 31713.0
07-11 13:00:11.573   849  3165 I [CT]    : MIXEDREALITY: PassthroughTelemetry: - refinement: refine: 18981.0, temporal hist: 47633.0
07-11 13:00:11.573   849  3165 I [CT]    : MIXEDREALITY: PassthroughTelemetry: - points: new: 19788.0, prior: 46810.0, primary: 31321.0, secondary: 15906.0
07-11 13:00:11.573   849  3165 I [CT]    : MIXEDREALITY: PassthroughTelemetry: - per frame: primary: 0.0,68.7,306.0, secondary: 0.0,34.9,172.0, prev mesh: 0.0,0.0,0.0 solver 10.6
07-11 13:00:11.573   849  3165 I [CT]    : MIXEDREALITY: PassthroughComputeCapability: sendComputeTelemetry: Logging telemetry.
07-11 13:00:11.573   849  3165 I [CT]    : MIXEDREALITY: PassthroughMesh: ~PassthroughMesh: Exiting.
07-11 13:00:11.573   849  3165 I [CT]    : BOLTDEPTH: BoltDepthSystem: deactivateClient: depth client 0 is deactivated.
07-11 13:00:11.573   849  3165 I [CT]    : MIXEDREALITY: MrRuntimeCompute: onStop: All capabilities are off, pausing stereo pipeline.
07-11 13:00:11.573   849  3165 I [CT]    : BOLTDEPTH: MotionVectorDisparityPipeline: onPause: No-op for MV disparity pipeline
07-11 13:00:11.573   849  3165 I [CT]    : MIXEDREALITY: ServiceLogic: sendMrEngine: Pause
07-11 13:00:11.574   736  9302 I FrameSetDispatcher: [HEADSET] Client thread stopping
07-11 13:00:11.574   736   736 I FrameSetDispatcher: [HEADSET] Client thread joined
07-11 13:00:11.574   736   736 I CameraClientManager: [HEADSET] Removed client - started clients: 3
07-11 13:00:11.576  2909  3018 W GuardianOpenXrMgr: @@@ wait frame retry=10 dtWait=0.000001 dtFrame=0.041970 submittedFrameIndex=24828
07-11 13:00:11.577   849  3165 I [CT]    : MIXEDREALITY: MrSystemService: FramesetTelemetry: valid: 450/450, stereo/depth/color: avail:  450/   0/   0, accepted %: 100.0/0.0/0.0, dropped %: 0.0/0.0/0.0, valid %: 100.0/0.0/0.0, textured %: 100.0/0.0/0.0.
07-11 13:00:11.577   849  3165 I [CT]    : MIXEDREALITY: MrSystemService: FramesetTelemetry: timeouts stereo/color: compute side: 0/0, render side: 0/0, egl: 0.
07-11 13:00:11.577   849  3165 I [CT]    : MIXEDREALITY: ServiceLogic: Thread mrsyssvc:camera has tid -1
07-11 13:00:11.595  2075  2130 I chatty  : uid=10023(com.oculus.vrshell) expire 2 lines
07-11 13:00:11.599  1034  1057 I ActivityTaskManager: Override config changes=20005df8 {0.0 ?mcc?mnc ?localeList ?layoutDir sw40dp w1000dp h40dp 160dpi nrml long land ?uimode ?night -touch qwerty/v/v -nav/h winConfig={ mBounds=Rect(0, 0 - 1000, 40) mAppBounds=Rect(0, 0 - 1000, 40) mWindowingMode=fullscreen mDisplayWindowingMode=fullscreen mActivityType=undefined mAlwaysOnTop=undefined mRotation=ROTATION_0}} for displayId=157
