07-11 13:00:30.679  3755  3782 I AdrenoGLES-0: Build Date                       : 06/03/21
07-11 13:00:30.679  3755  3782 I AdrenoGLES-0: OpenGL ES Shader Compiler Version: EV031.35.05.00
07-11 13:00:30.679  3755  3782 I AdrenoGLES-0: Local Branch                     : 
07-11 13:00:30.679  3755  3782 I AdrenoGLES-0: Remote Branch                    : refs/tags/AU_LINUX_ANDROID_LA.UM.8.4.R1.10.00.00.559.062
07-11 13:00:30.679  3755  3782 I AdrenoGLES-0: Remote Branch                    : NONE
07-11 13:00:30.679  3755  3782 I AdrenoGLES-0: Reconstruct Branch               : NOTHING
07-11 13:00:30.679  3755  3782 I AdrenoGLES-0: Build Config                     : S L 8.0.12 AArch64
07-11 13:00:30.679  3755  3782 I AdrenoGLES-0: Driver Path                      : /system/vendor/lib64/egl/libGLESv2_adreno.so
07-11 13:00:30.683  3755  3782 I AdrenoGLES-0: PFP: 0x005ff114, ME: 0x005ff066
07-11 13:00:30.688   855  9802 I [CT]    : NIMBLE:HLOG: [Personalization] pipeline latency per frame: 19.88125
07-11 13:00:30.722  1034  1062 I ActivityTaskManager: Displayed com.oculus.os.clearactivity/.ClearActivity: +317ms
07-11 13:00:30.722   855  9802 I [CT]    : NIMBLE:HLOG: [Personalization] pipeline latency per frame: 20.403645
07-11 13:00:30.732  2909  3018 I GuardianSystem: runtimeServiceSDKClient_.ForceShowGuardianEvent
07-11 13:00:30.732  2909  3018 I GuardianSystem: ForceShowGuardian: false, 0.00
07-11 13:00:30.743  1253  1253 D VrRuntimeService: onForegroundActivitiesChanged: pid=9854, uid=10079, hasForegroundActivities=false
07-11 13:00:30.756   855  9802 I [CT]    : NIMBLE:HLOG: [Personalization] pipeline latency per frame: 19.803543
07-11 13:00:30.760  1975  2081 I Clay    : BaseApp: Entering hibernation in 30 frames
07-11 13:00:30.760  1975  2081 I Clay    : BaseApp: Hibernate transition Pending
07-11 13:00:30.760  1975  2081 I Clay    : copresence: microphone state transition, paused
07-11 13:00:30.762  2075  2075 I chatty  : uid=10023(com.oculus.vrshell) ShellMain expire 1 line
07-11 13:00:30.764   599  1170 D AF::RecordHandle: OpRecordAudio: track:55 uid:10015 pkg:com.oculus.shellenv usage:0 muted
07-11 13:00:30.765   599  1906 D AF::RecordHandle: OpRecordAudio: track:109 uid:10049 pkg:com.oculus.horizon usage:0 not muted
07-11 13:00:30.787   855  9802 I [CT]    : NIMBLE:HLOG: [Personalization] pipeline latency per frame: 18.878906
07-11 13:00:30.820   855  9802 I [CT]    : NIMBLE:HLOG: [Personalization] pipeline latency per frame: 18.975313
07-11 13:00:30.821  2700  3264 W ipcLoader_static: RuntimeIPC: Loader: ipc_GetTimestamp was called but missing from vtable!
07-11 13:00:30.821  2700  3268 E PartyNativeModuleManager: Calling getCurrentPartyId but native code wasn't initialized. Noop.
07-11 13:00:30.821  2700  3264 W REFLECT : RuntimeIPC: !IsClientValid: MarkerPoint
07-11 13:00:30.821  2700  3264 E QplClient: (com.oculus.socialplatform) MarkerPoint failed!
07-11 13:00:30.821  2700  3264 W ipcLoader_static: RuntimeIPC: Loader: ipc_GetTimestamp was called but missing from vtable!
07-11 13:00:30.821  2700  3264 W REFLECT : RuntimeIPC: !IsClientValid: MarkerAnnotation
07-11 13:00:30.821  2700  3264 E QplClient: (com.oculus.socialplatform) MarkerAnnotation failed!
07-11 13:00:30.821  2700  3264 W ipcLoader_static: RuntimeIPC: Loader: ipc_GetTimestamp was called but missing from vtable!
07-11 13:00:30.821  2700  3264 W REFLECT : RuntimeIPC: !IsClientValid: MarkerEnd
07-11 13:00:30.821  2700  3264 E QplClient: (com.oculus.socialplatform) MarkerEnd failed!
07-11 13:00:30.821  2700  3264 W ipcLoader_static: RuntimeIPC: Loader: ipc_GetTimestamp was called but missing from vtable!
07-11 13:00:30.821  2700  3264 W REFLECT : RuntimeIPC: !IsClientValid: MarkerEnd
07-11 13:00:30.821  2700  3264 E QplClient: (com.oculus.socialplatform) MarkerEnd failed!
07-11 13:00:30.821  2700  3264 W ipcLoader_static: RuntimeIPC: Loader: ipc_GetTimestamp was called but missing from vtable!
07-11 13:00:30.821  2700  3264 W REFLECT : RuntimeIPC: !IsClientValid: MarkerStart
07-11 13:00:30.821  2700  3264 E QplClient: (com.oculus.socialplatform) MarkerStart failed!
07-11 13:00:30.821  2700  3264 W ipcLoader_static: RuntimeIPC: Loader: ipc_GetTimestamp was called but missing from vtable!
07-11 13:00:30.821  2700  3264 W REFLECT : RuntimeIPC: !IsClientValid: MarkerAnnotation
07-11 13:00:30.821  2700  3264 E QplClient: (com.oculus.socialplatform) MarkerAnnotation failed!
07-11 13:00:30.821  2700  3264 W ipcLoader_static: RuntimeIPC: Loader: ipc_GetTimestamp was called but missing from vtable!
07-11 13:00:30.821  2700  3264 W REFLECT : RuntimeIPC: !IsClientValid: MarkerAnnotation
07-11 13:00:30.821  2700  3264 E QplClient: (com.oculus.socialplatform) MarkerAnnotation failed!
07-11 13:00:30.821  2700  3264 W ipcLoader_static: RuntimeIPC: Loader: ipc_GetTimestamp was called but missing from vtable!
07-11 13:00:30.821  2700  3264 W REFLECT : RuntimeIPC: !IsClientValid: MarkerAnnotation
07-11 13:00:30.821  2700  3264 E QplClient: (com.oculus.socialplatform) MarkerAnnotation failed!
07-11 13:00:30.821  2700  3264 W ipcLoader_static: RuntimeIPC: Loader: ipc_GetTimestamp was called but missing from vtable!
07-11 13:00:30.821  2700  3264 W REFLECT : RuntimeIPC: !IsClientValid: MarkerAnnotation
07-11 13:00:30.821  2700  3264 E QplClient: (com.oculus.socialplatform) MarkerAnnotation failed!
07-11 13:00:30.822  2700  3268 W PartyNativeModuleManager: Calling nativeTearDown but native code wasn't initialized. Noop.
07-11 13:00:30.832  2700  3264 W ipcLoader_static: RuntimeIPC: Loader: ipc_GetTimestamp was called but missing from vtable!
07-11 13:00:30.832  2700  3264 W REFLECT : RuntimeIPC: !IsClientValid: MarkerAnnotation
07-11 13:00:30.832  2700  3264 E QplClient: (com.oculus.socialplatform) MarkerAnnotation failed!
07-11 13:00:30.832  2700  3264 W ipcLoader_static: RuntimeIPC: Loader: ipc_GetTimestamp was called but missing from vtable!
07-11 13:00:30.832  2700  3264 W REFLECT : RuntimeIPC: !IsClientValid: MarkerAnnotation
07-11 13:00:30.832  2700  3264 E QplClient: (com.oculus.socialplatform) MarkerAnnotation failed!
07-11 13:00:30.834  1975  2081 I Clay    : EnvironmentSystem: computed visibility changed from Visible to Unload (reason: Paused)
07-11 13:00:30.836  1975  2081 I Clay    : EnvironmentSystem: environment path not valid, resetting to default scene: isValid=false  packageFilename=
07-11 13:00:30.841  1975  2081 I Clay    : EnvironmentStateSystem: Clearing IR due to pausing
07-11 13:00:30.841  1975  2081 I Clay    : EnvironmentSystem: setCurrentEnvironment from 'apk://com.oculus.environment.prod.dome/assets/scene.zip' to ''. Computed visibility: Unload (reason: Paused)
07-11 13:00:30.854   855  9802 I [CT]    : NIMBLE:HLOG: [Personalization] pipeline latency per frame: 19.434635
07-11 13:00:30.864   599  1906 D AF::RecordHandle: OpRecordAudio: track:55 uid:10015 pkg:com.oculus.shellenv usage:0 muted
07-11 13:00:30.865   599  1906 D AF::RecordHandle: OpRecordAudio: track:109 uid:10049 pkg:com.oculus.horizon usage:0 not muted
07-11 13:00:30.871  1253  1253 D VrRuntimeService: onForegroundActivitiesChanged: pid=1975, uid=10015, hasForegroundActivities=false
07-11 13:00:30.887   855  9802 I [CT]    : NIMBLE:HLOG: [Personalization] pipeline latency per frame: 19.003593
07-11 13:00:30.920   855  9802 I [CT]    : NIMBLE:HLOG: [Personalization] pipeline latency per frame: 18.437239
07-11 13:00:30.953   855  9802 I [CT]    : NIMBLE:HLOG: [Personalization] pipeline latency per frame: 18.0225
07-11 13:00:30.986   855  9802 I [CT]    : NIMBLE:HLOG: [Personalization] pipeline latency per frame: 17.764479
07-11 13:00:31.044   855  9802 I [CT]    : NIMBLE:HTEngine: updatePersonalization(): Calibrated hand size = 0.7234864
07-11 13:00:31.045   855  9802 I [CT]    : NIMBLE:HTEngine: Save calibrated hand scale to file path: /vision/handtracking/PersonalizationConfig.json
07-11 13:00:31.336  1975  2081 I Clay    : EnvironmentSystem: Visibility is Unload, discarding cached scene: 'apk://com.oculus.environment.prod.dome/assets/scene.zip'
07-11 13:00:31.336  1975  2081 I Clay    : EnvironmentSystem: Scene loaded
07-11 13:00:31.337  1975  2081 I Clay    : SharedHomeSystem::_onEnvironmentActivated
07-11 13:00:31.358  1975  9793 I CCodecConfig: query failed after returning 7 values (BAD_INDEX)
07-11 13:00:31.359  1975  9793 W Codec2Client: query -- param skipped: index = 1342179345.
07-11 13:00:31.359  1975  9793 W Codec2Client: query -- param skipped: index = 2415921170.
07-11 13:00:31.361  1975  9793 D CCodecBufferChannel: [c2.android.vorbis.decoder#470] onWorkDone: output format changed to AMessage(what = 0x00000000) = {
07-11 13:00:31.361  1975  9793 D CCodecBufferChannel:   int32_t channel-count = 4
07-11 13:00:31.361  1975  9793 D CCodecBufferChannel:   string mime = "audio/raw"
07-11 13:00:31.361  1975  9793 D CCodecBufferChannel:   int32_t sample-rate = 44100
07-11 13:00:31.361  1975  9793 D CCodecBufferChannel:   int32_t channel-mask = 51
07-11 13:00:31.361  1975  9793 D CCodecBufferChannel: }
07-11 13:00:31.368   855  9802 I [CT]    : NIMBLE:HTEngine: active tracking pipeline: 1
07-11 13:00:31.421   840  1403 V C2Store : in ~ComponentModule
07-11 13:00:31.421   840  1403 V C2Store : unloading dll
07-11 13:00:31.570   855  8794 I [CT]    : CONSTELLATION: R: Detected IMU motion => Leaving static state.
07-11 13:00:31.606   855  8721 I [CT]    : boltlib: DSP utilization: 57.49 % (2884 / 5017 ms)
07-11 13:00:31.694  1975  2081 I Clay    : Local user with id 106348798779619 does NOT have a custom avatar
07-11 13:00:31.959  1941  2788 I [OAO] ShellOverlayApp: 0xc1215bd0 msg: overlayCommand:
07-11 13:00:31.959  1941  2788 I [OAO] ShellOverlayApp: command = onMemoryPressureUpdate
07-11 13:00:31.959  1941  2788 I [OAO] ShellOverlayApp: level = some
07-11 13:00:31.959  1941  2788 I [OAO] ShellOverlayApp: Process_OverlayCommand command : onMemoryPressureUpdate
07-11 13:00:31.959  1941  2788 I [OAO] ShellOverlayApp: OnMemoryPressureUpdate level:some 
07-11 13:00:31.959  1941  2788 I [OAO] ShellOverlayApp: OnMemoryPressureUpdate Clearing easy caches for some memory pressure
07-11 13:00:31.959  1941  2788 I [OAO] AudioSystem: OnLowMemory - Clearing sound cache
07-11 13:00:31.960  1941  9814 I [OAO] SoundCache: Exiting the SoundCache decode thread.
07-11 13:00:31.986  2909  2909 D MemoryPressureObserver: Quest1:Resending the current pressure state to re-clear the caches state:some
07-11 13:00:31.986  2909  2909 D MemoryPressureObserver: setCurrentMemoryPressure:some
07-11 13:00:31.986  2909  2909 D VrGuardianService: OnMemoryPressureStateUpdate: memoryPressure = Some
07-11 13:00:31.986  2909  2909 I VrGuardianService: OnMemoryPressureChange: 1
07-11 13:00:32.011  2030  3295 W OVRLibrary: null cursor received for query content://com.oculus.ocms.library/apps/system
07-11 13:00:32.099  1034  9903 I Telemetry: App memory usage: PSS=253MB DalvikPSS=13 MB PrivateDirty=182MB PrivateClean=59MB
07-11 13:00:32.100  1034  9903 I VrApi   : FPS=1/72,Prd=223ms,Tear=0,Early=0,Stale=8,VSnc=1,Lat=0,Fov=0,CPU4/GPU=1/1,1344/342MHz,OC=FF,TA=0/0/0,SP=N/N/N,Mem=1554MHz,Free=1546MB,PLS=0,Temp=32.0C/0.0C,TW=4.13ms,App=1.16ms,GD=0.00ms,CPU&GPU=0.00ms,LCnt=3,GPU%=0.39,CPU%=0.03(W0.10),DSF=1.00
07-11 13:00:32.122   855  8794 D TrackingService: [HANDTRACKING] Controller adf260742d57ae23 in hand: Y, valid: Y
07-11 13:00:32.123  1253  2027 I ServiceInputManager: HANDTRACKING going to controller mode due to controller in hand flag detection
07-11 13:00:32.137  1253  2027 I ServiceInputManager: HANDTRACKING setting hand tracking on settings manager to 0
07-11 13:00:32.168  1253  1273 I ClockLimits: ClockLimitsSettingsCallback: khandTrackingEnabled updated to 0
07-11 13:00:32.168  1253  6047 I InputSettingsObserverCallback: InputSettingsObserverCallback: hand_tracking_enabled changed to: 0
07-11 13:00:32.169   847   947 D CameraMuxModeService: Switching active CameraMuxMode from 'HandTracking' to 'default'
07-11 13:00:32.171   736   940 I MontereyCameraProvider: Switching channel from HAND to CONTROLLER
07-11 13:00:32.172   736  9807 I FrameSetDispatcher: [HAND] Client thread stopping
07-11 13:00:32.172   736   940 I FrameSetDispatcher: [HAND] Client thread joined
07-11 13:00:32.172   736   940 I CameraClientManager: [HAND] Removed client - started clients: 2
07-11 13:00:32.173   736  9806 I FrameSetDispatcher: [HAND] Client thread stopping
07-11 13:00:32.173   736   940 I FrameSetDispatcher: [HAND] Client thread joined
07-11 13:00:32.173   736   940 I CameraClientManager: [HAND] Removed client - started clients: 1
07-11 13:00:32.179  1253  2027 I ServiceInputManager: HANDTRACKING server setting handtracking enabled to DISABLED from 1 via 0
07-11 13:00:32.179  1253  2027 I ServiceInputManager: HANDTRACKING STATE mismatched hand state Setting: 0 'Disabled',  controlCommand 1 'Enabled'
07-11 13:00:32.187   736  9801 I FrameSetDispatcher: [HAND] Client thread stopping
07-11 13:00:32.188   736   940 I FrameSetDispatcher: [HAND] Client thread joined
07-11 13:00:32.188   736   940 I CameraClientManager: [HAND] Removed client - started clients: 0
07-11 13:00:32.188   855   995 I [CT]    : HandTrackingCapabilityTranslation: onSuspend
07-11 13:00:32.188   855   995 I [CT]    : NIMBLE:HTEngine: onSuspend() Started
07-11 13:00:32.188   855   995 I [CT]    : NIMBLE:HTEngine: stopPersonalization(): Stopped
07-11 13:00:32.190   855   995 I [CT]    : NIMBLE:HTEngine: [Deactivate] Deactivated HT
07-11 13:00:32.190   855   995 I [CT]    : NIMBLE:HTEngine: Total session duration = 12.892302442999608 seconds
07-11 13:00:32.190   855   995 I [CT]    : NIMBLE:HTEngine: Total number of frame process in this session = 387
07-11 13:00:32.190   855   995 I [CT]    : NIMBLE:HTEngine: Estimated session frame rate = 30.017911983606712 FPS
07-11 13:00:32.190   855   995 I [CT]    : NIMBLE:HTEngine: onSuspend() Ended in 2.3777610003890004 ms
07-11 13:00:32.191   736   940 E libosutils: failed to get real path of file /proc/855/cmdline, err: Permission denied
07-11 13:00:32.179   736   736 W HwBinder:736_1: type=1400 audit(0.0:178): avc: denied { getattr } for path="/proc/855" dev="proc" ino=25635 scontext=u:r:hal_oculus_sensors:s0 tcontext=u:r:trackingserver:s0 tclass=dir permissive=0
07-11 13:00:32.193  1253  2027 I OSHandDataQuerier: OSSDKTRACKING HANDTRACKING HANDS DISABLED
07-11 13:00:32.193  1253  2027 I ServiceInputManager: HANDTRACKING Control Data last: 1 new: 2
07-11 13:00:32.193  1253  2027 I ServiceInputManager: HANDTRACKING Tracking Service reports hands DISABLED
07-11 13:00:32.193  1253  2027 I ServiceInputManager: HANDTRACKING hand 0 status set to Disabled
07-11 13:00:32.193  1253  2027 I ServiceInputManager: HANDTRACKING hand 1 status set to Disabled
07-11 13:00:32.193  1253  2027 I ServiceInputManager: HANDTRACKING STATE hand state has re-aligned after 0.0139498:  Setting: 0 'Disabled',  controlCommand 2 'Disabled'
07-11 13:00:32.193  1253  2027 I ServiceInputManager: HANDTRACKING: Switching to Tracked Remotes only   TRACKED REMOTES
07-11 13:00:32.194   736   940 I FrameSetDispatcher: [CONTROLLER] Client thread started
07-11 13:00:32.194   736   940 I CameraClientManager: [CONTROLLER] Added client - started clients: 1
07-11 13:00:32.195  1034  9901 W ClientInputTelemetry: The computed bucket size should be below 12, but it is 21964.
07-11 13:00:32.195  1034  9901 W ClientInputTelemetry: The computed bucket size should be below 12, but it is 103516111.
07-11 13:00:32.195  1034  9901 W ClientInputTelemetry: The computed bucket size should be below 12, but it is 781408.
07-11 13:00:32.195  1034  9901 W ClientInputTelemetry: The computed bucket size should be below 12, but it is 125146082.
07-11 13:00:32.195  1034  9901 W ClientInputTelemetry: The computed bucket size should be below 12, but it is 125056613.
07-11 13:00:32.195  1034  9901 W ClientInputTelemetry: The computed bucket size should be below 12, but it is 21964.
07-11 13:00:32.195  1034  9901 W ClientInputTelemetry: The computed bucket size should be below 12, but it is 103516111.
07-11 13:00:32.195  1034  9901 W ClientInputTelemetry: The computed bucket size should be below 12, but it is 781408.
07-11 13:00:32.195  1034  9901 W ClientInputTelemetry: The computed bucket size should be below 12, but it is 125146082.
07-11 13:00:32.195  1034  9901 W ClientInputTelemetry: The computed bucket size should be below 12, but it is 125056613.
07-11 13:00:32.195   855   995 I [CT]    : ConstellationTrackingCapabilityTranslation: onResume
07-11 13:00:32.196   855   995 I TrackingService: ConstellationTrackingGlue: setEnableExtendedDeadreckoning to false
07-11 13:00:32.200   736  8855 W SensorService: frameset capture timestamp out of spec by -4388956.11 ms. FrameType=CONTROLLER, observed=4388989443000 expected=a33333000. FrameSyncPeriod is: 33.33 ms
07-11 13:00:32.201  2909  3407 I InputDevice_TrackedRemote: REMOTE: Hand=2 IndexAnalog=0.00 GripAnalog=0.00 Buttons=0x00000000
07-11 13:00:32.201  2909  3407 I InputDevice_TrackedRemote: REMOTE: Hand=1 IndexAnalog=0.00 GripAnalog=0.00 Buttons=0x00000000
07-11 13:00:32.203  1034  9902 I InputDevice_TrackedRemote: Using new float conversion.
07-11 13:00:32.203  1034  9902 I InputDevice_TrackedRemote: REMOTE: Hand=2 IndexAnalog=0.00 GripAnalog=0.00 Buttons=0x00000000
07-11 13:00:32.203  1034  9902 I InputDevice_TrackedRemote: REMOTE: Hand=1 IndexAnalog=0.00 GripAnalog=0.00 Buttons=0x00000000
07-11 13:00:32.211   855  3694 D TrackingService: getSharedMemory: com.android.networkstack.inprocess, Controller
07-11 13:00:32.212  1253  9891 I VrRuntimeService: UpdateSwapChainSamplerState: 362
07-11 13:00:32.212  1253  9891 I VrRuntimeService: UpdateSwapChainSamplerState: minFilter=1 magFilter=1 wrapModeS=2 warpModeT=2 maxAniso=1.000000 border={0.000000,0.000000,0.000000,0.000000} swizzle={0,1,2,3}
07-11 13:00:32.217   855  9915 W [CT]    : CONSTELLATION: R: State timestamp (4375.856241000 [sec]) is older than oldest timestamp in imu buffer (4387.010081000 [sec]) when trying to propagate state WITH covariance to the target timestamp (4380.856457000 [sec]).
07-11 13:00:32.217   855  9915 I [CT]    : CONSTELLATION: R: Not reinitializing 6DoF filter yet (no valid pose from matching).
07-11 13:00:32.217   855  9915 I [CT]    : CONSTELLATION:VISION_STATUS: adf260742d57ae23 (R): BlobDetection:[#BlobsDetected=(18.38, 9.60)]Matching:[MatchSuccess=0.980, MatchCost=(0.00217, 0.00001), #MatchedBlobs=(6.12, 2.15), #MatchedLeds=(5.52, 0.85), RematchM=0.000, SkipRefine=0.000] MatchMethod:[Prox=0.980, ConstBrute=0.000, UnconstBrute=0.000] MatchResets[AnomBlobSize=0.000, SharedMatch=0.000, DenseReacq=0.000] | Fusion:[FusionError=0.000, ImuFromCamMs=(16.732, 1.449), RematchF=0.000] FusionUpdates:[Successful=0.000, Reliable=0.000, TightFusion=0.000, FullPose=0.000, StaticPrior=0.980, StaticForHandTrans=0.980, PoseUpdateMD=(0.0000, 0.0000)] FusionResets[6DoFReset=0.020, ResetSuccess=0.000] FusionStatus[HasPosition=0.980, HasVelocity=0.980] 
07-11 13:00:32.218   855  9915 I [CT]    : CONSTELLATION: L: Not reinitializing 6DoF filter yet (no valid pose from matching).
07-11 13:00:32.218   855  9915 I [CT]    : CONSTELLATION:VISION_STATUS: dc36774d072f3cbd (L): BlobDetection:[#BlobsDetected=(18.39, 7.34)]Matching:[MatchSuccess=0.658, MatchCost=(0.00063, 0.00000), #MatchedBlobs=(1.55, 1.41), #MatchedLeds=(1.55, 1.41), RematchM=0.000, SkipRefine=0.000] MatchMethod:[Prox=0.658, ConstBrute=0.000, UnconstBrute=0.000] MatchResets[AnomBlobSize=0.000, SharedMatch=0.000, DenseReacq=0.000] | Fusion:[FusionError=0.000, ImuFromCamMs=(16.740, 3.365), RematchF=0.000] FusionUpdates:[Successful=0.000, Reliable=0.000, TightFusion=0.000, FullPose=0.000, StaticPrior=0.987, StaticForHandTrans=1.000, PoseUpdateMD=(0.0000, 0.0000)] FusionResets[6DoFReset=0.013, ResetSuccess=0.000] FusionStatus[HasPosition=0.987, HasVelocity=0.987] 
07-11 13:00:32.247   855  9915 I [CT]    : CONSTELLATION: R: Successfully reinitialized 6DoF filter. Keep Cov and Calib States = Y. Keep velocity state and covariance = N
07-11 13:00:32.274  1545  9916 W ContextImpl: Calling a method in the system process without a qualified user: android.app.ContextImpl.sendBroadcast:1057 android.content.ContextWrapper.sendBroadcast:448 X.o8.A00:143 X.nw.A00:17 X.nw.handleMessage:90 
07-11 13:00:32.397   855  8863 I [CT]    : VIPER:MAP_MANAGER: State: TrackingPersistent, UUID=068709f3-3ea6-e164-4cf4-06de8f6eaffb, Num. Persistent maps = 3,  Persistent maps:266fc37a-a569-320c-d084-0f1d2ffc00c0,0e50ce6b-628f-01a9-7a06-958b8411af62,068709f3-3ea6-e164-4cf4-06de8f6eaffb,
07-11 13:00:32.432   855  8863 I [CT]    : VIPER: Mode=Vega,Status=6DoF,TRACKING,KF=-1,Inl=37,Pts=0,Mem=64.4,Jit=0.1mm,Issues(Cam/min=0.1,IMU/min=0.1),Exp=(0.7ms,g=1.0,I=40,Ir=58968.1)(0.6ms,g=1.0,I=75,Ir=119783.8)(0.7ms,g=1.0,I=108,Ir=158981.4)(0.2ms,g=1.0,I=94,Ir=382726.7)
07-11 13:00:32.851  1975  2081 I Clay    : BaseApp: Hibernate transition Hibernate
07-11 13:00:32.859  1975  2081 I Clay    : SoundSystem: setPaused(true), m_paused=false
07-11 13:00:32.859  1975  2081 D         : PlayerBase::stop() from IPlayer
07-11 13:00:32.859  1975  2081 D AudioTrack: stop(14): called with 6079104 frames delivered
07-11 13:00:32.861  1292  1292 V AvrcpMediaPlayerList: onPlaybackConfigChanged(): Configs list size=5
07-11 13:00:32.894   720   830 D msm8974_platform: platform_split_snd_device: snd_device(2) num devices(1) new_snd_devices(0)
07-11 13:00:32.895   720   830 D ACDB-LOADER: ACDB -> send_audvoltable
07-11 13:00:32.895   720   830 D ACDB-LOADER: ACDB -> ACDB_CMD_GET_AUDPROC_VOL_STEP_TABLE_SIZE
07-11 13:00:32.895   720   830 D ACDB-LOADER: ACDB -> ACDB_CMD_GET_AUDPROC_GAIN_DEP_STEP_TABLE, vol index 0
07-11 13:00:32.895   720   830 D         : Failed to fetch the lookup information of the device 0000000F 
07-11 13:00:32.895   720   830 E ACDB-LOADER: Error: ACDB AudProc vol returned = -19
07-11 13:00:32.895   720   830 D ACDB-LOADER: ACDB -> AUDIO_SET_VOL_CAL cal type = 40
07-11 13:00:32.897   720  8092 D msm8974_platform: platform_split_snd_device: snd_device(2) num devices(1) new_snd_devices(0)
07-11 13:00:32.969  1253  1948 D OVRFitnessDataInternal: Requesting Insert FitnessData: 41.0.0.0
07-11 13:00:32.982  2597  3236 I FitnessDataProvider: Received Request Insert FitnessData: 41.0.0.0
07-11 13:00:33.001  1034  9903 I VrApi   : FPS=73/72,Prd=31ms,Tear=0,Early=0,Stale=0,VSnc=1,Lat=0,Fov=0,CPU4/GPU=1/1,1344/342MHz,OC=FF,TA=0/0/0,SP=N/N/N,Mem=1554MHz,Free=1546MB,PLS=0,Temp=32.0C/0.0C,TW=4.01ms,App=1.03ms,GD=0.00ms,CPU&GPU=4.29ms,LCnt=4,GPU%=0.37,CPU%=0.19(W0.40),DSF=1.00
07-11 13:00:33.027  1034  1860 E TaskPersister: File error accessing recents directory (directory doesn't exist?).
07-11 13:00:33.244   855  9915 W [CT]    : CONSTELLATION: [Throttled count=64] L: State timestamp (4375.856241000 [sec]) is older than oldest timestamp in imu buffer (4388.038334000 [sec]) when trying to propagate state WITH covariance to the target timestamp (4380.856302999 [sec]).
07-11 13:00:33.840  1034  1052 W ActivityTaskManager:   Force finishing activity com.oculus.sdk.vrcubeworldna/.MainActivity
07-11 13:00:33.840  1034  1055 D InputHooksJava: Callback: onDetachedFromWindow
07-11 13:00:33.856  1034  1052 I ActivityManager: Killing 9854:com.oculus.sdk.vrcubeworldna/u0a79 (adj 900): crash
07-11 13:00:33.858  1253  1253 I ClientMgr: FocusedClient changed.
07-11 13:00:33.858  1253  1253 W ClientMgr: ClientMgr::SetFocusedClient: No focused client
07-11 13:00:33.858  1253  1253 I ClientMgr: Releasing clocks.
07-11 13:00:33.858  1253  1253 I ClientMgr: SetFocusedPackageName - packageName  processName  clientId 0 clientPid 0
07-11 13:00:33.864  1253  2027 I PerformanceManager_V0: SetClockLevels: Force releasing clocks
07-11 13:00:33.865  1253  2027 I PerformanceManager_V0: SetClockLevels: Apply pending clock request change: 1,1 -> -1,-1
07-11 13:00:33.865  1253  1999 I Clocks  : ReleaseClocks - start
07-11 13:00:33.866  1034  9901 I VrRuntimeClient: Client has lost focus.
07-11 13:00:33.866  1034  9901 W VrApi   : ovr_SubmitFrameInternal: FrameIndex discontinuity: Expected 243, Received 242
07-11 13:00:33.867  1941  1941 D KeyboardInputMethodService: onFinishInput
07-11 13:00:33.868  1253  1999 I Clocks  : ReleaseClocks - end (3.5 ms)
07-11 13:00:33.878  1253  2027 I PerformanceManager_V0: SetClockLevels: Apply pending clock request change: -1,-1 -> 1,1
07-11 13:00:33.878  1253  1999 I Clocks  : LockClocks( cpu=1, gpu=1 ) - start
07-11 13:00:33.878  1253  1999 I Clocks  : CPU levels [0, 4]
07-11 13:00:33.878  1253  1999 I Clocks  : GPU levels [0, 5]
07-11 13:00:33.879  1253  1999 I Clocks  : LockClocks( cpu=1, gpu=1 ) - end (1.2 ms)
07-11 13:00:33.879  1034  9901 I GoCompatibility: GoCompatibility: vrapi_LeaveVrMode_Hooked()
07-11 13:00:33.879  1034  9901 I VrApi   : ---------- vrapi_LeaveVrMode [start] ----------
07-11 13:00:33.881  1034  9901 I XrRuntimeUtils: XrRuntimeUtils::EndSession
07-11 13:00:33.882  1034  9901 D VrApi   : targetSDKVersion 29
07-11 13:00:33.882  1034  9901 I VrRuntimeClient: DEVICE MODEL NUMBER = Quest
07-11 13:00:33.882  1034  9901 I VrRuntimeClient: DEVICE BUILD NAME = user-31406800746500000
07-11 13:00:33.882  1034  9901 I VrRuntimeClient: DEVICE BUILD TYPE = user
07-11 13:00:33.882  1034  9901 I VrRuntimeClient: DEVICE OS VERSION = 10
07-11 13:00:33.882  1034  9901 I VrRuntimeClient: API LOADER VERSION = 1.56.0
07-11 13:00:33.882  1034  9901 I VrRuntimeClient: RUNTIME API VERSION = 1.58.0
07-11 13:00:33.882  1034  9901 I VrRuntimeClient: RUNTIME VERSION = 41.0.0.123.357 Jun 21 2022 14:34:42 RELEASE
07-11 13:00:33.882  1034  9901 I VrRuntimeClient: APP NAME = Android System
07-11 13:00:33.882  1034  9901 I VrRuntimeClient: APP VERSION = 10 versionCode 29 internalVersionName <none>
07-11 13:00:33.882  1034  9901 I VrRuntimeClient: APP VR TYPE = <none>
07-11 13:00:33.882  1034  9901 I VrRuntimeClient: APP MODE TYPE = <none>
07-11 13:00:33.882  1034  9901 I VrRuntimeClient: APP PACKAGE NAME = android
07-11 13:00:33.882  1034  9901 I VrRuntimeClient: APP ACTIVITY CLASS = com.oculus.os.DialogContext
07-11 13:00:33.883  1034  9901 D BatteryReceiver: Unregistering battery receiver
07-11 13:00:33.883  1034  9901 I Sensor  : OSSDKTRACKING Shutdown tracking
07-11 13:00:33.883  1034  9901 I LogTimer: CPUTIME: VrRuntimeClient_EndSession took 1.2625 ms
07-11 13:00:33.884  1034  9903 I VrApi   : FPS=72/72,Prd=32ms,Tear=0,Early=0,Stale=0,VSnc=1,Lat=0,Fov=0,CPU4/GPU=1/1,1344/342MHz,OC=FF,TA=0/0/0,SP=N/N/N,Mem=1804MHz,Free=1546MB,PLS=0,Temp=32.0C/0.0C,TW=5.52ms,App=4.04ms,GD=0.00ms,CPU&GPU=4.28ms,LCnt=5,GPU%=0.35,CPU%=0.06(W0.09),DSF=1.00
07-11 13:00:33.884  1034  9901 I VrApi   : OVR::Stats thread stopped
07-11 13:00:33.884  1034  9901 I InputDeviceManager: ovrInputDeviceManager::~ovrInputDeviceManager
07-11 13:00:33.884  1034  9901 I InputDevice_TrackedRemote: OSSDKTRACKING shutting down Haptics
07-11 13:00:33.884  1034  9901 I chatty  : uid=1000 system_server identical 2 lines
07-11 13:00:33.884  1034  9901 I InputDevice_TrackedRemote: OSSDKTRACKING shutting down Haptics
07-11 13:00:33.885  1034  9901 I OSHandDataQuerier: OSSDKTRACKING shutting down HandsTracker
07-11 13:00:33.885  1034  9901 I OSHandDataQuerier: OSSDKTRACKING shutting down HandsTracker
07-11 13:00:33.885  1034  9901 D OsSdk   : TrackingServiceConnection dtor
07-11 13:00:33.885   855  3842 I TrackingService: Unregistering client by ITrackingService.unregisterClient
07-11 13:00:33.885   855  3842 I TrackingService: Failed to unregister client because client not found in registered list
07-11 13:00:33.885   855  3842 I chatty  : uid=1000(system) Binder:855_4 identical 2 lines
07-11 13:00:33.886   855  3842 I TrackingService: Failed to unregister client because client not found in registered list
07-11 13:00:33.886   855  3842 D TrackingService: unregister: com.android.networkstack.inprocess
07-11 13:00:33.886  1034  9901 D OsSdk   : TrackingServiceConnection unregistered
07-11 13:00:33.887  1253  8768 I ScreenCaptureBase: GlobalInhibitState changed to 0
07-11 13:00:33.887  1253  8768 I CompositorVR: SetClientSurfaceSecureFlag: secure=0
07-11 13:00:33.889  2030  2030 W OVRLibrary: null cursor received for query content://com.oculus.ocms.library/apps/com.oculus.os.clearactivity
07-11 13:00:33.894  2030  2030 W OVRLibrary: null cursor received for query content://com.oculus.ocms.library/apps/android
07-11 13:00:33.895  1034  9902 I ClientInputThread_Internal: InputThreadRun ShutdownRequest received
07-11 13:00:33.896  1034  9901 D InputHooksJava: Disabling Java Input Hooks
07-11 13:00:33.896  1034  9901 I ClientInputTrackedKeyboardManager: TRACKEDKEYBOARD ClearTrackedObjectManager called on client
07-11 13:00:33.896  1253  9891 I VrRuntimeService: RuntimeServiceSDKServer::EnableRendering: 0x0, 0, system_server
07-11 13:00:33.896  1253  9891 I ClientMgr: ClientMgr::EnableRendering 1034:android.uid.system:1000 : type 0 comp-id 16: disable
07-11 13:00:33.896  1253  9891 I VrRuntimeServer: DisableCompositorClient: 16
07-11 13:00:33.896  1253  9891 I TimeWarpClientMgr: Disable client 16
07-11 13:00:33.896  1253  9891 I TimeWarpClientMgr: DisableClient: frame flush required: 1
07-11 13:00:33.904   712   712 I Zygote  : Process 9854 exited due to signal 9 (Killed)
07-11 13:00:33.905  1253  2027 I ClientMgr: Non-overlay clients rendering status has changed: prev=69, curr=70, enabled=0
07-11 13:00:33.906  1253  9891 I UnifiedTelemetryWrapper: Stopped UT session render:system_server
07-11 13:00:33.906  1253  2027 I TimeWarpClientMgr: Enable client 0
07-11 13:00:33.906  1253  2027 I VrRuntimeServer: EnableCompositorClient client(0): layer placement(2147483643) flags(8) sm(0x77c9cd9160)
07-11 13:00:33.906  1034  9906 I FenceChecker: FenceChecker::MainLoop - ended
07-11 13:00:33.906  1034  9901 I XrRuntimeUtils: XrRuntimeUtils::DestroySession
07-11 13:00:33.906  1034  9901 I VrApi   : ---------- vrapi_LeaveVrMode [end] ----------
07-11 13:00:33.907  1253  9891 I VrRuntimeService: DestroySwapChain: swapchain=362
07-11 13:00:33.907  1253  9891 I VrRuntimeServer: DestroyTextureSwapChain: result destroyswapchain 1
07-11 13:00:33.908  1253  9891 I VrRuntimeService: DestroySwapChain: swapchain=366
07-11 13:00:33.908  1253  9891 I VrRuntimeServer: DestroyTextureSwapChain: result destroyswapchain 1
07-11 13:00:33.909  1253  9891 I VrRuntimeService: DestroySwapChain: swapchain=367
07-11 13:00:33.909  1253  1931 I SwapChain: DestroyAndroidSurfaceSwapChain: 0x77b93a3000: Destroying SurfaceTexture 0x28f2 Surface 0x28e2
07-11 13:00:33.909  1253  9891 I VrRuntimeServer: DestroyTextureSwapChain: result destroyswapchain 1
07-11 13:00:33.910  1253  9891 I VrRuntimeService: DestroySwapChain: swapchain=363
07-11 13:00:33.910  1253  9891 I VrRuntimeServer: DestroyTextureSwapChain: result destroyswapchain 1
07-11 13:00:33.911  1253  9891 I VrRuntimeService: DestroySwapChain: swapchain=364
07-11 13:00:33.912  1253  9891 I VrRuntimeServer: DestroyTextureSwapChain: result destroyswapchain 1
07-11 13:00:33.913  1034  1065 I libprocessgroup: Successfully killed process cgroup uid 10079 pid 9854 in 41ms
07-11 13:00:33.914  1253  9891 I VrRuntimeService: DestroySwapChain: swapchain=365
07-11 13:00:33.915  1253  8768 I CompositorVR: Global CAC is disabled (0x0)
07-11 13:00:33.916  1253  9891 I VrRuntimeServer: DestroyTextureSwapChain: result destroyswapchain 1
07-11 13:00:33.919  1034  9901 D UI      : RenderThread exiting
07-11 13:00:33.921  1034  1055 I GoCompatibility: GoCompatibility: vrapi_shutdown_Hooked()
07-11 13:00:33.921  1034  1055 I VrApi   : ------------ vrapi_Shutdown [start] -----------
07-11 13:00:33.921  1034  1055 W VrApi   : IsOvrValid: ovr == nullptr. Package: android
07-11 13:00:33.921  1034  1055 D UserSwitchedReceiver: Unregistering UserSwitchedReceiver
07-11 13:00:33.921  1034  1055 I TREX    : Shutting down system...
07-11 13:00:33.921  1034  1055 E TREX    : Update thread is not running!
07-11 13:00:33.921  1034  1055 I TREX    : Shutting down interface manager.
07-11 13:00:33.921  1034  1055 D SystemActivitiesReceiver: Unregistering Oculus System Activity receiver
07-11 13:00:33.921  1034  1055 I AutomationUtils: Shutdown
07-11 13:00:33.922  1034  1055 I AudioCapture: AudioCapture::Shutdown
07-11 13:00:33.922  1034  1055 I AudioCapture: AudioCapture::StopAudioConsumerThread
07-11 13:00:33.922  1034  1055 I AudioCapture: AudioCapture::StopAudioConsumerThread COMPLETE
07-11 13:00:33.922  1034  1055 I AudioCapture: AudioCapture::Shutdown COMPLETE
07-11 13:00:33.922  1034  1055 D VrRuntimeClient: VrRuntimeClient: shutdown.
07-11 13:00:33.922  1034  1055 I VrGuardianClient: Shutdown
07-11 13:00:33.922  1034  1055 I FaceEyeTrackingClientManager: FaceEyeTrackingClientManager Shutdown.
07-11 13:00:33.922  1034  1055 I LogTimer: CPUTIME: VrRuntimeClient_Shutdown took 0.1191 ms
07-11 13:00:33.922  1034  1055 I RuntimeIPCClientMgr: RuntimeIPCClientMgr::DisconnectFromServer: 0, Client: android.uid.system:1000:system_server:1034, Server: com.oculus.systemdriver:com.oculus.vrruntimeservice (RuntimeServiceServer)
07-11 13:00:33.922  1253  3744 I RuntimeIPCServerMgr: HandleClientDisconnect: Client: android.uid.system:1000:system_server:1034, Server: com.oculus.systemdriver:com.oculus.vrruntimeservice (RuntimeServiceServer)
07-11 13:00:33.922  1034  1055 I RuntimeIPCClientMgr: RuntimeIPCClient: Shutdown: Client: android.uid.system:1000:system_server:1034, Server: com.oculus.systemdriver:com.oculus.vrruntimeservice (RuntimeServiceServer)
07-11 13:00:33.923  1253  9891 I VrRuntimeService: RuntimeIPC: IPC_SYSTEM_EVENT_CLIENT_DISCONNECTED_EXT: system_server
07-11 13:00:33.923  1253  9891 I ClientMgr: ClientMgr::DestroyClient: 1034:android.uid.system:1000
07-11 13:00:33.923  1253  9891 I ClientMgr: ClientMgr::DestroyClient: non-deferred ShutdownResources: 242 == 242 
07-11 13:00:33.923  1253  9891 I VrRuntimeServer: UnRegisterCompositorClient client(16)
07-11 13:00:33.923  1034  1055 I RuntimeIPCApi: ipc_Shutdown
07-11 13:00:33.923  1034  1055 I RuntimeIPCServiceClient: Shutdown: Refs still outstanding: 1, system_server
07-11 13:00:33.923  1034  1055 I RenderUtils: ovrRenderUtils::Shutdown - not initialized
07-11 13:00:33.926  1253  9891 I UnifiedTelemetryWrapper: Stopped UT session lifetime:system_server
07-11 13:00:33.926  1253  9891 I ClientMgr: RemoveClient: android.uid.system:1000:system_server:1034
07-11 13:00:33.936  1034  1055 I VrApi   : ------------ vrapi_Shutdown [end] -----------
07-11 13:00:33.937  1034  1055 I ActivityTaskManager: START u0 {act=com.oculus.os.clearactivity.FINISH cmp=com.oculus.os.clearactivity/.ClearActivity (has extras)} from uid 1000
07-11 13:00:33.938  1034  1055 D ActivityTaskManager: Preferred display for non-VR activity ActivityRecord{a38c394 u0 com.oculus.os.clearactivity/.ClearActivity t-1}: 0
07-11 13:00:33.938  1034  1055 W ActivityTaskManager: startActivity called from non-Activity context; forcing Intent.FLAG_ACTIVITY_NEW_TASK for: Intent { act=com.oculus.os.clearactivity.FINISH flg=0x800000 cmp=com.oculus.os.clearactivity/.ClearActivity (has extras) }
07-11 13:00:33.938  1034  1055 D ActivityTaskManager: Preferred display for non-VR activity ActivityRecord{a38c394 u0 com.oculus.os.clearactivity/.ClearActivity t-1}: 0
07-11 13:00:33.941  1034  1055 W Looper  : Slow dispatch took 101ms android.ui h=com.android.server.am.AppErrorDialog$1 c=null m=1
07-11 13:00:33.962  1034  3848 W InputReader: Device has associated, but no associated display id.
07-11 13:00:33.968   599  1170 D AF::TrackHandle: OpPlayAudio: track:56 uid:10015 pkg:com.oculus.shellenv usage:1 muted
07-11 13:00:33.968   599   599 D AF::TrackHandle: OpPlayAudio: track:84 uid:10034 pkg:com.oculus.systemux usage:10 not muted
07-11 13:00:33.968   599  3754 D AF::TrackHandle: OpPlayAudio: track:61 uid:1000 pkg:com.android.networkstack.inprocess usage:13 not muted
07-11 13:00:33.968   599  1906 D AF::TrackHandle: OpPlayAudio: track:116 uid:10034 pkg:com.oculus.systemux usage:10 not muted
07-11 13:00:33.968   599  3754 D AF::RecordHandle: OpRecordAudio: track:109 uid:10049 pkg:com.oculus.horizon usage:0 not muted
07-11 13:00:33.968   599  4097 D AF::RecordHandle: OpRecordAudio: track:55 uid:10015 pkg:com.oculus.shellenv usage:0 muted
07-11 13:00:33.975   599  4097 D AF::TrackHandle: OpPlayAudio: track:56 uid:10015 pkg:com.oculus.shellenv usage:1 not muted
07-11 13:00:33.976   599  1170 D AF::RecordHandle: OpRecordAudio: track:55 uid:10015 pkg:com.oculus.shellenv usage:0 not muted
07-11 13:00:33.976   599   863 D AF::RecordHandle: OpRecordAudio: track:109 uid:10049 pkg:com.oculus.horizon usage:0 not muted
07-11 13:00:33.976   599  3754 D AF::TrackHandle: OpPlayAudio: track:116 uid:10034 pkg:com.oculus.systemux usage:10 not muted
07-11 13:00:33.977   599   599 D AF::TrackHandle: OpPlayAudio: track:84 uid:10034 pkg:com.oculus.systemux usage:10 not muted
07-11 13:00:33.978   599  1906 D AF::TrackHandle: OpPlayAudio: track:61 uid:1000 pkg:com.android.networkstack.inprocess usage:13 not muted
07-11 13:00:33.981  2700  3264 W ipcLoader_static: RuntimeIPC: Loader: ipc_GetTimestamp was called but missing from vtable!
07-11 13:00:33.981  2700  3264 W REFLECT : RuntimeIPC: !IsClientValid: MarkerPoint
07-11 13:00:33.981  2700  3264 E QplClient: (com.oculus.socialplatform) MarkerPoint failed!
07-11 13:00:33.983  1253  1253 D VrRuntimeService: onForegroundActivitiesChanged: pid=1975, uid=10015, hasForegroundActivities=true
07-11 13:00:33.990  2030  2030 E OVRMediaServiceManager: LivestreamingManager Not initialized
07-11 13:00:33.995  2700  2700 W VRLifecycleManager: onHeadsetMounted
07-11 13:00:34.040  2075  2075 D [SEO] ShellEnvOverlayService: onStartCommand() with action com.oculus.vrshell.SHELL_ENV_START_SERVICE
07-11 13:00:34.040  2075  2329 I [SEO] ShellApp: 0xc1447bb0 msg: intent
07-11 13:00:34.040  2075  2329 I [SEO] ShellApp: Ignoring empty launch intent action com.oculus.vrshell.SHELL_ENV_START_SERVICE
07-11 13:00:34.044   599  1906 D AF::RecordHandle: OpRecordAudio: track:55 uid:10015 pkg:com.oculus.shellenv usage:0 not muted
07-11 13:00:34.044   599  3754 D AF::RecordHandle: OpRecordAudio: track:109 uid:10049 pkg:com.oculus.horizon usage:0 not muted
07-11 13:00:34.046   599  3754 D AF::RecordHandle: OpRecordAudio: track:55 uid:10015 pkg:com.oculus.shellenv usage:0 not muted
07-11 13:00:34.046   599  1906 D AF::RecordHandle: OpRecordAudio: track:109 uid:10049 pkg:com.oculus.horizon usage:0 not muted
07-11 13:00:34.048  2075  2075 D [SEO] ShellEnvOverlayService: onRebind
07-11 13:00:34.049  1975  1975 D ActivityLifecycleListener: onActivityResumed
07-11 13:00:34.049  1975  3809 D ActivityLifecycleListener: activity=com.oculus.shellenv.ShellEnvActivity@25b9ee8, resumed=true
07-11 13:00:34.049  1975  3809 D ActivityLifecycleListener: Activity ready after 0ms
07-11 13:00:34.049  1975  3809 I OpenXR  : nativeOnActivityReady
07-11 13:00:34.058  1545  9917 W ContextImpl: Calling a method in the system process without a qualified user: android.app.ContextImpl.sendBroadcast:1057 android.content.ContextWrapper.sendBroadcast:448 X.o8.A00:143 X.nw.A00:17 X.nw.handleMessage:90 
07-11 13:00:34.071  1975  2081 I Clay    : BaseApp: Hibernate transition Unhibernate
07-11 13:00:34.071  1975  2081 I Clay    : copresence: microphone state transition, unpaused
07-11 13:00:34.071  1975  2081 I Clay    : SoundSystem: setPaused(false), m_paused=true
07-11 13:00:34.072  1292  1292 V AvrcpMediaPlayerList: onPlaybackConfigChanged(): Configs list size=5
07-11 13:00:34.074  2909  3018 I GuardianSystem: runtimeServiceSDKClient_.ActiveClientDestroyedEventData: package=[android.uid.system:1000], process=[system_server]
07-11 13:00:34.074  2909  3018 I GuardianSystem: OnDestroyActiveClient: system_server
07-11 13:00:34.080   720  8092 D msm8974_platform: platform_split_snd_device: snd_device(2) num devices(1) new_snd_devices(0)
07-11 13:00:34.080   720  8092 D ACDB-LOADER: ACDB -> send_audvoltable
07-11 13:00:34.080   720  8092 D ACDB-LOADER: ACDB -> ACDB_CMD_GET_AUDPROC_VOL_STEP_TABLE_SIZE
07-11 13:00:34.080   720  8092 D ACDB-LOADER: ACDB -> ACDB_CMD_GET_AUDPROC_GAIN_DEP_STEP_TABLE, vol index 5
07-11 13:00:34.080   720  8092 D         : Failed to fetch the lookup information of the device 0000000F 
07-11 13:00:34.080   720  8092 E ACDB-LOADER: Error: ACDB AudProc vol returned = -19
07-11 13:00:34.080   720  8092 D ACDB-LOADER: ACDB -> AUDIO_SET_VOL_CAL cal type = 40
07-11 13:00:34.081  1975  2081 I Clay    : EnvironmentSystem: computed visibility changed from Unload to Visible (reason: <none>)
07-11 13:00:34.082  1975  2081 I OpenXR  : PostSessionStateChange: XR_SESSION_STATE_IDLE -> XR_SESSION_STATE_READY
07-11 13:00:34.083  1975  2081 I Clay    : xrPollEvent: SESSION_STATE_CHANGED: READY
07-11 13:00:34.083  1975  2081 I Clay    : Entering VR mode: cpu=-1, gpu=-1, perf threads: main=2081, gpu=unset
07-11 13:00:34.083  1975  2081 I OpenXR  : ------------ xrBeginSession [start] -----------
07-11 13:00:34.083  1975  2081 I VrRuntimeClient: Tracing is disabled
07-11 13:00:34.083  1975  2081 I VrRuntimeClient: SysProp debug mode is disabled on Client side
07-11 13:00:34.089  1253  1253 W ClientMgr: ClientMgr::SetFocusedClient: No focused client
07-11 13:00:34.089  1253  1253 I ClientMgr: Releasing clocks.
07-11 13:00:34.089  1253  1253 I ClientMgr: SetFocusedPackageName - packageName  processName  clientId 0 clientPid 0
07-11 13:00:34.090   720  8092 D msm8974_platform: platform_split_snd_device: snd_device(2) num devices(1) new_snd_devices(0)
07-11 13:00:34.090   720  8092 D ACDB-LOADER: ACDB -> send_audvoltable
07-11 13:00:34.090   720  8092 D ACDB-LOADER: ACDB -> ACDB_CMD_GET_AUDPROC_VOL_STEP_TABLE_SIZE
07-11 13:00:34.090   720  8092 D ACDB-LOADER: ACDB -> ACDB_CMD_GET_AUDPROC_GAIN_DEP_STEP_TABLE, vol index 3
07-11 13:00:34.090   720  8092 D         : Failed to fetch the lookup information of the device 0000000F 
07-11 13:00:34.090   720  8092 E ACDB-LOADER: Error: ACDB AudProc vol returned = -19
07-11 13:00:34.090   720  8092 D ACDB-LOADER: ACDB -> AUDIO_SET_VOL_CAL cal type = 40
07-11 13:00:34.101  1975  2081 D VrApi   : targetSDKVersion 29
07-11 13:00:34.103  2030  2030 W OVRLibrary: null cursor received for query content://com.oculus.ocms.library/apps/android
07-11 13:00:34.104  1975  2081 I VrRuntimeClient: DEVICE MODEL NUMBER = Quest
07-11 13:00:34.104  1975  2081 I VrRuntimeClient: DEVICE BUILD NAME = user-31406800746500000
07-11 13:00:34.104  1975  2081 I VrRuntimeClient: DEVICE BUILD TYPE = user
07-11 13:00:34.104  1975  2081 I VrRuntimeClient: DEVICE OS VERSION = 10
07-11 13:00:34.104  1975  2081 I VrRuntimeClient: API LOADER VERSION = 1.0.22
07-11 13:00:34.104  1975  2081 I VrRuntimeClient: RUNTIME API VERSION = 1.0.22
07-11 13:00:34.104  1975  2081 I VrRuntimeClient: RUNTIME VERSION = 41.0.0.123.357 Jun 21 2022 14:34:42 RELEASE
07-11 13:00:34.104  1975  2081 I VrRuntimeClient: APP NAME = ShellEnv
07-11 13:00:34.104  1975  2081 I VrRuntimeClient: APP VERSION = 41.0.0.123.268 versionCode 379017823 internalVersionName 41.0.0.123.268.755a58cfcdee 2022_06_24_18_39
07-11 13:00:34.104  1975  2081 I VrRuntimeClient: APP VR TYPE = vr_only
07-11 13:00:34.104  1975  2081 I VrRuntimeClient: APP MODE TYPE = VR
07-11 13:00:34.104  1975  2081 I VrRuntimeClient: APP PACKAGE NAME = com.oculus.shellenv
07-11 13:00:34.104  1975  2081 I VrRuntimeClient: APP ACTIVITY CLASS = com.oculus.shellenv.ShellEnvActivity
07-11 13:00:34.104  1975  2081 I Sensor  : OSSDKTRACKING Initializing head tracking
07-11 13:00:34.104  1975  2081 I Sensor  : OSSDKTRACKING Head tracker != nullpointer 0x7788e8a478, 1
07-11 13:00:34.104  1975  2081 I Sensor  : OSSDKTRACKING Initializing controller tracking
07-11 13:00:34.104  1975  2081 I Sensor  : OSSDKTRACKING Controller tracker != nullpointer 0x77a3bdcf10, 1
07-11 13:00:34.104  1975  2081 D BatteryReceiver: Registering battery receiver
07-11 13:00:34.107  1975  2081 D HeadsetReceiver: getCurrentHeadsetState: false
07-11 13:00:34.107  1975  2081 I DeviceStatus: nativeHeadsetEvent(0)
07-11 13:00:34.108  1975  2081 I VrRuntimeClient: SetCompositorClientFeatureFlag ClientFeatureFlag 0 
07-11 13:00:34.108  1975  2081 I LogTimer: CPUTIME: VrRuntimeClient_BeginSession took 25.1098 ms
07-11 13:00:34.109  1975  2081 I ClientInputInterface: DEADRECKONING SetControllerTrackingExtendedDeadreckoning 0
07-11 13:00:34.109  1975  2081 I ClientInputSettings: HANDTRACKING package name is com.oculus.shellenv
07-11 13:00:34.111  1975  2081 I ClientInputSettings: HANDTRACKING: Manifest Permission request for com.oculus.shellenv
07-11 13:00:34.111  1975  2081 I ClientInputSettings: HANDTRACKING:  'com.oculus.shellenv' Is hands or controller.
07-11 13:00:34.111  1975  2081 I ClientInputSettings: HANDTRACKING: feature flag set to 2
07-11 13:00:34.111  1975  2081 I ClientInputInterface: HANDTRACKING sethandmanifest 2
07-11 13:00:34.111  1975  2081 I InputHooks_Internal: Enabling Native Input Hooks
07-11 13:00:34.112  1975  2081 I InputDeviceManager: ovrInputDeviceManager::Initialize
07-11 13:00:34.112  1975  2081 I InputDevice_TrackedRemote: REMOTE: Hand=2 IndexAnalog=0.00 GripAnalog=0.00 Buttons=0x00000000
07-11 13:00:34.112  1975  2081 I InputDevice_TrackedRemote: REMOTE: Hand=1 IndexAnalog=0.00 GripAnalog=0.00 Buttons=0x00000000
07-11 13:00:34.112  1975  2081 I InputDeviceManager: HANDTRACKING Pointer filter profile changed to: 0
07-11 13:00:34.112  1975  2081 I InputDeviceManager: HANDTRACKING Pointer filter profile changed to: 0
07-11 13:00:34.112  1975  2081 I PhaseSync: PhaseSync::PhaseSync PaddingLowerLimit 0.350000 StandardDeviations 2.000000 PaddingUpperLimit 0.750000 on instance 24
07-11 13:00:34.112  1975  2081 I VrRuntimeClient: PhaseSync Instance created
07-11 13:00:34.112  1975  2081 D VrRuntimeClient: pokeGuardianUserServiceForThisClient: com.oculus.shellenv:10015
07-11 13:00:34.114  1975  2081 D VrRuntimeClient: VrRuntimeClient: getClientWindow: activity client
07-11 13:00:34.114  2909  2909 D VrGuardianUserService: onStartCommandIntent { act=FOREGROUND_CLIENT cmp=com.oculus.guardian/com.oculus.vrguardianservice.VrGuardianUserService (has extras) }
07-11 13:00:34.114  2909  2909 D VrGuardianUserService: maybeSubscribeDeviceConfig
07-11 13:00:34.117  1253  2933 I VrRuntimeService: RuntimeServiceSDKServer::EnableRendering: 0x77bc67ccc0, 2, com.oculus.shellenv
07-11 13:00:34.117  1253  2933 I ClientMgr: EnableRendering2: Calling SetFocusedClient: 2285421117
07-11 13:00:34.117  1253  2933 I ClientMgr: FocusedClient changed.
07-11 13:00:34.117  1253  2933 I ClientMgr: ClientMgr::SetFocusedClient: 1975:com.oculus.shellenv type 0
07-11 13:00:34.117  1253  2933 I ClientMgr: SetFocusedPackageName - packageName com.oculus.shellenv processName com.oculus.shellenv clientId 2285421117 clientPid 1975
07-11 13:00:34.118  1253  2933 I VrRuntimeService: RuntimeIPC: SendFocusChangeEventToAllClients: PostClientEvent SUCCESS: com.oculus.mrservice:com.oculus.mrservice:1606, com.oculus.shellenv, com.oculus.shellenv
07-11 13:00:34.118  1253  2933 I VrRuntimeService: RuntimeIPC: SendFocusChangeEventToAllClients: PostClientEvent SUCCESS: com.oculus.guardian:com.oculus.vrguardianservice:2909, com.oculus.shellenv, com.oculus.shellenv
07-11 13:00:34.118  1253  2933 I VrRuntimeService: RuntimeIPC: SendFocusChangeEventToAllClients: PostClientEvent SUCCESS: com.oculus.shellenv:com.oculus.shellenv:1975, com.oculus.shellenv, com.oculus.shellenv
07-11 13:00:34.118  1253  2933 I VrRuntimeService: RuntimeIPC: SendFocusChangeEventToAllClients: PostClientEvent SUCCESS: com.oculus.vrshell:com.oculus.vrshell:Overlay:1941, com.oculus.shellenv, com.oculus.shellenv
07-11 13:00:34.118  1253  2933 I VrRuntimeService: RuntimeIPC: SendFocusChangeEventToAllClients: PostClientEvent SUCCESS: com.oculus.vrshell:com.oculus.vrshell:2075, com.oculus.shellenv, com.oculus.shellenv
07-11 13:00:34.118  1253  2933 I ClientMgr: ClientMgr::EnableRendering 1975:com.oculus.shellenv : type 0 comp-id 1: enable
07-11 13:00:34.118  1253  2933 I CompositorVR: CheckDebuggerConnected: debugger 0
07-11 13:00:34.118  1253  2933 I VrRuntimeServer: SysProp debug mode is disabled on Server side
07-11 13:00:34.119  2909  2909 D VrGuardianUserService: onStartCommand FOREGROUND_CLIENT user = 0
07-11 13:00:34.120  2909  2909 D VrGuardianService: setCurrentUser() called with: userId = [0]
07-11 13:00:34.120  2909  2909 I VrGuardianService: nativeSetCurrentUser userid = 0
07-11 13:00:34.120  2909  2909 I GuardianSystem: GuardianSystem::SetCurrentUser: 0 
07-11 13:00:34.122  1253  2933 I UnifiedTelemetryWrapper: Started UT session render:com.oculus.shellenv
07-11 13:00:34.128  1253  2027 I ClientMgr: Non-overlay clients rendering status has changed: prev=70, curr=71, enabled=1
07-11 13:00:34.128  1253  2027 I ClientMgr: Primary Client is not valid.
07-11 13:00:34.128  1253  2027 I ClientMgr: Primary client determined to be the current enabled client -2009546179
07-11 13:00:34.128  1253  2027 I ClientMgr: ClientMgr::SetPrimaryCompositorClient: 1975:com.oculus.shellenv
07-11 13:00:34.129  1253  2027 W ClientMgr: ClientMgr::GetClientPermissionFlagsById: Client missing proper permissions: com.oculus.shellenv, 2
07-11 13:00:34.129  1253  2027 I TimeWarpClientMgr: Enable client 1
07-11 13:00:34.129  1253  2027 I VrRuntimeServer: EnableCompositorClient client(1): layer placement(0) flags(1) sm(0x781a2f8010)
07-11 13:00:34.129  1253  2027 I ClientMgr: SetPrimaryPackageName - packageName com.oculus.shellenv processName com.oculus.shellenv clientId 2285421117 clientPid 1975
07-11 13:00:34.129  1253  2027 I ServiceInputManager: ServiceInputManager::SetPrimaryPackageName 'com.oculus.shellenv' 'com.oculus.shellenv'  updated AnytimeUI processname 0
07-11 13:00:34.129  1253  2027 I VrRuntimeService: RuntimeIPC: SendPrimaryPackageChangeEvent: PostClientEvent SUCCESS: com.oculus.mrservice:com.oculus.mrservice:1606, com.oculus.shellenv, com.oculus.shellenv
