07-11 11:55:58.425   855   995 I TrackingService: [            iad] STANDBY -> SLEEP transition time: 0 ms
07-11 11:55:58.429   855   995 I TrackingService: [ vision_manager] STANDBY -> SLEEP transition time: 4 ms
07-11 11:55:58.429   855  5017 D TrackingService: setPowerState: SLEEP
07-11 11:55:58.774  1545  5067 W ContextImpl: Calling a method in the system process without a qualified user: android.app.ContextImpl.sendBroadcast:1057 android.content.ContextWrapper.sendBroadcast:448 X.o8.A00:143 X.nw.A00:17 X.nw.handleMessage:90 
07-11 11:55:58.827  1545  5068 W ContextImpl: Calling a method in the system process without a qualified user: android.app.ContextImpl.sendBroadcast:1057 android.content.ContextWrapper.sendBroadcast:448 X.o8.A00:143 X.nw.A00:17 X.nw.handleMessage:90 
07-11 11:57:01.142  1034  1680 W ProcessStats: Tracking association SourceState{24b5dae com.oculus.shellenv/10015 Top #3537} whose proc state 1 is better than process ProcessState{336174f com.oculus.horizon/10049 pkg=com.oculus.horizon} proc state 2 (37 skipped)
07-11 11:57:23.145  1034  3912 W ProcessStats: Tracking association SourceState{24b5dae com.oculus.shellenv/10015 Top #3542} whose proc state 1 is better than process ProcessState{336174f com.oculus.horizon/10049 pkg=com.oculus.horizon} proc state 2 (3 skipped)
07-11 11:57:42.734  1034  1063 W ProcessStats: Tracking association SourceState{24b5dae com.oculus.shellenv/10015 Top #3546} whose proc state 1 is better than process ProcessState{336174f com.oculus.horizon/10049 pkg=com.oculus.horizon} proc state 2 (1 skipped)
07-11 11:57:50.528  1034  1680 D ConnectivityService: requestNetwork for uid/pid:10031/2382 NetworkRequest [ TRACK_DEFAULT id=16, [ Capabilities: INTERNET&NOT_RESTRICTED&TRUSTED Uid: 10031] ]
07-11 11:57:50.580  1034  1156 D ConnectivityService: Blocked status changed to true for 10031(16) on netId 100
07-11 11:57:50.592  1034  1156 D ConnectivityService: releasing NetworkRequest [ TRACK_DEFAULT id=16, [ Capabilities: INTERNET&NOT_RESTRICTED&TRUSTED Uid: 10031] ] (release request)
07-11 11:57:50.749  1545  5077 W ContextImpl: Calling a method in the system process without a qualified user: android.app.ContextImpl.sendBroadcast:1057 android.content.ContextWrapper.sendBroadcast:448 X.o8.A00:143 X.nw.A00:17 X.nw.handleMessage:90 
07-11 11:57:51.561  1034  1034 I RoleManagerService: Granting default permissions...
07-11 11:57:51.569  1034  1062 W VoiceInteractionManagerService: no available voice interaction services found for user 0
07-11 11:57:51.813  1034  1062 I RoleUserState: Wrote roles.xml successfully
07-11 11:57:52.631  1034  1034 I RoleManagerService: Granting default permissions...
07-11 11:57:52.644  1034  1062 W VoiceInteractionManagerService: no available voice interaction services found for user 0
07-11 11:57:52.923  1034  1062 I RoleUserState: Wrote roles.xml successfully
07-11 11:58:00.132  1034  3912 W ProcessStats: Tracking association SourceState{24b5dae com.oculus.shellenv/10015 Top #3614} whose proc state 1 is better than process ProcessState{336174f com.oculus.horizon/10049 pkg=com.oculus.horizon} proc state 2 (77 skipped)
07-11 11:58:12.027  1034  2163 W ProcessStats: Tracking association SourceState{24b5dae com.oculus.shellenv/10015 Top #3622} whose proc state 1 is better than process ProcessState{336174f com.oculus.horizon/10049 pkg=com.oculus.horizon} proc state 2 (7 skipped)
07-11 11:59:01.160  1034  2163 W ProcessStats: Tracking association SourceState{24b5dae com.oculus.shellenv/10015 Top #3628} whose proc state 1 is better than process ProcessState{336174f com.oculus.horizon/10049 pkg=com.oculus.horizon} proc state 2 (1 skipped)
07-11 11:59:17.849  1034  4775 W ProcessStats: Tracking association SourceState{24b5dae com.oculus.shellenv/10015 Top #3629} whose proc state 1 is better than process ProcessState{336174f com.oculus.horizon/10049 pkg=com.oculus.horizon} proc state 2 (1 skipped)
07-11 12:00:00.151  1034  3510 W ProcessStats: Tracking association SourceState{24b5dae com.oculus.shellenv/10015 Top #3636} whose proc state 1 is better than process ProcessState{336174f com.oculus.horizon/10049 pkg=com.oculus.horizon} proc state 2 (3 skipped)
--------- beginning of main
07-11 12:00:23.521  1606  2988 I [CT]    : MIXEDREALITY: MrServiceView: renderIteration: (every 10 seconds), screen is: OFF, PT is: OFF, ID is: OFF
07-11 12:00:23.650  1034  1517 W ProcessStats: Tracking association SourceState{24b5dae com.oculus.shellenv/10015 Top #3638} whose proc state 1 is better than process ProcessState{336174f com.oculus.horizon/10049 pkg=com.oculus.horizon} proc state 2 (3 skipped)
07-11 12:00:23.922  1606  2988 I [CT]    : MIXEDREALITY: MrServiceModel: commitLayerState: (every 10 seconds), ImagesAndCompute: false, ImagesOnly: false, NoRequirement: true.
07-11 12:00:26.241  2909  3408 I Telemetry: App memory usage: PSS=31MB DalvikPSS=0 MB PrivateDirty=23MB PrivateClean=5MB
07-11 12:00:33.538  1606  2988 I [CT]    : MIXEDREALITY: MrServiceView: renderIteration: (every 10 seconds), screen is: OFF, PT is: OFF, ID is: OFF
07-11 12:00:33.939  1606  2988 I [CT]    : MIXEDREALITY: MrServiceModel: commitLayerState: (every 10 seconds), ImagesAndCompute: false, ImagesOnly: false, NoRequirement: true.
07-11 12:00:35.233  1606  3148 I Telemetry: App memory usage: PSS=16MB DalvikPSS=1 MB PrivateDirty=12MB PrivateClean=1MB
07-11 12:00:43.555  1606  2988 I [CT]    : MIXEDREALITY: MrServiceView: renderIteration: (every 10 seconds), screen is: OFF, PT is: OFF, ID is: OFF
07-11 12:00:43.956  1606  2988 I [CT]    : MIXEDREALITY: MrServiceModel: commitLayerState: (every 10 seconds), ImagesAndCompute: false, ImagesOnly: false, NoRequirement: true.
07-11 12:00:46.239  2909  3408 I Telemetry: App memory usage: PSS=31MB DalvikPSS=0 MB PrivateDirty=23MB PrivateClean=5MB
07-11 12:00:53.571  1606  2988 I [CT]    : MIXEDREALITY: MrServiceView: renderIteration: (every 10 seconds), screen is: OFF, PT is: OFF, ID is: OFF
07-11 12:00:53.972  1606  2988 I [CT]    : MIXEDREALITY: MrServiceModel: commitLayerState: (every 10 seconds), ImagesAndCompute: false, ImagesOnly: false, NoRequirement: true.
07-11 12:00:55.250  1606  3148 I Telemetry: App memory usage: PSS=16MB DalvikPSS=1 MB PrivateDirty=12MB PrivateClean=1MB
07-11 12:01:00.181  1034  4775 W ProcessStats: Tracking association SourceState{24b5dae com.oculus.shellenv/10015 Top #3643} whose proc state 1 is better than process ProcessState{336174f com.oculus.horizon/10049 pkg=com.oculus.horizon} proc state 2 (1 skipped)
07-11 12:01:00.189  2030  3416 W OVRLibrary: null cursor received for query content://com.oculus.ocms.library/apps/com.oculus.guardian
07-11 12:01:00.189  2030  3295 W OVRLibrary: null cursor received for query content://com.oculus.ocms.library/apps/com.oculus.mrservice
07-11 12:01:03.589  1606  2988 I [CT]    : MIXEDREALITY: MrServiceView: renderIteration: (every 10 seconds), screen is: OFF, PT is: OFF, ID is: OFF
07-11 12:01:03.990  1606  2988 I [CT]    : MIXEDREALITY: MrServiceModel: commitLayerState: (every 10 seconds), ImagesAndCompute: false, ImagesOnly: false, NoRequirement: true.
07-11 12:01:06.240  2909  3408 I Telemetry: App memory usage: PSS=31MB DalvikPSS=0 MB PrivateDirty=23MB PrivateClean=5MB
07-11 12:01:13.607  1606  2988 I [CT]    : MIXEDREALITY: MrServiceView: renderIteration: (every 10 seconds), screen is: OFF, PT is: OFF, ID is: OFF
07-11 12:01:14.008  1606  2988 I [CT]    : MIXEDREALITY: MrServiceModel: commitLayerState: (every 10 seconds), ImagesAndCompute: false, ImagesOnly: false, NoRequirement: true.
07-11 12:01:15.251  1606  3148 I Telemetry: App memory usage: PSS=16MB DalvikPSS=1 MB PrivateDirty=13MB PrivateClean=1MB
07-11 12:01:23.141  1034  1777 W ProcessStats: Tracking association SourceState{24b5dae com.oculus.shellenv/10015 Top #3645} whose proc state 1 is better than process ProcessState{336174f com.oculus.horizon/10049 pkg=com.oculus.horizon} proc state 2 (3 skipped)
07-11 12:01:23.625  1606  2988 I [CT]    : MIXEDREALITY: MrServiceView: renderIteration: (every 10 seconds), screen is: OFF, PT is: OFF, ID is: OFF
07-11 12:01:24.026  1606  2988 I [CT]    : MIXEDREALITY: MrServiceModel: commitLayerState: (every 10 seconds), ImagesAndCompute: false, ImagesOnly: false, NoRequirement: true.
07-11 12:01:26.256  2909  3408 I Telemetry: App memory usage: PSS=31MB DalvikPSS=0 MB PrivateDirty=23MB PrivateClean=5MB
07-11 12:01:33.641  1606  2988 I [CT]    : MIXEDREALITY: MrServiceView: renderIteration: (every 10 seconds), screen is: OFF, PT is: OFF, ID is: OFF
07-11 12:01:34.042  1606  2988 I [CT]    : MIXEDREALITY: MrServiceModel: commitLayerState: (every 10 seconds), ImagesAndCompute: false, ImagesOnly: false, NoRequirement: true.
07-11 12:01:35.252  1606  3148 I Telemetry: App memory usage: PSS=17MB DalvikPSS=1 MB PrivateDirty=13MB PrivateClean=1MB
07-11 12:01:43.659  1606  2988 I [CT]    : MIXEDREALITY: MrServiceView: renderIteration: (every 10 seconds), screen is: OFF, PT is: OFF, ID is: OFF
07-11 12:01:44.060  1606  2988 I [CT]    : MIXEDREALITY: MrServiceModel: commitLayerState: (every 10 seconds), ImagesAndCompute: false, ImagesOnly: false, NoRequirement: true.
07-11 12:01:46.257  2909  3408 I Telemetry: App memory usage: PSS=31MB DalvikPSS=0 MB PrivateDirty=23MB PrivateClean=5MB
07-11 12:01:53.676  1606  2988 I [CT]    : MIXEDREALITY: MrServiceView: renderIteration: (every 10 seconds), screen is: OFF, PT is: OFF, ID is: OFF
07-11 12:01:54.077  1606  2988 I [CT]    : MIXEDREALITY: MrServiceModel: commitLayerState: (every 10 seconds), ImagesAndCompute: false, ImagesOnly: false, NoRequirement: true.
07-11 12:01:55.253  1606  3148 I Telemetry: App memory usage: PSS=17MB DalvikPSS=1 MB PrivateDirty=13MB PrivateClean=1MB
07-11 12:02:00.190  1034  1517 W ProcessStats: Tracking association SourceState{24b5dae com.oculus.shellenv/10015 Top #3653} whose proc state 1 is better than process ProcessState{336174f com.oculus.horizon/10049 pkg=com.oculus.horizon} proc state 2 (3 skipped)
07-11 12:02:00.194  2030  3295 W OVRLibrary: null cursor received for query content://com.oculus.ocms.library/apps/com.oculus.guardian
07-11 12:02:00.198  2030  3416 W OVRLibrary: null cursor received for query content://com.oculus.ocms.library/apps/com.oculus.mrservice
07-11 12:02:01.373  1545  5208 W ContextImpl: Calling a method in the system process without a qualified user: android.app.ContextImpl.sendBroadcast:1057 android.content.ContextWrapper.sendBroadcast:448 X.o8.A00:143 X.nw.A00:17 X.nw.handleMessage:90 
07-11 12:02:03.693  1606  2988 I [CT]    : MIXEDREALITY: MrServiceView: renderIteration: (every 10 seconds), screen is: OFF, PT is: OFF, ID is: OFF
07-11 12:02:04.095  1606  2988 I [CT]    : MIXEDREALITY: MrServiceModel: commitLayerState: (every 10 seconds), ImagesAndCompute: false, ImagesOnly: false, NoRequirement: true.
07-11 12:02:06.258  2909  3408 I Telemetry: App memory usage: PSS=31MB DalvikPSS=0 MB PrivateDirty=23MB PrivateClean=5MB
07-11 12:02:13.711  1606  2988 I [CT]    : MIXEDREALITY: MrServiceView: renderIteration: (every 10 seconds), screen is: OFF, PT is: OFF, ID is: OFF
07-11 12:02:14.112  1606  2988 I [CT]    : MIXEDREALITY: MrServiceModel: commitLayerState: (every 10 seconds), ImagesAndCompute: false, ImagesOnly: false, NoRequirement: true.
07-11 12:02:15.254  1606  3148 I Telemetry: App memory usage: PSS=17MB DalvikPSS=1 MB PrivateDirty=13MB PrivateClean=1MB
07-11 12:02:23.729  1606  2988 I [CT]    : MIXEDREALITY: MrServiceView: renderIteration: (every 10 seconds), screen is: OFF, PT is: OFF, ID is: OFF
07-11 12:02:24.129  1606  2988 I [CT]    : MIXEDREALITY: MrServiceModel: commitLayerState: (every 10 seconds), ImagesAndCompute: false, ImagesOnly: false, NoRequirement: true.
07-11 12:02:26.259  2909  3408 I Telemetry: App memory usage: PSS=31MB DalvikPSS=1 MB PrivateDirty=23MB PrivateClean=5MB
07-11 12:02:33.747  1606  2988 I [CT]    : MIXEDREALITY: MrServiceView: renderIteration: (every 10 seconds), screen is: OFF, PT is: OFF, ID is: OFF
07-11 12:02:34.148  1606  2988 I [CT]    : MIXEDREALITY: MrServiceModel: commitLayerState: (every 10 seconds), ImagesAndCompute: false, ImagesOnly: false, NoRequirement: true.
07-11 12:02:35.254  1606  3148 I Telemetry: App memory usage: PSS=17MB DalvikPSS=1 MB PrivateDirty=13MB PrivateClean=1MB
07-11 12:02:35.251   727   727 W health@2.0-serv: type=1400 audit(0.0:72): avc: denied { read } for name="life_time_estimation_a" dev="sysfs" ino=35977 scontext=u:r:hal_health_default:s0 tcontext=u:object_r:sysfs:s0 tclass=file permissive=0
07-11 12:02:35.251   727   727 W health@2.0-serv: type=1400 audit(0.0:73): avc: denied { read } for name="life_time_estimation_b" dev="sysfs" ino=35978 scontext=u:r:hal_health_default:s0 tcontext=u:object_r:sysfs:s0 tclass=file permissive=0
07-11 12:02:35.251   727   727 W health@2.0-serv: type=1400 audit(0.0:74): avc: denied { read } for name="eol_info" dev="sysfs" ino=35976 scontext=u:r:hal_health_default:s0 tcontext=u:object_r:sysfs:s0 tclass=file permissive=0
07-11 12:02:35.257   727   727 E libhealthbattery: Failed to read SysFsItem "ufs_lifetime_a" : "/sys/devices/soc/1da4000.ufshc/health_descriptor/life_time_estimation_a", setting default value.
07-11 12:02:35.257   727   727 E libhealthbattery: Failed to read SysFsItem "ufs_lifetime_b" : "/sys/devices/soc/1da4000.ufshc/health_descriptor/life_time_estimation_b", setting default value.
07-11 12:02:35.257   727   727 E libhealthbattery: Failed to read SysFsItem "ufs_eol" : "/sys/devices/soc/1da4000.ufshc/health_descriptor/eol_info", setting default value.
07-11 12:02:35.258   603   603 E PersistableBundle: Failed at frameworks/native/libs/binder/PersistableBundle.cpp:158 (erase)
07-11 12:02:35.263  1034  1517 W ProcessStats: Tracking association SourceState{24b5dae com.oculus.shellenv/10015 Top #3670} whose proc state 1 is better than process ProcessState{336174f com.oculus.horizon/10049 pkg=com.oculus.horizon} proc state 2 (15 skipped)
07-11 12:02:35.258   603   603 E PersistableBundle: Failed at frameworks/native/libs/binder/PersistableBundle.cpp:158 (erase)
07-11 12:02:40.487  1577  1814 D DeviceCertLibrary: verifyKeyForCurrentSecureState returned status: 0
07-11 12:02:40.487  1577  1814 D DeviceCertLibrary: containsAlias received status: 0
07-11 12:02:42.781  1034  1693 D DhcpClient: Unicasting DHCPREQUEST ciaddr=10.105.52.213 request=0.0.0.0 serverid=null to /155.247.19.3:67
07-11 12:02:42.790  1034  1930 D DhcpClient: Received packet: 2c:26:17:61:c7:7e ACK: your new IP /10.105.52.213, netmask /255.255.240.0, gateways [/10.105.48.1] DNS servers: /155.247.225.230 /155.247.225.231 , lease time 600
07-11 12:02:42.793  1034  1693 D DhcpClient: Renewed lease: android.net.networkstack.DhcpResults@41e2718 DHCP server /155.247.19.3 Vendor info null lease 600 seconds Servername 
07-11 12:02:42.801  1034  1693 D DhcpClient: Scheduling renewal in 299s
07-11 12:02:42.801  1034  1693 D DhcpClient: Scheduling rebind in 524s
07-11 12:02:42.801  1034  1693 D DhcpClient: Scheduling expiry in 599s
07-11 12:02:42.828  1829  5226 I OSUpdateService: Intent with action system_network_changed
07-11 12:02:43.764  1606  2988 I [CT]    : MIXEDREALITY: MrServiceView: renderIteration: (every 10 seconds), screen is: OFF, PT is: OFF, ID is: OFF
07-11 12:02:44.167  1606  2988 I [CT]    : MIXEDREALITY: MrServiceModel: commitLayerState: (every 10 seconds), ImagesAndCompute: false, ImagesOnly: false, NoRequirement: true.
07-11 12:02:46.262  2909  3408 I Telemetry: App memory usage: PSS=31MB DalvikPSS=1 MB PrivateDirty=23MB PrivateClean=5MB
07-11 12:02:52.283  1941  1941 D [OAO] LowStorageNotificationScheduler: Storage Checks: Internal Free (114138333184)
07-11 12:02:53.783  1606  2988 I [CT]    : MIXEDREALITY: MrServiceView: renderIteration: (every 10 seconds), screen is: OFF, PT is: OFF, ID is: OFF
07-11 12:02:54.183  1606  2988 I [CT]    : MIXEDREALITY: MrServiceModel: commitLayerState: (every 10 seconds), ImagesAndCompute: false, ImagesOnly: false, NoRequirement: true.
07-11 12:02:55.236  1606  3148 I Telemetry: App memory usage: PSS=17MB DalvikPSS=1 MB PrivateDirty=13MB PrivateClean=1MB
07-11 12:03:00.193  1034  2163 W ProcessStats: Tracking association SourceState{24b5dae com.oculus.shellenv/10015 Top #3682} whose proc state 1 is better than process ProcessState{336174f com.oculus.horizon/10049 pkg=com.oculus.horizon} proc state 2 (9 skipped)
07-11 12:03:00.198  2030  3416 W OVRLibrary: null cursor received for query content://com.oculus.ocms.library/apps/com.oculus.mrservice
07-11 12:03:00.201  2030  3295 W OVRLibrary: null cursor received for query content://com.oculus.ocms.library/apps/com.oculus.guardian
07-11 12:03:03.799  1606  2988 I [CT]    : MIXEDREALITY: MrServiceView: renderIteration: (every 10 seconds), screen is: OFF, PT is: OFF, ID is: OFF
07-11 12:03:04.200  1606  2988 I [CT]    : MIXEDREALITY: MrServiceModel: commitLayerState: (every 10 seconds), ImagesAndCompute: false, ImagesOnly: false, NoRequirement: true.
07-11 12:03:06.260  2909  3408 I Telemetry: App memory usage: PSS=31MB DalvikPSS=1 MB PrivateDirty=23MB PrivateClean=5MB
07-11 12:03:10.316  2166  3682 W msys    : W[S sync-state-machine]MCDSyncStateMachineScheduleDelayedRetry(172)=>skipping the new retry with longer delay
07-11 12:03:10.317  2166  3682 W msys    : W[S sync]_scheduleNextCursorRetry(422)=>skipping delayed retry due to state machine state decision
07-11 12:03:13.817  1606  2988 I [CT]    : MIXEDREALITY: MrServiceView: renderIteration: (every 10 seconds), screen is: OFF, PT is: OFF, ID is: OFF
07-11 12:03:14.218  1606  2988 I [CT]    : MIXEDREALITY: MrServiceModel: commitLayerState: (every 10 seconds), ImagesAndCompute: false, ImagesOnly: false, NoRequirement: true.
07-11 12:03:15.274  1606  3148 I Telemetry: App memory usage: PSS=17MB DalvikPSS=2 MB PrivateDirty=13MB PrivateClean=1MB
07-11 12:03:23.140  1034  4775 W ProcessStats: Tracking association SourceState{24b5dae com.oculus.shellenv/10015 Top #3685} whose proc state 1 is better than process ProcessState{336174f com.oculus.horizon/10049 pkg=com.oculus.horizon} proc state 2 (3 skipped)
07-11 12:03:23.834  1606  2988 I [CT]    : MIXEDREALITY: MrServiceView: renderIteration: (every 10 seconds), screen is: OFF, PT is: OFF, ID is: OFF
07-11 12:03:24.235  1606  2988 I [CT]    : MIXEDREALITY: MrServiceModel: commitLayerState: (every 10 seconds), ImagesAndCompute: false, ImagesOnly: false, NoRequirement: true.
07-11 12:03:24.991   736   872 I SyncBossHAL: [info   ] syncboss_hal_powerstate.c(63): Reporting powerstate event: prox_on
07-11 12:03:24.992  1034  1034 D VrPowerManagerService: processing message: sensor changed
07-11 12:03:24.995  1034  1034 I VrPowerManagerService: transition from STANDBY to HEADSET_MOUNTED
07-11 12:03:24.996  1034  1034 I PowerManagerService: Waking up from Asleep (uid=1000, reason=WAKE_REASON_UNKNOWN, details=VrPwMng:leave-standby)...
07-11 12:03:25.006  1034  1071 I DisplayPowerController: Blocking screen on until initial contents have been drawn.
07-11 12:03:25.007  1034  1071 D ActivityTaskManager: Top Process State changed to PROCESS_STATE_TOP
07-11 12:03:25.012  1034  1071 W InputReader: Device has associated, but no associated display id.
07-11 12:03:25.019   855  3694 D SensorClientUtils: Cancelling delayed transition to SLEEP
07-11 12:03:25.019   849   849 D SensorClientUtils: Cancelling delayed transition to SLEEP
07-11 12:03:25.020   849   849 D SensorClientUtils: Received transition request to RUNNING current is SLEEP
07-11 12:03:25.020   849   849 D SensorClientUtils: Executing transition from SLEEP to STANDBY
07-11 12:03:25.020   849   849 D SensorClientUtils: Setting power state to STANDBY
07-11 12:03:25.020   855   855 D SensorClientUtils: Cancelling delayed transition to SLEEP
07-11 12:03:25.020   855  3694 D SensorClientUtils: Received transition request to RUNNING current is SLEEP
07-11 12:03:25.020   855  3694 D SensorClientUtils: Executing transition from SLEEP to STANDBY
07-11 12:03:25.020   855  3694 D SensorClientUtils: Setting power state to STANDBY
07-11 12:03:25.021   855   855 D SensorClientUtils: Received transition request to RUNNING current is SLEEP
07-11 12:03:25.021   855   855 D SensorClientUtils: Executing transition from SLEEP to STANDBY
07-11 12:03:25.021   855   855 D SensorClientUtils: Setting power state to STANDBY
07-11 12:03:25.021  1551  1589 D VrPowerManagerClient: Headset state: 1
07-11 12:03:25.022  1551  1589 V ControllerNotifications: Headset was mounted, requesting that notifications are enabled
07-11 12:03:25.022  1551  1589 V ControllerNotifications: Queueing enable of notifications in 5000ms
07-11 12:03:25.026   538   538 E SELinux : avc:  denied  { find } for service=power pid=849 uid=1000 scontext=u:r:mrsystemservice:s0 tcontext=u:object_r:power_service:s0 tclass=service_manager permissive=0
07-11 12:03:25.027   849   849 W libwakelock: Could not connect to power manager service
07-11 12:03:25.027   849   849 E libwakelock: MrSystemService: Failed to acquire wakelock mrsystemservice.powermonitor; refcnt=0, powerManager=false, status=0
07-11 12:03:25.027   849   849 D SensorClientUtils: Executing transition from STANDBY to RUNNING
07-11 12:03:25.027   849   849 D SensorClientUtils: Setting power state to RUNNING
07-11 12:03:25.028   720  3762 D audio_hw_primary: adev_set_mic_mute state 0
07-11 12:03:25.028  1034  2163 E AudioSystem-JNI: Command failed for android_media_AudioSystem_muteMicrophone: -38
07-11 12:03:25.028  1034  2163 W ContextImpl: Calling a method in the system process without a qualified user: android.app.ContextImpl.sendBroadcast:1057 com.android.server.audio.AudioService.setMicrophoneMuteNoCallerCheck:2891 com.android.server.audio.AudioService.setMicrophoneMute:2877 android.media.IAudioService$Stub.onTransact:1112 android.os.Binder.execTransactInternal:1021 
07-11 12:03:25.029  1292  1292 V AvrcpMediaPlayerList: onPlaybackConfigChanged(): Configs list size=6
07-11 12:03:25.030   538   538 E SELinux : avc:  denied  { find } for service=power pid=849 uid=1000 scontext=u:r:mrsystemservice:s0 tcontext=u:object_r:power_service:s0 tclass=service_manager permissive=0
07-11 12:03:25.030   849   849 W libwakelock: Could not connect to power manager service
07-11 12:03:25.030   849   849 E libwakelock: MrSystemService: Failed to acquire wakelock mrsystemservice.powermonitor; refcnt=0, powerManager=false, status=0
07-11 12:03:25.035  1034  1071 V DisplayPowerController: Brightness [255] reason changing to: 'manual', previous reason: 'screen_off'.
07-11 12:03:25.035   855   855 D OVRRemoteService: ControllerGlue: setting expected mode to Streaming
07-11 12:03:25.035   855   855 D OVRRemoteService: ControllerGlue: Setting current mode to Streaming
07-11 12:03:25.035   855   855 D OVRRemoteService: ControllerGlue: leave mode Disabled
07-11 12:03:25.035   855   855 D OVRRemoteService: ControllerGlue: Setting mode to Streaming
07-11 12:03:25.035   855   855 D OVRRemoteService: ControllerGlue: enter mode Streaming
07-11 12:03:25.036   809  1414 D NuPlayerDriver: NuPlayerDriver(0xf01335a0) created, clientPid(1034)
07-11 12:03:25.036   596   596 D SurfaceFlinger: Setting power mode 2 on display 0
07-11 12:03:25.037   604   604 I SDM     : DisplayBase::SetDisplayState: Set state = 1, display 0
07-11 12:03:25.037   736   942 I SyncBossHAL: [info   ] syncboss_hal_impl_android_driver.c(457): Failed to read system property vendor.syncbosshal.uart_path. Using default "/dev/ttyHS99".
07-11 12:03:25.038  1034  1057 I DisplayManagerService: Display device changed state: "Built-in Screen", ON
07-11 12:03:25.040   736   942 I SyncBossHAL: [info   ] syncboss_hal_impl_android_driver.c(575): Starting logging thread from UART path /dev/ttyHS99
07-11 12:03:25.041   736   942 D SensorService: ControllerProvider: acquiring StreamingSession
07-11 12:03:25.044  2075  2075 D [SEO] ShellEnvOverlayService: onStartCommand() with action com.oculus.vrshell.SHELL_ENV_START_SERVICE
07-11 12:03:25.045  2075  2329 I [SEO] ShellFrameAnalytics: ShellFrame frameFunction: 567663707us/567663707us, trace: 0us/3us, process commands: 0us/1024us, system update: 0us/23042us, render 0us/3930us, post render 0us/0us
07-11 12:03:25.045  2075  2329 I [SEO] ShellApp: 0xc1447bb0 msg: intent
07-11 12:03:25.046  2075  2329 I [SEO] ShellApp: Ignoring empty launch intent action com.oculus.vrshell.SHELL_ENV_START_SERVICE
07-11 12:03:25.046  2075  2075 D [SEO] ShellEnvOverlayService: onRebind
07-11 12:03:25.047   809  1414 I Codec2Client: Creating a Codec2 client to service "software"
07-11 12:03:25.050   736   942 D SensorService: SyncbossEventHandler: starting all streams
07-11 12:03:25.051   736  5236 D SensorService: SyncbossEventHandler::producerThreadFunc() start
07-11 12:03:25.051   736  5236 W SensorService: Data for sensor type HMD_IMU dropped because of failure to update clock drift from vsync. 1 drops in the last 0s.
07-11 12:03:25.051   809  1414 I Codec2Client: Client to Codec2 service "software" created
07-11 12:03:25.055   736   942 I SyncBossHAL: [info   ] syncboss_hal_impl_input.c(276): No pulsar frequency blocklist set
07-11 12:03:25.055   736   942 I SyncBossHAL: [info   ] syncboss_hal_impl_input.c(303): No AFH behavior specified, enabled by default
07-11 12:03:25.055   736   942 I SyncBossHAL: [info   ] syncboss_hal_impl_input.c(343): Input device auto-whitelisting disabled
07-11 12:03:25.056   855   995 I TrackingService: [ vision_manager] SLEEP -> STANDBY transition time: 1 ms
07-11 12:03:25.057   855   995 I TrackingService: [            iad] SLEEP -> STANDBY transition time: 0 ms
07-11 12:03:25.057   855   995 I [CT]    : BoltMemoryAllocationCapabilityImpl: onStart
07-11 12:03:25.057   855   995 I [CT]    : BoltSDK::Soc-Hexagon: BoltMemoryAllocationCapability: Hexagon ref count changed from 0 to 1
07-11 12:03:25.057   855   995 I [CT]    : BoltSDK::Soc-Hexagon: Acquiring all Hexagon resources from Bolt SDK
07-11 12:03:25.057   855   995 I [CT]    : BOLT:HexagonShim: HexagonStart
07-11 12:03:25.058   855   995 I [CT]    : boltlib: Waited 0.000943854 for SFRPC invoker thread to start
07-11 12:03:25.059   809  5239 D GenericSource: FileSource remote
07-11 12:03:25.059   855   995 I [CT]    : boltlib: Waited 0.00105 for all SFRPC worker threads
07-11 12:03:25.059   736   942 D SensorService: ControllerProvider: acquiring StreamingClient impl; approx # alive: 1
07-11 12:03:25.059   736   942 D libsensorscommon: ControllerProvider: acquiring StreamingClient hidl
07-11 12:03:25.060   855   855 D OVRRemoteService: [controller] SLEEP -> STANDBY
07-11 12:03:25.060   855  5245 D OVRRemoteService: processStateChange([PairedControllerInfo LCON adf260742d57ae23 disconnected mcnt=0])
07-11 12:03:25.060   855  5245 D OVRRemoteService: processStateChange([PairedControllerInfo LCON dc36774d072f3cbd disconnected asleep mcnt=0])
07-11 12:03:25.060   855   855 D SensorClientUtils: Executing transition from STANDBY to RUNNING
07-11 12:03:25.060   855   855 D SensorClientUtils: Setting power state to RUNNING
07-11 12:03:25.060   855   855 D OVRRemoteService: [controller] STANDBY -> RUNNING
07-11 12:03:25.060   736  5234 I SyncBossFW:  961840 [info   ] {WIHO}: Pulsar device auto-whitelisting disabled
07-11 12:03:25.063   855   995 I [CT]    : BoltSDK::Soc-Hexagon: Acquiring memory pool resources from Bolt SDK
07-11 12:03:25.063   855   995 D /system/bin/trackingservice: src/rpcmem_android.c:172::info: calling: NULL != (m = malloc(sizeof(*m)))
07-11 12:03:25.063   855   995 D /system/bin/trackingservice: src/rpcmem_android.c:172::info: passed: NULL != (m = malloc(sizeof(*m)))
07-11 12:03:25.063   855   995 D /system/bin/trackingservice: src/rpcmem_android.c:193::info: calling: !(rpc_flags & RPCMEM_HEAP_UNCACHED)
07-11 12:03:25.063   855   995 D /system/bin/trackingservice: src/rpcmem_android.c:193::info: passed: !(rpc_flags & RPCMEM_HEAP_UNCACHED)
07-11 12:03:25.063   855   995 D /system/bin/trackingservice: src/rpcmem_android.c:429:ION version is legacy
07-11 12:03:25.063   855   995 D /system/bin/trackingservice: src/rpcmem_android.c:377::info: calling: 0 < rpcmem_ionfd
07-11 12:03:25.063   855   995 D /system/bin/trackingservice: src/rpcmem_android.c:377::info: passed: 0 < rpcmem_ionfd
07-11 12:03:25.063   855   995 D /system/bin/trackingservice: src/rpcmem_android.c:399:alloc data 0x0x77e9ff2c70, heap mask 0x2000000, flags 0x1
07-11 12:03:25.063   855   995 D /system/bin/trackingservice: src/rpcmem_android.c:400::info: calling: ioctl(rpcmem_ionfd, ION_IOC_ALLOC_KK, &alloc) >= 0
07-11 12:03:25.063   855   995 D /system/bin/trackingservice: src/rpcmem_android.c:400::info: passed: ioctl(rpcmem_ionfd, ION_IOC_ALLOC_KK, &alloc) >= 0
07-11 12:03:25.063   855   995 D /system/bin/trackingservice: src/rpcmem_android.c:402:mmap data 0x0x77e9ff2c70
07-11 12:03:25.063   855   995 D /system/bin/trackingservice: src/rpcmem_android.c:403::info: calling: 0 <= ioctl(rpcmem_ionfd, ION_IOC_MAP, &m->data)
07-11 12:03:25.063   855   995 D /system/bin/trackingservice: src/rpcmem_android.c:403::info: passed: 0 <= ioctl(rpcmem_ionfd, ION_IOC_MAP, &m->data)
07-11 12:03:25.063   855   995 D /system/bin/trackingservice: src/rpcmem_android.c:412::info: calling: MAP_FAILED != (m->paddr = (void *)mmap(NULL, alloc.len, PROT_READ|PROT_WRITE, MAP_SHARED, m->data.fd, 0))
07-11 12:03:25.063   855   995 D /system/bin/trackingservice: src/rpcmem_android.c:412::info: passed: MAP_FAILED != (m->paddr = (void *)mmap(NULL, alloc.len, PROT_READ|PROT_WRITE, MAP_SHARED, m->data.fd, 0))
07-11 12:03:25.063   855   995 D /system/bin/trackingservice: src/rpcmem_android.c:215:rpcmem register buf: heap mask: 0x2000000
07-11 12:03:25.064   736  5235 D SensorService: Syncboss input dc36774d072f3cbd hardware type 2, subtype 1, revision 
07-11 12:03:25.064   736  5235 I SensorService: preparePairedControllerInfo is adding device with valid 1
07-11 12:03:25.064   736  5235 D SensorService: Syncboss input adf260742d57ae23 hardware type 2, subtype 2, revision 
07-11 12:03:25.064   736  5235 I SensorService: preparePairedControllerInfo is adding device with valid 1
07-11 12:03:25.064   736  5235 D SensorService: stateChangeNotifierFunc(): Reporting controller info. Change token: 6, paired=2 connected=0
07-11 12:03:25.064   855  5245 D OVRRemoteService: processStateChange([PairedControllerInfo LCON dc36774d072f3cbd disconnected update-required mcnt=0])
07-11 12:03:25.064   855  5245 D OVRRemoteService: processStateChange([PairedControllerInfo LCON adf260742d57ae23 disconnected update-required mcnt=0])
07-11 12:03:25.064   855   995 I [CT]    : HexagonMemMgr: Allocated addr 0x77d3d20000, with FD 64, and virtAddr 0x16400000
07-11 12:03:25.065   855   995 I [CT]    : BOLT:HexagonShim: memtest is a success
07-11 12:03:25.065   855   995 I [CT]    : HexagonMemMgr: HexagonMemTest returned 0
07-11 12:03:25.065   855   995 I [CT]    : BoltSDK::Soc-Hexagon: Reserved RpcMemory bytes = 10485760
07-11 12:03:25.065   855   995 I TrackingService: [           bolt] SLEEP -> STANDBY transition time: 8 ms
07-11 12:03:25.065   855   995 I [CT]    : VisionInterface: Stopping IOTE PostProcessing
07-11 12:03:25.069   855   995 I [CT]    : InsideOutTrackingCapabilityTranslation: onStart
07-11 12:03:25.069   855   995 I [CT]    : VisionInterface: Starting the IO Engine
07-11 12:03:25.069   855   995 I [CT]    : VisionInterface: GK check: 'oculus_enable_abort_on_over_memory2': false
07-11 12:03:25.069   855   995 I [CT]    : VisionInterface: GK check: 'oculus_enable_half_rate_slam': false
07-11 12:03:25.070   855   995 I [CT]    : VisionInterface: GK check: 'oculus_enable_granular_perfmonitoring': false
07-11 12:03:25.071   855   995 W [CT]    : CALIBRATION: Imu ID does not exist or could not be parsed
07-11 12:03:25.071   855   995 W [CT]    : SensorRegistration: Unable to convert sensor ID '' to int: stoi: no conversion
07-11 12:03:25.071   855   995 W [CT]    : SensorRegistration: Unable to find IMU calibration for device ID 0! As only a single calibration was available we are continuing with that one.
07-11 12:03:25.071   855   995 I [CT]    : VIPER: Loading noise parameters for: DVT
07-11 12:03:25.071   855   995 W [CT]    : VIPER: Loading noise parameters from config. [SensorModel: DVT]
07-11 12:03:25.071   855   995 I [CT]    : viper::viper::imu_types: Creating PiecewiseLinearTemperatureImuModel: 
07-11 12:03:25.071   855   995 I [CT]    : -------
07-11 12:03:25.071   855   995 I [CT]    : Accel:
07-11 12:03:25.071   855   995 I [CT]    : 
07-11 12:03:25.071   855   995 I [CT]    : Rectification
07-11 12:03:25.071   855   995 I [CT]    :  0.00689429   -0.998409  0.00337118
07-11 12:03:25.071   855   995 I [CT]    :    -1.00082 -0.00704385  0.00328704
07-11 12:03:25.071   855   995 I [CT]    : -0.00207119 -0.00371251    -1.00191
07-11 12:03:25.071   855   995 I [CT]    : Number of TemperatureOffsetPairs: 29
07-11 12:03:25.071   855   995 I [CT]    : -------
07-11 12:03:25.071   855   995 I [CT]    : Gyro:
07-11 12:03:25.071   855   995 I [CT]    : 
07-11 12:03:25.071   855   995 I [CT]    : Rectification
07-11 12:03:25.071   855   995 I [CT]    :  0.00728949   -0.998456  0.00279979
07-11 12:03:25.071   855   995 I [CT]    :    -1.00477 -0.00651516  0.00401554
07-11 12:03:25.071   855   995 I [CT]    : -0.00383959 -0.00324671    -1.00108
07-11 12:03:25.071   855   995 I [CT]    : Number of TemperatureOffsetPairs: 29
07-11 12:03:25.071   855   995 I [CT]    : -------
07-11 12:03:25.071   855   995 I [CT]    : T_deviceFromImu: so3[0.000000 0.000000 0.000000] r3[0.040475 -0.033575 -0.067834]
07-11 12:03:25.071   855   995 I [CT]    : OtWrapper: Online calibration used for IMU.
07-11 12:03:25.071   855   995 I [CT]    : OtWrapper: Using magnetometer for 3dof pipeline with nominal rate 30Hz
07-11 12:03:25.072  1292  1292 V AvrcpMediaPlayerList: onPlaybackConfigChanged(): Configs list size=6
07-11 12:03:25.072   809  5232 I GenericSource: start
07-11 12:03:25.073   855   995 I [CT]    : VisionInterface: GK check: 'oculus_enable_bolt_ramdump': false
07-11 12:03:25.074  1253  1253 D VrRuntimeService: Received broadcast: com.oculus.intent.action.MOUNT_STATE_CHANGED
07-11 12:03:25.074  1253  1253 D VrRuntimeService: mounted state: true
07-11 12:03:25.074  2075  2075 D [SEO] BaseOverlayService: screenStateReceiver Received broadcast: com.oculus.intent.action.MOUNT_STATE_CHANGED
07-11 12:03:25.074  1253  1253 I VrRuntimeService: nativeScreenStateChanged to on
07-11 12:03:25.074  1253  1253 I VrRuntimeService: Service entering RUNNING Mode
07-11 12:03:25.074  1253  1253 I VrRuntimeService: Resetting vsync state
07-11 12:03:25.074  1253  1253 I VrRuntimeServer: RuntimeServer: Resuming operation
07-11 12:03:25.074  1253  1253 I TelemetryServer: StartTelemetryServer start
07-11 12:03:25.074  1253  1253 I TelemetryServer: StartTelemetryServer end - 0.10ms
07-11 12:03:25.074  3120  3120 D [SUI] AnytimeUIBroadcastReceiver: action: com.oculus.intent.action.MOUNT_STATE_CHANGED
07-11 12:03:25.074  1941  1941 D [OAO] BaseOverlayService: screenStateReceiver Received broadcast: com.oculus.intent.action.MOUNT_STATE_CHANGED
07-11 12:03:25.074  1941  1941 D [OAO] ShellOverlayService: onMountStateChanged: true
07-11 12:03:25.074  1941  1941 I [OAO] ShellOverlayServiceJNI: NativeSendOverlayCommand
07-11 12:03:25.074  1941  1941 I [OAO] ShellOverlayServiceJNI: NativeWake
07-11 12:03:25.075  1941  1941 I [OAO] ShellOverlayMain: WakeVrThread
07-11 12:03:25.075  1941  1941 I [OAO] ShellOverlayMain: WakeVrThread - notifying vr thread
07-11 12:03:25.075  1941  2788 I [OAO] ShellOverlayApp: VrThread woke up
07-11 12:03:25.075  1941  2788 I [OAO] ShellOverlayApp: 0xc1215bd0 msg: overlayCommand:
07-11 12:03:25.075  1941  2788 I [OAO] ShellOverlayApp: command = mountStateChanged
07-11 12:03:25.075  1941  2788 I [OAO] ShellOverlayApp: state = 1
07-11 12:03:25.075  1941  2788 I [OAO] ShellOverlayApp: Process_OverlayCommand command : mountStateChanged
07-11 12:03:25.075  1941  2788 I [OAO] ShellOverlayApp: mountStateChanged message received
07-11 12:03:25.075  1253  1253 I Distortion: SetLensPositions - iad=0.063, left offset=0.000250001,0, right offset=-0.000250001,0
07-11 12:03:25.075  1253  1253 I Distortion: SetLensPositions - iad=0.063, left offset=0.000250001,0, right offset=-0.000250001,0
07-11 12:03:25.075  1253  1253 I CompositorVR: ---------------- CompositorVR() ----------------
07-11 12:03:25.075  1253  1253 I CompositorVR: CheckDebuggerConnected: debugger 0
07-11 12:03:25.075  1253  1253 I CompositorVR: warpMeshClipMode = 1
07-11 12:03:25.075  1941  2788 I [OAO] ShellOverlayApp: ResolveDeviceState: change from Sleep to Awake
07-11 12:03:25.075  1253  1253 I CompositorVR: colorScale: 1.000000 1.000000 1.000000
07-11 12:03:25.075  1941  2788 D [OAO] ShellApplication: ShellApplication isDeviceLocked
07-11 12:03:25.076  1606  1606 I [CT]    : MIXEDREALITY: MrService: MountStateChanged: true
07-11 12:03:25.077   855   995 I [CT]    : VisionInterface: GK check: 'oculus_enable_bolt_v24_mitigations': true
07-11 12:03:25.077   855   995 I [CT]    : boltlib: Enabled Bolt V24 mitigations
07-11 12:03:25.077  1034  1034 W UsageStatsService: Event reported without a package name, eventType:15
07-11 12:03:25.078  1253  1253 W CompositorVR: GetNightShiftWhitePoint: night_shift_activated is not set
07-11 12:03:25.079  1253  1253 I Vsync   : ---------------- Vsync::Init ----------------
07-11 12:03:25.079  1253  1253 I Vsync   : Adjusting vsync display refresh rate 72.000000 -> 72.000000
07-11 12:03:25.079   599  1170 D AF::TrackHandle: OpPlayAudio: track:56 uid:10015 pkg:com.oculus.shellenv usage:1 not muted
07-11 12:03:25.079  1941  2788 D DeviceHelper: isDeviceLocked = false
07-11 12:03:25.079  1941  2788 I [OAO] ShellOverlayApp: ResolveDeviceState: checking device lock status : 0
07-11 12:03:25.079  1941  2788 I [OAO] ShellOverlayApp: ResolveDeviceState: isWakingOrUnlockingIntoWake : 1
07-11 12:03:25.079  1941  2788 I [OAO] ShellOverlayApp: ResolveDeviceState: interactionState : Rendering
07-11 12:03:25.079  1941  2788 I [OAO] ShellOverlayApp: EnterVrMode
07-11 12:03:25.079  1941  2788 I [OAO] VrPlatformOpenXr: Setting clock levels to cpu=2, gpu=4
07-11 12:03:25.079  1941  2788 I [OAO] VrPlatformOpenXr: Setting perf thread tids to main=2788, render=unset
07-11 12:03:25.079  1941  2788 I OpenXR  : ------------ xrBeginSession [start] -----------
07-11 12:03:25.079  1941  2788 I VrRuntimeClient: Tracing is disabled
07-11 12:03:25.079  1941  2788 I VrRuntimeClient: SysProp debug mode is disabled on Client side
07-11 12:03:25.079  2700  2700 W VRLifecycleManager: onHeadsetMounted
07-11 12:03:25.080   599  3797 D AF::TrackHandle: OpPlayAudio: track:61 uid:1000 pkg:com.android.networkstack.inprocess usage:13 not muted
07-11 12:03:25.081   599  1170 D AF::TrackHandle: OpPlayAudio: track:56 uid:10015 pkg:com.oculus.shellenv usage:1 not muted
07-11 12:03:25.081  1941  2788 D VrApi   : targetSDKVersion 29
07-11 12:03:25.081   599  3754 D AF::RecordHandle: OpRecordAudio: track:55 uid:10015 pkg:com.oculus.shellenv usage:0 not muted
07-11 12:03:25.081   599  1170 D AF::TrackHandle: OpPlayAudio: track:56 uid:10015 pkg:com.oculus.shellenv usage:1 not muted
07-11 12:03:25.081   599  3754 D AF::RecordHandle: OpRecordAudio: track:55 uid:10015 pkg:com.oculus.shellenv usage:0 not muted
07-11 12:03:25.081   599  1170 D AF::TrackHandle: OpPlayAudio: track:56 uid:10015 pkg:com.oculus.shellenv usage:1 not muted
07-11 12:03:25.082   599  3797 D AF::TrackHandle: OpPlayAudio: track:61 uid:1000 pkg:com.android.networkstack.inprocess usage:13 not muted
07-11 12:03:25.082   855   995 I [CT]    : VisionInterface: GK check: 'oculus_enable_bolt_multithreaded_dsp': false
07-11 12:03:25.082   855   995 I [CT]    : boltlib: Setting Bolt Hexagon Multithreaded access to false
07-11 12:03:25.082   855   995 I [CT]    : BoltSDK::Soc-Hexagon: ViperPlatform: Hexagon ref count changed from 1 to 2
07-11 12:03:25.082   855   995 I [CT]    : BoltSdkFramework: ViperPlatform: RMgr ref count changed from 0 to 1
07-11 12:03:25.082   855   995 I [CT]    : BoltSDK::Soc-Hexagon: BoltMemDetail: Hexagon ref count changed from 2 to 3
07-11 12:03:25.083  1941  2788 I VrRuntimeClient: DEVICE MODEL NUMBER = Quest
07-11 12:03:25.083  1941  2788 I VrRuntimeClient: DEVICE BUILD NAME = user-31406800746500000
07-11 12:03:25.083  1941  2788 I VrRuntimeClient: DEVICE BUILD TYPE = user
07-11 12:03:25.083  1941  2788 I VrRuntimeClient: DEVICE OS VERSION = 10
07-11 12:03:25.083  1941  2788 I VrRuntimeClient: API LOADER VERSION = 1.0.22
07-11 12:03:25.083  1941  2788 I VrRuntimeClient: RUNTIME API VERSION = 1.0.22
07-11 12:03:25.083  1941  2788 I VrRuntimeClient: RUNTIME VERSION = 41.0.0.123.357 Jun 21 2022 14:34:54 RELEASE
07-11 12:03:25.083  1941  2788 I VrRuntimeClient: APP NAME = Oculus App Runtime
07-11 12:03:25.083  1941  2788 I VrRuntimeClient: APP VERSION = 41.0.0.124.307 versionCode 379035701 internalVersionName 41.0.0.124.307.3b6696f1c64e 2022_06_24_20_17
07-11 12:03:25.083  1941  2788 I VrRuntimeClient: APP VR TYPE = vr_only
07-11 12:03:25.083  1941  2788 I VrRuntimeClient: APP MODE TYPE = VR
07-11 12:03:25.083  1941  2788 I VrRuntimeClient: APP PACKAGE NAME = com.oculus.vrshell
07-11 12:03:25.083  1941  2788 I VrRuntimeClient: APP ACTIVITY CLASS = com.oculus.vrshell.ShellOverlayService
07-11 12:03:25.083  1941  2788 I Sensor  : OSSDKTRACKING Initializing head tracking
07-11 12:03:25.083  1941  2788 I Sensor  : OSSDKTRACKING Head tracker != nullpointer 0xbe16a208, 1
07-11 12:03:25.083  1941  2788 I Sensor  : OSSDKTRACKING Initializing controller tracking
07-11 12:03:25.083  1941  2788 I Sensor  : OSSDKTRACKING Controller tracker != nullpointer 0xbe16a210, 1
07-11 12:03:25.083  1941  2788 D BatteryReceiver: Registering battery receiver
07-11 12:03:25.084   855   995 I [CT]    : BoltSdkFramework: HarrisCornerObject: RMgr ref count changed from 1 to 2
07-11 12:03:25.084   855   995 I [CT]    : BoltSdkFramework: HarrisCorner: RMgr ref count changed from 2 to 3
07-11 12:03:25.084   855   995 I [CT]    : BoltSDK::Soc-Hexagon: defaultMemPool: Hexagon ref count changed from 3 to 4
07-11 12:03:25.084   855   995 I [CT]    : BoltSDK::Soc-Hexagon: DEFAULT HexagonPool:HarrisCorner: Hexagon ref count changed from 4 to 5
07-11 12:03:25.084   855   995 I [CT]    : BoltSDK::Soc-Hexagon: defaultMemPool: Hexagon ref count changed from 5 to 4
07-11 12:03:25.084   599  3754 D AF::RecordHandle: OpRecordAudio: track:55 uid:10015 pkg:com.oculus.shellenv usage:0 not muted
07-11 12:03:25.084   855   995 I [CT]    : BoltSdkFramework: Orb::setup(): RMgr ref count changed from 3 to 4
07-11 12:03:25.084   855   995 I [CT]    : BoltSdkFramework: OrbDescriptor: RMgr ref count changed from 4 to 5
07-11 12:03:25.084   855   995 I [CT]    : BoltSDK::Soc-Hexagon: defaultMemPool: Hexagon ref count changed from 4 to 5
07-11 12:03:25.084   855   995 I [CT]    : BoltSDK::Soc-Hexagon: DEFAULT HexagonPool:OrbDescriptor::init: Hexagon ref count changed from 5 to 6
07-11 12:03:25.084   855   995 I [CT]    : BoltSDK::Soc-Hexagon: defaultMemPool: Hexagon ref count changed from 6 to 5
07-11 12:03:25.084   855   995 I [CT]    : BoltSDK::Soc-Hexagon: defaultMemPool: Hexagon ref count changed from 5 to 6
07-11 12:03:25.084   855   995 I [CT]    : BoltSDK::Soc-Hexagon: DEFAULT HexagonPool:OrbDescriptorCreateKernel: Hexagon ref count changed from 6 to 7
07-11 12:03:25.084   855   995 I [CT]    : BoltSDK::Soc-Hexagon: defaultMemPool: Hexagon ref count changed from 7 to 6
07-11 12:03:25.085   599  1170 D AF::TrackHandle: OpPlayAudio: track:56 uid:10015 pkg:com.oculus.shellenv usage:1 not muted
07-11 12:03:25.085   855   995 I [CT]    : BoltSdkFramework: ViperPlatform: RMgr ref count changed from 5 to 6
07-11 12:03:25.085   855   995 I [CT]    : BoltSdkFramework: HarrisCornerObject: RMgr ref count changed from 6 to 7
07-11 12:03:25.085   855   995 I [CT]    : BoltSdkFramework: Orb::setup(): RMgr ref count changed from 7 to 8
07-11 12:03:25.085   599  3797 D AF::TrackHandle: OpPlayAudio: track:61 uid:1000 pkg:com.android.networkstack.inprocess usage:13 not muted
07-11 12:03:25.085   855   995 I [CT]    : MontereyPyramidPoolAllocator: allocating 25Mb 
07-11 12:03:25.085   855   995 I [CT]    : BoltSDK::Soc-Hexagon: TrackerImagePyramidAllocator: Hexagon ref count changed from 6 to 7
07-11 12:03:25.085   855   995 D /system/bin/trackingservice: src/rpcmem_android.c:172::info: calling: NULL != (m = malloc(sizeof(*m)))
07-11 12:03:25.085   855   995 D /system/bin/trackingservice: src/rpcmem_android.c:172::info: passed: NULL != (m = malloc(sizeof(*m)))
07-11 12:03:25.085   855   995 D /system/bin/trackingservice: src/rpcmem_android.c:193::info: calling: !(rpc_flags & RPCMEM_HEAP_UNCACHED)
07-11 12:03:25.085   855   995 D /system/bin/trackingservice: src/rpcmem_android.c:193::info: passed: !(rpc_flags & RPCMEM_HEAP_UNCACHED)
07-11 12:03:25.085   855   995 D /system/bin/trackingservice: src/rpcmem_android.c:429:ION version is legacy
07-11 12:03:25.085   855   995 D /system/bin/trackingservice: src/rpcmem_android.c:377::info: calling: 0 < rpcmem_ionfd
07-11 12:03:25.085   855   995 D /system/bin/trackingservice: src/rpcmem_android.c:377::info: passed: 0 < rpcmem_ionfd
07-11 12:03:25.085   855   995 D /system/bin/trackingservice: src/rpcmem_android.c:399:alloc data 0x0x77e2436e10, heap mask 0x2000000, flags 0x1
07-11 12:03:25.085   855   995 D /system/bin/trackingservice: src/rpcmem_android.c:400::info: calling: ioctl(rpcmem_ionfd, ION_IOC_ALLOC_KK, &alloc) >= 0
07-11 12:03:25.085   855   995 D /system/bin/trackingservice: src/rpcmem_android.c:400::info: passed: ioctl(rpcmem_ionfd, ION_IOC_ALLOC_KK, &alloc) >= 0
07-11 12:03:25.085   855   995 D /system/bin/trackingservice: src/rpcmem_android.c:402:mmap data 0x0x77e2436e10
07-11 12:03:25.085   855   995 D /system/bin/trackingservice: src/rpcmem_android.c:403::info: calling: 0 <= ioctl(rpcmem_ionfd, ION_IOC_MAP, &m->data)
07-11 12:03:25.085   855   995 D /system/bin/trackingservice: src/rpcmem_android.c:403::info: passed: 0 <= ioctl(rpcmem_ionfd, ION_IOC_MAP, &m->data)
07-11 12:03:25.085   855   995 D /system/bin/trackingservice: src/rpcmem_android.c:412::info: calling: MAP_FAILED != (m->paddr = (void *)mmap(NULL, alloc.len, PROT_READ|PROT_WRITE, MAP_SHARED, m->data.fd, 0))
07-11 12:03:25.085   855   995 D /system/bin/trackingservice: src/rpcmem_android.c:412::info: passed: MAP_FAILED != (m->paddr = (void *)mmap(NULL, alloc.len, PROT_READ|PROT_WRITE, MAP_SHARED, m->data.fd, 0))
07-11 12:03:25.085   855   995 D /system/bin/trackingservice: src/rpcmem_android.c:215:rpcmem register buf: heap mask: 0x2000000
07-11 12:03:25.085   599  3797 D AF::TrackHandle: OpPlayAudio: track:61 uid:1000 pkg:com.android.networkstack.inprocess usage:13 not muted
07-11 12:03:25.086   599  3754 D AF::RecordHandle: OpRecordAudio: track:55 uid:10015 pkg:com.oculus.shellenv usage:0 not muted
07-11 12:03:25.086   599  3754 D AF::RecordHandle: OpRecordAudio: track:55 uid:10015 pkg:com.oculus.shellenv usage:0 not muted
07-11 12:03:25.086   599  1170 D AF::TrackHandle: OpPlayAudio: track:56 uid:10015 pkg:com.oculus.shellenv usage:1 not muted
07-11 12:03:25.087   599  3797 D AF::TrackHandle: OpPlayAudio: track:61 uid:1000 pkg:com.android.networkstack.inprocess usage:13 not muted
07-11 12:03:25.088   599  3754 D AF::RecordHandle: OpRecordAudio: track:55 uid:10015 pkg:com.oculus.shellenv usage:0 not muted
07-11 12:03:25.088   855   995 I [CT]    : HexagonMemMgr: Allocated addr 0x77d1ba1000, with FD 65, and virtAddr 0x87200000
07-11 12:03:25.088   599  3797 D AF::TrackHandle: OpPlayAudio: track:61 uid:1000 pkg:com.android.networkstack.inprocess usage:13 not muted
07-11 12:03:25.089   855   995 I [CT]    : BOLT:HexagonShim: memtest is a success
07-11 12:03:25.089   855   995 I [CT]    : HexagonMemMgr: HexagonMemTest returned 0
07-11 12:03:25.089   855   995 I [CT]    : BoltSDK::Soc-Hexagon: Reserved RpcMemory bytes = 27866592
07-11 12:03:25.089   855   995 I [CT]    : ImagePyramid: Creating pyramid pool of size 60 for resolution 640x480, subsample method 3x3
07-11 12:03:25.089   855   995 I [CT]    : VIPER: Setting calibration handler.
07-11 12:03:25.089   855   995 I [CT]    : SlamFactory: Constructing SLAM type: VegaSlam (=0)
07-11 12:03:25.089   855   995 I [CT]    : SlamFactory:   Available SLAM types: 1
07-11 12:03:25.089   855   995 I [CT]    : TrackerFactoryVega: Constructing tracker factory vega: 0
07-11 12:03:25.089   809  5251 D CCodec  : allocate(c2.android.vorbis.decoder)
07-11 12:03:25.089   855   995 W [CT]    : VIPER:VIO: Treating initial calibration as nominal. Ocal not allowed to change the camera extrinsics by more than 2 mm
07-11 12:03:25.089   855   995 W [CT]    : SQRFilter: Adjusting extraTimestampPaddingMicroSec from 0.002000000 [sec] to 0.000000000 [sec]
07-11 12:03:25.089   855   995 W [CT]    : SQRFilter: Adjusting filterMaxActiveObservations from -1 to 28800
07-11 12:03:25.089   855   995 W [CT]    : SQRFilter: Adjusting covInflationSettings.epsilon from 3e-05 to 0
07-11 12:03:25.089   840  1402 V C2Store : in init
07-11 12:03:25.089   840  1402 V C2Store : loading dll
07-11 12:03:25.090   599  3754 D AF::TrackHandle: OpPlayAudio: track:61 uid:1000 pkg:com.android.networkstack.inprocess usage:13 not muted
07-11 12:03:25.091   599  3754 I chatty  : uid=1041(audioserver) Binder:599_6 identical 1 line
07-11 12:03:25.092   599  3754 D AF::TrackHandle: OpPlayAudio: track:61 uid:1000 pkg:com.android.networkstack.inprocess usage:13 not muted
07-11 12:03:25.092   855   995 I [CT]    : SQRLinAlgContainer: Initialized matrices with maximumSize 316
07-11 12:03:25.092   855   995 I [CT]    : BoltSDK::Soc-Hexagon: defaultMemPool: Hexagon ref count changed from 7 to 8
07-11 12:03:25.092   855   995 I [CT]    : BoltSDK::Soc-Hexagon: DEFAULT HexagonPool:HarrisCornersDetector: Hexagon ref count changed from 8 to 9
07-11 12:03:25.092   855   995 I [CT]    : BoltSDK::Soc-Hexagon: defaultMemPool: Hexagon ref count changed from 9 to 8
