07-11 13:00:34.129  1253  2027 I VrRuntimeService: RuntimeIPC: SendPrimaryPackageChangeEvent: PostClientEvent SUCCESS: com.oculus.guardian:com.oculus.vrguardianservice:2909, com.oculus.shellenv, com.oculus.shellenv
07-11 13:00:34.129  1253  2027 I VrRuntimeService: RuntimeIPC: SendPrimaryPackageChangeEvent: PostClientEvent SUCCESS: com.oculus.shellenv:com.oculus.shellenv:1975, com.oculus.shellenv, com.oculus.shellenv
07-11 13:00:34.129  1253  2027 I VrRuntimeService: RuntimeIPC: SendPrimaryPackageChangeEvent: PostClientEvent SUCCESS: com.oculus.vrshell:com.oculus.vrshell:Overlay:1941, com.oculus.shellenv, com.oculus.shellenv
07-11 13:00:34.129  1253  2027 I VrRuntimeService: RuntimeIPC: SendPrimaryPackageChangeEvent: PostClientEvent SUCCESS: com.oculus.vrshell:com.oculus.vrshell:2075, com.oculus.shellenv, com.oculus.shellenv
07-11 13:00:34.129  1253  2027 D VrRuntimeService: sendPrimaryPackageChangeBroadcast
07-11 13:00:34.133  2075  2075 D [SEO] BaseOverlayService: screenStateReceiver Received broadcast: com.oculus.vrshell.intent.action.PRIMARY_PACKAGE_CHANGED
07-11 13:00:34.133  1975  2081 I ScreenCaptureHelper: Advertising com.oculus.shellenv as streamable
07-11 13:00:34.133  1975  2081 I VrApi   : OVR::Stats thread started
07-11 13:00:34.133  1975  2081 I XrRuntimeUtils: XrRuntimeUtils::BeginSession
07-11 13:00:34.133  1975  2081 I XrRuntimeSystem_Client: BeginSession
07-11 13:00:34.133  1975  2081 I OpenXR  : ------------ xrBeginSession [end] -----------
07-11 13:00:34.133  1253  2027 I AADT    : SetAADTLutDataX: 0
07-11 13:00:34.133  1253  2027 I AADT    : SetAADTLutDataY: 0
07-11 13:00:34.133  1253  2027 I ServiceInputManager: InhibitHandleHomeKey has changed on the service. New value: 1
07-11 13:00:34.133  1253  2027 I ServiceInputManager: DEADRECKONING deadReckoning mode on ClientMgr from server is 0
07-11 13:00:34.133  1975  2081 I Clay    : Setting CPU/GPU levels= 25/75
07-11 13:00:34.133  1941  1941 D [OAO] BaseOverlayService: screenStateReceiver Received broadcast: com.oculus.vrshell.intent.action.PRIMARY_PACKAGE_CHANGED
07-11 13:00:34.133  1941  1941 I [OAO] ShellOverlayServiceJNI: NativeSendOverlayCommand
07-11 13:00:34.133  1941  1941 I [OAO] ShellOverlayServiceJNI: NativeWake
07-11 13:00:34.133  1941  1941 I [OAO] ShellOverlayMain: WakeVrThread
07-11 13:00:34.133  1941  1941 I [OAO] ShellOverlayMain: WakeVrThread - notifying vr thread
07-11 13:00:34.134  1253  2027 I PerformanceManager_V0: SetClockLevels: Force releasing clocks
07-11 13:00:34.134  1253  2027 I PerformanceManager_V0: SetClockLevels: Apply pending clock request change: 1,1 -> -1,-1
07-11 13:00:34.134  1253  1999 I Clocks  : ReleaseClocks - start
07-11 13:00:34.136  2030  2030 E OVRMediaServiceManager: LivestreamingManager Not initialized
07-11 13:00:34.137  1975  9922 D VrApi   : targetSDKVersion 29
07-11 13:00:34.138   862   945 E VrApiService: Error set scheduler for process 1253 thread 9906 to 2 : No such process (3)
07-11 13:00:34.138  1253  8768 I CompositorVR: SetSchedFifo( tid=9906, pol=2, pri=0 ) succeeded
07-11 13:00:34.138  1253  8768 I AADT    : SetAADTLutDataX. Thread. SizeX: 0
07-11 13:00:34.138  1253  8768 I AADT    : SetAADTLutDataY. Thread. SizeY: 0
07-11 13:00:34.138  1253  8768 I CompositorVR: Global CAC is enabled (0x1)
07-11 13:00:34.139  1975  9922 I JniUtils: ovr_GetCurrentPackageSignature 
07-11 13:00:34.139  1253  1999 I Clocks  : ReleaseClocks - end (5.4 ms)
07-11 13:00:34.140  1975  9922 I Metrics : device name = Oculus Quest
07-11 13:00:34.142  1253  2027 I PerformanceManager_V0: SetClockLevels: Apply pending clock request change: -1,-1 -> 2,3
07-11 13:00:34.142  1253  1999 I Clocks  : LockClocks( cpu=2, gpu=3 ) - start
07-11 13:00:34.144  1253  1999 I Clocks  : CPU levels [0, 4]
07-11 13:00:34.144  1253  1999 I Clocks  : GPU levels [0, 5]
07-11 13:00:34.145  1253  2933 I VrRuntimeService: RuntimeServiceSDKServer::SetPerformanceIdealFeatureState: 4 1 0
07-11 13:00:34.145  1253  1999 I Clocks  : LockClocks( cpu=2, gpu=3 ) - end (2.7 ms)
07-11 13:00:34.145  1253  2933 I VrRuntimeService: RuntimeServiceSDKServer::SetPerformanceIdealFeatureState: 5 1 0
07-11 13:00:34.145  1253  2933 I VrRuntimeService: RuntimeServiceSDKServer::SetPerformanceIdealFeatureState: 9 1 4
07-11 13:00:34.146  1975  9924 I FenceChecker: FenceChecker::MainLoop - started
07-11 13:00:34.147  1941  2788 I [OAO] ShellOverlayApp: 0xc1215bd0 msg: overlayCommand:
07-11 13:00:34.147  1941  2788 I [OAO] ShellOverlayApp: command = primaryPackageChanged
07-11 13:00:34.147  1941  2788 I [OAO] ShellOverlayApp: Process_OverlayCommand command : primaryPackageChanged
07-11 13:00:34.147  1941  2788 I [OAO] ShellOverlayApp: UpdatePrimaryPackage forceSilentUpdate:0
07-11 13:00:34.147  1941  2788 I [OAO] ShellOverlayApp: UpdatePrimaryPackage Requested for PackageName:com.oculus.shellenv
07-11 13:00:34.147  1941  2788 I [OAO] ShellOverlayApp: UpdatePrimaryPackage - Package change:1 Previous package:[com.oculus.shellenv] immersive app changed:0
07-11 13:00:34.147  1941  2788 I [OAO] OverlayFlowController: OnPrimaryPackageChange primaryPackage:com.oculus.shellenv immersiveAppChanged:0 forceSilentUpdate:0
07-11 13:00:34.147  1941  2788 I [OAO] OverlaySystemUxOsDialogFlow: OverlaySystemUxOsDialogFlow UpdatePrimaryPackage isVrShellPackage:1 isSystemPackage:0
07-11 13:00:34.147  1941  2788 I [OAO] FlowController: UpdateActiveFlow from OverlayOsDialogFlow to OverlayNonModalFlow
07-11 13:00:34.147  1941  2788 I [OAO] OverlayOsDialogFlow: Deactivated - Returning from system application
07-11 13:00:34.147  1941  2788 I [OAO] OverlayNonModalFlow: Activated
07-11 13:00:34.148  1941  2788 I [OAO] ShellOverlayApp: ResolveInteractionState: change from None to Rendering
07-11 13:00:34.148  1941  2788 I [OAO] ShellOverlayApp: EnterVrMode
07-11 13:00:34.148  1941  2788 I [OAO] VrPlatformOpenXr: Setting clock levels to cpu=2, gpu=4
07-11 13:00:34.148  1941  2788 I [OAO] VrPlatformOpenXr: Setting perf thread tids to main=2788, render=unset
07-11 13:00:34.148  1941  2788 I OpenXR  : ------------ xrBeginSession [start] -----------
07-11 13:00:34.148  1941  2788 I VrRuntimeClient: Tracing is disabled
07-11 13:00:34.148  1941  2788 I VrRuntimeClient: SysProp debug mode is disabled on Client side
07-11 13:00:34.149  1975  2081 I OpenXR  : PostSessionStateChange: XR_SESSION_STATE_READY -> XR_SESSION_STATE_SYNCHRONIZED
07-11 13:00:34.150  1975  2081 I Clay    : xrPollEvent: SESSION_STATE_CHANGED: SYNCHRONIZED
07-11 13:00:34.150  1975  2081 I OpenXR  : PostSessionStateChange: XR_SESSION_STATE_SYNCHRONIZED -> XR_SESSION_STATE_VISIBLE
07-11 13:00:34.152  2075  2075 D [SEO] ShellEnvOverlayService: Message Handler: onResume
07-11 13:00:34.152  1253  8768 I CompositorVR: SetSchedFifo( tid=2081, pol=3, pri=0 ) succeeded
07-11 13:00:34.152  2075  2329 I [SEO] ShellApp: 0xc1447bb0 msg: resume
07-11 13:00:34.152  2075  2329 I [SEO] ShellApp: ---------- ShellApp::EnterVrMode() ----------
07-11 13:00:34.152  2075  2329 D [SEO] ShellApplication: setOverlayInputFocus: inputFocus=true shouldSupportIME=true
07-11 13:00:34.152  2075  2329 D [SEO] BaseOverlayService: setOverlayInputFocus : entrypoint - inputFocus=true shouldSupportIME=true
07-11 13:00:34.152  1253  8768 I CompositorVR: SetSchedFifo( tid=9924, pol=3, pri=0 ) succeeded
07-11 13:00:34.152  2075  2329 I [SEO] VrPlatformOpenXr: Setting clock levels to cpu=2, gpu=4
07-11 13:00:34.152  2075  2329 I [SEO] VrPlatformOpenXr: Setting perf thread tids to main=2329, render=unset
07-11 13:00:34.152  2075  2075 D [SEO] BaseOverlayService: attachServiceWindowView shouldSupportIME:true
07-11 13:00:34.152  2075  2329 I OpenXR  : ------------ xrBeginSession [start] -----------
07-11 13:00:34.152  2075  2329 I VrRuntimeClient: Tracing is disabled
07-11 13:00:34.152  2075  2329 I VrRuntimeClient: SysProp debug mode is disabled on Client side
07-11 13:00:34.156  1941  2788 D VrApi   : targetSDKVersion 29
07-11 13:00:34.157  2075  2329 D VrApi   : targetSDKVersion 29
07-11 13:00:34.158  1941  2788 I VrRuntimeClient: DEVICE MODEL NUMBER = Quest
07-11 13:00:34.158  1941  2788 I VrRuntimeClient: DEVICE BUILD NAME = user-31406800746500000
07-11 13:00:34.158  1941  2788 I VrRuntimeClient: DEVICE BUILD TYPE = user
07-11 13:00:34.158  1941  2788 I VrRuntimeClient: DEVICE OS VERSION = 10
07-11 13:00:34.158  1941  2788 I VrRuntimeClient: API LOADER VERSION = 1.0.22
07-11 13:00:34.158  1941  2788 I VrRuntimeClient: RUNTIME API VERSION = 1.0.22
07-11 13:00:34.158  1941  2788 I VrRuntimeClient: RUNTIME VERSION = 41.0.0.123.357 Jun 21 2022 14:34:54 RELEASE
07-11 13:00:34.158  1941  2788 I VrRuntimeClient: APP NAME = Oculus App Runtime
07-11 13:00:34.158  1941  2788 I VrRuntimeClient: APP VERSION = 41.0.0.124.307 versionCode 379035701 internalVersionName 41.0.0.124.307.3b6696f1c64e 2022_06_24_20_17
07-11 13:00:34.158  1941  2788 I VrRuntimeClient: APP VR TYPE = vr_only
07-11 13:00:34.158  1941  2788 I VrRuntimeClient: APP MODE TYPE = VR
07-11 13:00:34.158  1941  2788 I VrRuntimeClient: APP PACKAGE NAME = com.oculus.vrshell
07-11 13:00:34.158  1941  2788 I VrRuntimeClient: APP ACTIVITY CLASS = com.oculus.vrshell.ShellOverlayService
07-11 13:00:34.158  1941  2788 I Sensor  : OSSDKTRACKING Initializing head tracking
07-11 13:00:34.158  1941  2788 I Sensor  : OSSDKTRACKING Head tracker != nullpointer 0xd49f0218, 1
07-11 13:00:34.158  1941  2788 I Sensor  : OSSDKTRACKING Initializing controller tracking
07-11 13:00:34.158  1941  2788 I Sensor  : OSSDKTRACKING Controller tracker != nullpointer 0xd49f0540, 1
07-11 13:00:34.158  1941  2788 D BatteryReceiver: Registering battery receiver
07-11 13:00:34.159  2075  2329 I VrRuntimeClient: DEVICE MODEL NUMBER = Quest
07-11 13:00:34.159  2075  2329 I VrRuntimeClient: DEVICE BUILD NAME = user-31406800746500000
07-11 13:00:34.159  2075  2329 I VrRuntimeClient: DEVICE BUILD TYPE = user
07-11 13:00:34.159  2075  2329 I VrRuntimeClient: DEVICE OS VERSION = 10
07-11 13:00:34.159  2075  2329 I VrRuntimeClient: API LOADER VERSION = 1.0.22
07-11 13:00:34.159  2075  2329 I VrRuntimeClient: RUNTIME API VERSION = 1.0.22
07-11 13:00:34.159  2075  2329 I VrRuntimeClient: RUNTIME VERSION = 41.0.0.123.357 Jun 21 2022 14:34:54 RELEASE
07-11 13:00:34.159  1975  2081 I OpenXR  : PostSessionStateChange: XR_SESSION_STATE_VISIBLE -> XR_SESSION_STATE_FOCUSED
07-11 13:00:34.159  2075  2329 I VrRuntimeClient: APP NAME = Oculus App Runtime
07-11 13:00:34.159  2075  2329 I VrRuntimeClient: APP VERSION = 41.0.0.124.307 versionCode 379035701 internalVersionName 41.0.0.124.307.3b6696f1c64e 2022_06_24_20_17
07-11 13:00:34.159  2075  2329 I VrRuntimeClient: APP VR TYPE = vr_only
07-11 13:00:34.159  2075  2329 I VrRuntimeClient: APP MODE TYPE = VR
07-11 13:00:34.159  2075  2329 I VrRuntimeClient: APP PACKAGE NAME = com.oculus.vrshell
07-11 13:00:34.159  2075  2329 I VrRuntimeClient: APP ACTIVITY CLASS = com.oculus.vrshell.ShellApplication
07-11 13:00:34.159  2075  2329 I Sensor  : OSSDKTRACKING Initializing head tracking
07-11 13:00:34.159  2075  2329 I Sensor  : OSSDKTRACKING Head tracker != nullpointer 0xbf4a94e8, 1
07-11 13:00:34.159  2075  2329 I Sensor  : OSSDKTRACKING Initializing controller tracking
07-11 13:00:34.159  2075  2329 I Sensor  : OSSDKTRACKING Controller tracker != nullpointer 0xbf4a9590, 1
07-11 13:00:34.159  2075  2329 D BatteryReceiver: Registering battery receiver
07-11 13:00:34.160  1975  2081 I Clay    : xrPollEvent: SESSION_STATE_CHANGED: VISIBLE
07-11 13:00:34.160  1975  2081 I Clay    : xrPollEvent: SESSION_STATE_CHANGED: FOCUSED
07-11 13:00:34.160  2075  2329 D HeadsetReceiver: getCurrentHeadsetState: false
07-11 13:00:34.160  2075  2329 I DeviceStatus: nativeHeadsetEvent(0)
07-11 13:00:34.161  2075  2329 I VrRuntimeClient: SetCompositorClientFeatureFlag ClientFeatureFlag 0 
07-11 13:00:34.162  2075  2329 I LogTimer: CPUTIME: VrRuntimeClient_BeginSession took 9.0630 ms
07-11 13:00:34.162  2075  2329 I ClientInputInterface: DEADRECKONING SetControllerTrackingExtendedDeadreckoning 0
07-11 13:00:34.162  2075  2329 I ClientInputSettings: HANDTRACKING package name is com.oculus.vrshell
07-11 13:00:34.164  1034  3848 E WindowManager: App trying to use insecure INPUT_FEATURE_NO_INPUT_CHANNEL flag. Ignoring
07-11 13:00:34.165  2030  3295 W OVRLibrary: null cursor received for query content://com.oculus.ocms.library/apps/com.oculus.shellenv
07-11 13:00:34.169  2075  2329 I ClientInputSettings: HANDTRACKING: Manifest Permission request for com.oculus.vrshell
07-11 13:00:34.170  1253  1253 I ClientMgr: FocusedWindowChanged: found matching overlay client: 3200140755
07-11 13:00:34.171  1253  1253 I ClientMgr: FocusedClient changed.
07-11 13:00:34.171  1253  1253 I ClientMgr: ClientMgr::SetFocusedClient: 2075:com.oculus.vrshell type 1
07-11 13:00:34.171  1253  1253 I ClientMgr: SetFocusedPackageName - packageName com.oculus.vrshell processName com.oculus.vrshell clientId 3200140755 clientPid 2075
07-11 13:00:34.171  1253  1253 I VrRuntimeService: RuntimeIPC: SendFocusChangeEventToAllClients: PostClientEvent SUCCESS: com.oculus.mrservice:com.oculus.mrservice:1606, com.oculus.vrshell, com.oculus.vrshell
07-11 13:00:34.171  1253  1253 I VrRuntimeService: RuntimeIPC: SendFocusChangeEventToAllClients: PostClientEvent SUCCESS: com.oculus.guardian:com.oculus.vrguardianservice:2909, com.oculus.vrshell, com.oculus.vrshell
07-11 13:00:34.171  1253  1253 I VrRuntimeService: RuntimeIPC: SendFocusChangeEventToAllClients: PostClientEvent SUCCESS: com.oculus.shellenv:com.oculus.shellenv:1975, com.oculus.vrshell, com.oculus.vrshell
07-11 13:00:34.171  1253  1253 I VrRuntimeService: RuntimeIPC: SendFocusChangeEventToAllClients: PostClientEvent SUCCESS: com.oculus.vrshell:com.oculus.vrshell:Overlay:1941, com.oculus.vrshell, com.oculus.vrshell
07-11 13:00:34.171  1253  1253 I VrRuntimeService: RuntimeIPC: SendFocusChangeEventToAllClients: PostClientEvent SUCCESS: com.oculus.vrshell:com.oculus.vrshell:2075, com.oculus.vrshell, com.oculus.vrshell
07-11 13:00:34.175  1941  2788 D HeadsetReceiver: getCurrentHeadsetState: false
07-11 13:00:34.175  1941  2788 I DeviceStatus: nativeHeadsetEvent(0)
07-11 13:00:34.180  2075  2329 I ClientInputSettings: HANDTRACKING:  'com.oculus.vrshell' Is hands or controller.
07-11 13:00:34.180  2075  2329 I ClientInputSettings: HANDTRACKING: feature flag set to 2
07-11 13:00:34.180  2075  2329 I ClientInputInterface: HANDTRACKING sethandmanifest 2
07-11 13:00:34.180  2075  2329 D InputHooksJava: Enabling Java Input Hooks
07-11 13:00:34.180  2075  2329 W InputHooksJava: Unable to enable input hooks on a non-Activity Context
07-11 13:00:34.180  2075  2329 I InputDeviceManager: ovrInputDeviceManager::Initialize
07-11 13:00:34.181  2075  2329 I InputDevice_TrackedRemote: REMOTE: Hand=2 IndexAnalog=0.00 GripAnalog=0.00 Buttons=0x00000000
07-11 13:00:34.181  2075  2329 I InputDevice_TrackedRemote: REMOTE: Hand=1 IndexAnalog=0.00 GripAnalog=0.00 Buttons=0x00000000
07-11 13:00:34.181  2075  2329 I InputDeviceManager: HANDTRACKING Pointer filter profile changed to: 0
07-11 13:00:34.181  2075  2329 I InputDeviceManager: HANDTRACKING Pointer filter profile changed to: 0
07-11 13:00:34.181  2075  2329 I PhaseSync: PhaseSync::PhaseSync PaddingLowerLimit 0.350000 StandardDeviations 2.000000 PaddingUpperLimit 0.750000 on instance 24
07-11 13:00:34.181  2075  2329 I VrRuntimeClient: PhaseSync Instance created
07-11 13:00:34.181  1975  2081 I VrRuntimeClient: Client has lost focus.
07-11 13:00:34.181  1253  2328 I VrRuntimeService: RuntimeServiceSDKServer::EnableRendering: 0x0, 0, com.oculus.vrshell
07-11 13:00:34.181  1253  2328 I ClientMgr: EnableRendering2: invalid clientWindow, testing uid/pid
07-11 13:00:34.181  1253  2328 I ClientMgr: EnableRendering2: matched uid: 10023 and pid: 2075 
07-11 13:00:34.181  1253  2328 I ClientMgr: EnableRendering2: Calling SetFocusedClient: 3200140755
07-11 13:00:34.181  1253  2328 I ClientMgr: ClientMgr::SetFocusedClient: 2075:com.oculus.vrshell type 1
07-11 13:00:34.181  1253  2328 I ClientMgr: SetFocusedPackageName - packageName com.oculus.vrshell processName com.oculus.vrshell clientId 3200140755 clientPid 2075
07-11 13:00:34.181  1253  2328 I ClientMgr: ClientMgr::EnableRendering 2075:com.oculus.vrshell : type 1 comp-id 2: enable
07-11 13:00:34.181  1253  2328 I TimeWarpClientMgr: Enable client 2
07-11 13:00:34.181  1253  2328 I VrRuntimeServer: EnableCompositorClient client(2): layer placement(2147483647) flags(0) sm(0x78193f7010)
07-11 13:00:34.181  1253  2328 I CompositorVR: CheckDebuggerConnected: debugger 0
07-11 13:00:34.182  1253  2328 I VrRuntimeServer: SysProp debug mode is disabled on Server side
07-11 13:00:34.182  1975  2081 I OpenXR  : PostSessionStateChange: XR_SESSION_STATE_FOCUSED -> XR_SESSION_STATE_VISIBLE
07-11 13:00:34.182  1975  2081 I Clay    : xrPollEvent: SESSION_STATE_CHANGED: VISIBLE
07-11 13:00:34.184  1941  2788 I VrRuntimeClient: SetCompositorClientFeatureFlag ClientFeatureFlag 0 
07-11 13:00:34.184  1941  2788 I LogTimer: CPUTIME: VrRuntimeClient_BeginSession took 36.5255 ms
07-11 13:00:34.188  1941  2788 I ClientInputInterface: DEADRECKONING SetControllerTrackingExtendedDeadreckoning 0
07-11 13:00:34.188  1941  2788 I ClientInputSettings: HANDTRACKING package name is com.oculus.vrshell
07-11 13:00:34.189  2075  2075 D [SEO] BaseOverlayService: setOverlayInputFocus : completed - inputFocus=true shouldSupportIME=true actionTaken:true
07-11 13:00:34.190  1253  2328 I UnifiedTelemetryWrapper: Started UT session render:com.oculus.vrshell
07-11 13:00:34.190  1253  2027 I VrRuntimeServer: DisableCompositorClient: 0
07-11 13:00:34.190  1253  2027 I TimeWarpClientMgr: Disable client 0
07-11 13:00:34.190  1253  2027 I TimeWarpClientMgr: DisableClient: frame flush required: 1
07-11 13:00:34.190  2075  2329 I VrApi   : OVR::Stats thread started
07-11 13:00:34.190  2075  2329 I XrRuntimeUtils: XrRuntimeUtils::BeginSession
07-11 13:00:34.190  2075  2329 I XrRuntimeSystem_Client: BeginSession
07-11 13:00:34.191  2075  2329 I OpenXR  : ------------ xrBeginSession [end] -----------
07-11 13:00:34.191  1606  3049 I [CT]    : MIXEDREALITY: MrFeatureStatus: Client status changed from Paused to Started.
07-11 13:00:34.191  1606  3049 I [CT]    : MIXEDREALITY: MrFeatureStatus: Target status Started, CurrentStatus: Paused
07-11 13:00:34.191  1606  3049 I [CT]    : MIXEDREALITY: MrFeatureStatus: Operation chain: Start
07-11 13:00:34.191  1606  3049 I [CT]    : MIXEDREALITY: MrFeatureStatus: Global status changed from Paused to Started.
07-11 13:00:34.191  1606  3049 I [CT]    : MIXEDREALITY: MrServiceController: Queuing command linked to operation Start for feature 0
07-11 13:00:34.191  1606  2988 I [CT]    : MIXEDREALITY: MrServiceController: Executing passthroughStart on model
07-11 13:00:34.191  1606  2988 I [CT]    : MIXEDREALITY: MrServiceModel: passthroughStart()
07-11 13:00:34.191  2075  2329 I [SEO] VrPlatformOpenXr: VrPlatformOpenXr::SetPropInhibitHandleHomeKey inhibit:1
07-11 13:00:34.191  1606  2988 I [CT]    : MIXEDREALITY: MrServiceModel: passthroughStart: Started Passthrough
07-11 13:00:34.191  2075  2329 I OpenXR_DeviceSettings: ------------ xrSetDeviceSettingBooleanFB -----------
07-11 13:00:34.191  2075  2329 I ClientInputSettings: SetInhibitHandleHomeKey = true for com.oculus.vrshell
07-11 13:00:34.191  2075  2329 I ClientInputInterface: SetInhibitHandleHomeKey 1 for process com.oculus.vrshell 2075
07-11 13:00:34.191  2075  2329 I [SEO] VrPlatformOpenXr: VrPlatformOpenXr::SetPropInhibitHandleHomeKey result = 0
07-11 13:00:34.192  1606  2988 I [CT]    : MIXEDREALITY: MrServiceView: renderIteration: Rendering resuming.
07-11 13:00:34.192  2075  2329 I [SEO] Compositor: EnterVrMode with eye buffer: 1216x1344 : 3
07-11 13:00:34.192  2075  2329 I [SEO] AudioMixer: Enabling AudioPlayer.
07-11 13:00:34.189   736   736 W sensors@1.0-ser: type=1400 audit(0.0:179): avc: denied { getattr } for path="/proc/849" dev="proc" ino=22202 scontext=u:r:hal_oculus_sensors:s0 tcontext=u:r:mrsystemservice:s0 tclass=dir permissive=0
07-11 13:00:34.192  1606  2988 I [CT]    : MIXEDREALITY: MrRuntimeImpl: onResume, for capability 0. Target device 0.
07-11 13:00:34.192  2075  2329 I [SEO] AudioEngine: virtual void AudioLibrary::AudioEngine::EnablePlayer()
07-11 13:00:34.192   849  3165 I [CT]    : MIXEDREALITY: MrSystemServiceIPCServer: MrSystemServiceIPCServer::ChangeMrCapabilityStatus from 1670723570, request was 0/1
07-11 13:00:34.192   849  3165 I [CT]    : MIXEDREALITY: MrRuntimeCompute: onStart: Passthrough.
07-11 13:00:34.192   849  3165 I [CT]    : MR:Capability: Passthrough capability: start received from 1670723570
07-11 13:00:34.192   849  3165 I [CT]    : MIXEDREALITY: PassthroughComputeCapability: onStart: Instantiating Passthrough.
07-11 13:00:34.192   849  3165 I [CT]    : MIXEDREALITY: PassthroughMesh: PassthroughMesh: Initializing.
07-11 13:00:34.192  2075  2329 D         : PlayerBase::PlayerBase()
07-11 13:00:34.192  2075  2329 D         : TrackPlayerBase::TrackPlayerBase()
07-11 13:00:34.192  2075  2329 I libOpenSLES: Emulating old channel mask behavior (ignoring positional mask 0x3, using default mask 0x3 based on channel count of 2)
07-11 13:00:34.192   849  3165 I [CT]    : MIXEDREALITY: PassthroughMesh: PassthroughMesh: Initialized.
07-11 13:00:34.194   849  3165 I [CT]    : BOLTDEPTH: BoltDepthSystem: activateClient: client 0 is activated.
07-11 13:00:34.194   849  3165 I [CT]    : MIXEDREALITY: MrRuntimeCompute: onResume: Resuming Stereo Pipeline.
07-11 13:00:34.194   849  3165 I [CT]    : BOLTDEPTH: MotionVectorDisparityPipeline: onResume: No-op for MV disparity pipeline
07-11 13:00:34.194   849  3165 I [CT]    : MIXEDREALITY: MrRuntimeCompute: Refreshing online calibration.
07-11 13:00:34.194   849  3165 I [CT]    : MIXEDREALITY: ServiceLogic: sendMrEngine: Resume
07-11 13:00:34.197  2075  9926 D VrApi   : targetSDKVersion 29
07-11 13:00:34.199  2075  9926 I JniUtils: ovr_GetCurrentPackageSignature 
07-11 13:00:34.200  2075  9926 I Metrics : device name = Oculus Quest
07-11 13:00:34.201   736   736 E libosutils: failed to get real path of file /proc/849/cmdline, err: Permission denied
07-11 13:00:34.205  2030  2030 E OVRMediaServiceManager: LivestreamingManager Not initialized
07-11 13:00:34.212   720  8092 D audio_hw_primary: adev_get_parameters:vr_audio_mode_on
07-11 13:00:34.212   720  8092 I audio_hw_primary: getting vr mode to 0
07-11 13:00:34.212   720  8092 D audio_hw_primary: adev_get_parameters: exit: returns - vr_audio_mode_on=false
07-11 13:00:34.212   599  3754 I AudioPolicyManagerCustom: VR mode is 0, switch to primary output if request is for fast|raw
07-11 13:00:34.214   599  3754 W AudioFlinger: createTrack_l(): mismatch between requested flags (00000104) and output flags (00000006)
07-11 13:00:34.214   599  3754 D AudioFlinger: Client defaulted notificationFrames to 192 for frameCount 384
07-11 13:00:34.215   736   736 I FrameSetDispatcher: [HEADSET] Client thread started
07-11 13:00:34.215   736   736 E FrameSetDispatcher: [HEADSET] Frame Count Requirement violated: number of streaming clients: 4, maximum number of FrameSets: 4
07-11 13:00:34.215   736   736 I CameraClientManager: [HEADSET] Added client - started clients: 4
07-11 13:00:34.215  2030  3295 W OVRLibrary: null cursor received for query content://com.oculus.ocms.library/apps/com.oculus.vrshell
07-11 13:00:34.216  1606  2988 I [CT]    : MIXEDREALITY: MrRuntimeImpl: setSessionInitTime: Session initialization timer was set to 4395.94337504 ns.
07-11 13:00:34.216  1606  2988 I [CT]    : MIXEDREALITY: MrRuntimeImpl: setSessionInitTime: Reset session duration timer after 68.655777265 seconds.
07-11 13:00:34.216   849  9930 I [CT]    : MIXEDREALITY: ServiceLogic: Thread mrsyssvc:camera has tid 9930
07-11 13:00:34.216   849  9930 I [CT]    : MIXEDREALITY: CoreAffinity: Successfully set cpu affinity for thread 9930 to prime gold (4)
07-11 13:00:34.216   849  9930 I [CT]    : MIXEDREALITY: CoreAffinity: Successfully set cpu affinity for thread 1232 to prime gold (4)
07-11 13:00:34.216   849  9930 I [CT]    : MIXEDREALITY: CoreAffinity: Successfully set cpu affinity for thread 849 to prime gold (4)
07-11 13:00:34.217   849  1232 I [CT]    : MIXEDREALITY: MrRuntimeCompute: computeIteration: (every 30 seconds), Streaming: OFF, Passthrough: ON, Playspace: OFF, IntrusionDetection: OFF.
07-11 13:00:34.219  1941  2788 I ClientInputSettings: HANDTRACKING: Manifest Permission request for com.oculus.vrshell
07-11 13:00:34.220   599  3754 D AF::TrackHandle: OpPlayAudio: track:117 uid:10023 pkg:com.oculus.vrshell usage:1 not muted
07-11 13:00:34.226  2075  2329 I AudioTrack: createTrack_l(0): AUDIO_OUTPUT_FLAG_FAST successful; frameCount 0 -> 384
07-11 13:00:34.233  1292  1292 V AvrcpMediaPlayerList: onPlaybackConfigChanged(): Configs list size=6
07-11 13:00:34.240  1941  2788 I ClientInputSettings: HANDTRACKING:  'com.oculus.vrshell' Is hands or controller.
07-11 13:00:34.240  1941  2788 I ClientInputSettings: HANDTRACKING: feature flag set to 2
07-11 13:00:34.240  1941  2788 I ClientInputInterface: HANDTRACKING sethandmanifest 2
07-11 13:00:34.241  1941  2788 D InputHooksJava: Enabling Java Input Hooks
07-11 13:00:34.241  1941  2788 W InputHooksJava: Unable to enable input hooks on a non-Activity Context
07-11 13:00:34.242  2075  2329 D [SEO] ShellApplication: requestAudioFocus, transientFocus=false
07-11 13:00:34.242  2075  2329 W AudioManager: Use of stream types is deprecated for operations other than volume control
07-11 13:00:34.242  2075  2329 W AudioManager: See the documentation of requestAudioFocus() for what to use instead with android.media.AudioAttributes to qualify your playback use case
07-11 13:00:34.242  1941  2788 I InputDeviceManager: ovrInputDeviceManager::Initialize
07-11 13:00:34.243  1034  1517 I MediaFocusControl: requestAudioFocus() from uid/pid 10023/2075 clientId=android.media.AudioManager@f52bb88com.oculus.vrshell.ShellAudioFocusHandler@e8d7921 callingPack=com.oculus.vrshell req=1 flags=0x0 sdk=29
07-11 13:00:34.244  2075  2329 I [SEO] AudioSystem: Got audio focus : 1
07-11 13:00:34.244  2075  2329 I [SEO] SystemUXController: Recentering for launch - None, , 
07-11 13:00:34.244  2075  2329 I [SEO] LocalSpace: ResetNextFrame
07-11 13:00:34.244  2075  2329 I [SEO] SystemAssistant: OnModeChanged from ImmersiveAppFocused to FullShell
07-11 13:00:34.244  2075  2329 I [SEO] LocalSpace: EnterVrMode: Setting local pose state.
07-11 13:00:34.246   855  9915 W [CT]    : CONSTELLATION: [Throttled count=59] L: State timestamp (4375.856241000 [sec]) is older than oldest timestamp in imu buffer (4389.039781000 [sec]) when trying to propagate state WITH covariance to the target timestamp (4380.856302999 [sec]).
07-11 13:00:34.246   855  9915 I [CT]    : CONSTELLATION: L: Not reinitializing 6DoF filter yet (no valid pose from matching).
07-11 13:00:34.246  1941  2788 I InputDevice_TrackedRemote: REMOTE: Hand=2 IndexAnalog=0.00 GripAnalog=0.00 Buttons=0x00000000
07-11 13:00:34.247  1941  2788 I InputDevice_TrackedRemote: REMOTE: Hand=1 IndexAnalog=0.00 GripAnalog=0.00 Buttons=0x00000000
07-11 13:00:34.247  1941  2788 I InputDeviceManager: HANDTRACKING Pointer filter profile changed to: 0
07-11 13:00:34.247  1941  2788 I InputDeviceManager: HANDTRACKING Pointer filter profile changed to: 0
07-11 13:00:34.247  1941  2788 I PhaseSync: PhaseSync::PhaseSync PaddingLowerLimit 0.350000 StandardDeviations 2.000000 PaddingUpperLimit 0.750000 on instance 15
07-11 13:00:34.247  1941  2788 I VrRuntimeClient: PhaseSync Instance created
07-11 13:00:34.247  2075  2329 I OpenXR_Hands: ------------ xrGetHandMeshFB -----------
07-11 13:00:34.247  1253  2754 I VrRuntimeService: RuntimeServiceSDKServer::EnableRendering: 0x0, 0, com.oculus.vrshell:Overlay
07-11 13:00:34.248  2075  2329 I OpenXR_Hands: ------------ xrGetHandMeshFB -----------
07-11 13:00:34.248  1253  2754 I ClientMgr: EnableRendering2: invalid clientWindow, testing uid/pid
07-11 13:00:34.248  1253  2754 I ClientMgr: ClientMgr::EnableRendering 1941:com.oculus.vrshell : type 1 comp-id 4: enable
07-11 13:00:34.248  1253  2754 I TimeWarpClientMgr: Enable client 4
07-11 13:00:34.248  2075  2329 D VrRuntimeClient: loadDriverResource - resourceName: 'hand_left' 
07-11 13:00:34.248  1253  2754 I VrRuntimeServer: EnableCompositorClient client(4): layer placement(2147483647) flags(0) sm(0x7818f04010)
07-11 13:00:34.248  1253  2754 I CompositorVR: CheckDebuggerConnected: debugger 0
07-11 13:00:34.248  1253  2754 I VrRuntimeServer: SysProp debug mode is disabled on Server side
07-11 13:00:34.252  2075  2329 I OpenXR_Hands: ------------ xrGetHandMeshFB -----------
07-11 13:00:34.252  2075  2329 I OpenXR_Hands: ------------ xrGetHandMeshFB -----------
07-11 13:00:34.252  2075  2329 D VrRuntimeClient: loadDriverResource - resourceName: 'hand_right' 
07-11 13:00:34.254   720  8092 D msm8974_platform: platform_split_snd_device: snd_device(2) num devices(1) new_snd_devices(0)
07-11 13:00:34.254   720  8092 D ACDB-LOADER: ACDB -> send_audvoltable
07-11 13:00:34.254   720  8092 D ACDB-LOADER: ACDB -> ACDB_CMD_GET_AUDPROC_VOL_STEP_TABLE_SIZE
07-11 13:00:34.254   720  8092 D ACDB-LOADER: ACDB -> ACDB_CMD_GET_AUDPROC_GAIN_DEP_STEP_TABLE, vol index 2
07-11 13:00:34.254   720  8092 D         : Failed to fetch the lookup information of the device 0000000F 
07-11 13:00:34.254   720  8092 E ACDB-LOADER: Error: ACDB AudProc vol returned = -19
07-11 13:00:34.254   720  8092 D ACDB-LOADER: ACDB -> AUDIO_SET_VOL_CAL cal type = 40
07-11 13:00:34.256  1253  2754 I UnifiedTelemetryWrapper: Started UT session render:com.oculus.vrshell:Overlay
07-11 13:00:34.256  2075  2329 I [SEO] LocalSpace: Reset - initialRawFromLocalPose: quat(-0.058125, 0.002474, 0.043645, 0.997352), translation(-0.295167, 0.098714, -0.635687)
07-11 13:00:34.256  2075  2329 I [SEO] LocalSpace: Applying VRAPI Reorient, the reorient reason is 3
07-11 13:00:34.257  1253  2328 I VrRuntimeService: RuntimeServiceSDKServer::RecenterLocalSpace
07-11 13:00:34.257  1253  2328 I VrRuntimeService: RuntimeServiceSDKServer::RecenterLocalSpaceInternal
07-11 13:00:34.257  1253  2328 I VrRuntimeServer: UpdateLocalSpace: Src: 2, Version: 67, VersionUser: 0, RawFloorHeightOld: -1.010810, RawFloorHeightNew: -1.010810
07-11 13:00:34.259  1941  2788 I VrApi   : OVR::Stats thread started
07-11 13:00:34.259  1941  2788 I XrRuntimeUtils: XrRuntimeUtils::BeginSession
07-11 13:00:34.259  1941  2788 I XrRuntimeSystem_Client: BeginSession
07-11 13:00:34.260  1941  2788 I OpenXR  : ------------ xrBeginSession [end] -----------
07-11 13:00:34.260  1606  3194 I [CT]    : MIXEDREALITY: MrFeatureStatus: Client status changed from Paused to Started.
07-11 13:00:34.260  1606  3194 I [CT]    : MIXEDREALITY: MrFeatureStatus: Target status Started, CurrentStatus: Started
07-11 13:00:34.260  1941  2788 I [OAO] VrPlatformOpenXr: VrPlatformOpenXr::SetPropInhibitHandleHomeKey inhibit:1
07-11 13:00:34.260  1941  2788 I OpenXR_DeviceSettings: ------------ xrSetDeviceSettingBooleanFB -----------
07-11 13:00:34.260  1941  2788 I ClientInputSettings: SetInhibitHandleHomeKey = true for com.oculus.vrshell
07-11 13:00:34.260  1941  2788 I ClientInputInterface: SetInhibitHandleHomeKey 1 for process com.oculus.vrshell 1941
07-11 13:00:34.260  1941  2788 I [OAO] VrPlatformOpenXr: VrPlatformOpenXr::SetPropInhibitHandleHomeKey result = 0
07-11 13:00:34.260  1941  2788 I [OAO] Compositor: EnterVrMode with eye buffer: 1024x1024 : 2
07-11 13:00:34.260  1941  2788 I [OAO] AudioMixer: Enabling AudioPlayer.
07-11 13:00:34.260  1941  2788 I [OAO] AudioEngine: virtual void AudioLibrary::AudioEngine::EnablePlayer()
07-11 13:00:34.261  2030  2030 E OVRMediaServiceManager: LivestreamingManager Not initialized
07-11 13:00:34.265  1975  2081 I Clay    : xrPollEvent: REFERENCE_SPACE_CHANGE_PENDING
07-11 13:00:34.266  2030  2030 W OVRLibrary: null cursor received for query content://com.oculus.ocms.library/apps/com.oculus.vrshell
07-11 13:00:34.267  3120  3120 D [SUI] NotificationBroadcastReceiver: action: com.oculus.intent.action.NOTIF_CHANGE
07-11 13:00:34.269  1551  1551 D OculusNotificationListenerService: Notification posted: 0|android|0|com.android.server.wm.AlertWindowNotification - com.oculus.vrshell|1000
07-11 13:00:34.270  2909  3027 I VrGuardianService: GuardianSDKServer::SetActiveHand
07-11 13:00:34.272  1941  2788 D         : PlayerBase::PlayerBase()
07-11 13:00:34.272  1941  2788 D         : TrackPlayerBase::TrackPlayerBase()
07-11 13:00:34.272  1941  2788 I libOpenSLES: Emulating old channel mask behavior (ignoring positional mask 0x3, using default mask 0x3 based on channel count of 2)
07-11 13:00:34.273   849  1232 I [CT]    : MIXEDREALITY: PassthroughMesh: update: Clearing 0 previous mesh points (previous timestamp 0, current 4395.933223904).
07-11 13:00:34.273   849  1232 W [CT]    : MIXEDREALITY: MrRuntimeCompute: compute: Dropping frameset type 1 timestamp 4395.966557258 due to expiry, max expiry duration 18.000000000000004 ms, stereo start delay 22 ms.
07-11 13:00:34.276  1941  1941 D VrNotificationAnalytics: logNotificationPosted: key(0|android|0|com.android.server.wm.AlertWindowNotification - com.oculus.vrshell|1000), type(third_party), isToast(false)
07-11 13:00:34.278   720  8092 D audio_hw_primary: adev_get_parameters:vr_audio_mode_on
07-11 13:00:34.278   720  8092 I audio_hw_primary: getting vr mode to 0
07-11 13:00:34.278   720  8092 D audio_hw_primary: adev_get_parameters: exit: returns - vr_audio_mode_on=false
07-11 13:00:34.279   599  1906 I AudioPolicyManagerCustom: VR mode is 0, switch to primary output if request is for fast|raw
07-11 13:00:34.280   855  9915 W [CT]    : CONSTELLATION:MATCHING: [Throttled count=2] Anomalous blob size detected => Resetting matches for controller dc36774d072f3cbd (L).
07-11 13:00:34.280   599  1906 W AudioFlinger: createTrack_l(): mismatch between requested flags (00000104) and output flags (00000006)
07-11 13:00:34.280   599  1906 D AudioFlinger: Client defaulted notificationFrames to 192 for frameCount 384
07-11 13:00:34.281  2075  2329 I [SEO] SystemTaskBar: Create PanelApp
07-11 13:00:34.281  2075  2329 I [SEO] PanelAppLaunchInfo: PanelAppLaunchInfo componentString:com.oculus.systemux/com.oculus.panelapp.anytimeui.AnytimeUIAndroidPanelService packageName:com.oculus.systemux serviceName:com.oculus.panelapp.anytimeui.AnytimeUIAndroidPanelService componentName:com.oculus.systemux/com.oculus.panelapp.anytimeui.AnytimeUIAndroidPanelService
07-11 13:00:34.281  2075  2329 I [SEO] HostPlatform: Retrieving component launch information for package (com.oculus.systemux) and service (com.oculus.panelapp.anytimeui.AnytimeUIAndroidPanelService)
07-11 13:00:34.282  2909  3018 I GuardianSystem: runtimeServiceSDKClient_.ForceShowGuardianEvent
07-11 13:00:34.282  2909  3018 I GuardianSystem: ForceShowGuardian: false, 0.00
07-11 13:00:34.282  2909  3018 I GuardianSystem: runtimeServiceSDKClient_.PackageChangeEvent: package=[com.oculus.shellenv], process=[com.oculus.shellenv]
07-11 13:00:34.282  2909  3018 I GuardianSystem: SetCurrentProcessName: com.oculus.shellenv, previous ProcessName: system_server
07-11 13:00:34.282  2909  3018 I GuardianSystem: runtimeServiceSDKClient_.ForceShowGuardianEvent
07-11 13:00:34.282  2909  3018 I GuardianSystem: ForceShowGuardian: false, 0.00
07-11 13:00:34.282  2909  3018 I GuardianSurfaceMgr: ForceShowSurfaceBounds: false, 1.00
07-11 13:00:34.282  2909  3018 I GuardianSurfaceMgr: ForceShowSurfaceBounds: Soft fade out: currentTime 4396.01, ForceShowTime 4397.01, ForceShowFadeTime 4398.01
07-11 13:00:34.288  2075  2329 I [SEO] HostPlatform: Is valid panel service component for package (com.oculus.systemux) and service (com.oculus.panelapp.anytimeui.AnytimeUIAndroidPanelService) - true
07-11 13:00:34.288  2075  2329 I [SEO] ShellApp: CreatePanelApp( com.oculus.systemux/com.oculus.panelapp.anytimeui.AnytimeUIAndroidPanelService )
07-11 13:00:34.288  2075  2329 I [SEO] ShellApp: Environment:
07-11 13:00:34.288  2075  2329 I [SEO] PanelAppHost: PanelAppHost constructor, panel 64 (com.oculus.systemux/com.oculus.panelapp.anytimeui.AnytimeUIAndroidPanelService)
07-11 13:00:34.289  2075  2329 I [SEO] PanelAppHost: Panel app 64 (com.oculus.systemux/com.oculus.panelapp.anytimeui.AnytimeUIAndroidPanelService) changing state from startup to foreground
07-11 13:00:34.289  1253  2933 I VrRuntimeService: CreateAndroidSurfaceSwapChain: 2285421117
07-11 13:00:34.289  1253  2933 I VrRuntimeService: CreateAndroidSurfaceSwapChain: 131072 1 32856 65536 65536 1 1 1 0 3
07-11 13:00:34.290  1253  1931 I SwapChain_Surface: CreateAndroidSurfaceSwapChainGLES: 0x77bc673000: SurfaceTexture 0x28d2 Surface 0x28c6
07-11 13:00:34.290  1253  2933 I VrRuntimeServer: CreateAndroidSurfaceSwapChain: result surface 0x77bc673000
07-11 13:00:34.296  1253  2933 I VrRuntimeService: CreateAndroidSurfaceSwapChain: 2285421117
07-11 13:00:34.296  1253  2933 I VrRuntimeService: CreateAndroidSurfaceSwapChain: 131072 1 32856 65536 65536 1 1 1 0 3
07-11 13:00:34.296  1253  1931 I SwapChain_Surface: CreateAndroidSurfaceSwapChainGLES: 0x77bc6cd000: SurfaceTexture 0x289a Surface 0x2886
07-11 13:00:34.296  1253  2933 I VrRuntimeServer: CreateAndroidSurfaceSwapChain: result surface 0x77bc6cd000
07-11 13:00:34.298  2075  2329 I [SEO] PanelAppHost: Passing env var _oc_analytics_session_id = 5418bd5b-7d23-4f0d-914f-3bf9cc106f97
07-11 13:00:34.298  2075  2329 I [SEO] PanelAppHost: Passing env var _oc_userid = 106348798779619
07-11 13:00:34.298  2075  2329 I [SEO] PanelAppHost: Passing env var _oc_shell_version_name = 41.0.0.124.307
07-11 13:00:34.298  2075  2329 I [SEO] PanelAppHost: Passing env var _oc_shell_version_code = 379035701
07-11 13:00:34.298  2075  2329 I [SEO] PanelAppHost: Passing env var _oc_shell_automation_enabled = false
07-11 13:00:34.298  2075  2329 I [SEO] PanelAppHost: Passing env var _oc_shell_view_id_debugging_enabled = false
07-11 13:00:34.298  2075  2329 I [SEO] PanelAppHost: Passing env var _oc_shell_pixel_density = 16
07-11 13:00:34.298  2075  2329 I [SEO] PanelAppHost: Passing env var _oc_shell_render_scale = 1.000000
07-11 13:00:34.298  2075  2329 I [SEO] PanelAppHost: Passing env var _oc_shell_ux_policy = {"panelBackgroundLayerOriginDepths":{"far":0.2,"mid":0.1,"near":0.015}}
07-11 13:00:34.298  2075  2329 I [SEO] PanelAppHost: Passing env var _oc_shell_panel_session_id = 5418bd5b-7d23-4f0d-914f-3bf9cc106f97-64
07-11 13:00:34.298  2075  2329 I [SEO] PanelAppHost: Passing env var _oc_shell_back_navigation_enabled = false
07-11 13:00:34.298  2075  2329 I [SEO] PanelAppHost: Passing env var _oc_shell_feature_sets = cooperativeState-v2,layerTranslate-v1,multiapp-v1,multiapp-v2,multiapp-v3,system-ux-file-picker-v1,system-reauth-v1,dragDrop-v1,systemThemeSetting-v1,layerOptions-v1,destinationUi-v2,systemActionBackgroundPanels-v1,shellPanelAdaptability-v1,vrNotificationsBootLoad-v1,multitasking-v1,appmenu-v1,appmenu-v2,controlBar-v1,theaterScreen,recoverInstances-v1,copresence-v1,copresenceVersion-v1,vrLibraryAppLock-v1
07-11 13:00:34.298  2075  2329 I [SEO] PanelAppHost: Passing env var _oc_launch_timestamp = 4396015
07-11 13:00:34.298  2075  2329 I [SEO] PanelAppHost: Passing env var _oc_shell_host = vrshell
07-11 13:00:34.298  2075  2329 I [SEO] PanelAppHost: Passing env var _oc_shell_panel_id = 64
07-11 13:00:34.299  2075  2329 I [SEO] PanelAppHost: Calling sendPanelLaunchIntent for panel app 64 (com.oculus.systemux/com.oculus.panelapp.anytimeui.AnytimeUIAndroidPanelService)
07-11 13:00:34.299  2075  2329 D [SEO] ShellApplication: sendApkPanelLaunchIntent: packageName=com.oculus.systemux, serviceClassName=com.oculus.panelapp.anytimeui.AnytimeUIAndroidPanelService
07-11 13:00:34.299   599  1906 D AF::TrackHandle: OpPlayAudio: track:118 uid:10023 pkg:com.oculus.vrshell usage:1 not muted
07-11 13:00:34.300  2075  2329 D [SEO] PanelServiceConnection: getSystemProcessUidForCurrentUser: 'android' systemUid = 1000
07-11 13:00:34.300  2075  2329 D [SEO] ShellApplication: bindService Intent { cmp=com.oculus.systemux/com.oculus.panelapp.anytimeui.AnytimeUIAndroidPanelService }
07-11 13:00:34.305  2075  2075 D [SEO] PanelServiceConnection: onSeviceConnected - component name (ComponentInfo{com.oculus.systemux/com.oculus.panelapp.anytimeui.AnytimeUIAndroidPanelService}), panel app id (64)
07-11 13:00:34.305  2075  2075 D [SEO] ShellApplication: notify OS to set com.oculus.systemux/com.oculus.panelapp.anytimeui.AnytimeUIAndroidPanelService to FOREGROUND
07-11 13:00:34.308  2075  2329 D [SEO] ShellApplication: notify OS to set com.oculus.systemux/com.oculus.panelapp.anytimeui.AnytimeUIAndroidPanelService to FOREGROUND
07-11 13:00:34.308  2075  2329 I [SEO] SystemTabletController: Processing pending None tablet.
07-11 13:00:34.308  2075  2329 I [SEO] SystemTabletController: Processing AUI deep link uri /tablet_none.
07-11 13:00:34.309  2075  2075 I [SEO] PanelServiceConnection: verifyFirstPartyUID(Debug Signatures=false, uid=10034) => apkSignatureResult=SigCertInfo(isTrusted=true, packageNames=[com.oculus.systemux], fingerprint sha1=98a1809f3c3e79170e5df8135b500ecfa39df1be, fingerprint sha256=012f8165c191efe8fb0d6d4606aa4abac14d77d1d97d5340860c9f81045aa157, signature=308205cf308203b7a0030201020204097e91c1300d06092a864886f70d01010b0500308197310b3009060355040613025553311330110603550408130a43616c69666f726e6961311330110603550407130a4d656e6c6f205061726b31233021060355040a131a46616365626f6f6b20546563686e6f6c6f676965732c204c4c4331233021060355040b131a46616365626f6f6b20546563686e6f6c6f676965732c204c4c43311430120603550403130b4f63756c75732041707073301e170d3139303730343131333935315a170d3436313131393131333935315a308197310b3009060355040613025553311330110603550408130a43616c69666f726e6961311330110603550407130a4d656e6c6f205061726b31233021060355040a131a46616365626f6f6b20546563686e6f6c6f676965732c204c4c4331233021060355040b131a46616365626f6f6b20546563686e6f6c6f676965732c204c4c43311430120603550403130b4f63756c7573204170707330820222300d06092a864886f70d01010105000382020f003082020a0282020100b815642a5c201c8da044905dafbb06c05fddb75449cc75a716a0434da0493a52a4d60643532c237e76cb41d2c32a5e4474f12b37f632a809b5a5ceb8c6289ecf828e736b4ec452b1c2757bd0b5ed13eff5a7a47ab2ef6cdf60a8d749e9e8603f30d12b5db8f734c57578a2a4ce5ff5737c1f02c629d2dcb4f82726674663a699de94463ff370fa9eb48158831bf0b68bd6ec84293182d52e860bdd81bb9ce9cdd6a77fea0df25004da34d3cce7a31069646aa4628fba9ccb0952163793be9a4edf49a53f83179c2f44d8c87d6c129e8d590af0f3fced26201ee43b31fccd93b497cd198c5cd1f98d64c4f7ad79ca47278c02652d5dc072a99807e22f473f7bae4da2bafcae48cd49ad55a764b8d39f329f6175eac9074307deff48b1c4a6e19b748766617768c31a17feae8478eb7f9ebfb61af2b9f5a692b636342d7ebc53d7146626b51801b5a0a102e281475decdefb8683d0ca2843dc7aaeb6759bcab0dcba38db44f5d7f797a1c9c02dd159c0e3c72b14dc882d31c24ad8abee4ce0f7f0205e05efef551e2551a61e96636ed5dfd7435d3d24f5a130a12f10452cc954aa770d5d95e3e0cb9d7b05c5506a7947f8ff3437b3d82274fdaa156d85bfb7fbcb4fa5557080fedab86520b71d3d533e7bb3e7e3ebe9712b68e755d700b0afbf7595ffa80a6b3d90bfe599769138ee6515df415e32c0abed2b8e4aea1f47351f490203010001a321301f301d0603551d0e04160414a3c939e6b71c43bc9193f773c0351be1aff311f9300d06092a864886f70d01010b050003820201004e4c865231f2a3583c6af9488ecf9aa96b1ee84e2d7bfad00581537dc70c54ecfcf360e563d018efa4cdd77bf6fc4c9f1a20ebd4215cf1538686d4089bdcc8adb6ae4497ead14b0c18efd52ce93357019973e94e16b3326c60885b1bdc5f9cad1098f16732935876d8d19bda3ceeaaa69a83c4e2231710c6735f88abdfffe3dfa2be3f18f894923441b4e4a9c9664ed6294c16d7c073547063bfdbbefad184a001f1dce2feffdc96d10eb16a3bfbcd382cd297ca3b4edb7ebacd1a9931a1368a5157ceaebbca5b39bd5db5461a340db8ec076d38a94bcdd042bfb51388158ba97a49b631c1762fa746c7bb36eaf15cae23fa993cfb052e824f2ae173ea27b50a6cca91eb955f4faf131514757e5a3ecae9df6d23771279b7742f28fb9ce394eb9e03926f550716f1312355a5efdc479d8347b516cff55cb14307c81280142cacf2fd6562a2baacbfc97869272b1c51abf79121de8bab227e001313d4115eb9b33a332ebb34e290f14b5352ef1038f7a5f3740c9d1136b3526de4331deb4fa529c36a17c04c3e64d4f6ebda73d6e6e18281e3948fd11e685eab6611be1bc62839bce5962715e7f6537e6c083bcd3538d17407b26c850cd6b3f5e2149fdef027a6cfb7ed0f93c928aca14927b10c6a3f104ba1b10413af8b1868b84a004e5ddd065fff26a7bb3c818bb5a2d69aedf9441ef9033efae3ef52282a96f66d4b4ff3f2)
07-11 13:00:34.312  2075  2329 I [SEO] PanelAppLaunchInfo: PanelAppLaunchInfo componentString:com.oculus.systemux/com.oculus.panelapp.controlbar.ControlBarPanelService packageName:com.oculus.systemux serviceName:com.oculus.panelapp.controlbar.ControlBarPanelService componentName:com.oculus.systemux/com.oculus.panelapp.controlbar.ControlBarPanelService
07-11 13:00:34.312  2075  2329 I [SEO] HostPlatform: Retrieving component launch information for package (com.oculus.systemux) and service (com.oculus.panelapp.controlbar.ControlBarPanelService)
07-11 13:00:34.313  3120  5747 I CppPanelService: verifyVrShellUID(Debug Signatures=false, uid=10023) => apkSignatureResult=SigCertInfo(isTrusted=true, packageNames=[com.oculus.vrshell], fingerprint sha1=331660b6dd3bd582f3dfd3cbae4546724668a021, fingerprint sha256=dc2f834e3c1942378b14f076c82cd1ab59ea6566bff4730b2047e98efc9f9daf, signature=3082038d30820275a00302010202041303858a300d06092a864886f70d01010b05003077310b3009060355040613025553310b3009060355040813024341311330110603550407130a4d656e6c6f205061726b31173015060355040a130e4f63756c75732056522c204c4c4331173015060355040b130e4f63756c75732056522c204c4c43311430120603550403130b4f63756c75732041707073301e170d3134313033303231343032315a170d3432303331373231343032315a3077310b3009060355040613025553310b3009060355040813024341311330110603550407130a4d656e6c6f205061726b31173015060355040a130e4f63756c75732056522c204c4c4331173015060355040b130e4f63756c75732056522c204c4c43311430120603550403130b4f63756c7573204170707330820122300d06092a864886f70d01010105000382010f003082010a0282010100a34c7fbd96dea95d811f21a0d760cabca85f2df5dbe19b62aca7a3e3e0b6e48f7e173345f2753c458d639cc2e222eeee4cfb5e89ac1c5060044414056709a43a7f1a6f1e4f2c3d708c48912634be08ad6da1fff92d9c0d4b85e4bc8a8b1c27de84c04eb1e6577c10693500af46beaf7bd2ce72a06a46f4e565859f242cecbef1a431ae8096db712cebe73840bacc64de6b99077ba1ca8c20e5d0b4870bd161f087abbf568dfef58e604068ca6f7cdea183c8681c306bc30cb223e7c5ce3a2fcf00d13e158475b3700ef62dcca46c57baecca4d91052e20b861a1a085d5fc8e99aed8c4a9cfd550d01e54ef5062133befcf7f9ea6a5a1d1575a72cd82279f34030203010001a321301f301d0603551d0e04160414ec7ccdaf8ccdc6dd1b87d4b561582ad8ec397b80300d06092a864886f70d01010b0500038201010014c557ecddc17ba8b979618036e7093b8e7307f624644532c31239f4dc83fd9424267ca7670fa9f78689cbc5bfd8a6312fdc214bd159d614a8753ceec0f2b2d9166217895b13c992e1d10ca625a3153dacfa51dbdb7fde139bd59510f5add29f88be3826b445ce7386dcf06577be72fbdf118fa81179091fad275981409e02d40422d8e86df5827a2c496a4b905b4825c3f1ba0af4cf509bf9b0d4d608cf0b4320ac60d1a8cbcc384de24f11a4c93c0fc5b887cbd6855871af1b1ef729c51a8a123efc6a627b6494e81a264587443b9156ad17772863c2f9685fae9c72a552b333f8ef2822bce5d4d178e45b3a8dd4e321924f6a5ba43f732971a9e74cbf0433), time=3 ms
07-11 13:00:34.313  3120  3120 D CppPanelService: BEGIN: Initializing panel application via MSG_CREATE_PANEL_APP.
07-11 13:00:34.313  1941  2788 I AudioTrack: createTrack_l(3014765): AUDIO_OUTPUT_FLAG_FAST successful; frameCount 0 -> 384
07-11 13:00:34.314  1941  1941 I [OAO] VrNotificationListenerService: onNotificationPosted() - key = 0|android|0|com.android.server.wm.AlertWindowNotification - com.oculus.vrshell|1000, type = third_party, isToast = false, isBlocked with reason = true Blocked by does not contain all markers for a toast notification
07-11 13:00:34.314  1941  1941 D [OAO] VrBroadcastReceiver: action: com.oculus.vrshell.intent.action.NOTIFICATION_WAKE
07-11 13:00:34.315  3120  3120 I AndroidPanelApp: Created
07-11 13:00:34.315  3120  3120 V LifecycleAwareViewModelStore: LifecycleAwareViewModelStore created
07-11 13:00:34.315  3120  3120 V LifecycleAwarePanelApp: PanelApp initial lifecycle started and moved from state INITIALIZED to state RESUMED
07-11 13:00:34.318  3120  3120 I [SUI] ConsumerConfiguration: Setting SystemUX Configuration and Policy Settings.
07-11 13:00:34.318  2075  2329 I [SEO] HostPlatform: Is valid panel service component for package (com.oculus.systemux) and service (com.oculus.panelapp.controlbar.ControlBarPanelService) - true
07-11 13:00:34.318  2075  2329 I [SEO] ShellApp: CreatePanelApp( com.oculus.systemux/com.oculus.panelapp.controlbar.ControlBarPanelService )
07-11 13:00:34.318  2075  2329 I [SEO] ShellApp: Environment:
07-11 13:00:34.318  2075  2329 I [SEO] PanelAppHost: PanelAppHost constructor, panel 65 (com.oculus.systemux/com.oculus.panelapp.controlbar.ControlBarPanelService)
07-11 13:00:34.319  2075  2329 I [SEO] PanelAppHost: Panel app 65 (com.oculus.systemux/com.oculus.panelapp.controlbar.ControlBarPanelService) changing state from startup to foreground
07-11 13:00:34.319  3120  3120 D [SUI] AnytimeUIBroadcastReceiver: requestCaptureState being sent
07-11 13:00:34.320  3120  9937 D QuickPromotionController: Initialized and enabled.
07-11 13:00:34.320  3120  9937 D QuickPromotionController: Fetching Quick Promotions for all surfaces.
07-11 13:00:34.320  3120  9937 D QuickPromotionController: Initialized and enabled.
07-11 13:00:34.320  3120  9937 D QuickPromotionController: Set access token.
07-11 13:00:34.322  2075  2329 I [SEO] PanelAppHost: Passing env var _oc_analytics_session_id = 5418bd5b-7d23-4f0d-914f-3bf9cc106f97
07-11 13:00:34.322  2075  2329 I [SEO] PanelAppHost: Passing env var _oc_userid = 106348798779619
07-11 13:00:34.322  2075  2329 I [SEO] PanelAppHost: Passing env var _oc_shell_version_name = 41.0.0.124.307
07-11 13:00:34.322  2075  2329 I [SEO] PanelAppHost: Passing env var _oc_shell_version_code = 379035701
07-11 13:00:34.322  2075  2329 I [SEO] PanelAppHost: Passing env var _oc_shell_automation_enabled = false
07-11 13:00:34.322  2075  2329 I [SEO] PanelAppHost: Passing env var _oc_shell_view_id_debugging_enabled = false
07-11 13:00:34.322  2075  2329 I [SEO] PanelAppHost: Passing env var _oc_shell_pixel_density = 16
