07-11 12:03:35.935  3120  3120 D [SUI] AnytimeUIAndroidPanelApp: Received appStatus from VrShell: [{"name":"com.oculus.explore\/com.oculus.explore.PanelService","panels":[{"panelId":3,"state":"Focused"}]}]
07-11 12:03:35.936  1975  3081 I SwapChain_Vulkan: Imported texture has requirements 9, ends up index 0
07-11 12:03:35.937  1975  3081 I SwapChain_Vulkan: Imported texture has requirements 9, ends up index 0
07-11 12:03:35.937  1975  3081 W VrRuntimeClient: CreateTextureSwapChain: Failed to import foveation swapchain
07-11 12:03:35.940  3120  3120 V [SUI] BarView: Notifs badge count: 4, Messenger badge count 0
07-11 12:03:35.941  3120  3120 I Choreographer: Skipped 54 frames!  The application may be doing too much work on its main thread.
07-11 12:03:35.942  3120  3120 D [SUI] AdapterUpdatesCoalescer: startDiffingInBackground
07-11 12:03:35.942  1253  2933 I VrRuntimeService: UpdateSwapChainSamplerState: 201
07-11 12:03:35.942  1253  2933 I VrRuntimeService: UpdateSwapChainSamplerState: minFilter=1 magFilter=1 wrapModeS=3 warpModeT=3 maxAniso=1.000000 border={0.000000,0.000000,0.000000,0.000000} swizzle={0,1,2,3}
07-11 12:03:35.963  1545  5610 W ContextImpl: Calling a method in the system process without a qualified user: android.app.ContextImpl.sendBroadcast:1057 android.content.ContextWrapper.sendBroadcast:448 X.o8.A00:143 X.nw.A00:17 X.nw.handleMessage:90 
07-11 12:03:35.968  3120  3511 I OpenGLRenderer: Davey! duration=780ms; Flags=1, IntendedVsync=976841261438, Vsync=977591261336, OldestInputEvent=9223372036854775807, NewestInputEvent=0, HandleInputStart=977595589990, AnimationStart=977595612073, PerformTraversalsStart=977595641240, DrawStart=977617006761, SyncQueued=977618135979, SyncStart=977618349573, IssueDrawCommandsStart=977618477281, SwapBuffers=977621149625, FrameCompleted=977622456084, DequeueBufferDuration=84000, QueueBufferDuration=799000, 
07-11 12:03:35.970  1253  2027 I ServiceInputManager: HANDTRACKING hand 1 status set to Tracked
07-11 12:03:35.974  3120  5579 I AnytimeUIAndroidPanelApp: GuardianSDKClient.InitClient SUCCESS
07-11 12:03:35.984  3120  3511 I OpenGLRenderer: Davey! duration=797ms; Flags=1, IntendedVsync=976841261438, Vsync=977591261336, OldestInputEvent=9223372036854775807, NewestInputEvent=0, HandleInputStart=977595589990, AnimationStart=977595612073, PerformTraversalsStart=977595641240, DrawStart=977637179469, SyncQueued=977637420927, SyncStart=977637624573, IssueDrawCommandsStart=977637666969, SwapBuffers=977638449469, FrameCompleted=977638942438, DequeueBufferDuration=66000, QueueBufferDuration=173000, 
07-11 12:03:35.984  3120  3120 I [SUI] AnytimeUIAndroidPanelApp: updateGuardianStatus - 1 - false
07-11 12:03:35.987  3120  3120 D [SUI] AnytimeUIBroadcastReceiver: action: com.oculus.systemactivities.CAPTURE_STATE_UPDATE
07-11 12:03:35.987  3120  3120 I [SUI] AnytimeUIBroadcastReceiver: handleCaptureStateUpdate: captureToDisk false, captureEnabled false, isCapturingAbuseReport false, abuseRecordingUUID null
07-11 12:03:35.987  3120  3120 D [SUI] AnytimeUIBroadcastReceiver: action: com.oculus.systemactivities.LOCAL_STREAM_STATE_UPDATE
07-11 12:03:35.987  3120  3120 D [SUI] ScreenCaptureUtil: onLocalStreamStateUpdate(isCaptureRunning = false)
07-11 12:03:35.987  3120  3120 D [SUI] ScreenCaptureUtil: onLocalStreamStateUpdate(isCaptureRunning = false)
07-11 12:03:35.987  3120  3120 D [SUI] AnytimeUIBroadcastReceiver: action: com.oculus.systemactivities.CAPTURE_STATE_UPDATE
07-11 12:03:35.987  3120  3120 I [SUI] AnytimeUIBroadcastReceiver: handleCaptureStateUpdate: captureToDisk false, captureEnabled false, isCapturingAbuseReport false, abuseRecordingUUID null
07-11 12:03:35.987  3120  3120 D [SUI] AnytimeUIBroadcastReceiver: action: com.oculus.systemactivities.LOCAL_STREAM_STATE_UPDATE
07-11 12:03:35.987  3120  3120 D [SUI] ScreenCaptureUtil: onLocalStreamStateUpdate(isCaptureRunning = false)
07-11 12:03:35.987  3120  3120 D [SUI] ScreenCaptureUtil: onLocalStreamStateUpdate(isCaptureRunning = false)
07-11 12:03:35.987  3120  3120 I PresenceAPK(ServiceApiManager): onServiceConnected componentName=ComponentInfo{com.oculus.presence/com.oculus.presence.service.PresenceService}
07-11 12:03:35.988  3120  3120 I PresenceAPK(ServiceApiManager): setting apiStatusListener
07-11 12:03:35.990  3120  3144 I PresenceAPK(ServiceApiManager): onApiReady
07-11 12:03:35.991  3120  3144 I PresenceAPK(ServicePresenceClient): calling onServiceUp
07-11 12:03:35.992  3120  3144 I PresenceAPK(PresenceClient): onServiceUp
07-11 12:03:35.992  3120  3144 I PresenceAPK(GroupManager): onConnected
07-11 12:03:35.993  3120  3120 V [SUI] BarView: Notifs badge count: 4, Messenger badge count 0
07-11 12:03:35.993  3120  3120 D CppPanelService: BEGIN: Initializing panel application via MSG_CREATE_PANEL_APP.
07-11 12:03:35.994  3120  3855 I PresenceAPK(GroupManager): initialEnumerationFinished
07-11 12:03:35.994  3120  3120 I AndroidPanelApp: Created
07-11 12:03:35.994  3120  3855 I PresenceAPK(GroupManager): no reconnect groups
07-11 12:03:35.994  3120  3120 I [SUI] ControlBarPanelApp: Create control bar panel app.
07-11 12:03:35.994  3120  3120 I PanelService: BEGIN: nativeInitializePanelInstance - Configure and set up thread polling.
07-11 12:03:35.994  3120  3120 I PanelService: BEGIN: Call hosted app's Configure method.
07-11 12:03:35.994  3120  3120 I PanelService: END: Call hosted app's Configure method.
07-11 12:03:35.994  3120  3120 I PanelService: END: nativeInitializePanelInstance - Add fd 43 to looper with error code 1
07-11 12:03:35.994  3120  3120 D CppPanelService: END: Initializing panel application via MSG_CREATE_PANEL_APP.
07-11 12:03:35.996  3120  3120 D [SUI] AdapterUpdatesCoalescer: There is no pending update
07-11 12:03:36.021  3120  3120 I [SUI] ControlBarPanelApp: handleGenericMessage controlBarShow {"layer":"controlbar3","state":{"displayName":"Explore"},"width":800}
07-11 12:03:36.021  3120  3120 I [SUI] ControlBarPanelApp: controlBarShow -  {"layer":"controlbar3","state":{"displayName":"Explore"},"width":800}
07-11 12:03:36.021  3120  3120 D [SUI] ControlBarPanelApp: acquireViewModel - controlbar3
07-11 12:03:36.021  3120  3120 D [SUI] ControlBarViewModel: Constructing ViewModel for barId: controlbar3
07-11 12:03:36.021  3120  3120 I AndroidPanelApp: HideLayer(controlbar3, shape: 2, shouldMinimizeLayer: false)
07-11 12:03:36.024  1034  1409 I DisplayManagerService: Display device added: DisplayDeviceInfo{"com.oculus.android_panel_app.AndroidPanelLayer-controlbar3": uniqueId="virtual:com.oculus.systemux,10034,com.oculus.android_panel_app.AndroidPanelLayer-controlbar3,0", 1000 x 40, modeId 55, defaultModeId 55, supportedModes [{id=55, width=1000, height=40, fps=60.0}], colorMode 0, supportedColorModes [0], HdrCapabilities null, density 160, 160.0 x 160.0 dpi, appVsyncOff 0, presDeadline 16666666, touch NONE, rotation 0, type VIRTUAL, state OFF, owner com.oculus.systemux (uid 10034), FLAG_PRIVATE, FLAG_NEVER_BLANK, FLAG_OWN_CONTENT_ONLY}
07-11 12:03:36.028  3120  3120 I [SUI] ControlBarView: ControlBarView created
07-11 12:03:36.032  3120  3120 I [SUI] ControlBarView: Initializing ControlBarViewcontrolbar3
07-11 12:03:36.032  3120  3120 D [SUI] ControlBarPanelApp: acquireViewModel - controlbar3
07-11 12:03:36.036  1034  1409 I DisplayManagerService: Display device removed: DisplayDeviceInfo{"com.oculus.android_panel_app.AndroidPanelLayer-controlbar3": uniqueId="virtual:com.oculus.systemux,10034,com.oculus.android_panel_app.AndroidPanelLayer-controlbar3,0", 1000 x 40, modeId 55, defaultModeId 55, supportedModes [{id=55, width=1000, height=40, fps=60.0}], colorMode 0, supportedColorModes [0], HdrCapabilities null, density 160, 160.0 x 160.0 dpi, appVsyncOff 0, presDeadline 16666666, touch NONE, rotation 0, type VIRTUAL, state OFF, owner com.oculus.systemux (uid 10034), FLAG_PRIVATE, FLAG_NEVER_BLANK, FLAG_OWN_CONTENT_ONLY}
07-11 12:03:36.038  1034  1409 I DisplayManagerService: Display device added: DisplayDeviceInfo{"com.oculus.android_panel_app.AndroidPanelLayer-controlbar3": uniqueId="virtual:com.oculus.systemux,10034,com.oculus.android_panel_app.AndroidPanelLayer-controlbar3,0", 800 x 40, modeId 56, defaultModeId 56, supportedModes [{id=56, width=800, height=40, fps=60.0}], colorMode 0, supportedColorModes [0], HdrCapabilities null, density 160, 160.0 x 160.0 dpi, appVsyncOff 0, presDeadline 16666666, touch NONE, rotation 0, type VIRTUAL, state OFF, owner com.oculus.systemux (uid 10034), FLAG_PRIVATE, FLAG_NEVER_BLANK, FLAG_OWN_CONTENT_ONLY}
07-11 12:03:36.044  3120  3120 I AndroidPanelApp: Processing pending hide layer for layer controlbar3.
07-11 12:03:36.044  3120  3120 I AndroidPanelApp: Processing pending show layer info for layer controlbar3 with width 800 and height 40.
07-11 12:03:36.044  3120  3120 I AndroidPanelApp: layerSupersample no changes
07-11 12:03:36.066  3120  3120 W [SUI] AsyncQueryHandlerBase: Callback reference is null
07-11 12:03:36.067  1034  1057 I chatty  : uid=1000(system) android.display expire 3 lines
07-11 12:03:36.067  1034  1057 I ActivityTaskManager: Override config changes=20005df8 {0.0 ?mcc?mnc ?localeList ?layoutDir sw40dp w1000dp h40dp 160dpi nrml long land ?uimode ?night -touch qwerty/v/v -nav/h winConfig={ mBounds=Rect(0, 0 - 1000, 40) mAppBounds=Rect(0, 0 - 1000, 40) mWindowingMode=fullscreen mDisplayWindowingMode=fullscreen mActivityType=undefined mAlwaysOnTop=undefined mRotation=ROTATION_0}} for displayId=54
07-11 12:03:36.076  3120  3120 I AndroidPanelApp: Processing next frame action "layerShow" for layer "controlbar3"
07-11 12:03:36.085  1034  1057 I DisplayManagerService: Display device changed state: "com.oculus.android_panel_app.AndroidPanelLayer-controlbar3", ON
07-11 12:03:36.152  1034  1777 E WindowManager: App trying to use insecure INPUT_FEATURE_NO_INPUT_CHANNEL flag. Ignoring
07-11 12:03:36.160  1034  1057 I ActivityTaskManager: Override config changes=20005df8 {0.0 ?mcc?mnc ?localeList ?layoutDir sw40dp w800dp h40dp 160dpi nrml long land ?uimode ?night -touch qwerty/v/v -nav/h winConfig={ mBounds=Rect(0, 0 - 800, 40) mAppBounds=Rect(0, 0 - 800, 40) mWindowingMode=fullscreen mDisplayWindowingMode=fullscreen mActivityType=undefined mAlwaysOnTop=undefined mRotation=ROTATION_0}} for displayId=55
07-11 12:03:36.161  1034  1057 I WindowManager: Screen frozen for +35ms due to new-config
07-11 12:03:36.171  1253  2933 I VrRuntimeService: CreateSwapChain: 2285421117
07-11 12:03:36.171  1253  2933 I VrRuntimeService: CreateSwapChain: api:vk 0 0x2b 800 40 10 3 1 4 3
07-11 12:03:36.172  1253  2933 W SwapChain_Vulkan: CreateTextureSwapChainFoveationVulkan: ShouldCreateFragmentDensityMap: false
07-11 12:03:36.172  1253  2933 W SwapChain_Vulkan: ExportTextureResourcesFoveationVulkan: chain->VkInteropFoveation.Device == nullptr
07-11 12:03:36.172  1253  2933 W SwapChain: CreateTextureSwapChainFoveation: export failed
07-11 12:03:36.173  1253  2933 I VrRuntimeServer: CreateTextureSwapChain: result importswapchaingles 1
07-11 12:03:36.174  1975  3081 I SwapChain_Vulkan: Imported texture has requirements 9, ends up index 0
07-11 12:03:36.175  1975  3081 I SwapChain_Vulkan: Imported texture has requirements 9, ends up index 0
07-11 12:03:36.175  1975  3081 W VrRuntimeClient: CreateTextureSwapChain: Failed to import foveation swapchain
07-11 12:03:36.178  1253  2933 I VrRuntimeService: UpdateSwapChainSamplerState: 202
07-11 12:03:36.178  1253  2933 I VrRuntimeService: UpdateSwapChainSamplerState: minFilter=1 magFilter=1 wrapModeS=3 warpModeT=3 maxAniso=1.000000 border={0.000000,0.000000,0.000000,0.000000} swizzle={0,1,2,3}
07-11 12:03:36.196   812  1133 I crash-uploader: Crash uploaded from /data/misc/crashes//com.oculus.sdk.vrcubeworldna_2022-07-11_12-03-34-885215.exception.meta to https://www.facebook.com/mobile/generic_android_crash_logs/
07-11 12:03:36.213   812  1133 D crash-reporter: Crash[exception] com.oculus.sdk.vrcubeworldna
07-11 12:03:36.216   812  1133 E crash-reporter: Could not delete report: . It is not within report directory: /data/misc/crashes/
07-11 12:03:36.216   812  1133 I chatty  : uid=1000(system) ovr_crashupload identical 1 line
07-11 12:03:36.216   812  1133 E crash-reporter: Could not delete report: . It is not within report directory: /data/misc/crashes/
07-11 12:03:36.220  3120  3120 D [SUI] SystemUXFunnelLogServerLogger: Impression Event: oculus_impressions_tile_impressioned LogInfo{duration=0, mLogId='com.oculus.explore', mContentType=APP, mPosX=0, mPosy=0, mGlobalPos=0, mSurface=AUI, mSubSurface=null, mClickEventType=null}
07-11 12:03:36.220  3120  3120 D [SUI] SystemUXFunnelLogServerLogger: Impression Event: oculus_impressions_tile_impressioned LogInfo{duration=0, mLogId='com.oculus.store', mContentType=APP, mPosX=1, mPosy=0, mGlobalPos=1, mSurface=AUI, mSubSurface=null, mClickEventType=null}
07-11 12:03:36.220  3120  3120 D [SUI] SystemUXFunnelLogServerLogger: Impression Event: oculus_impressions_tile_impressioned LogInfo{duration=0, mLogId='messenger_system_app', mContentType=APP, mPosX=2, mPosy=0, mGlobalPos=2, mSurface=AUI, mSubSurface=null, mClickEventType=null}
07-11 12:03:36.220  3120  3120 D [SUI] SystemUXFunnelLogServerLogger: Impression Event: oculus_impressions_tile_impressioned LogInfo{duration=0, mLogId='share_system_app', mContentType=APP, mPosX=3, mPosy=0, mGlobalPos=3, mSurface=AUI, mSubSurface=null, mClickEventType=null}
07-11 12:03:36.224   812  1133 E crash-reporter: Could not delete report: . It is not within report directory: /data/misc/crashes/
07-11 12:03:36.261  2075  5573 I chatty  : uid=10023(com.oculus.vrshell) ShellMain expire 1 line
07-11 12:03:36.268  3120  3120 D [SUI] SystemUXFunnelLogServerLogger: VPV Event: oculus_impressions_tile_vpved LogInfo{duration=250, mLogId='com.oculus.explore', mContentType=APP, mPosX=0, mPosy=0, mGlobalPos=0, mSurface=AUI, mSubSurface=null, mClickEventType=null}
07-11 12:03:36.268  3120  3120 D [SUI] SystemUXFunnelLogServerLogger: VPV Event: oculus_impressions_tile_vpved LogInfo{duration=250, mLogId='com.oculus.store', mContentType=APP, mPosX=1, mPosy=0, mGlobalPos=1, mSurface=AUI, mSubSurface=null, mClickEventType=null}
07-11 12:03:36.268  3120  3120 D [SUI] SystemUXFunnelLogServerLogger: VPV Event: oculus_impressions_tile_vpved LogInfo{duration=250, mLogId='messenger_system_app', mContentType=APP, mPosX=2, mPosy=0, mGlobalPos=2, mSurface=AUI, mSubSurface=null, mClickEventType=null}
07-11 12:03:36.268  3120  3120 D [SUI] SystemUXFunnelLogServerLogger: VPV Event: oculus_impressions_tile_vpved LogInfo{duration=250, mLogId='share_system_app', mContentType=APP, mPosX=3, mPosy=0, mGlobalPos=3, mSurface=AUI, mSubSurface=null, mClickEventType=null}
07-11 12:03:36.304  1253  2027 I ServiceInputManager: HANDTRACKING hand 1 status set to OutOfView
07-11 12:03:36.395  1545  5613 W ContextImpl: Calling a method in the system process without a qualified user: android.app.ContextImpl.sendBroadcast:1057 android.content.ContextWrapper.sendBroadcast:448 X.o8.A00:143 X.nw.A00:17 X.nw.handleMessage:90 
07-11 12:03:36.569  1253  2027 I PerformanceManager_V0: SetClockLevels: Apply pending clock request change: 4,3 -> 4,4
07-11 12:03:36.569  1253  1999 I Clocks  : ReleaseClocks - start
07-11 12:03:36.573  1253  1999 I Clocks  : ReleaseClocks - end (3.1 ms)
07-11 12:03:36.573  1253  1999 I Clocks  : LockClocks( cpu=4, gpu=4 ) - start
07-11 12:03:36.577  1253  1999 I Clocks  : CPU levels [0, 4]
07-11 12:03:36.577  1253  1999 I Clocks  : GPU levels [0, 5]
07-11 12:03:36.579  1253  1999 I Clocks  : LockClocks( cpu=4, gpu=4 ) - end (6.7 ms)
07-11 12:03:36.778  1253  2027 I ServiceInputManager: HANDTRACKING hand 1 status set to Tracked
07-11 12:03:36.856  3519  3591 V RCTVRMEM: Total Allocated Space: 20466312, Total Free Space: 3007864, JavaScript Heap Size: 24702568
07-11 12:03:36.916  1545  5614 W ContextImpl: Calling a method in the system process without a qualified user: android.app.ContextImpl.sendBroadcast:1057 android.content.ContextWrapper.sendBroadcast:448 X.o8.A00:143 X.nw.A00:17 X.nw.handleMessage:90 
07-11 12:03:36.929  1975  5569 I Telemetry: App memory usage: PSS=239MB DalvikPSS=0 MB PrivateDirty=201MB PrivateClean=27MB
07-11 12:03:36.931  1975  5569 I VrApi   : FPS=43/72,Prd=31ms,Tear=0,Early=0,Stale=0,VSnc=0,Lat=-1,Fov=0,CPU4/GPU=3/3,2304/515MHz,OC=FF,TA=0/E0/0,SP=N/F/N,Mem=1804MHz,Free=1821MB,PLS=0,Temp=30.0C/0.0C,TW=3.61ms,App=8.49ms,GD=0.41ms,CPU&GPU=0.00ms,LCnt=1,GPU%=0.57,CPU%=0.76(W0.85),DSF=1.00
07-11 12:03:37.008  1975  5569 I VrApi   : FPS=59/72,Prd=28ms,Tear=0,Early=0,Stale=10,VSnc=0,Lat=-1,Fov=0,CPU4/GPU=4/3,2304/670MHz,OC=FF,TA=0/E0/0,SP=N/F/N,Mem=1804MHz,Free=1821MB,PLS=0,Temp=30.0C/0.0C,TW=3.74ms,App=8.99ms,GD=0.41ms,CPU&GPU=10.31ms,LCnt=2,GPU%=0.44,CPU%=0.44(W0.57),DSF=1.00
07-11 12:03:37.105  1253  3013 I VrRuntimeService: RuntimeServiceSDKServer::SetGuardianSystemState: 3470851528
07-11 12:03:37.106  2909  3018 I GuardianSystem: UpdateGuardianSystemState: Flags changed: 598024, 589832, SYSTEM_ROOM_SCALE_ACTIVE,SYSTEM_GUARDIAN_VISIBLE,SYSTEM_HANDTRACKING_MODE,SYSTEM_GUARDIAN_VALID to SYSTEM_ROOM_SCALE_ACTIVE,SYSTEM_HANDTRACKING_MODE,SYSTEM_GUARDIAN_VALID
07-11 12:03:37.167  3519  3609 W RCTVR_HERMES: [warn]: QEData empty or corrupt for sessionless__oculus_explore_tv_video_renderer
07-11 12:03:37.276  1253  5305 I CompositorVR: SetSchedFifo( tid=3018, pol=2, pri=0 ) succeeded
07-11 12:03:37.276  1253  5305 I CompositorVR: SetSchedFifo( tid=3398, pol=2, pri=0 ) succeeded
07-11 12:03:37.276  1253  5305 I CompositorVR: SetSchedFifo( tid=3411, pol=2, pri=0 ) succeeded
07-11 12:03:37.373   855  5303 I chatty  : uid=1000(system) CtrlTracking expire 18 lines
07-11 12:03:37.477  2909  3018 W OsSdk   : Requested historical tracking state too far in the past; oldest: 978.847696s, requested: 978.838375s
07-11 12:03:37.550  1253  1948 D OVRFitnessDataInternal: Requesting Insert FitnessData: 41.0.0.0
07-11 12:03:37.573  2597  3236 I FitnessDataProvider: Received Request Insert FitnessData: 41.0.0.0
07-11 12:03:37.581   855  5331 I chatty  : uid=1000(system) IOTcam expire 14 lines
07-11 12:03:37.584  1253  1948 E TREX    : Plugin FitnessTrackerServerPlugin update: max = 0.033, actual = 0.035. Next plugin update is throttled.
07-11 12:03:37.643  2909  3027 I VrGuardianService: GuardianSDKServer::SendRenderModeConditions
07-11 12:03:37.899  1034  1860 E TaskPersister: File error accessing recents directory (directory doesn't exist?).
07-11 12:03:38.009  1975  5569 I VrApi   : FPS=51/72,Prd=37ms,Tear=0,Early=6,Stale=30,VSnc=0,Lat=-1,Fov=0,CPU4/GPU=4/4,2304/670MHz,OC=FF,TA=0/E0/0,SP=N/F/N,Mem=1804MHz,Free=1821MB,PLS=0,Temp=30.0C/0.0C,TW=2.90ms,App=6.62ms,GD=0.23ms,CPU&GPU=10.43ms,LCnt=4,GPU%=0.62,CPU%=0.62(W0.79),DSF=1.00
07-11 12:03:38.351   840  5481 D BufferPoolAccessor: bufferpool2 0x3374ee1e30 : 2(131072 size) total buffers - 1(65536 size) used buffers - 443/446 (recycle/alloc) - 3/444 (fetch/transfer)
07-11 12:03:38.379  1253  2027 I ServiceInputManager: HANDTRACKING hand 1 status set to OutOfView
07-11 12:03:38.426  1975  3623 D BufferPoolAccessor: bufferpool2 0x7788e42c20 : 8(262144 size) total buffers - 6(196608 size) used buffers - 1/9 (recycle/alloc) - 13/900 (fetch/transfer)
07-11 12:03:38.504  1253  2027 I ServiceInputManager: HANDTRACKING hand 1 status set to Tracked
07-11 12:03:38.887  3120  5579 E memtrack: Couldn't load memtrack module
07-11 12:03:38.887  3120  5579 W android.os.Debug: failed to get memory consumption info: -1
07-11 12:03:39.003  1975  5569 I VrApi   : FPS=72/72,Prd=40ms,Tear=0,Early=71,Stale=0,VSnc=0,Lat=-1,Fov=0,CPU4/GPU=4/4,2304/670MHz,OC=FF,TA=0/E0/0,SP=N/F/N,Mem=1804MHz,Free=1821MB,PLS=0,Temp=30.0C/0.0C,TW=2.30ms,App=6.69ms,GD=0.00ms,CPU&GPU=7.59ms,LCnt=4,GPU%=0.52,CPU%=0.37(W0.55),DSF=1.00
07-11 12:03:39.187  1253  2027 I PerformanceManager_V0: SetClockLevels: Apply pending clock request change: 4,4 -> 4,3
07-11 12:03:39.187  1253  1999 I Clocks  : ReleaseClocks - start
07-11 12:03:39.188  1253  1999 I Clocks  : ReleaseClocks - end (0.8 ms)
07-11 12:03:39.188  1253  1999 I Clocks  : LockClocks( cpu=4, gpu=3 ) - start
07-11 12:03:39.190  1253  1999 I Clocks  : CPU levels [0, 4]
07-11 12:03:39.190  1253  1999 I Clocks  : GPU levels [0, 5]
07-11 12:03:39.190  1253  1999 I Clocks  : LockClocks( cpu=4, gpu=3 ) - end (2.4 ms)
07-11 12:03:39.604  1253  2027 I PerformanceManager_V0: SetClockLevels: Apply pending clock request change: 4,3 -> 3,3
07-11 12:03:39.605  1253  1999 I Clocks  : ReleaseClocks - start
07-11 12:03:39.606  1253  1999 I Clocks  : ReleaseClocks - end (0.9 ms)
07-11 12:03:39.606  1253  1999 I Clocks  : LockClocks( cpu=3, gpu=3 ) - start
07-11 12:03:39.606  1253  1999 I Clocks  : CPU levels [0, 4]
07-11 12:03:39.606  1253  1999 I Clocks  : GPU levels [0, 5]
07-11 12:03:39.607  1253  1999 I Clocks  : LockClocks( cpu=3, gpu=3 ) - end (1.9 ms)
07-11 12:03:40.008  1975  5569 I VrApi   : FPS=72/72,Prd=34ms,Tear=0,Early=60,Stale=0,VSnc=0,Lat=-1,Fov=0,CPU4/GPU=4/3,2304/515MHz,OC=FF,TA=0/E0/0,SP=N/F/N,Mem=1804MHz,Free=1821MB,PLS=0,Temp=30.0C/0.0C,TW=2.52ms,App=7.55ms,GD=0.00ms,CPU&GPU=8.38ms,LCnt=4,GPU%=0.59,CPU%=0.23(W0.36),DSF=1.00
07-11 12:03:40.238  1975  2081 I Clay    : Local user with id 106348798779619 does NOT have a custom avatar
07-11 12:03:40.437   855  5577 I chatty  : uid=1000(system) HandCam expire 339 lines
07-11 12:03:40.558  1253  1948 D OVRFitnessDataInternal: Requesting Insert FitnessData: 41.0.0.0
07-11 12:03:40.585   855  5238 I chatty  : uid=1000(system) BoltWorkerThrea expire 3 lines
07-11 12:03:40.588  2597  3236 I FitnessDataProvider: Received Request Insert FitnessData: 41.0.0.0
07-11 12:03:40.598  1253  1948 E TREX    : Plugin FitnessTrackerServerPlugin update: max = 0.033, actual = 0.040. Next plugin update is throttled.
07-11 12:03:41.005  1975  5569 I VrApi   : FPS=72/72,Prd=31ms,Tear=0,Early=0,Stale=0,VSnc=0,Lat=-1,Fov=0,CPU4/GPU=3/3,1958/515MHz,OC=FF,TA=0/E0/0,SP=N/F/N,Mem=1804MHz,Free=1821MB,PLS=0,Temp=30.0C/0.0C,TW=2.66ms,App=8.35ms,GD=0.00ms,CPU&GPU=9.49ms,LCnt=4,GPU%=0.60,CPU%=0.28(W0.32),DSF=1.00
07-11 12:03:41.609  1253  2027 I PerformanceManager_V0: SetClockLevels: Apply pending clock request change: 3,3 -> 2,3
07-11 12:03:41.609  1253  1999 I Clocks  : ReleaseClocks - start
07-11 12:03:41.610  1253  1999 I Clocks  : ReleaseClocks - end (0.3 ms)
07-11 12:03:41.610  1253  1999 I Clocks  : LockClocks( cpu=2, gpu=3 ) - start
07-11 12:03:41.613  1253  1999 I Clocks  : CPU levels [0, 4]
07-11 12:03:41.613  1253  1999 I Clocks  : GPU levels [0, 5]
07-11 12:03:41.614  1253  1999 I Clocks  : LockClocks( cpu=2, gpu=3 ) - end (3.7 ms)
07-11 12:03:41.720   855  5258 I chatty  : uid=1000(system) Mapper0 expire 1 line
07-11 12:03:41.866  3519  3591 V RCTVRMEM: Total Allocated Space: 20458584, Total Free Space: 3019688, JavaScript Heap Size: 25705344
07-11 12:03:42.009  1975  5569 I VrApi   : FPS=72/72,Prd=31ms,Tear=0,Early=0,Stale=0,VSnc=0,Lat=-1,Fov=0,CPU4/GPU=3/3,1651/515MHz,OC=FF,TA=0/E0/0,SP=N/F/N,Mem=1804MHz,Free=1821MB,PLS=0,Temp=30.0C/0.0C,TW=2.71ms,App=8.39ms,GD=0.00ms,CPU&GPU=9.89ms,LCnt=4,GPU%=0.55,CPU%=0.30(W0.33),DSF=1.00
07-11 12:03:42.253  1962  3449 D RuntimeIPCServerMgr: RPCServer::RequestShutdown: com.facebook.spatial_persistence_service:com.facebook.spatial_persistence_service (anchor_persistence_server_0)
07-11 12:03:42.253  1962  3449 I RuntimeIPCServerMgr: UnregisterServer: SUCCESS: com.facebook.spatial_persistence_service:com.facebook.spatial_persistence_service (anchor_persistence_server_0)
07-11 12:03:42.253  1962  3449 I RuntimeIPCApi: ipc_Shutdown
07-11 12:03:42.254  1962  5439 I AsyncTaskMgr: MainLoop exiting
07-11 12:03:42.255  1962  3449 I ServerProcessConnector: RuntimeIPC: Shutdown: Begin
07-11 12:03:42.353  1034  4972 I ActivityManager: Force stopping com.oculus.sdk.vrcubeworldna appid=10079 user=0: from pid 5623
07-11 12:03:42.486  2909  3018 W OsSdk   : Requested historical tracking state too far in the past; oldest: 983.857348s, requested: 978.838375s
07-11 12:03:42.536  1962  3449 I ServerProcessConnector: Connection closed: com.oculus.guardian:com.oculus.vrguardianservice:2909
07-11 12:03:42.536  1962  3449 I ServerProcessConnector: RuntimeIPC: Shutdown: Success: com.facebook.spatial_persistence_service
07-11 12:03:42.537  1962  3449 I RuntimeIPCClientMgr: RuntimeIPCClientMgr::Shutdown
07-11 12:03:42.539   796   876 I RuntimeIPCService: DestroyBrokerConnection: com.facebook.spatial_persistence_service:com.facebook.spatial_persistence_service:1962
07-11 12:03:42.540  1962  3449 I ServerStateMgr: Shutdown
07-11 12:03:42.540  1962  5437 I DeadlockObserver: MainLoop exiting
07-11 12:03:42.540  1962  3449 I RuntimeIPCServiceClient: Shutdown: complete com.facebook.spatial_persistence_service
07-11 12:03:42.540  1962  3449 D OsSdk   : TrackingServiceConnection dtor
07-11 12:03:42.630  1034  4972 I ActivityManager: Force stopping com.oculus.sdk.vrcubeworldna appid=10079 user=0: from pid 5637
07-11 12:03:42.797   855  5600 I chatty  : uid=1000(system) HT_Personalizat expire 1 line
07-11 12:03:42.838  1034  4972 I ActivityTaskManager: START u0 {act=android.intent.action.MAIN cat=[android.intent.category.LAUNCHER] flg=0x10000000 cmp=com.oculus.sdk.vrcubeworldna/.MainActivity} from uid 2000
07-11 12:03:42.861  1975  1975 D ActivityLifecycleListener: onActivityPaused
07-11 12:03:42.862  1975  1975 I OpenXR  : nativeOnActivityPaused
07-11 12:03:42.862  1975  2081 I OpenXR  : PostSessionStateChange: XR_SESSION_STATE_SYNCHRONIZED -> XR_SESSION_STATE_STOPPING
07-11 12:03:42.863  1975  2081 I Clay    : xrPollEvent: SESSION_STATE_CHANGED: STOPPING
07-11 12:03:42.863  1975  2081 I Clay    : Exiting VR mode
07-11 12:03:42.863  1975  2081 I OpenXR  : ------------ xrEndSession [start] -----------
07-11 12:03:42.863  1975  2081 I XrRuntimeUtils: XrRuntimeUtils::EndSession
07-11 12:03:42.863  3519  3591 I RCTVR   : AppState backgroundReason [paused]
07-11 12:03:42.863  3519  3591 I RCTVR_Shutdown: Initiated webserver shutdown
07-11 12:03:42.863  3519  3591 I RCTVR_Shutdown: Webby shutdown
07-11 12:03:42.864  1975  2081 D VrApi   : targetSDKVersion 29
07-11 12:03:42.866  1975  2081 I VrRuntimeClient: DEVICE MODEL NUMBER = Quest
07-11 12:03:42.866  1975  2081 I VrRuntimeClient: DEVICE BUILD NAME = user-31406800746500000
07-11 12:03:42.866  1975  2081 I VrRuntimeClient: DEVICE BUILD TYPE = user
07-11 12:03:42.866  1975  2081 I VrRuntimeClient: DEVICE OS VERSION = 10
07-11 12:03:42.866  1975  2081 I VrRuntimeClient: API LOADER VERSION = 1.0.22
07-11 12:03:42.866  1975  2081 I VrRuntimeClient: RUNTIME API VERSION = 1.0.22
07-11 12:03:42.866  1975  2081 I VrRuntimeClient: RUNTIME VERSION = 41.0.0.123.357 Jun 21 2022 14:34:42 RELEASE
07-11 12:03:42.866  1975  2081 I VrRuntimeClient: APP NAME = ShellEnv
07-11 12:03:42.866  1975  2081 I VrRuntimeClient: APP VERSION = 41.0.0.123.268 versionCode 379017823 internalVersionName 41.0.0.123.268.755a58cfcdee 2022_06_24_18_39
07-11 12:03:42.866  1975  2081 I VrRuntimeClient: APP VR TYPE = vr_only
07-11 12:03:42.866  1975  2081 I VrRuntimeClient: APP MODE TYPE = VR
07-11 12:03:42.866  1975  2081 I VrRuntimeClient: APP PACKAGE NAME = com.oculus.shellenv
07-11 12:03:42.866  1975  2081 I VrRuntimeClient: APP ACTIVITY CLASS = com.oculus.shellenv.ShellEnvActivity
07-11 12:03:42.867  3519  3591 I RCTVR_Shutdown: AppState went background
07-11 12:03:42.867  3519  3591 I RCTVR_Shutdown: Headset status changed
07-11 12:03:42.876  1975  2081 D BatteryReceiver: Unregistering battery receiver
07-11 12:03:42.882   599  1906 D AF::TrackHandle: OpPlayAudio: track:74 uid:10023 pkg:com.oculus.vrshell usage:1 not muted
07-11 12:03:42.884   599  3797 D AF::TrackHandle: OpPlayAudio: track:56 uid:10015 pkg:com.oculus.shellenv usage:1 muted
07-11 12:03:42.885   599   599 D AF::TrackHandle: OpPlayAudio: track:77 uid:10023 pkg:com.oculus.vrshell usage:1 not muted
07-11 12:03:42.889   599  3754 D AF::RecordHandle: OpRecordAudio: track:73 uid:10049 pkg:com.oculus.horizon usage:0 not muted
07-11 12:03:42.891   599  1170 D AF::RecordHandle: OpRecordAudio: track:55 uid:10015 pkg:com.oculus.shellenv usage:0 muted
07-11 12:03:42.892   599  3797 D AF::RecordHandle: OpRecordAudio: track:55 uid:10015 pkg:com.oculus.shellenv usage:0 muted
07-11 12:03:42.892   599  3754 D AF::RecordHandle: OpRecordAudio: track:73 uid:10049 pkg:com.oculus.horizon usage:0 not muted
07-11 12:03:42.893   599  4097 D AF::TrackHandle: OpPlayAudio: track:61 uid:1000 pkg:com.android.networkstack.inprocess usage:13 not muted
07-11 12:03:42.894   599  3797 D AF::RecordHandle: OpRecordAudio: track:55 uid:10015 pkg:com.oculus.shellenv usage:0 muted
07-11 12:03:42.893   599  3754 D AF::RecordHandle: OpRecordAudio: track:73 uid:10049 pkg:com.oculus.horizon usage:0 not muted
07-11 12:03:42.895  3120  3120 D CppPanelService: onDestroy()
07-11 12:03:42.896  1975  2081 I Sensor  : OSSDKTRACKING Shutdown tracking
07-11 12:03:42.896  1975  2081 I LogTimer: CPUTIME: VrRuntimeClient_EndSession took 33.3586 ms
07-11 12:03:42.898  3120  3120 I PanelService: VR Shell socket closed(ECONNRESET); shutting down fd: 43
07-11 12:03:42.898  3120  3120 I PanelService: Quitting application via hardExit flag. Shutting down fd 43.
07-11 12:03:42.898  3120  3120 I AndroidPanelApp: Destroyed
07-11 12:03:42.898  1253  2328 I VrRuntimeService: RuntimeServiceSDKServer::UpdateLocalSpace
07-11 12:03:42.899  1253  2328 I VrRuntimeServer: UpdateLocalSpace: Src: 2, Version: 26, VersionUser: 0, RawFloorHeightOld: -0.288202, RawFloorHeightNew: -0.288202
07-11 12:03:42.904  2075  5575 I chatty  : uid=10023(com.oculus.vrshell) ShellMain expire 6 lines
07-11 12:03:42.904  2075  2329 I chatty  : uid=10023(com.oculus.vrshell) ShellMainVR expire 14 lines
07-11 12:03:42.911  1034  3510 I DisplayManagerService: Display device removed: DisplayDeviceInfo{"com.oculus.android_panel_app.AndroidPanelLayer-controlbar3": uniqueId="virtual:com.oculus.systemux,10034,com.oculus.android_panel_app.AndroidPanelLayer-controlbar3,0", 800 x 40, modeId 56, defaultModeId 56, supportedModes [{id=56, width=800, height=40, fps=60.0}], colorMode 0, supportedColorModes [0], HdrCapabilities null, density 160, 160.0 x 160.0 dpi, appVsyncOff 0, presDeadline 16666666, touch NONE, rotation 0, type VIRTUAL, state ON, owner com.oculus.systemux (uid 10034), FLAG_PRIVATE, FLAG_NEVER_BLANK, FLAG_OWN_CONTENT_ONLY}
07-11 12:03:42.915  1941  2788 I chatty  : uid=10023(com.oculus.vrshell) ShellOverlayVR expire 6 lines
07-11 12:03:42.927  1975  5569 I VrApi   : FPS=72/72,Prd=30ms,Tear=0,Early=0,Stale=0,VSnc=0,Lat=-1,Fov=0,CPU4/GPU=2/3,2304/515MHz,OC=FF,TA=0/F/0,SP=N/F/N,Mem=1804MHz,Free=1821MB,PLS=0,Temp=30.0C/0.0C,TW=2.70ms,App=8.05ms,GD=0.00ms,CPU&GPU=9.51ms,LCnt=4,GPU%=0.67,CPU%=0.32(W0.37),DSF=1.00
07-11 12:03:42.940  2909  3018 I GuardianSystem: UpdateSystem: Responding to local space version number change.
07-11 12:03:42.940  2909  3018 I GuardianSurfaceMgr: ForceShowSurfaceBounds: false, 1.00
07-11 12:03:42.940  2909  3018 I GuardianSurfaceMgr: ForceShowSurfaceBounds: Soft fade out: currentTime 984.60, ForceShowTime 985.60, ForceShowFadeTime 986.60
07-11 12:03:42.942  1975  2081 I VrApi   : OVR::Stats thread stopped
07-11 12:03:42.942  1975  2081 I InputDeviceManager: ovrInputDeviceManager::~ovrInputDeviceManager
07-11 12:03:42.942  1975  2081 I InputDevice_TrackedRemote: OSSDKTRACKING shutting down Haptics
07-11 12:03:42.942  1975  2081 I chatty  : uid=10015(com.oculus.shellenv) OVR::ShellEnv identical 30 lines
07-11 12:03:42.942  1253  5305 I CompositorVR: SetSchedFifo( tid=2081, pol=2, pri=0 ) succeeded
07-11 12:03:42.943  1253  5305 I CompositorVR: SetSchedFifo( tid=5571, pol=2, pri=0 ) succeeded
07-11 12:03:42.947  1292  1292 V AvrcpMediaPlayerList: onPlaybackConfigChanged(): Configs list size=6
07-11 12:03:42.948  1034  1052 I chatty  : uid=1000(system) Binder:1034_1 expire 1 line
07-11 12:03:42.951  1975  5568 I chatty  : uid=10015(com.oculus.shellenv) expire 1 line
07-11 12:03:42.952  1292  1292 V AvrcpMediaPlayerList: onPlaybackConfigChanged(): Configs list size=5
07-11 12:03:42.958  2030  3295 W OVRLibrary: null cursor received for query content://com.oculus.ocms.library/apps/com.oculus.shellenv
07-11 12:03:42.960  1253  2933 I VrRuntimeService: RuntimeServiceSDKServer::EnableRendering: 0x0, 0, com.oculus.shellenv
07-11 12:03:42.960  1253  2933 I ClientMgr: ClientMgr::EnableRendering 1975:com.oculus.shellenv : type 0 comp-id 1: disable
07-11 12:03:42.960  1253  2933 I VrRuntimeServer: DisableCompositorClient: 1
07-11 12:03:42.960  1253  2933 I TimeWarpClientMgr: Disable client 1
07-11 12:03:42.961  1253  2933 I TimeWarpClientMgr: DisableClient: frame flush required: 1
07-11 12:03:42.972  2075  2329 D [SEO] ShellApplication: setOverlayInputFocus: inputFocus=false shouldSupportIME=false
07-11 12:03:42.972  2075  2329 D [SEO] BaseOverlayService: setOverlayInputFocus : entrypoint - inputFocus=false shouldSupportIME=false
07-11 12:03:42.972  2075  2329 I OpenXR  : ------------ RequestExitSession [start] -----------
07-11 12:03:42.972  2075  2329 I OpenXR  : ------------ RequestExitSession [end] -----------
07-11 12:03:42.972  2075  2329 I OpenXR  : PostSessionStateChange: XR_SESSION_STATE_FOCUSED -> XR_SESSION_STATE_VISIBLE
07-11 12:03:42.973  2075  2075 D [SEO] BaseOverlayService: detachServiceWindowView
07-11 12:03:42.974  1253  2027 I ClientMgr: Non-overlay clients rendering status has changed: prev=23, curr=24, enabled=0
07-11 12:03:42.974  1253  2933 I UnifiedTelemetryWrapper: Stopped UT session render:com.oculus.shellenv
07-11 12:03:42.974  1253  2027 I TimeWarpClientMgr: Enable client 0
07-11 12:03:42.974  1253  2027 I VrRuntimeServer: EnableCompositorClient client(0): layer placement(2147483643) flags(8) sm(0x77c9cd9160)
07-11 12:03:42.975  1975  5571 I chatty  : uid=10015(com.oculus.shellenv) expire 1 line
07-11 12:03:42.983  1253  5305 I CompositorVR: Global CAC is disabled (0x0)
07-11 12:03:42.984  2075  2329 I [SEO] VrPlatformOpenXr: xrPollEvent: received XR_TYPE_EVENT_DATA_REFERENCE_SPACE_CHANGE_PENDING event
07-11 12:03:42.984  2075  2329 I OpenXR  : PostSessionStateChange: XR_SESSION_STATE_VISIBLE -> XR_SESSION_STATE_SYNCHRONIZED
07-11 12:03:42.985  2075  2329 I [SEO] VrPlatformOpenXr: xrPollEvent: received XR_TYPE_EVENT_DATA_SESSION_STATE_CHANGED: 4 for session 0x2 at time 984.627361
07-11 12:03:42.986  2075  2329 I [SEO] VrPlatformOpenXr: Session state changed XR_SESSION_STATE_VISIBLE
07-11 12:03:42.986  2075  2329 I OpenXR  : PostSessionStateChange: XR_SESSION_STATE_SYNCHRONIZED -> XR_SESSION_STATE_STOPPING
07-11 12:03:42.987  2075  2329 I [SEO] VrPlatformOpenXr: xrPollEvent: received XR_TYPE_EVENT_DATA_SESSION_STATE_CHANGED: 3 for session 0x2 at time 984.639299
07-11 12:03:42.987  2075  2329 I [SEO] VrPlatformOpenXr: Session state changed XR_SESSION_STATE_SYNCHRONIZED
07-11 12:03:42.987  2075  2329 I [SEO] VrPlatformOpenXr: xrPollEvent: received XR_TYPE_EVENT_DATA_SESSION_STATE_CHANGED: 6 for session 0x2 at time 984.640547
07-11 12:03:42.987  2075  2329 I [SEO] VrPlatformOpenXr: Session state changed XR_SESSION_STATE_STOPPING
07-11 12:03:42.987  2075  2329 I [SEO] VrPlatformOpenXr: EndSession state XR_SESSION_STATE_STOPPING    focused:0
07-11 12:03:42.987  2075  2329 I [SEO] VrPlatformOpenXr: EndSession calling MrServiceClient EndSession
07-11 12:03:42.987  1606  3049 I [CT]    : MIXEDREALITY: MrFeatureStatus: Client status changed from Started to Paused.
07-11 12:03:42.987  1606  3049 I [CT]    : MIXEDREALITY: MrFeatureStatus: Target status Started, CurrentStatus: Started
07-11 12:03:42.988  2075  2329 I [SEO] VrPlatformOpenXr: EndSession MrServiceClient EndSession passed
07-11 12:03:42.988  2075  2329 I [SEO] VrPlatformOpenXr: EndSession calling xrEndSession
07-11 12:03:42.988  2075  2329 I OpenXR  : ------------ xrEndSession [start] -----------
07-11 12:03:42.988  2075  2329 I XrRuntimeUtils: XrRuntimeUtils::EndSession
07-11 12:03:42.993  1551  1551 D OculusNotificationListenerService: Notification removed: 0|android|0|com.android.server.wm.AlertWindowNotification - com.oculus.vrshell|1000
07-11 12:03:42.994  2075  2329 D VrApi   : targetSDKVersion 29
07-11 12:03:42.994   712   712 D Zygote  : Forked child process 5646
07-11 12:03:42.997  2075  2329 I VrRuntimeClient: DEVICE MODEL NUMBER = Quest
07-11 12:03:42.997  2075  2329 I VrRuntimeClient: DEVICE BUILD NAME = user-31406800746500000
07-11 12:03:42.997  2075  2329 I VrRuntimeClient: DEVICE BUILD TYPE = user
07-11 12:03:42.997  2075  2329 I VrRuntimeClient: DEVICE OS VERSION = 10
07-11 12:03:42.997  2075  2329 I VrRuntimeClient: API LOADER VERSION = 1.0.22
07-11 12:03:42.997  2075  2329 I VrRuntimeClient: RUNTIME API VERSION = 1.0.22
07-11 12:03:42.997  2075  2329 I VrRuntimeClient: RUNTIME VERSION = 41.0.0.123.357 Jun 21 2022 14:34:54 RELEASE
07-11 12:03:42.997  2075  2329 I VrRuntimeClient: APP NAME = Oculus App Runtime
07-11 12:03:42.997  2075  2329 I VrRuntimeClient: APP VERSION = 41.0.0.124.307 versionCode 379035701 internalVersionName 41.0.0.124.307.3b6696f1c64e 2022_06_24_20_17
07-11 12:03:42.997  2075  2329 I VrRuntimeClient: APP VR TYPE = vr_only
07-11 12:03:42.997  2075  2329 I VrRuntimeClient: APP MODE TYPE = VR
07-11 12:03:42.997  2075  2329 I VrRuntimeClient: APP PACKAGE NAME = com.oculus.vrshell
07-11 12:03:42.997  2075  2329 I VrRuntimeClient: APP ACTIVITY CLASS = com.oculus.vrshell.ShellApplication
07-11 12:03:42.997  1034  1064 W ActivityManager: Slow operation: 126ms so far, now at startProcess: returned from zygote!
07-11 12:03:42.997  1034  1064 W ActivityManager: Slow operation: 126ms so far, now at startProcess: done updating battery stats
07-11 12:03:42.997  2075  2329 D BatteryReceiver: Unregistering battery receiver
07-11 12:03:42.998  1941  1941 I [OAO] VrNotificationListenerService: onNotificationRemoved() - key = 0|android|0|com.android.server.wm.AlertWindowNotification - com.oculus.vrshell|1000, type = third_party
07-11 12:03:43.004   599  4097 D AF::TrackHandle: OpPlayAudio: track:77 uid:10023 pkg:com.oculus.vrshell usage:1 not muted
07-11 12:03:43.005  1034  1064 W ActivityManager: Slow operation: 133ms so far, now at startProcess: building log message
07-11 12:03:43.005  1034  1064 I ActivityManager: Start proc 5646:com.oculus.sdk.vrcubeworldna/u0a79 for activity {com.oculus.sdk.vrcubeworldna/com.oculus.sdk.vrcubeworldna.MainActivity}
07-11 12:03:43.005  1034  1064 W ActivityManager: Slow operation: 133ms so far, now at startProcess: starting to update pids map
07-11 12:03:43.005  1941  1941 D VrNotificationAnalytics: logNotificationRemoved(third_party)
07-11 12:03:43.006   599  4957 D AF::RecordHandle: OpRecordAudio: track:55 uid:10015 pkg:com.oculus.shellenv usage:0 muted
07-11 12:03:43.006   599  3754 D AF::TrackHandle: OpPlayAudio: track:61 uid:1000 pkg:com.android.networkstack.inprocess usage:13 not muted
07-11 12:03:43.006   599   599 D AF::RecordHandle: OpRecordAudio: track:73 uid:10049 pkg:com.oculus.horizon usage:0 not muted
07-11 12:03:43.006   599  3797 D AF::TrackHandle: OpPlayAudio: track:74 uid:10023 pkg:com.oculus.vrshell usage:1 not muted
07-11 12:03:43.006   599  1170 D AF::TrackHandle: OpPlayAudio: track:56 uid:10015 pkg:com.oculus.shellenv usage:1 muted
07-11 12:03:43.007  1034  1064 W ActivityManager: Slow operation: 136ms so far, now at startProcess: done updating pids map
07-11 12:03:43.009   720  5536 D msm8974_platform: platform_split_snd_device: snd_device(2) num devices(1) new_snd_devices(0)
07-11 12:03:43.010   720  5536 D ACDB-LOADER: ACDB -> send_audvoltable
07-11 12:03:43.010   720  5536 D ACDB-LOADER: ACDB -> ACDB_CMD_GET_AUDPROC_VOL_STEP_TABLE_SIZE
07-11 12:03:43.010   720  5536 D ACDB-LOADER: ACDB -> ACDB_CMD_GET_AUDPROC_GAIN_DEP_STEP_TABLE, vol index 3
07-11 12:03:43.010   720  5536 D         : Failed to fetch the lookup information of the device 0000000F 
07-11 12:03:43.010   720  5536 E ACDB-LOADER: Error: ACDB AudProc vol returned = -19
07-11 12:03:43.010   720  5536 D ACDB-LOADER: ACDB -> AUDIO_SET_VOL_CAL cal type = 40
07-11 12:03:43.011  2075  2075 D [SEO] BaseOverlayService: setOverlayInputFocus : completed - inputFocus=false shouldSupportIME=false actionTaken:true
07-11 12:03:43.021  2075  2329 I Sensor  : OSSDKTRACKING Shutdown tracking
07-11 12:03:43.021  2075  2329 I LogTimer: CPUTIME: VrRuntimeClient_EndSession took 33.1537 ms
07-11 12:03:43.022  3120  3120 D [SUI] NotificationBroadcastReceiver: action: com.oculus.intent.action.NOTIF_CHANGE
07-11 12:03:43.030  2075  5573 E PersistableBundle: Failed at frameworks/native/libs/binder/PersistableBundle.cpp:155 (erase)
07-11 12:03:43.040  2075  2329 I VrApi   : OVR::Stats thread stopped
07-11 12:03:43.040  2075  2329 I InputDeviceManager: ovrInputDeviceManager::~ovrInputDeviceManager
07-11 12:03:43.040  2075  2329 I InputDevice_TrackedRemote: OSSDKTRACKING shutting down Haptics
07-11 12:03:43.040  2075  2329 I InputDevice_TrackedRemote: OSSDKTRACKING shutting down Haptics
07-11 12:03:43.040  2075  2329 I OSHandDataQuerier: OSSDKTRACKING shutting down HandsTracker
07-11 12:03:43.040  2075  2329 I OSHandDataQuerier: OSSDKTRACKING shutting down HandsTracker
07-11 12:03:43.047  2075  5572 I ClientInputThread_Internal: InputThreadRun ShutdownRequest received
07-11 12:03:43.048  2075  2329 D InputHooksJava: Disabling Java Input Hooks
07-11 12:03:43.048  2075  2329 I ClientInputTrackedKeyboardManager: TRACKEDKEYBOARD ClearTrackedObjectManager called on client
07-11 12:03:43.049  1253  2328 I VrRuntimeService: RuntimeServiceSDKServer::EnableRendering: 0x0, 0, com.oculus.vrshell
07-11 12:03:43.049  1253  2328 I ClientMgr: ClientMgr::EnableRendering 2075:com.oculus.vrshell : type 1 comp-id 2: disable
07-11 12:03:43.049  1253  2328 I VrRuntimeServer: DisableCompositorClient: 2
07-11 12:03:43.049  1253  2328 I TimeWarpClientMgr: Disable client 2
07-11 12:03:43.049  1253  2328 I TimeWarpClientMgr: DisableClient: frame flush required: 1
07-11 12:03:43.064  2030  3295 W OVRLibrary: null cursor received for query content://com.oculus.ocms.library/apps/com.oculus.vrshell
07-11 12:03:43.067  1253  2328 I UnifiedTelemetryWrapper: Stopped UT session render:com.oculus.vrshell
07-11 12:03:43.069  2075  5584 I FenceChecker: FenceChecker::MainLoop - ended
07-11 12:03:43.069  2075  2329 I VrRuntimeClient: PhaseSync Instance deleted
07-11 12:03:43.069  2075  2329 I OpenXR  : PostSessionStateChange: XR_SESSION_STATE_STOPPING -> XR_SESSION_STATE_IDLE
07-11 12:03:43.070  2075  2329 I OpenXR  : ------------ xrEndSession [end] -----------
07-11 12:03:43.070  2075  2329 I [SEO] VrPlatformOpenXr: EndSession xrEndSession passed
07-11 12:03:43.070  2075  2329 I VrRuntimeClient: Client has gained focus.
07-11 12:03:43.070  2075  2329 I [SEO] VrPlatformOpenXr: xrPollEvent: received XR_TYPE_EVENT_DATA_SESSION_STATE_CHANGED: 1 for session 0x2 at time 984.724155
07-11 12:03:43.070  2075  2329 I [SEO] VrPlatformOpenXr: Session state changed XR_SESSION_STATE_IDLE
07-11 12:03:43.070  2075  2329 I OpenXR  : PostSessionStateChange: XR_SESSION_STATE_IDLE -> XR_SESSION_STATE_READY
07-11 12:03:43.071  2075  2329 I [SEO] VrPlatformOpenXr: xrPollEvent: received XR_TYPE_EVENT_DATA_SESSION_STATE_CHANGED: 2 for session 0x2 at time 984.725129
07-11 12:03:43.071  2075  2329 I [SEO] VrPlatformOpenXr: Session state changed XR_SESSION_STATE_READY
07-11 12:03:43.074  3120  3120 V [SUI] BarView: Notifs badge count: 4, Messenger badge count 0
07-11 12:03:43.084  2075  2329 I [SEO] VrPlatformOpenXr: EndSession passed message polling. count:1  count<maxRetryCount:1  sessionState:2
07-11 12:03:43.084  2075  2329 I [SEO] VrPlatformOpenXr: EndSession end
07-11 12:03:43.087  3120  3120 V [SUI] BarView: Notifs badge count: 4, Messenger badge count 0
07-11 12:03:43.094  2075  2329 I [SEO] ShellFrameAnalytics: ShellFrame frameFunction: 15936us/389712us, trace: 0us/3us, process commands: 106us/1083us, system update: 540us/21324us, render 224us/1916us, post render 0us/0us
07-11 12:03:43.094  2075  2329 I [SEO] PanelAppHost: PanelAppHost destructor, panel 22 (com.oculus.systemux/com.oculus.panelapp.anytimeui.AnytimeUIAndroidPanelService)
07-11 12:03:43.094  2075  2329 I [SEO] PanelAppHost: Panel app 22 (com.oculus.systemux/com.oculus.panelapp.anytimeui.AnytimeUIAndroidPanelService) changing state from foreground to shutdown
07-11 12:03:43.096  2075  2329 D [SEO] ShellApplication: Unbinding service for panel app id 22
07-11 12:03:43.098  3120  3120 I PanelService: VR Shell socket closed(ECONNRESET); shutting down fd: 37
07-11 12:03:43.098  3120  3120 I PanelService: Quitting application via hardExit flag. Shutting down fd 37.
07-11 12:03:43.099  3120  3120 V LifecycleAwareViewModelStore: LifecycleAwareViewModelStore destroyed
07-11 12:03:43.099  3120  3120 V LifecycleAwarePanelApp: PanelApp lifecycle moved to final state: DESTROYED
07-11 12:03:43.099  3120  3120 I RuntimeIPCClientMgr: RuntimeIPCClientMgr::DisconnectFromServer: Remaining refs: 1, Client: com.oculus.systemux:com.oculus.systemux:SystemUX:3120, Server: com.oculus.guardian:com.oculus.vrguardianservice (guardianserver)
07-11 12:03:43.099  3120  3120 I RuntimeIPCApi: ipc_Shutdown
07-11 12:03:43.099  3120  3120 I RuntimeIPCServiceClient: Shutdown: Refs still outstanding: 3, com.oculus.systemux:SystemUX
07-11 12:03:43.099  3120  3120 I AndroidPanelApp: Destroyed
07-11 12:03:43.099  3120  3120 D [SUI] HostView: Destroying HostView
07-11 12:03:43.099  3120  3120 D [SUI] EmptyView: Hiding EmptyView
07-11 12:03:43.099  3120  3120 D [SUI] EmptyView: Destroying EmptyView
07-11 12:03:43.100  3120  3120 D [SUI] AnytimeUIPanelAppBase: Releasing viewModel DynamicAppsViewModel refCount: 1
07-11 12:03:43.100  3120  3120 D [SUI] AnytimeUIPanelAppBase: Releasing viewModel SharingViewModel refCount: 0
07-11 12:03:43.100  3120  3120 D [SUI] SharingViewModel: Destroying ViewModel
07-11 12:03:43.102  2075  2329 I [SEO] ShellEnvSwapChainApi: Destroying SwapChain:0xbe0e1a40
07-11 12:03:43.103  2075  2329 I [SEO] ShellEnvSwapChainApi: Destroying SwapChain:0xbe0e1380
07-11 12:03:43.104  2075  2329 I [SEO] ShellEnvSwapChainApi: Destroying SwapChain:0xbe4689c0
07-11 12:03:43.105  2075  2329 I [SEO] SystemTabletController: Reset, reason: 5, taskBarVisibility: 1
07-11 12:03:43.105  2075  2329 I [SEO] SystemDialogController: Reset
07-11 12:03:43.105  2075  2329 I [SEO] DialogControllerManager: Reset resetReason:5
07-11 12:03:43.109  3120  3120 D [SUI] SharingViewModel: clearAbuseReportRecordingTimer
07-11 12:03:43.109  3120  3120 D [SUI] BarView: Destroying BarView
07-11 12:03:43.109  3120  3120 D [SUI] SocialViewModel: removeObserver(): -$$Lambda$SystemStatusView$hvdttGlyfUmlGZJVTLPJRt2c5Fk
07-11 12:03:43.109  3120  3120 D [SUI] AnytimeUIPanelAppBase: Releasing viewModel SocialViewModel refCount: 3
07-11 12:03:43.109  3120  3120 D [SUI] AnytimeUIPanelAppBase: Releasing viewModel SystemStatusViewModel refCount: 0
07-11 12:03:43.109  3120  3120 D [SUI] AnytimeUIPanelAppBase: Releasing viewModel BarViewModel refCount: 1
07-11 12:03:43.109  3120  3120 D [SUI] StatusViewModel: Destroying ViewModel
07-11 12:03:43.110  3120  3120 D [SUI] AnytimeUIPanelAppBase: Releasing viewModel ActiveCallBarViewModel refCount: 0
07-11 12:03:43.110  3120  3120 D [SUI] AnytimeUIPanelAppBase: Releasing viewModel SocialViewModel refCount: 2
07-11 12:03:43.110  3120  3120 I PresenceAPK(ServicePresenceClient): ServicePresenceClient close
07-11 12:03:43.110  3120  3120 I PresenceAPK(GroupManager): removeListener with id SystemCallGroup
07-11 12:03:43.110  3120  3120 I PresenceAPK(ServiceApiManager): onApiNotReady
07-11 12:03:43.110  3120  3120 D PresenceAPK(ServicePresenceClient): Calling onServiceDown
07-11 12:03:43.110  3120  3120 I PresenceAPK(GroupManager): disconnected
07-11 12:03:43.112  3120  3120 D [SUI] MessengerCallViewModel: removeObserver
07-11 12:03:43.112  3120  3120 D [SUI] AnytimeUIPanelAppBase: Releasing viewModel MessengerCallViewModel refCount: 0
07-11 12:03:43.112  3120  3120 D HyperspaceClient: release instance, refcount: 1
07-11 12:03:43.112  3120  3120 D [SUI] MessengerCallViewModel: released hyperspace client
07-11 12:03:43.112  3120  3120 D [SUI] MessengerCallViewModel: destroyed MessengerCallViewModel
07-11 12:03:43.112  3120  3120 D [SUI] MessengerCallBarViewModel: destroyed MessengerCallBarViewModel
07-11 12:03:43.112  3120  3120 D [SUI] DynamicAppsView: Destroying dynamic apps view on bar
07-11 12:03:43.112  3120  3120 D [SUI] DestinationUIButtonView: Destroying RunningAppSection
07-11 12:03:43.113  3120  3120 D [SUI] MessengerCallViewModel: removeObserver
07-11 12:03:43.113  3120  3120 D [SUI] AnytimeUIPanelAppBase: Releasing viewModel DynamicAppsViewModel refCount: 0
07-11 12:03:43.113  3120  3120 D [SUI] AnytimeUIPanelAppBase: Releasing viewModel SocialViewModel refCount: 1
07-11 12:03:43.113  3120  3120 D [SUI] DynamicAppsViewModel: Destroying BarPinnedAppsViewModel
07-11 12:03:43.113  3120  3120 E [SUI] AnytimeUIPanelAppBase: Release ViewModel called on already destroyed ViewModelnull
07-11 12:03:43.113  3120  3120 D [SUI] AnytimeUIPanelAppBase: Releasing viewModel BarViewModel refCount: 0
07-11 12:03:43.113  3120  3120 D [SUI] BarViewModel: Destroying BarViewModel
07-11 12:03:43.113  3120  3120 D [SUI] AnytimeUIPanelAppBase: Releasing viewModel SettingsViewModel refCount: 0
07-11 12:03:43.113  3120  3120 D [SUI] SettingsViewModel: Destroying ViewModel
07-11 12:03:43.154  5646  5646 I k.vrcubeworldn: Late-enabling -Xcheck:jni
07-11 12:03:43.141  5646  5646 W main    : type=1400 audit(0.0:85): avc: granted { read } for name="u:object_r:net_dns_prop:s0" dev="tmpfs" ino=10960 scontext=u:r:untrusted_app_25:s0:c512,c768 tcontext=u:object_r:net_dns_prop:s0 tclass=file
07-11 12:03:43.186  2075  2095 I .oculus.vrshel: Background concurrent copying GC freed 10596(570KB) AllocSpace objects, 12(848KB) LOS objects, 52% free, 1405KB/2941KB, paused 47us total 177.305ms
07-11 12:03:43.196  2075  2097 W System  : A resource failed to call release. 
07-11 12:03:43.196  2075  2097 I chatty  : uid=10023(com.oculus.vrshell) FinalizerDaemon identical 17 lines
