07-11 11:50:51.940   849   849 D SensorClientUtils: Executing transition from RUNNING to STANDBY
07-11 11:50:51.940   855  3694 D SensorClientUtils: Received transition request to STANDBY current is RUNNING
07-11 11:50:51.941   855  3694 D SensorClientUtils: Executing transition from RUNNING to STANDBY
07-11 11:50:51.941   855   855 D SensorClientUtils: Received transition request to STANDBY current is RUNNING
07-11 11:50:51.941   855   855 D SensorClientUtils: Executing transition from RUNNING to STANDBY
07-11 11:50:52.033  1034  3510 I chatty  : uid=1000(system) Binder:1034_C expire 1 line
07-11 11:51:00.535  1545  4599 W ContextImpl: Calling a method in the system process without a qualified user: android.app.ContextImpl.sendBroadcast:1057 android.content.ContextWrapper.sendBroadcast:448 X.o8.A00:143 X.nw.A00:17 X.nw.handleMessage:90 
07-11 11:51:24.217   736  1221 I SyncBossFW:  241008 [info   ] {PERF}: cpu load cur=0.38 min=0.04 max=0.39 avg=0.37
07-11 11:51:29.452  1034  3461 I chatty  : uid=1000(system) Binder:1034_B expire 2 lines
07-11 11:51:37.246   736   872 I SyncBossHAL: [info   ] syncboss_hal_powerstate.c(63): Reporting powerstate event: prox_on
07-11 11:51:37.248   849   849 D SensorClientUtils: Received transition request to RUNNING current is STANDBY
07-11 11:51:37.248   849   849 D SensorClientUtils: Executing transition from STANDBY to RUNNING
07-11 11:51:37.248   855  3694 D SensorClientUtils: Received transition request to RUNNING current is STANDBY
07-11 11:51:37.248   855   855 D SensorClientUtils: Received transition request to RUNNING current is STANDBY
07-11 11:51:37.248   855  3694 D SensorClientUtils: Executing transition from STANDBY to RUNNING
07-11 11:51:37.248   855   855 D SensorClientUtils: Executing transition from STANDBY to RUNNING
07-11 11:51:37.341  1034  3848 I chatty  : uid=1000(system) Binder:1034_E expire 2 lines
07-11 11:51:37.581  1545  4611 W ContextImpl: Calling a method in the system process without a qualified user: android.app.ContextImpl.sendBroadcast:1057 android.content.ContextWrapper.sendBroadcast:448 X.o8.A00:143 X.nw.A00:17 X.nw.handleMessage:90 
07-11 11:51:37.690  1545  4616 W ContextImpl: Calling a method in the system process without a qualified user: android.app.ContextImpl.sendBroadcast:1057 android.content.ContextWrapper.sendBroadcast:448 X.o8.A00:143 X.nw.A00:17 X.nw.handleMessage:90 
07-11 11:51:39.380   736  1222 I SyncBossHAL: [info   ] syncboss_hal_input_controller.c(197): Controller dc36774dxxxxxxxx battery level changed: 10% -> 0%
07-11 11:51:39.385   736  1245 D SensorService: stateChangeNotifierFunc(): Reporting controller info. Change token: 5, paired=2 connected=2
07-11 11:51:39.385   855  1249 D OVRRemoteService: processStateChange([PairedControllerInfo LCON adf260742d57ae23 connected mcnt=0])
07-11 11:51:39.385   855  1249 D OVRRemoteService: processStateChange([PairedControllerInfo LCON dc36774d072f3cbd connected mcnt=0])
07-11 11:51:39.385   736   940 W SensorService: Attempt to adjust transmit power. Should boost:N. Function not implemented in syncboss HAL yet.
07-11 11:51:39.385   855  1244 E TrackingService: Failed to set transmit power adjustment. Should boost:N, Controller addr:dc36774d072f3cbd
07-11 11:51:42.740  1034  4575 I chatty  : uid=1000(system) Binder:1034_10 expire 1 line
07-11 11:51:43.458  1034  1074 I chatty  : uid=1000(system) PackageManager expire 25 lines
07-11 11:51:43.918  1034  1062 I chatty  : uid=1000(system) android.bg expire 2 lines
07-11 11:51:44.020  1034  4575 I chatty  : uid=1000(system) Binder:1034_10 expire 4 lines
07-11 11:51:44.022  1034  1063 I chatty  : uid=1000(system) ActivityManager expire 6 lines
07-11 11:51:44.032  1034  1517 I chatty  : uid=1000(system) Binder:1034_6 expire 1 line
07-11 11:51:44.487  1034  1409 I chatty  : uid=1000(system) Binder:1034_4 expire 2 lines
07-11 11:51:44.712  1034  1064 I chatty  : uid=1000(system) ActivityManager expire 6 lines
07-11 11:51:44.870   736  1222 W SensorService: Arrival timestamp too early
07-11 11:51:45.017  4690  4690 E AndroidRuntime: FATAL EXCEPTION: main
07-11 11:51:45.017  4690  4690 E AndroidRuntime: Process: com.oculus.sdk.vrcubeworldna, PID: 4690
07-11 11:51:45.017  4690  4690 E AndroidRuntime: java.lang.UnsatisfiedLinkError: dalvik.system.PathClassLoader[DexPathList[[zip file "/data/app/com.oculus.sdk.vrcubeworldna-vZKFv2D_yZl9tO2_1nHcTw==/base.apk"],nativeLibraryDirectories=[/data/app/com.oculus.sdk.vrcubeworldna-vZKFv2D_yZl9tO2_1nHcTw==/lib/arm64, /data/app/com.oculus.sdk.vrcubeworldna-vZKFv2D_yZl9tO2_1nHcTw==/base.apk!/lib/arm64-v8a, /system/lib64, /system/product/lib64]]] couldn't find "libvrinput.so"
07-11 11:51:45.017  4690  4690 E AndroidRuntime: 	at java.lang.Runtime.loadLibrary0(Runtime.java:1067)
07-11 11:51:45.017  4690  4690 E AndroidRuntime: 	at java.lang.Runtime.loadLibrary0(Runtime.java:1007)
07-11 11:51:45.017  4690  4690 E AndroidRuntime: 	at java.lang.System.loadLibrary(System.java:1667)
07-11 11:51:45.017  4690  4690 E AndroidRuntime: 	at com.oculus.sdk.vrcubeworldna.MainActivity.<clinit>(MainActivity.java:27)
07-11 11:51:45.017  4690  4690 E AndroidRuntime: 	at java.lang.Class.newInstance(Native Method)
07-11 11:51:45.017  4690  4690 E AndroidRuntime: 	at android.app.AppComponentFactory.instantiateActivity(AppComponentFactory.java:95)
07-11 11:51:45.017  4690  4690 E AndroidRuntime: 	at android.app.Instrumentation.newActivity(Instrumentation.java:1250)
07-11 11:51:45.017  4690  4690 E AndroidRuntime: 	at android.app.ActivityThread.performLaunchActivity(ActivityThread.java:3196)
07-11 11:51:45.017  4690  4690 E AndroidRuntime: 	at android.app.ActivityThread.handleLaunchActivity(ActivityThread.java:3424)
07-11 11:51:45.017  4690  4690 E AndroidRuntime: 	at android.app.servertransaction.LaunchActivityItem.execute(LaunchActivityItem.java:83)
07-11 11:51:45.017  4690  4690 E AndroidRuntime: 	at android.app.servertransaction.TransactionExecutor.executeCallbacks(TransactionExecutor.java:135)
07-11 11:51:45.017  4690  4690 E AndroidRuntime: 	at android.app.servertransaction.TransactionExecutor.execute(TransactionExecutor.java:95)
07-11 11:51:45.017  4690  4690 E AndroidRuntime: 	at android.app.ActivityThread$H.handleMessage(ActivityThread.java:2030)
07-11 11:51:45.017  4690  4690 E AndroidRuntime: 	at android.os.Handler.dispatchMessage(Handler.java:109)
07-11 11:51:45.017  4690  4690 E AndroidRuntime: 	at android.os.Looper.loop(Looper.java:214)
07-11 11:51:45.017  4690  4690 E AndroidRuntime: 	at android.app.ActivityThread.main(ActivityThread.java:7400)
07-11 11:51:45.017  4690  4690 E AndroidRuntime: 	at java.lang.reflect.Method.invoke(Native Method)
07-11 11:51:45.017  4690  4690 E AndroidRuntime: 	at com.android.internal.os.RuntimeInit$MethodAndArgsCaller.run(RuntimeInit.java:492)
07-11 11:51:45.017  4690  4690 E AndroidRuntime: 	at com.android.internal.os.ZygoteInit.main(ZygoteInit.java:936)
07-11 11:51:45.021  1034  1680 I chatty  : uid=1000(system) Binder:1034_7 expire 1 line
07-11 11:51:45.027  1034  4725 I chatty  : uid=1000 system_server expire 1 line
07-11 11:51:45.039  1034  3510 I chatty  : uid=1000(system) Binder:1034_C expire 2 lines
07-11 11:51:45.098  1034  4575 I chatty  : uid=1000(system) Binder:1034_10 expire 2 lines
07-11 11:51:45.373  1034  1420 I chatty  : uid=1000(system) Binder:1034_5 expire 4 lines
07-11 11:51:45.521  1034  1057 I chatty  : uid=1000(system) android.display expire 11 lines
07-11 11:51:45.594   736  4282 E FrameSetDispatcher: [HEADSET] Client pid=849 (849): Failed to read from receive FMQ for 1 packets in 5000ms.
07-11 11:51:45.594   736  4282 E FrameSetDispatcher: This probably means this client is taking more than 33 ms to process the frame.
07-11 11:51:45.594   736  4282 E FrameSetDispatcher: Retrying.
07-11 11:51:45.698  1034  1680 I chatty  : uid=1000(system) Binder:1034_7 expire 1 line
07-11 11:51:45.891  1545  4745 W ContextImpl: Calling a method in the system process without a qualified user: android.app.ContextImpl.sendBroadcast:1057 android.content.ContextWrapper.sendBroadcast:448 X.o8.A00:143 X.nw.A00:17 X.nw.handleMessage:90 
07-11 11:51:45.941  1545  4714 W ContextImpl: Calling a method in the system process without a qualified user: android.app.ContextImpl.sendBroadcast:1057 android.content.ContextWrapper.sendBroadcast:448 X.o8.A00:143 X.nw.A00:17 X.nw.handleMessage:90 
07-11 11:51:46.151  1545  4764 W ContextImpl: Calling a method in the system process without a qualified user: android.app.ContextImpl.sendBroadcast:1057 android.content.ContextWrapper.sendBroadcast:448 X.o8.A00:143 X.nw.A00:17 X.nw.handleMessage:90 
07-11 11:51:46.408  1034  2186 I chatty  : uid=1000(system) Binder:1034_A expire 1 line
07-11 11:51:46.432  1034  3848 I chatty  : uid=1000(system) Binder:1034_E expire 1 line
07-11 11:51:46.524  1545  4767 W ContextImpl: Calling a method in the system process without a qualified user: android.app.ContextImpl.sendBroadcast:1057 android.content.ContextWrapper.sendBroadcast:448 X.o8.A00:143 X.nw.A00:17 X.nw.handleMessage:90 
07-11 11:51:46.548  1034  4768 I chatty  : uid=1000(system) Binder:1034_11 expire 4 lines
07-11 11:51:46.629  1034  3912 I chatty  : uid=1000(system) Binder:1034_F expire 1 line
07-11 11:51:46.821  1545  4771 W ContextImpl: Calling a method in the system process without a qualified user: android.app.ContextImpl.sendBroadcast:1057 android.content.ContextWrapper.sendBroadcast:448 X.o8.A00:143 X.nw.A00:17 X.nw.handleMessage:90 
07-11 11:51:48.191  1034  1860 I chatty  : uid=1000(system) LazyTaskWriterT expire 1 line
07-11 11:51:49.721   736   872 I SyncBossHAL: [info   ] syncboss_hal_powerstate.c(63): Reporting powerstate event: prox_off
07-11 11:51:49.724   855  3694 D SensorClientUtils: Received transition request to STANDBY current is RUNNING
07-11 11:51:49.724   855  3694 D SensorClientUtils: Executing transition from RUNNING to STANDBY
07-11 11:51:49.724   855   855 D SensorClientUtils: Received transition request to STANDBY current is RUNNING
07-11 11:51:49.724   855   855 D SensorClientUtils: Executing transition from RUNNING to STANDBY
07-11 11:51:49.726   849   849 D SensorClientUtils: Received transition request to STANDBY current is RUNNING
07-11 11:51:49.726   849   849 D SensorClientUtils: Executing transition from RUNNING to STANDBY
07-11 11:51:49.806  1034  3844 I chatty  : uid=1000(system) Binder:1034_D expire 1 line
07-11 11:51:49.978  1545  4792 W ContextImpl: Calling a method in the system process without a qualified user: android.app.ContextImpl.sendBroadcast:1057 android.content.ContextWrapper.sendBroadcast:448 X.o8.A00:143 X.nw.A00:17 X.nw.handleMessage:90 
07-11 11:51:52.929   736   872 I SyncBossHAL: [info   ] syncboss_hal_powerstate.c(63): Reporting powerstate event: prox_on
07-11 11:51:52.931   849   849 D SensorClientUtils: Received transition request to RUNNING current is STANDBY
07-11 11:51:52.931   849   849 D SensorClientUtils: Executing transition from STANDBY to RUNNING
07-11 11:51:52.931   855  3694 D SensorClientUtils: Received transition request to RUNNING current is STANDBY
07-11 11:51:52.931   855  3694 D SensorClientUtils: Executing transition from STANDBY to RUNNING
07-11 11:51:52.931   855   855 D SensorClientUtils: Received transition request to RUNNING current is STANDBY
07-11 11:51:52.931   855   855 D SensorClientUtils: Executing transition from STANDBY to RUNNING
07-11 11:51:53.004  1034  1517 I chatty  : uid=1000(system) Binder:1034_6 expire 2 lines
07-11 11:51:53.075  1034  4775 I chatty  : uid=1000(system) Binder:1034_12 expire 1 line
07-11 11:51:53.154  1545  4794 W ContextImpl: Calling a method in the system process without a qualified user: android.app.ContextImpl.sendBroadcast:1057 android.content.ContextWrapper.sendBroadcast:448 X.o8.A00:143 X.nw.A00:17 X.nw.handleMessage:90 
07-11 11:51:53.240  1545  4797 W ContextImpl: Calling a method in the system process without a qualified user: android.app.ContextImpl.sendBroadcast:1057 android.content.ContextWrapper.sendBroadcast:448 X.o8.A00:143 X.nw.A00:17 X.nw.handleMessage:90 
07-11 11:51:56.217  1545  4812 W ContextImpl: Calling a method in the system process without a qualified user: android.app.ContextImpl.sendBroadcast:1057 android.content.ContextWrapper.sendBroadcast:448 X.o8.A00:143 X.nw.A00:17 X.nw.handleMessage:90 
07-11 11:51:57.205   736   872 I SyncBossHAL: [info   ] syncboss_hal_powerstate.c(63): Reporting powerstate event: prox_off
07-11 11:51:57.209   855   855 D SensorClientUtils: Received transition request to STANDBY current is RUNNING
07-11 11:51:57.211   855   855 D SensorClientUtils: Executing transition from RUNNING to STANDBY
07-11 11:51:57.216   849   849 D SensorClientUtils: Received transition request to STANDBY current is RUNNING
07-11 11:51:57.216   849   849 D SensorClientUtils: Executing transition from RUNNING to STANDBY
07-11 11:51:57.217   855   855 D SensorClientUtils: Received transition request to STANDBY current is RUNNING
07-11 11:51:57.217   855   855 D SensorClientUtils: Executing transition from RUNNING to STANDBY
07-11 11:52:00.599  1034  3510 I chatty  : uid=1000(system) Binder:1034_C expire 3 lines
07-11 11:52:00.935  1034  1052 I chatty  : uid=1000(system) Binder:1034_1 expire 3 lines
07-11 11:52:01.015  1034  1064 I chatty  : uid=1000(system) ActivityManager expire 1 line
07-11 11:52:01.269  4839  4839 E AndroidRuntime: FATAL EXCEPTION: main
07-11 11:52:01.269  4839  4839 E AndroidRuntime: Process: com.oculus.sdk.vrcubeworldna, PID: 4839
07-11 11:52:01.269  4839  4839 E AndroidRuntime: java.lang.UnsatisfiedLinkError: dalvik.system.PathClassLoader[DexPathList[[zip file "/data/app/com.oculus.sdk.vrcubeworldna-vZKFv2D_yZl9tO2_1nHcTw==/base.apk"],nativeLibraryDirectories=[/data/app/com.oculus.sdk.vrcubeworldna-vZKFv2D_yZl9tO2_1nHcTw==/lib/arm64, /data/app/com.oculus.sdk.vrcubeworldna-vZKFv2D_yZl9tO2_1nHcTw==/base.apk!/lib/arm64-v8a, /system/lib64, /system/product/lib64]]] couldn't find "libvrinput.so"
07-11 11:52:01.269  4839  4839 E AndroidRuntime: 	at java.lang.Runtime.loadLibrary0(Runtime.java:1067)
07-11 11:52:01.269  4839  4839 E AndroidRuntime: 	at java.lang.Runtime.loadLibrary0(Runtime.java:1007)
07-11 11:52:01.269  4839  4839 E AndroidRuntime: 	at java.lang.System.loadLibrary(System.java:1667)
07-11 11:52:01.269  4839  4839 E AndroidRuntime: 	at com.oculus.sdk.vrcubeworldna.MainActivity.<clinit>(MainActivity.java:27)
07-11 11:52:01.269  4839  4839 E AndroidRuntime: 	at java.lang.Class.newInstance(Native Method)
07-11 11:52:01.269  4839  4839 E AndroidRuntime: 	at android.app.AppComponentFactory.instantiateActivity(AppComponentFactory.java:95)
07-11 11:52:01.269  4839  4839 E AndroidRuntime: 	at android.app.Instrumentation.newActivity(Instrumentation.java:1250)
07-11 11:52:01.269  4839  4839 E AndroidRuntime: 	at android.app.ActivityThread.performLaunchActivity(ActivityThread.java:3196)
07-11 11:52:01.269  4839  4839 E AndroidRuntime: 	at android.app.ActivityThread.handleLaunchActivity(ActivityThread.java:3424)
07-11 11:52:01.269  4839  4839 E AndroidRuntime: 	at android.app.servertransaction.LaunchActivityItem.execute(LaunchActivityItem.java:83)
07-11 11:52:01.269  4839  4839 E AndroidRuntime: 	at android.app.servertransaction.TransactionExecutor.executeCallbacks(TransactionExecutor.java:135)
07-11 11:52:01.269  4839  4839 E AndroidRuntime: 	at android.app.servertransaction.TransactionExecutor.execute(TransactionExecutor.java:95)
07-11 11:52:01.269  4839  4839 E AndroidRuntime: 	at android.app.ActivityThread$H.handleMessage(ActivityThread.java:2030)
07-11 11:52:01.269  4839  4839 E AndroidRuntime: 	at android.os.Handler.dispatchMessage(Handler.java:109)
07-11 11:52:01.269  4839  4839 E AndroidRuntime: 	at android.os.Looper.loop(Looper.java:214)
07-11 11:52:01.269  4839  4839 E AndroidRuntime: 	at android.app.ActivityThread.main(ActivityThread.java:7400)
07-11 11:52:01.269  4839  4839 E AndroidRuntime: 	at java.lang.reflect.Method.invoke(Native Method)
07-11 11:52:01.269  4839  4839 E AndroidRuntime: 	at com.android.internal.os.RuntimeInit$MethodAndArgsCaller.run(RuntimeInit.java:492)
07-11 11:52:01.269  4839  4839 E AndroidRuntime: 	at com.android.internal.os.ZygoteInit.main(ZygoteInit.java:936)
07-11 11:52:01.280  1034  4874 I chatty  : uid=1000 system_server expire 1 line
07-11 11:52:01.281  1034  1055 I chatty  : uid=1000(system) android.ui expire 9 lines
07-11 11:52:01.442  1545  4870 W ContextImpl: Calling a method in the system process without a qualified user: android.app.ContextImpl.sendBroadcast:1057 android.content.ContextWrapper.sendBroadcast:448 X.o8.A00:143 X.nw.A00:17 X.nw.handleMessage:90 
07-11 11:52:01.592   855  3694 D TrackingService: getSharedMemory: com.android.networkstack.inprocess, HeadTracker
07-11 11:52:01.593  1034  4886 I chatty  : uid=1000 system_server expire 2 lines
07-11 11:52:01.600  1034  2186 I chatty  : uid=1000(system) Binder:1034_A expire 1 line
07-11 11:52:01.673   736  4282 I FrameSetDispatcher: [HEADSET] Client thread stopping
07-11 11:52:01.673   736   940 I FrameSetDispatcher: [HEADSET] Client thread joined
07-11 11:52:01.673   736   940 I CameraClientManager: [HEADSET] Removed client - started clients: 3
07-11 11:52:01.702   855  3694 D TrackingService: getSharedMemory: com.android.networkstack.inprocess, HandTracker
07-11 11:52:01.776  1034  1057 I chatty  : uid=1000(system) android.display expire 3 lines
07-11 11:52:01.796  1034  1210 I chatty  : uid=1000(system) Binder:1034_3 expire 2 lines
07-11 11:52:04.528  1034  1860 I chatty  : uid=1000(system) LazyTaskWriterT expire 2 lines
07-11 11:52:11.842  1034  4768 I chatty  : uid=1000(system) Binder:1034_11 expire 1 line
07-11 11:52:11.887   855  3694 I TrackingService: Unregistering client by ITrackingService.unregisterClient
07-11 11:52:11.887   855  3694 I TrackingService: Failed to unregister client because client not found in registered list
07-11 11:52:11.887   855  3694 I chatty  : uid=1000(system) Binder:855_3 identical 3 lines
07-11 11:52:11.887   855  3694 I TrackingService: Failed to unregister client because client not found in registered list
07-11 11:52:11.887   855  3694 D TrackingService: unregister: com.android.networkstack.inprocess
07-11 11:52:12.176   736   940 I FrameSetDispatcher: [HEADSET] Client thread started
07-11 11:52:12.176   736   940 E FrameSetDispatcher: [HEADSET] Frame Count Requirement violated: number of streaming clients: 4, maximum number of FrameSets: 4
07-11 11:52:12.176   736   940 I CameraClientManager: [HEADSET] Added client - started clients: 4
07-11 11:52:12.543  1545  4912 W ContextImpl: Calling a method in the system process without a qualified user: android.app.ContextImpl.sendBroadcast:1057 android.content.ContextWrapper.sendBroadcast:448 X.o8.A00:143 X.nw.A00:17 X.nw.handleMessage:90 
07-11 11:52:24.222   736  1221 I SyncBossFW:  301013 [info   ] {PERF}: cpu load cur=0.38 min=0.04 max=0.39 avg=0.38
07-11 11:52:33.748   736  1222 I SyncBossHAL: [info   ] syncboss_hal_input_controller.c(183): Controller dc36774dxxxxxxxx state change: asleep 0 -> 1
07-11 11:52:33.753   736  1245 D SensorService: stateChangeNotifierFunc(): Reporting controller info. Change token: 6, paired=2 connected=2
07-11 11:52:33.753   855  1249 D OVRRemoteService: processStateChange([PairedControllerInfo LCON adf260742d57ae23 connected mcnt=0])
07-11 11:52:33.753   855  1249 D OVRRemoteService: processStateChange([PairedControllerInfo LCON dc36774d072f3cbd connected asleep mcnt=0])
07-11 11:52:33.754   736   940 W SensorService: Attempt to adjust transmit power. Should boost:N. Function not implemented in syncboss HAL yet.
07-11 11:52:33.754   855  1244 E TrackingService: Failed to set transmit power adjustment. Should boost:N, Controller addr:dc36774d072f3cbd
07-11 11:52:33.806   736  1222 I SyncBossInput: [info   ] [lcon ( left) dc36774dxxxxxxxx]: 2049463 [info   ] {THDG}: active_connected -> inactive_connected
07-11 11:52:53.184  1034  1063 I chatty  : uid=1000(system) ActivityManager expire 2 lines
07-11 11:52:55.604  1545  4930 W ContextImpl: Calling a method in the system process without a qualified user: android.app.ContextImpl.sendBroadcast:1057 android.content.ContextWrapper.sendBroadcast:448 X.o8.A00:143 X.nw.A00:17 X.nw.handleMessage:90 
07-11 11:53:24.226   736  1221 I SyncBossFW:  361016 [info   ] {PERF}: cpu load cur=0.32 min=0.04 max=0.39 avg=0.37
07-11 11:53:27.612  1545  4944 W ContextImpl: Calling a method in the system process without a qualified user: android.app.ContextImpl.sendBroadcast:1057 android.content.ContextWrapper.sendBroadcast:448 X.o8.A00:143 X.nw.A00:17 X.nw.handleMessage:90 
07-11 11:53:29.963   736  1222 I SyncBossHAL: [info   ] syncboss_hal_input_controller.c(63): adf26074xxxxxxxx: 5 missed/180005 expected (PER 0.00%)
07-11 11:53:57.218  1034  1034 I chatty  : uid=1000 system_server expire 2 lines
07-11 11:53:57.222  1034  1071 I chatty  : uid=1000(system) PowerManagerSer expire 5 lines
07-11 11:53:57.273  1034  1067 I chatty  : uid=1000(system) batterystats-wo expire 2 lines
07-11 11:53:57.286  1034  1057 I chatty  : uid=1000(system) android.display expire 3 lines
07-11 11:53:57.462  1034  3510 I chatty  : uid=1000(system) Binder:1034_C expire 1 line
07-11 11:53:57.848  1545  4961 W ContextImpl: Calling a method in the system process without a qualified user: android.app.ContextImpl.sendBroadcast:1057 android.content.ContextWrapper.sendBroadcast:448 X.o8.A00:143 X.nw.A00:17 X.nw.handleMessage:90 
07-11 11:53:57.893   855  3694 D SensorClientUtils: Received transition request to SLEEP current is STANDBY
07-11 11:53:57.893   855  3694 D SensorClientUtils: Executing transition from STANDBY to SLEEP
07-11 11:53:57.893   855  3694 D SensorClientUtils: Setting power state to STANDBY
07-11 11:53:57.893   849   849 D SensorClientUtils: Received transition request to SLEEP current is STANDBY
07-11 11:53:57.893   849   849 D SensorClientUtils: Executing transition from STANDBY to SLEEP
07-11 11:53:57.893   849   849 D SensorClientUtils: Setting power state to STANDBY
07-11 11:53:57.893   855   855 D SensorClientUtils: Received transition request to SLEEP current is STANDBY
07-11 11:53:57.893   855   855 D SensorClientUtils: Executing transition from STANDBY to SLEEP
07-11 11:53:57.893   855   855 D SensorClientUtils: Setting power state to STANDBY
07-11 11:53:57.893   855   855 D OVRRemoteService: [controller] RUNNING -> STANDBY
07-11 11:53:57.894   855   855 D SensorClientUtils: Scheduling delayed transition to SLEEP in 120000ms
07-11 11:53:57.894   736  1674 I FrameSetDispatcher: [HEADSET] Client thread stopping
07-11 11:53:57.894   849   849 D SensorClientUtils: Scheduling delayed transition to SLEEP in 0ms
07-11 11:53:57.895   849  4978 D SensorClientUtils: Performing delayed transition to SLEEP
07-11 11:53:57.895   849  4978 D SensorClientUtils: Setting power state to SLEEP
07-11 11:53:57.895   736   942 I FrameSetDispatcher: [HEADSET] Client thread joined
07-11 11:53:57.895   736   942 I CameraClientManager: [HEADSET] Removed client - started clients: 3
07-11 11:53:57.895   736  4351 I FrameSetDispatcher: [HAND] Client thread stopping
07-11 11:53:57.900  1034  4775 I chatty  : uid=1000(system) Binder:1034_12 expire 1 line
07-11 11:53:57.902   736   942 I FrameSetDispatcher: [HAND] Client thread joined
07-11 11:53:57.902   736   942 I CameraClientManager: [HAND] Removed client - started clients: 2
07-11 11:53:57.902   855   995 I TrackingService: [ExposureControl] RUNNING -> STANDBY transition time: 9 ms
07-11 11:53:57.902   855   995 I TrackingService: [     controller] RUNNING -> STANDBY transition time: 0 ms
07-11 11:53:57.905   736  1670 I FrameSetDispatcher: [HEADSET] Client thread stopping
07-11 11:53:57.905   736   942 I FrameSetDispatcher: [HEADSET] Client thread joined
07-11 11:53:57.905   736   942 I CameraClientManager: [HEADSET] Removed client - started clients: 2
07-11 11:53:57.906   736  4350 I FrameSetDispatcher: [HAND] Client thread stopping
07-11 11:53:57.906   736   942 I FrameSetDispatcher: [HAND] Client thread joined
07-11 11:53:57.906   736   942 I CameraClientManager: [HAND] Removed client - started clients: 1
07-11 11:53:57.906   855   995 I TrackingService: [         object] RUNNING -> STANDBY transition time: 3 ms
07-11 11:53:57.910   736  4345 I FrameSetDispatcher: [HAND] Client thread stopping
07-11 11:53:57.912   736   942 I FrameSetDispatcher: [HAND] Client thread joined
07-11 11:53:57.913   736   942 I CameraClientManager: [HAND] Removed client - started clients: 0
07-11 11:53:57.914   855   995 I TrackingService: [           hand] RUNNING -> STANDBY transition time: 7 ms
07-11 11:53:57.914   855   995 I TrackingService: [  constellation] RUNNING -> STANDBY transition time: 0 ms
07-11 11:53:57.977   736  4906 I FrameSetDispatcher: [HEADSET] Client thread stopping
07-11 11:53:57.977   736   942 I FrameSetDispatcher: [HEADSET] Client thread joined
07-11 11:53:57.977   736   942 I CameraClientManager: [HEADSET] Removed client - started clients: 1
07-11 11:53:58.037  1034  1034 I chatty  : uid=1000 system_server expire 3 lines
07-11 11:53:58.052   736  1540 I FrameSetDispatcher: [HEADSET] Client thread stopping
07-11 11:53:58.052   736   942 I FrameSetDispatcher: [HEADSET] Client thread joined
07-11 11:53:58.052   736   942 I CameraClientManager: [HEADSET] Removed client - started clients: 0
07-11 11:53:58.061   736  1624 E MontereyCameraProvider: Frame marked invalid by frame set generator
07-11 11:53:58.069  1034  1064 I chatty  : uid=1000(system) ActivityManager expire 1 line
07-11 11:53:58.139   855   995 I TrackingService: [            iot] RUNNING -> STANDBY transition time: 224 ms
07-11 11:53:58.139   855   995 I TrackingService: [           bolt] RUNNING -> STANDBY transition time: 0 ms
07-11 11:53:58.139   855   995 I TrackingService: [            iad] RUNNING -> STANDBY transition time: 0 ms
07-11 11:53:58.139   855   995 I TrackingService: [ vision_manager] RUNNING -> STANDBY transition time: 0 ms
07-11 11:53:58.139   855  3694 D TrackingService: setPowerState: STANDBY
07-11 11:53:58.139   855  3694 D SensorClientUtils: Scheduling delayed transition to SLEEP in 120000ms
07-11 11:53:59.036  1034  1062 I chatty  : uid=1000(system) android.bg expire 4 lines
07-11 11:54:23.179  1034  3844 I chatty  : uid=1000(system) Binder:1034_D expire 3 lines
07-11 11:54:23.295  1545  5042 W ContextImpl: Calling a method in the system process without a qualified user: android.app.ContextImpl.sendBroadcast:1057 android.content.ContextWrapper.sendBroadcast:448 X.o8.A00:143 X.nw.A00:17 X.nw.handleMessage:90 
07-11 11:54:24.228   736  1221 I SyncBossFW:  421017 [info   ] {PERF}: cpu load cur=0.29 min=0.04 max=0.39 avg=0.36
07-11 11:54:54.488  1034  1517 I chatty  : uid=1000(system) Binder:1034_6 expire 1 line
07-11 11:55:23.118  1034  2163 I chatty  : uid=1000(system) Binder:1034_9 expire 1 line
07-11 11:55:24.231   736  1221 I SyncBossFW:  481019 [info   ] {PERF}: cpu load cur=0.29 min=0.04 max=0.39 avg=0.35
07-11 11:55:57.666  1034  1123 I chatty  : uid=1000(system) AlarmManager expire 1 line
07-11 11:55:57.905   855  4977 D SensorClientUtils: Performing delayed transition to SLEEP
07-11 11:55:57.905   855  4977 D SensorClientUtils: Setting power state to SLEEP
07-11 11:55:57.905   855  4977 D OVRRemoteService: ControllerGlue: setting expected mode to Disabled
07-11 11:55:57.905   855  4977 D OVRRemoteService: ControllerGlue: Setting current mode to Disabled
07-11 11:55:57.905   855  4977 D OVRRemoteService: ControllerGlue: leave mode Streaming
07-11 11:55:57.905   855  4977 D OVRRemoteService: RemoteService::handleDeviceDisconnected - device adf260742d57ae23
07-11 11:55:57.905   855  4977 D OVRRemoteService: RemoteService::handleDeviceDisconnected - device dc36774d072f3cbd
07-11 11:55:57.906   736   942 D SensorService: ControllerProvider: releasing StreamingClient impl; approx # alive: 1
07-11 11:55:57.906   855  4977 D OVRRemoteService: ControllerGlue: Setting mode to Disabled
07-11 11:55:57.906   855  4977 D OVRRemoteService: ControllerGlue: enter mode Disabled
07-11 11:55:57.906   855  4977 D OVRRemoteService: [controller] STANDBY -> SLEEP
07-11 11:55:57.906   736   942 D libsensorscommon: ControllerProvider: releasing StreamingClient hidl
07-11 11:55:57.907  1034  4768 I chatty  : uid=1000(system) Binder:1034_11 expire 1 line
07-11 11:55:57.907   855  1244 D TrackingService: RemoteTrackedDevice::handleDeviceDisconnected - device adf260742d57ae23
07-11 11:55:57.907   855  1244 I TrackingService: Unregistering remote adf260742d57ae23 in slot 0
07-11 11:55:57.908   855  1244 D TrackingService: unregisterRemote: adf260742d57ae23
07-11 11:55:57.908   855  1244 D TrackingService: RemoteTrackedDevice::handleDeviceDisconnected - device dc36774d072f3cbd
07-11 11:55:57.908   855  1244 I TrackingService: Unregistering remote dc36774d072f3cbd in slot 1
07-11 11:55:57.908   855  1244 D TrackingService: unregisterRemote: dc36774d072f3cbd
07-11 11:55:57.986  1545  5052 W ContextImpl: Calling a method in the system process without a qualified user: android.app.ContextImpl.sendBroadcast:1057 android.content.ContextWrapper.sendBroadcast:448 X.o8.A00:143 X.nw.A00:17 X.nw.handleMessage:90 
07-11 11:55:58.140   855  5017 D SensorClientUtils: Performing delayed transition to SLEEP
07-11 11:55:58.140   855  5017 D SensorClientUtils: Setting power state to SLEEP
07-11 11:55:58.140   855   995 I TrackingService: [ExposureControl] STANDBY -> SLEEP transition time: 0 ms
07-11 11:55:58.140   855  1244 D RemoteService: RemoteService - Unregistering status callback
07-11 11:55:58.140   736   942 D SensorService: ControllerProvider: releasing StreamingClient impl; approx # alive: 0
07-11 11:55:58.140   736   942 D SensorService: ControllerProvider: releasing StreamingSession
07-11 11:55:58.145   736   942 D libsensorscommon: ControllerProvider: releasing StreamingClient hidl
07-11 11:55:58.145   855   995 I TrackingService: [     controller] STANDBY -> SLEEP transition time: 5 ms
07-11 11:55:58.145   855   995 I TrackingService: [         object] STANDBY -> SLEEP transition time: 0 ms
07-11 11:55:58.180   855   995 I TrackingService: [           hand] STANDBY -> SLEEP transition time: 35 ms
07-11 11:55:58.240   855   995 I TrackingService: [  constellation] STANDBY -> SLEEP transition time: 59 ms
07-11 11:55:58.241   736   942 D SensorService: SyncbossEventHandler: stopping all streams
07-11 11:55:58.241   736  1222 D SensorService: SyncbossEventHandler::producerThreadFunc() exit
07-11 11:55:58.417   855   995 I TrackingService: [            iot] STANDBY -> SLEEP transition time: 177 ms
07-11 11:55:58.424   855   995 I TrackingService: [           bolt] STANDBY -> SLEEP transition time: 6 ms
07-11 11:55:58.425   855   995 I TrackingService: [            iad] STANDBY -> SLEEP transition time: 0 ms
07-11 11:55:58.429   855   995 I TrackingService: [ vision_manager] STANDBY -> SLEEP transition time: 4 ms
07-11 11:55:58.429   855  5017 D TrackingService: setPowerState: SLEEP
07-11 11:55:58.774  1545  5067 W ContextImpl: Calling a method in the system process without a qualified user: android.app.ContextImpl.sendBroadcast:1057 android.content.ContextWrapper.sendBroadcast:448 X.o8.A00:143 X.nw.A00:17 X.nw.handleMessage:90 
07-11 11:55:58.827  1545  5068 W ContextImpl: Calling a method in the system process without a qualified user: android.app.ContextImpl.sendBroadcast:1057 android.content.ContextWrapper.sendBroadcast:448 X.o8.A00:143 X.nw.A00:17 X.nw.handleMessage:90 
07-11 11:57:01.142  1034  1680 I chatty  : uid=1000(system) Binder:1034_7 expire 2 lines
07-11 11:57:23.145  1034  3912 I chatty  : uid=1000(system) Binder:1034_F expire 1 line
07-11 11:57:42.734  1034  1063 I chatty  : uid=1000(system) ActivityManager expire 1 line
07-11 11:57:50.580  1034  1156 I chatty  : uid=1000(system) ConnectivitySer expire 2 lines
07-11 11:57:50.749  1545  5077 W ContextImpl: Calling a method in the system process without a qualified user: android.app.ContextImpl.sendBroadcast:1057 android.content.ContextWrapper.sendBroadcast:448 X.o8.A00:143 X.nw.A00:17 X.nw.handleMessage:90 
07-11 11:57:52.923  1034  1062 I chatty  : uid=1000(system) android.bg expire 1 line
07-11 11:58:00.132  1034  3912 I chatty  : uid=1000(system) Binder:1034_F expire 1 line
07-11 11:58:12.027  1034  2163 I chatty  : uid=1000(system) Binder:1034_9 expire 5 lines
07-11 11:59:17.849  1034  4775 I chatty  : uid=1000(system) Binder:1034_12 expire 3 lines
07-11 12:00:00.151  1034  3510 I chatty  : uid=1000(system) Binder:1034_C expire 2 lines
07-11 12:00:23.650  1034  1517 I chatty  : uid=1000(system) Binder:1034_6 expire 3 lines
07-11 12:01:23.141  1034  1777 I chatty  : uid=1000(system) Binder:1034_8 expire 2 lines
07-11 12:02:01.373  1545  5208 W ContextImpl: Calling a method in the system process without a qualified user: android.app.ContextImpl.sendBroadcast:1057 android.content.ContextWrapper.sendBroadcast:448 X.o8.A00:143 X.nw.A00:17 X.nw.handleMessage:90 
07-11 12:03:24.991   736   872 I SyncBossHAL: [info   ] syncboss_hal_powerstate.c(63): Reporting powerstate event: prox_on
07-11 12:03:24.996  1034  1034 I chatty  : uid=1000 system_server expire 2 lines
07-11 12:03:25.006  1034  1071 I chatty  : uid=1000(system) PowerManagerSer expire 5 lines
07-11 12:03:25.019   855  3694 D SensorClientUtils: Cancelling delayed transition to SLEEP
07-11 12:03:25.019   849   849 D SensorClientUtils: Cancelling delayed transition to SLEEP
07-11 12:03:25.020   849   849 D SensorClientUtils: Received transition request to RUNNING current is SLEEP
07-11 12:03:25.020   849   849 D SensorClientUtils: Executing transition from SLEEP to STANDBY
07-11 12:03:25.020   849   849 D SensorClientUtils: Setting power state to STANDBY
07-11 12:03:25.020   855   855 D SensorClientUtils: Cancelling delayed transition to SLEEP
07-11 12:03:25.020   855  3694 D SensorClientUtils: Received transition request to RUNNING current is SLEEP
07-11 12:03:25.020   855  3694 D SensorClientUtils: Executing transition from SLEEP to STANDBY
07-11 12:03:25.020   855  3694 D SensorClientUtils: Setting power state to STANDBY
07-11 12:03:25.021   855   855 D SensorClientUtils: Received transition request to RUNNING current is SLEEP
07-11 12:03:25.021   855   855 D SensorClientUtils: Executing transition from SLEEP to STANDBY
07-11 12:03:25.021   855   855 D SensorClientUtils: Setting power state to STANDBY
07-11 12:03:25.027   849   849 D SensorClientUtils: Executing transition from STANDBY to RUNNING
07-11 12:03:25.027   849   849 D SensorClientUtils: Setting power state to RUNNING
07-11 12:03:25.035   855   855 D OVRRemoteService: ControllerGlue: setting expected mode to Streaming
07-11 12:03:25.035   855   855 D OVRRemoteService: ControllerGlue: Setting current mode to Streaming
07-11 12:03:25.035   855   855 D OVRRemoteService: ControllerGlue: leave mode Disabled
07-11 12:03:25.035   855   855 D OVRRemoteService: ControllerGlue: Setting mode to Streaming
07-11 12:03:25.035   855   855 D OVRRemoteService: ControllerGlue: enter mode Streaming
07-11 12:03:25.037   736   942 I SyncBossHAL: [info   ] syncboss_hal_impl_android_driver.c(457): Failed to read system property vendor.syncbosshal.uart_path. Using default "/dev/ttyHS99".
07-11 12:03:25.038  1034  1057 I chatty  : uid=1000(system) android.display expire 3 lines
07-11 12:03:25.040   736   942 I SyncBossHAL: [info   ] syncboss_hal_impl_android_driver.c(575): Starting logging thread from UART path /dev/ttyHS99
07-11 12:03:25.041   736   942 D SensorService: ControllerProvider: acquiring StreamingSession
07-11 12:03:25.050   736   942 D SensorService: SyncbossEventHandler: starting all streams
07-11 12:03:25.051   736  5236 D SensorService: SyncbossEventHandler::producerThreadFunc() start
07-11 12:03:25.051   736  5236 W SensorService: Data for sensor type HMD_IMU dropped because of failure to update clock drift from vsync. 1 drops in the last 0s.
07-11 12:03:25.055   736   942 I SyncBossHAL: [info   ] syncboss_hal_impl_input.c(276): No pulsar frequency blocklist set
07-11 12:03:25.055   736   942 I SyncBossHAL: [info   ] syncboss_hal_impl_input.c(303): No AFH behavior specified, enabled by default
07-11 12:03:25.055   736   942 I SyncBossHAL: [info   ] syncboss_hal_impl_input.c(343): Input device auto-whitelisting disabled
07-11 12:03:25.056   855   995 I TrackingService: [ vision_manager] SLEEP -> STANDBY transition time: 1 ms
07-11 12:03:25.057   855   995 I TrackingService: [            iad] SLEEP -> STANDBY transition time: 0 ms
07-11 12:03:25.059   736   942 D SensorService: ControllerProvider: acquiring StreamingClient impl; approx # alive: 1
07-11 12:03:25.059   736   942 D libsensorscommon: ControllerProvider: acquiring StreamingClient hidl
07-11 12:03:25.060   855   855 D OVRRemoteService: [controller] SLEEP -> STANDBY
07-11 12:03:25.060   855  5245 D OVRRemoteService: processStateChange([PairedControllerInfo LCON adf260742d57ae23 disconnected mcnt=0])
07-11 12:03:25.060   855  5245 D OVRRemoteService: processStateChange([PairedControllerInfo LCON dc36774d072f3cbd disconnected asleep mcnt=0])
07-11 12:03:25.060   855   855 D SensorClientUtils: Executing transition from STANDBY to RUNNING
07-11 12:03:25.060   855   855 D SensorClientUtils: Setting power state to RUNNING
07-11 12:03:25.060   855   855 D OVRRemoteService: [controller] STANDBY -> RUNNING
07-11 12:03:25.060   736  5234 I SyncBossFW:  961840 [info   ] {WIHO}: Pulsar device auto-whitelisting disabled
07-11 12:03:25.064   736  5235 D SensorService: stateChangeNotifierFunc(): Reporting controller info. Change token: 6, paired=2 connected=0
07-11 12:03:25.064   855  5245 D OVRRemoteService: processStateChange([PairedControllerInfo LCON dc36774d072f3cbd disconnected update-required mcnt=0])
07-11 12:03:25.064   855  5245 D OVRRemoteService: processStateChange([PairedControllerInfo LCON adf260742d57ae23 disconnected update-required mcnt=0])
07-11 12:03:25.065   855   995 I TrackingService: [           bolt] SLEEP -> STANDBY transition time: 8 ms
07-11 12:03:25.148  1034  4768 I chatty  : uid=1000(system) Binder:1034_11 expire 1 line
07-11 12:03:25.157   736   823 I SyncBossHAL: [info   ] syncboss_hal_impl_input.c(992): Pulsar connected devices state change: 3
07-11 12:03:25.159   736  5234 I SyncBossFW:  961938 [info   ] {WIHO}: Pulsar device connected adf26074xxxxxxxx (type: 13011101, connection id: 0x3)
07-11 12:03:25.192   736  5234 W SyncBossFW:  961972 [warning] {SPTH}: [rate_lim=1000] Big IMU diff (446939783us)
07-11 12:03:25.195   736  5234 I SyncBossFW:  961975 [info   ] {APPI}: Enabling mag streaming.  Temperature comp enabled
07-11 12:03:25.196   855   995 I TrackingService: [            iot] SLEEP -> STANDBY transition time: 130 ms
07-11 12:03:25.201   855  5273 D TrackingService: starting IOT motion thread, imu batch dispatch enabled=false
07-11 12:03:25.202   736  5236 W SensorService: Data for sensor type HMD_MAG dropped because of failure to update clock drift from vsync. 1 drops in the last 0s.
07-11 12:03:25.242   736   827 I SyncBossHAL: [info   ] pulsar_manager.c(467): adf26074xxxxxxxx: Configuring IR LED to ontime = 19, period = 33333
07-11 12:03:25.249   736   827 I SyncBossHAL: [info   ] pulsar_manager.c(319): Finished getting cache data for controller
07-11 12:03:25.249   736   827 I SyncBossHAL:     id            : adf26074xxxxxxxx
07-11 12:03:25.249   736   827 I SyncBossHAL:     pulsar_type   : 0x13011101
07-11 12:03:25.249   736   827 I SyncBossHAL:     connection id : 0x3
07-11 12:03:25.249   736   827 I SyncBossHAL:     fw ver        : 1.17.2
07-11 12:03:25.249   736   827 I SyncBossHAL:     spl ver       : 1.13.0
07-11 12:03:25.249   736   827 I SyncBossHAL:     serial        : 1PALCRD1C00166
07-11 12:03:25.249   736   827 I SyncBossHAL:     handedness    : right
07-11 12:03:25.249   736   827 I SyncBossHAL:     battery state : 10%
07-11 12:03:25.250   736  5236 W SensorService: Data for sensor type PULSAR dropped because of failure to update clock drift from vsync. 1 drops in the last 0s.
07-11 12:03:25.253   736  5235 D SensorService: stateChangeNotifierFunc(): Reporting controller info. Change token: 7, paired=2 connected=1
07-11 12:03:25.253   855  5245 D OVRRemoteService: processStateChange([PairedControllerInfo LCON adf260742d57ae23 connected mcnt=0])
07-11 12:03:25.253   855  5245 D OVRRemoteService: processStateChange([PairedControllerInfo LCON dc36774d072f3cbd disconnected update-required mcnt=0])
07-11 12:03:25.253   736  5234 I SyncBossFW:  962034 [info   ] {APPI}: Found 1 connected pulsar devices
07-11 12:03:25.306   736  5236 I SyncBossInput: [info   ] [lcon (right) adf26074xxxxxxxx]: 2281107 [info   ] {THDG}: active_seek -> inactive_seek
07-11 12:03:25.317   855   995 I TrackingService: ConstellationTrackingGlue: setEnableExtendedDeadreckoning to false
07-11 12:03:25.317   855   995 I TrackingService: [  constellation] SLEEP -> STANDBY transition time: 121 ms
07-11 12:03:25.317   855   995 I TrackingService: [           hand] SLEEP -> STANDBY transition time: 0 ms
07-11 12:03:25.325   855   995 I TrackingService: [         object] SLEEP -> STANDBY transition time: 7 ms
07-11 12:03:25.325   855   995 I TrackingService: [     controller] SLEEP -> STANDBY transition time: 0 ms
07-11 12:03:25.325   855   995 I TrackingService: [ExposureControl] SLEEP -> STANDBY transition time: 0 ms
07-11 12:03:25.325   736   942 D SensorService: ControllerProvider: acquiring StreamingClient impl; approx # alive: 2
07-11 12:03:25.325   736   942 D libsensorscommon: ControllerProvider: acquiring StreamingClient hidl
07-11 12:03:25.325   855  5245 D OVRRemoteService: processStateChange([PairedControllerInfo LCON adf260742d57ae23 connected mcnt=0])
07-11 12:03:25.325   855  3694 D TrackingService: setPowerState: STANDBY
07-11 12:03:25.325   855  3694 D SensorClientUtils: Executing transition from STANDBY to RUNNING
07-11 12:03:25.325   855  5245 D OVRRemoteService: processStateChange([PairedControllerInfo LCON dc36774d072f3cbd disconnected update-required mcnt=0])
07-11 12:03:25.325   855  3694 D SensorClientUtils: Setting power state to RUNNING
07-11 12:03:25.325   855   995 I TrackingService: [ vision_manager] STANDBY -> RUNNING transition time: 0 ms
07-11 12:03:25.326   855   995 I TrackingService: [            iad] STANDBY -> RUNNING transition time: 0 ms
07-11 12:03:25.326   855   995 I TrackingService: [           bolt] STANDBY -> RUNNING transition time: 0 ms
07-11 12:03:25.330   736   942 I FrameSetDispatcher: [HEADSET] Client thread started
07-11 12:03:25.330   736   942 I CameraClientManager: [HEADSET] Added client - started clients: 1
07-11 12:03:25.337   736  5236 I SyncBossInput: [info   ] [lcon (right) adf26074xxxxxxxx]: 2699861 [info   ] {APP }: Connected
07-11 12:03:25.339   855  5304 D RemoteService: RemoteService - Registering status callback
07-11 12:03:25.343   736   940 D SensorService: Found paired controllers: 2
07-11 12:03:25.344   736   940 W SensorService: Attempt to adjust transmit power. Should boost:N. Function not implemented in syncboss HAL yet.
07-11 12:03:25.344   855  5303 E TrackingService: Failed to set transmit power adjustment. Should boost:N, Controller addr:adf260742d57ae23
07-11 12:03:25.344   855  5303 I TrackingService: Registering primary controller adf260742d57ae23 in slot 0
07-11 12:03:25.346   855  5303 D TrackingService: TrackingDataPostProcessor: Hand autotransition v2 GK enabled: 1
07-11 12:03:25.346   855  5303 D TrackingService: registerRemote: adf260742d57ae23
07-11 12:03:25.361   855  5303 W TrackingService: Attempted to control leds, but gatekeeper is disabled. Skipping operation.
07-11 12:03:25.362   855  5303 D TrackingService: [HANDTRACKING] Controller adf260742d57ae23 in hand: Y, valid: Y
07-11 12:03:25.379   736   823 I SyncBossHAL: [info   ] syncboss_hal_impl_input.c(992): Pulsar connected devices state change: 4
07-11 12:03:25.382   736  5234 I SyncBossFW:  962160 [info   ] {WIHO}: Pulsar device connected dc36774dxxxxxxxx (type: 13001101, connection id: 0x4)
07-11 12:03:25.384   736  5236 I SyncBossInput: [info   ] [lcon (right) adf26074xxxxxxxx]: 2699861 [info   ] {THDG}: inactive_seek -> active_connected
07-11 12:03:25.409   736  5234 I SyncBossFW:  962190 [info   ] {APPI}: cams_found=0xf
07-11 12:03:25.423  1545  5294 W ContextImpl: Calling a method in the system process without a qualified user: android.app.ContextImpl.sendBroadcast:1057 android.content.ContextWrapper.sendBroadcast:448 X.o8.A00:143 X.nw.A00:17 X.nw.handleMessage:90 
07-11 12:03:25.442   736   942 I SyncBossHAL: [info   ] syncboss_hal_impl_camera.c(245): Changing camera frame period to 33333 (status=0)
07-11 12:03:25.486   855   995 I TrackingService: [            iot] STANDBY -> RUNNING transition time: 160 ms
07-11 12:03:25.486   855   995 I TrackingService: [  constellation] STANDBY -> RUNNING transition time: 0 ms
07-11 12:03:25.487   736   827 I SyncBossHAL: [info   ] pulsar_manager.c(467): dc36774dxxxxxxxx: Configuring IR LED to ontime = 19, period = 33333
07-11 12:03:25.493   736   827 I SyncBossHAL: [info   ] pulsar_manager.c(319): Finished getting cache data for controller
07-11 12:03:25.493   736   827 I SyncBossHAL:     id            : dc36774dxxxxxxxx
07-11 12:03:25.493   736   827 I SyncBossHAL:     pulsar_type   : 0x13001101
07-11 12:03:25.493   736   827 I SyncBossHAL:     connection id : 0x4
07-11 12:03:25.493   736   827 I SyncBossHAL:     fw ver        : 1.17.2
07-11 12:03:25.493   736   827 I SyncBossHAL:     spl ver       : 1.13.0
07-11 12:03:25.493   736   827 I SyncBossHAL:     serial        : 1PALCLDAE50171
07-11 12:03:25.493   736   827 I SyncBossHAL:     handedness    : left
07-11 12:03:25.493   736   827 I SyncBossHAL:     battery state : 0%
07-11 12:03:25.498   736  5235 D SensorService: stateChangeNotifierFunc(): Reporting controller info. Change token: 8, paired=2 connected=2
07-11 12:03:25.498   855  5245 D OVRRemoteService: processStateChange([PairedControllerInfo LCON adf260742d57ae23 connected mcnt=0])
07-11 12:03:25.498   855  5245 D OVRRemoteService: processStateChange([PairedControllerInfo LCON dc36774d072f3cbd connected mcnt=0])
07-11 12:03:25.498   736   827 I SyncBossHAL: [info   ] pulsar_manager.c(772): Setting controller LED config to period: 33333us, on-time: 19us
07-11 12:03:25.499   736  5234 I SyncBossFW:  962279 [info   ] {APPI}: Found 2 connected pulsar devices
07-11 12:03:25.504   736   942 D SensorService: Found paired controllers: 2
07-11 12:03:25.505   736   942 W SensorService: Attempt to adjust transmit power. Should boost:N. Function not implemented in syncboss HAL yet.
07-11 12:03:25.505   855  5303 E TrackingService: Failed to set transmit power adjustment. Should boost:N, Controller addr:dc36774d072f3cbd
07-11 12:03:25.505   855  5303 I TrackingService: Registering primary controller dc36774d072f3cbd in slot 1
07-11 12:03:25.506   855  5303 D TrackingService: TrackingDataPostProcessor: Hand autotransition v2 GK enabled: 1
07-11 12:03:25.506   855  5303 D TrackingService: registerRemote: dc36774d072f3cbd
07-11 12:03:25.521   855  5303 W TrackingService: Attempted to control leds, but gatekeeper is disabled. Skipping operation.
07-11 12:03:25.524   855  5303 D TrackingService: [HANDTRACKING] Controller dc36774d072f3cbd in hand: Y, valid: Y
07-11 12:03:25.534   736  5236 I SyncBossInput: [info   ] [lcon ( left) dc36774dxxxxxxxx]: 2282363 [info   ] {THDG}: active_seek -> inactive_seek
07-11 12:03:25.562   736   942 I MontereyCameraProvider: Switching channel from HAND to CONTROLLER
07-11 12:03:25.565   736  5327 W SensorService: frameset capture timestamp out of spec by -962305.41 ms. FrameType=HEADSET, observed=962338739000 expected=a33333000. FrameSyncPeriod is: 33.33 ms
07-11 12:03:25.569   736  5236 I SyncBossInput: [info   ] [lcon ( left) dc36774dxxxxxxxx]: 2701119 [info   ] {APP }: Connected
07-11 12:03:25.589   736   942 I FrameSetDispatcher: [HEADSET] Client thread started
07-11 12:03:25.590   736   942 I CameraClientManager: [HEADSET] Added client - started clients: 2
07-11 12:03:25.591   736  5236 I SyncBossHAL: [info   ] syncboss_hal_input_controller.c(197): Controller adf26074xxxxxxxx battery level changed: 0% -> 10%
07-11 12:03:25.595   736  5235 D SensorService: stateChangeNotifierFunc(): Reporting controller info. Change token: 9, paired=2 connected=2
07-11 12:03:25.595   855  5245 D OVRRemoteService: processStateChange([PairedControllerInfo LCON adf260742d57ae23 connected mcnt=0])
07-11 12:03:25.595   855  5245 D OVRRemoteService: processStateChange([PairedControllerInfo LCON dc36774d072f3cbd connected mcnt=0])
07-11 12:03:25.617   736  5236 I SyncBossInput: [info   ] [lcon ( left) dc36774dxxxxxxxx]: 2701120 [info   ] {THDG}: inactive_seek -> active_connected
07-11 12:03:25.649   855   995 I TrackingService: [           hand] STANDBY -> RUNNING transition time: 163 ms
07-11 12:03:25.653   736   942 I FrameSetDispatcher: [HEADSET] Client thread started
07-11 12:03:25.654   736   942 I CameraClientManager: [HEADSET] Added client - started clients: 3
07-11 12:03:25.654   855   995 I TrackingService: [         object] STANDBY -> RUNNING transition time: 4 ms
07-11 12:03:25.654   855   995 I TrackingService: [     controller] STANDBY -> RUNNING transition time: 0 ms
07-11 12:03:25.658   855   995 I TrackingService: Setting initial exposure: 0.005000, initial gain: 3.000000
07-11 12:03:25.669   736   940 I FrameSetDispatcher: [HEADSET] Client thread started
07-11 12:03:25.669   736   940 E FrameSetDispatcher: [HEADSET] Frame Count Requirement violated: number of streaming clients: 4, maximum number of FrameSets: 4
07-11 12:03:25.669   736   940 I CameraClientManager: [HEADSET] Added client - started clients: 4
07-11 12:03:25.669   855   995 I TrackingService: [ExposureControl] STANDBY -> RUNNING transition time: 15 ms
07-11 12:03:25.669   855  3694 D TrackingService: setPowerState: RUNNING
