07-11 13:00:11.602  1034  1057 I DisplayManagerService: Display device changed state: "com.oculus.android_panel_app.AndroidPanelLayer-controlbar3", ON
07-11 13:00:11.618  2909  3018 W GuardianOpenXrMgr: @@@ wait frame retry=10 dtWait=0.000000 dtFrame=0.041628 submittedFrameIndex=24829
07-11 13:00:11.661  1034  1053 W WindowManager: Unable to take screenshot of display 158
07-11 13:00:11.664  2909  2923 I guardianservic: Background concurrent copying GC freed 28558(1251KB) AllocSpace objects, 5(252KB) LOS objects, 57% free, 1128KB/2664KB, paused 36us total 132.566ms
07-11 13:00:11.680  1034  1053 E WindowManager: App trying to use insecure INPUT_FEATURE_NO_INPUT_CHANNEL flag. Ignoring
07-11 13:00:11.691  2909  2925 W System  : A resource failed to call close. 
07-11 13:00:11.693  1253  8768 I CompositorVR: SetSchedFifo( tid=2988, pol=2, pri=0 ) succeeded
07-11 13:00:11.707  1034  1057 I ActivityTaskManager: Override config changes=20005df8 {0.0 ?mcc?mnc ?localeList ?layoutDir sw40dp w800dp h40dp 160dpi nrml long land ?uimode ?night -touch qwerty/v/v -nav/h winConfig={ mBounds=Rect(0, 0 - 800, 40) mAppBounds=Rect(0, 0 - 800, 40) mWindowingMode=fullscreen mDisplayWindowingMode=fullscreen mActivityType=undefined mAlwaysOnTop=undefined mRotation=ROTATION_0}} for displayId=158
07-11 13:00:11.709  1034  1057 I WindowManager: Screen frozen for +71ms due to new-config
07-11 13:00:11.709  1034  1055 W Looper  : Slow dispatch took 115ms android.ui h=android.hardware.display.DisplayManagerGlobal$DisplayListenerDelegate c=null m=3
07-11 13:00:11.714  1253  2933 I VrRuntimeService: CreateSwapChain: 2285421117
07-11 13:00:11.714  1253  2933 I VrRuntimeService: CreateSwapChain: api:vk 0 0x2b 800 40 10 3 1 4 3
07-11 13:00:11.714  1253  2933 W SwapChain_Vulkan: CreateTextureSwapChainFoveationVulkan: ShouldCreateFragmentDensityMap: false
07-11 13:00:11.714  1253  2933 W SwapChain_Vulkan: ExportTextureResourcesFoveationVulkan: chain->VkInteropFoveation.Device == nullptr
07-11 13:00:11.714  1253  2933 W SwapChain: CreateTextureSwapChainFoveation: export failed
07-11 13:00:11.715  1253  2933 I VrRuntimeServer: CreateTextureSwapChain: result importswapchaingles 1
07-11 13:00:11.721  1253  2933 I VrRuntimeService: UpdateSwapChainSamplerState: 361
07-11 13:00:11.721  1253  2933 I VrRuntimeService: UpdateSwapChainSamplerState: minFilter=1 magFilter=1 wrapModeS=3 warpModeT=3 maxAniso=1.000000 border={0.000000,0.000000,0.000000,0.000000} swizzle={0,1,2,3}
07-11 13:00:11.721  1253  8768 I CompositorVR: SetSchedFifo( tid=2081, pol=2, pri=0 ) succeeded
07-11 13:00:11.721  1253  8768 I CompositorVR: SetSchedFifo( tid=9519, pol=2, pri=0 ) succeeded
07-11 13:00:11.728  1034  3848 W ActivityManager: Slow operation: 100ms so far, now at getContentProviderImpl: after updateOomAdj
07-11 13:00:11.728  1034  3848 W ActivityManager: Slow operation: 100ms so far, now at getContentProviderImpl: done!
07-11 13:00:11.730  1975  9445 D CCodecBufferChannel: [c2.android.vorbis.decoder#503] Discard frames from previous generation.
07-11 13:00:11.735  1253  8768 I CompositorVR: SetSchedFifo( tid=2081, pol=3, pri=0 ) succeeded
07-11 13:00:11.736  1253  8768 I CompositorVR: SetSchedFifo( tid=9519, pol=3, pri=0 ) succeeded
07-11 13:00:11.778   840  5596 V C2Store : in ~ComponentModule
07-11 13:00:11.778   840  5596 V C2Store : unloading dll
07-11 13:00:11.788  3519  3591 D QuickPromotionModule: Signal trigger 'app_foreground'.
07-11 13:00:11.788  1545  9777 W ContextImpl: Calling a method in the system process without a qualified user: android.app.ContextImpl.sendBroadcast:1057 android.content.ContextWrapper.sendBroadcast:448 X.o8.A00:143 X.nw.A00:17 X.nw.handleMessage:90 
07-11 13:00:11.802  3519  3609 W RCTVR_HERMES: [warn]: 'QuickPromotions', { type: 'oc_quick_promotion_client_events',
07-11 13:00:11.802  3519  3609 W RCTVR_HERMES:   action_name: 'dropped',
07-11 13:00:11.802  3519  3609 W RCTVR_HERMES:   trigger: 'app_foreground',
07-11 13:00:11.802  3519  3609 W RCTVR_HERMES:   promotion_id: '603810110204466',
07-11 13:00:11.802  3519  3609 W RCTVR_HERMES:   surface_id: 5259,
07-11 13:00:11.802  3519  3609 W RCTVR_HERMES:   message: 'Surface mismatch \'5259\' on \'5643\'.',
07-11 13:00:11.802  3519  3609 W RCTVR_HERMES:   logging_trace: '{"eligibility_status":"1","qp_status":"Public","qp_start_time":"1607671437","qp_end_time":"4102473600","nux_id":"5259","supports_dark_mode_image":"","uuid":"758bebc5-111b-4e78-ab4f-b1b856fc2050","viewer_id":"0","is_hscroll_unit":"","locale":"en_US"}' }
07-11 13:00:11.825  1253  1948 D OVRFitnessDataInternal: Requesting Insert FitnessData: 41.0.0.0
07-11 13:00:11.843  3519  3609 E RCTVR_HERMES: [error]: 'QuickPromotions', { type: 'oc_quick_promotion_client_events',
07-11 13:00:11.843  3519  3609 E RCTVR_HERMES:   action_name: 'dropped',
07-11 13:00:11.843  3519  3609 E RCTVR_HERMES:   trigger: 'app_foreground',
07-11 13:00:11.843  3519  3609 E RCTVR_HERMES:   promotion_id: '603810110204466',
07-11 13:00:11.843  3519  3609 E RCTVR_HERMES:   surface_id: 5259,
07-11 13:00:11.843  3519  3609 E RCTVR_HERMES:   message: 'Error in evaluating contextual filters.',
07-11 13:00:11.843  3519  3609 E RCTVR_HERMES:   logging_trace: '{"eligibility_status":"1","qp_status":"Public","qp_start_time":"1607671437","qp_end_time":"4102473600","nux_id":"5259","supports_dark_mode_image":"","uuid":"758bebc5-111b-4e78-ab4f-b1b856fc2050","viewer_id":"0","is_hscroll_unit":"","locale":"en_US"}' }
07-11 13:00:11.899  2597  3236 I FitnessDataProvider: Received Request Insert FitnessData: 41.0.0.0
07-11 13:00:11.936  1545  9779 W ContextImpl: Calling a method in the system process without a qualified user: android.app.ContextImpl.sendBroadcast:1057 android.content.ContextWrapper.sendBroadcast:448 X.o8.A00:143 X.nw.A00:17 X.nw.handleMessage:90 
07-11 13:00:11.941  1253  1948 E TREX    : Plugin FitnessTrackerServerPlugin update: max = 0.033, actual = 0.117. Next plugin update is throttled.
07-11 13:00:11.946   599   599 D AF::RecordHandle: OpRecordAudio: track:55 uid:10015 pkg:com.oculus.shellenv usage:0 not muted
07-11 13:00:11.946   599  3752 D AF::RecordHandle: OpRecordAudio: track:109 uid:10049 pkg:com.oculus.horizon usage:0 not muted
07-11 13:00:11.970  2909  2909 D MemoryPressureObserver: Quest1:Resending the current pressure state to re-clear the caches state:some
07-11 13:00:11.972  2909  2909 D MemoryPressureObserver: setCurrentMemoryPressure:some
07-11 13:00:11.972  2909  2909 D VrGuardianService: OnMemoryPressureStateUpdate: memoryPressure = Some
07-11 13:00:11.972  2909  2909 I VrGuardianService: OnMemoryPressureChange: 1
07-11 13:00:11.978  1941  9693 I chatty  : uid=10023(com.oculus.vrshell) ShellOverlayMai expire 1 line
07-11 13:00:11.982  3519  3591 I RCTAudio: RCTAudioModule::PlayOneShot src:'sfx_hover'
07-11 13:00:12.007  1975  9517 I VrApi   : FPS=71/72,Prd=39ms,Tear=0,Early=68,Stale=1,VSnc=0,Lat=-1,Fov=0,CPU4/GPU=4/4,2304/670MHz,OC=FF,TA=0/E0/0,SP=N/F/N,Mem=1804MHz,Free=1572MB,PLS=0,Temp=32.0C/0.0C,TW=3.25ms,App=2.58ms,GD=0.75ms,CPU&GPU=5.25ms,LCnt=3,GPU%=0.48,CPU%=0.44(W0.50),DSF=1.00
07-11 13:00:12.019  1975  9783 D CCodec  : allocate(c2.android.vorbis.decoder)
07-11 13:00:12.020   840  5596 V C2Store : in init
07-11 13:00:12.020   840  5596 V C2Store : loading dll
07-11 13:00:12.032  1975  9783 I CCodec  : Created component [c2.android.vorbis.decoder]
07-11 13:00:12.033  1975  9783 D CCodecConfig: read media type: audio/vorbis
07-11 13:00:12.037  1975  9783 D ReflectedParamUpdater: extent() != 1 for single value type: algo.buffers.max-count.values
07-11 13:00:12.037  1975  9783 D ReflectedParamUpdater: extent() != 1 for single value type: output.subscribed-indices.values
07-11 13:00:12.037  1975  9783 D ReflectedParamUpdater: extent() != 1 for single value type: input.buffers.allocator-ids.values
07-11 13:00:12.037  1975  9783 D ReflectedParamUpdater: extent() != 1 for single value type: output.buffers.allocator-ids.values
07-11 13:00:12.037  1975  9783 D ReflectedParamUpdater: extent() != 1 for single value type: algo.buffers.allocator-ids.values
07-11 13:00:12.037  1975  9783 D ReflectedParamUpdater: extent() != 1 for single value type: output.buffers.pool-ids.values
07-11 13:00:12.037  1975  9783 D ReflectedParamUpdater: extent() != 1 for single value type: algo.buffers.pool-ids.values
07-11 13:00:12.039  1975  9783 I CCodecConfig: query failed after returning 7 values (BAD_INDEX)
07-11 13:00:12.039  1975  9783 D CCodecConfig: c2 config diff is Dict {
07-11 13:00:12.039  1975  9783 D CCodecConfig:   c2::u32 coded.bitrate.value = 64000
07-11 13:00:12.039  1975  9783 D CCodecConfig:   c2::u32 input.buffers.max-size.value = 32768
07-11 13:00:12.039  1975  9783 D CCodecConfig:   c2::u32 input.delay.value = 0
07-11 13:00:12.039  1975  9783 D CCodecConfig:   string input.media-type.value = "audio/vorbis"
07-11 13:00:12.039  1975  9783 D CCodecConfig:   string output.media-type.value = "audio/raw"
07-11 13:00:12.039  1975  9783 D CCodecConfig:   c2::u32 raw.channel-count.value = 1
07-11 13:00:12.039  1975  9783 D CCodecConfig:   c2::u32 raw.sample-rate.value = 48000
07-11 13:00:12.039  1975  9783 D CCodecConfig: }
07-11 13:00:12.039  1975  9783 D CCodecConfig: no c2 equivalents for durationUs
07-11 13:00:12.039  1975  9783 D CCodecConfig: no c2 equivalents for csd-1
07-11 13:00:12.040  1975  9783 D CCodecConfig: no c2 equivalents for track-id
07-11 13:00:12.040  1975  9783 D CCodecConfig: no c2 equivalents for channel-mask
07-11 13:00:12.042  1975  9783 D CCodecConfig: c2 config diff is   c2::u32 raw.channel-count.value = 4
07-11 13:00:12.042  1975  9783 D CCodecConfig:   c2::u32 raw.sample-rate.value = 44100
07-11 13:00:12.042  1975  9783 W Codec2Client: query -- param skipped: index = 1107298332.
07-11 13:00:12.042  1975  9783 D CCodec  : setup formats input: AMessage(what = 0x00000000) = {
07-11 13:00:12.042  1975  9783 D CCodec  :   int32_t channel-count = 4
07-11 13:00:12.042  1975  9783 D CCodec  :   int32_t max-input-size = 32768
07-11 13:00:12.042  1975  9783 D CCodec  :   string mime = "audio/vorbis"
07-11 13:00:12.042  1975  9783 D CCodec  :   int32_t sample-rate = 44100
07-11 13:00:12.042  1975  9783 D CCodec  : } and output: AMessage(what = 0x00000000) = {
07-11 13:00:12.042  1975  9783 D CCodec  :   int32_t channel-count = 4
07-11 13:00:12.042  1975  9783 D CCodec  :   string mime = "audio/raw"
07-11 13:00:12.042  1975  9783 D CCodec  :   int32_t sample-rate = 44100
07-11 13:00:12.042  1975  9783 D CCodec  :   int32_t channel-mask = 51
07-11 13:00:12.042  1975  9783 D CCodec  : }
07-11 13:00:12.046  2909  3027 I VrGuardianService: GuardianSDKServer::SetGuardianHitDialog2 0
07-11 13:00:12.070   840   840 V C2Store : in ~ComponentModule
07-11 13:00:12.070   840   840 V C2Store : unloading dll
07-11 13:00:12.086  3519  3609 W RCTVR_HERMES: [warn]: QEData empty or corrupt for sessionless__oculus_explore_tv_video_renderer
07-11 13:00:12.131  1545  9781 W ContextImpl: Calling a method in the system process without a qualified user: android.app.ContextImpl.sendBroadcast:1057 android.content.ContextWrapper.sendBroadcast:448 X.o8.A00:143 X.nw.A00:17 X.nw.handleMessage:90 
07-11 13:00:12.172  1975  9786 D CCodec  : allocate(c2.android.vorbis.decoder)
07-11 13:00:12.172   840   840 V C2Store : in init
07-11 13:00:12.172   840   840 V C2Store : loading dll
07-11 13:00:12.175  1975  1995 W System  : A resource failed to call release. 
07-11 13:00:12.176  1975  1995 W System  : A resource failed to call release. 
07-11 13:00:12.189  1975  9786 I CCodec  : Created component [c2.android.vorbis.decoder]
07-11 13:00:12.189  1975  9786 D CCodecConfig: read media type: audio/vorbis
07-11 13:00:12.192  1975  9786 D ReflectedParamUpdater: extent() != 1 for single value type: algo.buffers.max-count.values
07-11 13:00:12.192  1975  9786 D ReflectedParamUpdater: extent() != 1 for single value type: output.subscribed-indices.values
07-11 13:00:12.193  1975  9786 D ReflectedParamUpdater: extent() != 1 for single value type: input.buffers.allocator-ids.values
07-11 13:00:12.193  1975  9786 D ReflectedParamUpdater: extent() != 1 for single value type: output.buffers.allocator-ids.values
07-11 13:00:12.193  1975  9786 D ReflectedParamUpdater: extent() != 1 for single value type: algo.buffers.allocator-ids.values
07-11 13:00:12.193  1975  9786 D ReflectedParamUpdater: extent() != 1 for single value type: output.buffers.pool-ids.values
07-11 13:00:12.193  1975  9786 D ReflectedParamUpdater: extent() != 1 for single value type: algo.buffers.pool-ids.values
07-11 13:00:12.196  1975  9786 I CCodecConfig: query failed after returning 7 values (BAD_INDEX)
07-11 13:00:12.196  1975  9786 D CCodecConfig: c2 config diff is Dict {
07-11 13:00:12.196  1975  9786 D CCodecConfig:   c2::u32 coded.bitrate.value = 64000
07-11 13:00:12.196  1975  9786 D CCodecConfig:   c2::u32 input.buffers.max-size.value = 32768
07-11 13:00:12.196  1975  9786 D CCodecConfig:   c2::u32 input.delay.value = 0
07-11 13:00:12.196  1975  9786 D CCodecConfig:   string input.media-type.value = "audio/vorbis"
07-11 13:00:12.196  1975  9786 D CCodecConfig:   string output.media-type.value = "audio/raw"
07-11 13:00:12.196  1975  9786 D CCodecConfig:   c2::u32 raw.channel-count.value = 1
07-11 13:00:12.196  1975  9786 D CCodecConfig:   c2::u32 raw.sample-rate.value = 48000
07-11 13:00:12.196  1975  9786 D CCodecConfig: }
07-11 13:00:12.197  1975  9786 D CCodecConfig: no c2 equivalents for durationUs
07-11 13:00:12.197  1975  9786 D CCodecConfig: no c2 equivalents for csd-1
07-11 13:00:12.197  1975  9786 D CCodecConfig: no c2 equivalents for track-id
07-11 13:00:12.197  1975  9786 D CCodecConfig: no c2 equivalents for channel-mask
07-11 13:00:12.197  1975  9786 D CCodecConfig: c2 config diff is   c2::u32 raw.channel-count.value = 4
07-11 13:00:12.197  1975  9786 D CCodecConfig:   c2::u32 raw.sample-rate.value = 44100
07-11 13:00:12.198  1975  9786 W Codec2Client: query -- param skipped: index = 1107298332.
07-11 13:00:12.198  1975  9786 D CCodec  : setup formats input: AMessage(what = 0x00000000) = {
07-11 13:00:12.198  1975  9786 D CCodec  :   int32_t channel-count = 4
07-11 13:00:12.198  1975  9786 D CCodec  :   int32_t max-input-size = 32768
07-11 13:00:12.198  1975  9786 D CCodec  :   string mime = "audio/vorbis"
07-11 13:00:12.198  1975  9786 D CCodec  :   int32_t sample-rate = 44100
07-11 13:00:12.198  1975  9786 D CCodec  : } and output: AMessage(what = 0x00000000) = {
07-11 13:00:12.198  1975  9786 D CCodec  :   int32_t channel-count = 4
07-11 13:00:12.198  1975  9786 D CCodec  :   string mime = "audio/raw"
07-11 13:00:12.198  1975  9786 D CCodec  :   int32_t sample-rate = 44100
07-11 13:00:12.198  1975  9786 D CCodec  :   int32_t channel-mask = 51
07-11 13:00:12.198  1975  9786 D CCodec  : }
07-11 13:00:12.213  1975  9786 W Codec2Client: query -- param skipped: index = 1342179345.
07-11 13:00:12.213  1975  9786 W Codec2Client: query -- param skipped: index = 2415921170.
07-11 13:00:12.214  1975  9786 D CCodecBufferChannel: [c2.android.vorbis.decoder#622] Created input block pool with allocatorID 16 => poolID 83 - OK (0)
07-11 13:00:12.215  3120  3442 I chatty  : uid=10034(com.oculus.systemux) HwBinder:3120_1 expire 2 lines
07-11 13:00:12.218  1975  9786 I CCodecBufferChannel: [c2.android.vorbis.decoder#622] Created output block pool with allocatorID 16 => poolID 121 - OK
07-11 13:00:12.218  1975  9786 D CCodecBufferChannel: [c2.android.vorbis.decoder#622] Configured output block pool ids 121 => OK
07-11 13:00:12.226   840  9787 D SimpleC2Component: Using output block pool with poolID 121 => got 121 - 0
07-11 13:00:12.228  1975  9786 D CCodecBufferChannel: [c2.android.vorbis.decoder#622] Discard frames from previous generation.
07-11 13:00:12.235  1975  9786 D CCodecBufferChannel: [c2.android.vorbis.decoder#622] Discard frames from previous generation.
07-11 13:00:12.238   840  1400 D BufferPoolAccessor: Destruction - bufferpool2 0x3374eeae30 cached: 0/0M, 0/0% in use; allocs: 0, 0% recycled; transfers: 0, 0% unfetced
07-11 13:00:12.238   840  1400 V C2Store : in ~ComponentModule
07-11 13:00:12.238   840  1400 V C2Store : unloading dll
07-11 13:00:12.324  1975  9789 D CCodec  : allocate(c2.android.vorbis.decoder)
07-11 13:00:12.325   840  1400 V C2Store : in init
07-11 13:00:12.325   840  1400 V C2Store : loading dll
07-11 13:00:12.329  1975  9789 I CCodec  : Created component [c2.android.vorbis.decoder]
07-11 13:00:12.330  1975  9789 D CCodecConfig: read media type: audio/vorbis
07-11 13:00:12.339  1975  9789 D ReflectedParamUpdater: extent() != 1 for single value type: algo.buffers.max-count.values
07-11 13:00:12.340  1975  9789 D ReflectedParamUpdater: extent() != 1 for single value type: output.subscribed-indices.values
07-11 13:00:12.340  1975  9789 D ReflectedParamUpdater: extent() != 1 for single value type: input.buffers.allocator-ids.values
07-11 13:00:12.340  1975  9789 D ReflectedParamUpdater: extent() != 1 for single value type: output.buffers.allocator-ids.values
07-11 13:00:12.340  1975  9789 D ReflectedParamUpdater: extent() != 1 for single value type: algo.buffers.allocator-ids.values
07-11 13:00:12.340  1975  9789 D ReflectedParamUpdater: extent() != 1 for single value type: output.buffers.pool-ids.values
07-11 13:00:12.340  1975  9789 D ReflectedParamUpdater: extent() != 1 for single value type: algo.buffers.pool-ids.values
07-11 13:00:12.342  1975  9789 I CCodecConfig: query failed after returning 7 values (BAD_INDEX)
07-11 13:00:12.342  1975  9789 D CCodecConfig: c2 config diff is Dict {
07-11 13:00:12.342  1975  9789 D CCodecConfig:   c2::u32 coded.bitrate.value = 64000
07-11 13:00:12.342  1975  9789 D CCodecConfig:   c2::u32 input.buffers.max-size.value = 32768
07-11 13:00:12.342  1975  9789 D CCodecConfig:   c2::u32 input.delay.value = 0
07-11 13:00:12.342  1975  9789 D CCodecConfig:   string input.media-type.value = "audio/vorbis"
07-11 13:00:12.342  1975  9789 D CCodecConfig:   string output.media-type.value = "audio/raw"
07-11 13:00:12.342  1975  9789 D CCodecConfig:   c2::u32 raw.channel-count.value = 1
07-11 13:00:12.342  1975  9789 D CCodecConfig:   c2::u32 raw.sample-rate.value = 48000
07-11 13:00:12.342  1975  9789 D CCodecConfig: }
07-11 13:00:12.342  1975  9789 D CCodecConfig: no c2 equivalents for durationUs
07-11 13:00:12.342  1975  9789 D CCodecConfig: no c2 equivalents for csd-1
07-11 13:00:12.342  1975  9789 D CCodecConfig: no c2 equivalents for track-id
07-11 13:00:12.342  1975  9789 D CCodecConfig: no c2 equivalents for channel-mask
07-11 13:00:12.346  1975  9789 D CCodecConfig: c2 config diff is   c2::u32 raw.channel-count.value = 4
07-11 13:00:12.346  1975  9789 D CCodecConfig:   c2::u32 raw.sample-rate.value = 44100
07-11 13:00:12.352  1975  9789 W Codec2Client: query -- param skipped: index = 1107298332.
07-11 13:00:12.352  1975  9789 D CCodec  : setup formats input: AMessage(what = 0x00000000) = {
07-11 13:00:12.352  1975  9789 D CCodec  :   int32_t channel-count = 4
07-11 13:00:12.352  1975  9789 D CCodec  :   int32_t max-input-size = 32768
07-11 13:00:12.352  1975  9789 D CCodec  :   string mime = "audio/vorbis"
07-11 13:00:12.352  1975  9789 D CCodec  :   int32_t sample-rate = 44100
07-11 13:00:12.352  1975  9789 D CCodec  : } and output: AMessage(what = 0x00000000) = {
07-11 13:00:12.352  1975  9789 D CCodec  :   int32_t channel-count = 4
07-11 13:00:12.352  1975  9789 D CCodec  :   string mime = "audio/raw"
07-11 13:00:12.352  1975  9789 D CCodec  :   int32_t sample-rate = 44100
07-11 13:00:12.352  1975  9789 D CCodec  :   int32_t channel-mask = 51
07-11 13:00:12.352  1975  9789 D CCodec  : }
07-11 13:00:12.359   840  1403 V C2Store : in ~ComponentModule
07-11 13:00:12.359   840  1403 V C2Store : unloading dll
07-11 13:00:12.472  1975  9793 D CCodec  : allocate(c2.android.vorbis.decoder)
07-11 13:00:12.473   840  1403 V C2Store : in init
07-11 13:00:12.473   840  1403 V C2Store : loading dll
07-11 13:00:12.476  1975  9793 I CCodec  : Created component [c2.android.vorbis.decoder]
07-11 13:00:12.477  1975  9793 D CCodecConfig: read media type: audio/vorbis
07-11 13:00:12.479  1975  9793 D ReflectedParamUpdater: extent() != 1 for single value type: algo.buffers.max-count.values
07-11 13:00:12.479  1975  9793 D ReflectedParamUpdater: extent() != 1 for single value type: output.subscribed-indices.values
07-11 13:00:12.480  1975  9793 D ReflectedParamUpdater: extent() != 1 for single value type: input.buffers.allocator-ids.values
07-11 13:00:12.481  1975  9793 D ReflectedParamUpdater: extent() != 1 for single value type: output.buffers.allocator-ids.values
07-11 13:00:12.482  1975  9793 D ReflectedParamUpdater: extent() != 1 for single value type: algo.buffers.allocator-ids.values
07-11 13:00:12.482  1975  9793 D ReflectedParamUpdater: extent() != 1 for single value type: output.buffers.pool-ids.values
07-11 13:00:12.484  1975  9793 D ReflectedParamUpdater: extent() != 1 for single value type: algo.buffers.pool-ids.values
07-11 13:00:12.485  1975  9793 I CCodecConfig: query failed after returning 7 values (BAD_INDEX)
07-11 13:00:12.486  1975  9793 D CCodecConfig: c2 config diff is Dict {
07-11 13:00:12.486  1975  9793 D CCodecConfig:   c2::u32 coded.bitrate.value = 64000
07-11 13:00:12.486  1975  9793 D CCodecConfig:   c2::u32 input.buffers.max-size.value = 32768
07-11 13:00:12.486  1975  9793 D CCodecConfig:   c2::u32 input.delay.value = 0
07-11 13:00:12.486  1975  9793 D CCodecConfig:   string input.media-type.value = "audio/vorbis"
07-11 13:00:12.486  1975  9793 D CCodecConfig:   string output.media-type.value = "audio/raw"
07-11 13:00:12.486  1975  9793 D CCodecConfig:   c2::u32 raw.channel-count.value = 1
07-11 13:00:12.486  1975  9793 D CCodecConfig:   c2::u32 raw.sample-rate.value = 48000
07-11 13:00:12.486  1975  9793 D CCodecConfig: }
07-11 13:00:12.486  1975  9793 D CCodecConfig: no c2 equivalents for durationUs
07-11 13:00:12.486  1975  9793 D CCodecConfig: no c2 equivalents for csd-1
07-11 13:00:12.486  1975  9793 D CCodecConfig: no c2 equivalents for track-id
07-11 13:00:12.486  1975  9793 D CCodecConfig: no c2 equivalents for channel-mask
07-11 13:00:12.487  1975  9793 D CCodecConfig: c2 config diff is   c2::u32 raw.channel-count.value = 4
07-11 13:00:12.487  1975  9793 D CCodecConfig:   c2::u32 raw.sample-rate.value = 44100
07-11 13:00:12.487  1975  9793 W Codec2Client: query -- param skipped: index = 1107298332.
07-11 13:00:12.487  1975  9793 D CCodec  : setup formats input: AMessage(what = 0x00000000) = {
07-11 13:00:12.487  1975  9793 D CCodec  :   int32_t channel-count = 4
07-11 13:00:12.487  1975  9793 D CCodec  :   int32_t max-input-size = 32768
07-11 13:00:12.487  1975  9793 D CCodec  :   string mime = "audio/vorbis"
07-11 13:00:12.487  1975  9793 D CCodec  :   int32_t sample-rate = 44100
07-11 13:00:12.487  1975  9793 D CCodec  : } and output: AMessage(what = 0x00000000) = {
07-11 13:00:12.487  1975  9793 D CCodec  :   int32_t channel-count = 4
07-11 13:00:12.487  1975  9793 D CCodec  :   string mime = "audio/raw"
07-11 13:00:12.487  1975  9793 D CCodec  :   int32_t sample-rate = 44100
07-11 13:00:12.487  1975  9793 D CCodec  :   int32_t channel-mask = 51
07-11 13:00:12.487  1975  9793 D CCodec  : }
07-11 13:00:12.498  1975  9793 W Codec2Client: query -- param skipped: index = 1342179345.
07-11 13:00:12.498  1975  9793 W Codec2Client: query -- param skipped: index = 2415921170.
07-11 13:00:12.499  1975  9793 D CCodecBufferChannel: [c2.android.vorbis.decoder#470] Created input block pool with allocatorID 16 => poolID 84 - OK (0)
07-11 13:00:12.500  1975  9793 I CCodecBufferChannel: [c2.android.vorbis.decoder#470] Created output block pool with allocatorID 16 => poolID 122 - OK
07-11 13:00:12.500  1975  9793 D CCodecBufferChannel: [c2.android.vorbis.decoder#470] Configured output block pool ids 122 => OK
07-11 13:00:12.507   599   998 D AudioFlinger: mixer(0x72096a20c0) throttle end: throttle time(4)
07-11 13:00:12.519   840  9794 D SimpleC2Component: Using output block pool with poolID 122 => got 122 - 0
07-11 13:00:12.533   736  8724 E SensorService: HMD IMU samples delayed: 5.815ms between sample arrivals (expected 1.000ms)
07-11 13:00:12.569   855  1162 I chatty  : uid=1000(system) Localizer expire 2 lines
07-11 13:00:13.005  1975  9517 I VrApi   : FPS=48/72,Prd=37ms,Tear=0,Early=64,Stale=3,VSnc=0,Lat=-1,Fov=0,CPU4/GPU=4/4,2304/670MHz,OC=FF,TA=0/E0/0,SP=N/F/N,Mem=1804MHz,Free=1572MB,PLS=0,Temp=32.0C/0.0C,TW=3.02ms,App=8.01ms,GD=0.37ms,CPU&GPU=9.97ms,LCnt=4,GPU%=0.68,CPU%=0.55(W0.75),DSF=1.00
07-11 13:00:13.096  3519  3609 W RCTVR_HERMES: [warn]: QEData empty or corrupt for sessionless__oculus_explore_tv_video_renderer
07-11 13:00:13.165  1253  3013 I VrRuntimeService: RuntimeServiceSDKServer::SetGuardianSystemState: 3470851528
07-11 13:00:13.166  2909  3018 I GuardianSystem: UpdateGuardianSystemState: Flags changed: 1581064, 1572872, SYSTEM_ROOM_SCALE_ACTIVE,SYSTEM_GUARDIAN_VISIBLE,SYSTEM_GUARDIAN_VALID,SYSTEM_PLAYSPACE_SCAN_WARNING to SYSTEM_ROOM_SCALE_ACTIVE,SYSTEM_GUARDIAN_VALID,SYSTEM_PLAYSPACE_SCAN_WARNING
07-11 13:00:13.322  1253  8768 I CompositorVR: SetSchedFifo( tid=3018, pol=2, pri=0 ) succeeded
07-11 13:00:13.323  1253  8768 I CompositorVR: SetSchedFifo( tid=3398, pol=2, pri=0 ) succeeded
07-11 13:00:13.323  1253  8768 I CompositorVR: SetSchedFifo( tid=3411, pol=2, pri=0 ) succeeded
07-11 13:00:13.325  2909  3018 I GuardianControllerCollisionTracker: Guardian Controller Collision: Magnitude: 8.429, Duration: -1.000 sec, TimeStamp: 4375.010254 sec
07-11 13:00:13.406  2909  3018 I GuardianControllerCollisionTracker: Guardian Controller Collision: Magnitude: 9.072, Duration: -1.000 sec, TimeStamp: 4375.082031 sec
07-11 13:00:13.689  2909  3027 I VrGuardianService: GuardianSDKServer::SendRenderModeConditions
07-11 13:00:14.113  2075  9521 I chatty  : uid=10023(com.oculus.vrshell) ShellMain expire 2 lines
07-11 13:00:14.541  1975  9517 I Telemetry: App memory usage: PSS=399MB DalvikPSS=0 MB PrivateDirty=361MB PrivateClean=27MB
07-11 13:00:14.543  1975  9517 I VrApi   : FPS=73/72,Prd=41ms,Tear=0,Early=34,Stale=22,VSnc=0,Lat=-1,Fov=0,CPU4/GPU=4/4,2304/670MHz,OC=FF,TA=0/E0/0,SP=N/F/N,Mem=1804MHz,Free=1560MB,PLS=0,Temp=32.0C/0.0C,TW=2.93ms,App=7.47ms,GD=0.38ms,CPU&GPU=10.30ms,LCnt=4,GPU%=0.69,CPU%=0.64(W0.95),DSF=1.00
07-11 13:00:14.850  1253  1948 D OVRFitnessDataInternal: Requesting Insert FitnessData: 41.0.0.0
07-11 13:00:14.865  2597  3236 I FitnessDataProvider: Received Request Insert FitnessData: 41.0.0.0
07-11 13:00:15.005  1975  9517 I VrApi   : FPS=71/72,Prd=40ms,Tear=0,Early=71,Stale=0,VSnc=0,Lat=-1,Fov=0,CPU4/GPU=4/4,2304/670MHz,OC=FF,TA=0/E0/0,SP=N/F/N,Mem=1804MHz,Free=1560MB,PLS=0,Temp=32.0C/0.0C,TW=1.89ms,App=6.81ms,GD=0.00ms,CPU&GPU=9.24ms,LCnt=4,GPU%=0.57,CPU%=0.24(W0.28),DSF=1.00
07-11 13:00:15.373  1253  2027 I PerformanceManager_V0: SetClockLevels: Apply pending clock request change: 4,4 -> 3,3
07-11 13:00:15.373  1253  1999 I Clocks  : ReleaseClocks - start
07-11 13:00:15.374  1253  1999 I Clocks  : ReleaseClocks - end (0.5 ms)
07-11 13:00:15.374  1253  1999 I Clocks  : LockClocks( cpu=3, gpu=3 ) - start
07-11 13:00:15.384  1253  1999 I Clocks  : CPU levels [0, 4]
07-11 13:00:15.384  1253  1999 I Clocks  : GPU levels [0, 5]
07-11 13:00:15.385  1253  1999 I Clocks  : LockClocks( cpu=3, gpu=3 ) - end (11.1 ms)
07-11 13:00:16.007  1975  9517 I VrApi   : FPS=72/72,Prd=35ms,Tear=0,Early=70,Stale=1,VSnc=0,Lat=-1,Fov=0,CPU4/GPU=4/4,1958/515MHz,OC=FF,TA=0/E0/0,SP=N/F/N,Mem=1804MHz,Free=1560MB,PLS=0,Temp=32.0C/0.0C,TW=1.78ms,App=7.02ms,GD=0.00ms,CPU&GPU=8.44ms,LCnt=4,GPU%=0.57,CPU%=0.26(W0.35),DSF=1.00
07-11 13:00:16.469  2909  3018 W OsSdk   : Requested historical tracking state too far in the past; oldest: 4377.905029s, requested: 4374.985718s
07-11 13:00:16.470  2909  3372 I RuntimeIPCClientMgr: RuntimeIPCClientMgr::DisconnectFromServer: 0, Client: com.oculus.guardian:com.oculus.vrguardianservice:2909, Server: com.facebook.spatial_persistence_service:com.facebook.spatial_persistence_service (anchor_persistence_server_0)
07-11 13:00:16.471  1962  9775 I RuntimeIPCServerMgr: HandleClientDisconnect: Client: com.oculus.guardian:com.oculus.vrguardianservice:2909, Server: com.facebook.spatial_persistence_service:com.facebook.spatial_persistence_service (anchor_persistence_server_0)
07-11 13:00:16.471  2909  3372 I RuntimeIPCClientMgr: RuntimeIPCClient: Shutdown: Client: com.oculus.guardian:com.oculus.vrguardianservice:2909, Server: com.facebook.spatial_persistence_service:com.facebook.spatial_persistence_service (anchor_persistence_server_0)
07-11 13:00:16.471  2909  3372 I RuntimeIPCApi: ipc_Shutdown
07-11 13:00:16.471  2909  3372 I RuntimeIPCServiceClient: Shutdown: Refs still outstanding: 6, com.oculus.vrguardianservice
07-11 13:00:16.472  1975  2081 I Clay    : Local user with id 106348798779619 does NOT have a custom avatar
07-11 13:00:16.504  3519  3591 V RCTVRMEM: Total Allocated Space: 20541432, Total Free Space: 2998280, JavaScript Heap Size: 25000440
07-11 13:00:16.938   855  8794 D TrackingService: [HANDTRACKING] Controller adf260742d57ae23 in hand: N, valid: Y
07-11 13:00:16.946  1253  2027 I ServiceInputManager: HANDTRACKING autotransition v2 is in use, check for low confidence autotransitions
07-11 13:00:16.946  1253  2027 I ServiceInputManager: HANDTRACKING low confidence autotransition; start timer to gather more signal
07-11 13:00:16.956  1941  9782 I chatty  : uid=10023(com.oculus.vrshell) ShellOverlayMai expire 1 line
07-11 13:00:16.960  1253  2027 I ServiceInputManager: HANDTRACKING autotransition v2 is in use, check for low confidence autotransitions
07-11 13:00:16.973  2909  2909 D MemoryPressureObserver: Quest1:Resending the current pressure state to re-clear the caches state:some
07-11 13:00:16.973  2909  2909 D MemoryPressureObserver: setCurrentMemoryPressure:some
07-11 13:00:16.973  2909  2909 D VrGuardianService: OnMemoryPressureStateUpdate: memoryPressure = Some
07-11 13:00:16.973  2909  2909 I VrGuardianService: OnMemoryPressureChange: 1
07-11 13:00:16.974  1253  2027 I ServiceInputManager: HANDTRACKING autotransition v2 is in use, check for low confidence autotransitions
07-11 13:00:16.988  1253  2027 I ServiceInputManager: HANDTRACKING autotransition v2 is in use, check for low confidence autotransitions
07-11 13:00:17.002  1253  2027 I ServiceInputManager: HANDTRACKING autotransition v2 is in use, check for low confidence autotransitions
07-11 13:00:17.006  1975  9517 I VrApi   : FPS=71/72,Prd=32ms,Tear=0,Early=17,Stale=0,VSnc=0,Lat=-1,Fov=0,CPU4/GPU=3/3,1958/515MHz,OC=FF,TA=0/E0/0,SP=N/F/N,Mem=1804MHz,Free=1560MB,PLS=0,Temp=32.0C/0.0C,TW=2.28ms,App=8.55ms,GD=0.00ms,CPU&GPU=10.12ms,LCnt=4,GPU%=0.64,CPU%=0.35(W0.40),DSF=1.00
07-11 13:00:17.016  1253  2027 I ServiceInputManager: HANDTRACKING autotransition v2 is in use, check for low confidence autotransitions
07-11 13:00:17.085  1253  2027 I chatty  : uid=10033(com.oculus.systemdriver) ClientRequest identical 166 lines
07-11 13:00:17.112   855  8794 I chatty  : uid=1000(system) CtrlTracking expire 7 lines
07-11 13:00:17.378  1253  1999 I chatty  : uid=10033(com.oculus.systemdriver) OVR::Clocks expire 6 lines
07-11 13:00:17.632  1975  9793 D BufferPoolAccessor: bufferpool2 0x776b903420 : 8(262144 size) total buffers - 6(196608 size) used buffers - 1/9 (recycle/alloc) - 8/459 (fetch/transfer)
07-11 13:00:17.633   840  9794 D BufferPoolAccessor: bufferpool2 0x3374ef0230 : 2(131072 size) total buffers - 1(65536 size) used buffers - 226/228 (recycle/alloc) - 3/226 (fetch/transfer)
07-11 13:00:17.637   840  1400 D BufferPoolAccessor: bufferpool2 0x3374eee630 : 0(0 size) total buffers - 0(0 size) used buffers - 2089/2094 (recycle/alloc) - 8/2089 (fetch/transfer)
07-11 13:00:17.637   840  1400 D BufferPoolAccessor: Destruction - bufferpool2 0x3374eee630 cached: 0/0M, 0/0% in use; allocs: 2094, 100% recycled; transfers: 2089, 100% unfetced
07-11 13:00:17.819  1606  3148 I Telemetry: App memory usage: PSS=25MB DalvikPSS=7 MB PrivateDirty=21MB PrivateClean=1MB
07-11 13:00:17.859  1253  1948 I chatty  : uid=10033(com.oculus.systemdriver) TrexUpdateFunc expire 10 lines
07-11 13:00:17.878  2597  3236 I FitnessDataProvider: Received Request Insert FitnessData: 41.0.0.0
07-11 13:00:18.006  1975  9517 I VrApi   : FPS=72/72,Prd=32ms,Tear=0,Early=0,Stale=1,VSnc=0,Lat=-1,Fov=0,CPU4/GPU=3/3,1651/515MHz,OC=FF,TA=0/E0/0,SP=N/F/N,Mem=1804MHz,Free=1560MB,PLS=0,Temp=32.0C/0.0C,TW=2.31ms,App=8.66ms,GD=0.00ms,CPU&GPU=10.01ms,LCnt=4,GPU%=0.57,CPU%=0.35(W0.45),DSF=1.00
07-11 13:00:18.960  1606  2988 I [CT]    : MIXEDREALITY: MrServiceView: renderIteration: (every 10 seconds), screen is: ON, PT is: ON, ID is: OFF
07-11 13:00:19.006  1975  9517 I VrApi   : FPS=72/72,Prd=31ms,Tear=0,Early=0,Stale=0,VSnc=0,Lat=-1,Fov=0,CPU4/GPU=2/3,1651/515MHz,OC=FF,TA=0/E0/0,SP=N/F/N,Mem=1804MHz,Free=1560MB,PLS=0,Temp=32.0C/0.0C,TW=2.26ms,App=8.24ms,GD=0.00ms,CPU&GPU=9.75ms,LCnt=4,GPU%=0.67,CPU%=0.31(W0.35),DSF=1.00
07-11 13:00:19.092  1253  1273 I chatty  : uid=10033(com.oculus.systemdriver) Binder:1253_3 expire 1 line
07-11 13:00:19.089   736   736 W HwBinder:736_1: type=1400 audit(0.0:174): avc: denied { getattr } for path="/proc/855" dev="proc" ino=25635 scontext=u:r:hal_oculus_sensors:s0 tcontext=u:r:trackingserver:s0 tclass=dir permissive=0
07-11 13:00:19.094  1253  6047 I chatty  : uid=10033(com.oculus.systemdriver) Binder:1253_4 expire 1 line
07-11 13:00:19.096   847   947 D CameraMuxModeService: Switching active CameraMuxMode from 'default' to 'HandTracking'
07-11 13:00:19.098   736   940 I MontereyCameraProvider: Switching channel from CONTROLLER to HAND
07-11 13:00:19.098   736  9578 I FrameSetDispatcher: [CONTROLLER] Client thread stopping
07-11 13:00:19.099   736   940 I FrameSetDispatcher: [CONTROLLER] Client thread joined
07-11 13:00:19.099   736   940 I CameraClientManager: [CONTROLLER] Removed client - started clients: 0
07-11 13:00:19.099   855   995 I chatty  : uid=1000(system) StateHandler expire 76 lines
07-11 13:00:19.102   736   940 E libosutils: failed to get real path of file /proc/855/cmdline, err: Permission denied
07-11 13:00:19.106  2909  3141 I VrGuardianService: GuardianSDKServer::SetActiveHand
07-11 13:00:19.106  2909  3141 I VrGuardianService: GuardianSDKServer::SetSecondaryControllerActive 0
07-11 13:00:19.108   736   940 I FrameSetDispatcher: [HAND] Client thread started
07-11 13:00:19.108   736   940 I CameraClientManager: [HAND] Added client - started clients: 1
07-11 13:00:19.109  2909  3027 I VrGuardianService: GuardianSDKServer::SetActiveHand
07-11 13:00:19.110  2909  3027 I VrGuardianService: GuardianSDKServer::SetSecondaryControllerActive 0
07-11 13:00:19.134   736  8855 W SensorService: frameset capture timestamp out of spec by -4375889.57 ms. FrameType=HAND, observed=4375922907000 expected=a33333000. FrameSyncPeriod is: 33.33 ms
07-11 13:00:19.135   855  9802 I chatty  : uid=1000(system) /system/bin/trackingservice expire 324 lines
07-11 13:00:19.295   855  9804 I chatty  : uid=1000(system) /system/bin/trackingservice expire 1 line
07-11 13:00:19.296   855  9803 I chatty  : uid=1000(system) /system/bin/trackingservice expire 1 line
07-11 13:00:19.289   736   736 W HwBinder:736_1: type=1400 audit(0.0:175): avc: denied { getattr } for path="/proc/855" dev="proc" ino=25635 scontext=u:r:hal_oculus_sensors:s0 tcontext=u:r:trackingserver:s0 tclass=dir permissive=0
07-11 13:00:19.298   736   940 E libosutils: failed to get real path of file /proc/855/cmdline, err: Permission denied
07-11 13:00:19.302   736   940 I FrameSetDispatcher: [HAND] Client thread started
07-11 13:00:19.302   736   940 E FrameSetDispatcher: [HAND] Frame Count Requirement violated: number of streaming clients: 2, maximum number of FrameSets: 2
07-11 13:00:19.302   736   940 I CameraClientManager: [HAND] Added client - started clients: 2
07-11 13:00:19.289   736   736 W HwBinder:736_1: type=1400 audit(0.0:176): avc: denied { getattr } for path="/proc/855" dev="proc" ino=25635 scontext=u:r:hal_oculus_sensors:s0 tcontext=u:r:trackingserver:s0 tclass=dir permissive=0
07-11 13:00:19.302   736   940 E libosutils: failed to get real path of file /proc/855/cmdline, err: Permission denied
07-11 13:00:19.306   736   940 I FrameSetDispatcher: [HAND] Client thread started
07-11 13:00:19.307   736   940 E FrameSetDispatcher: [HAND] Frame Count Requirement violated: number of streaming clients: 3, maximum number of FrameSets: 2
07-11 13:00:19.307   736   940 I CameraClientManager: [HAND] Added client - started clients: 3
07-11 13:00:19.334   736  9801 E FrameSetDispatcher: [HAND] Client pid=855 (855): Failed to read from receive FMQ for 1 packets in 5000ms.
07-11 13:00:19.334   736  9801 E FrameSetDispatcher: This probably means this client is taking more than 33 ms to process the frame.
07-11 13:00:19.334   736  9801 E FrameSetDispatcher: Retrying.
07-11 13:00:19.352  2909  3027 I VrGuardianService: GuardianSDKServer::SetActiveHand
07-11 13:00:19.354  1253  3013 I chatty  : uid=10033(com.oculus.systemdriver) Thread-13 expire 1 line
07-11 13:00:19.354  2909  3018 I GuardianSystem: UpdateGuardianSystemState: Flags changed: 1572872, 1638408, SYSTEM_ROOM_SCALE_ACTIVE,SYSTEM_GUARDIAN_VALID,SYSTEM_PLAYSPACE_SCAN_WARNING to SYSTEM_ROOM_SCALE_ACTIVE,SYSTEM_HANDTRACKING_MODE,SYSTEM_GUARDIAN_VALID,SYSTEM_PLAYSPACE_SCAN_WARNING
07-11 13:00:19.377  2909  3141 I VrGuardianService: GuardianSDKServer::SetActiveHand
07-11 13:00:19.540  1606  2988 I [CT]    : MIXEDREALITY: MrServiceModel: commitLayerState: (every 10 seconds), ImagesAndCompute: false, ImagesOnly: false, NoRequirement: true.
07-11 13:00:19.945  2909  3027 I VrGuardianService: GuardianSDKServer::SetGuardianHitDialog2 1
07-11 13:00:20.006  1975  9517 I VrApi   : FPS=71/72,Prd=30ms,Tear=0,Early=0,Stale=1,VSnc=0,Lat=-1,Fov=0,CPU4/GPU=2/3,1651/515MHz,OC=FF,TA=0/E0/0,SP=N/F/N,Mem=1804MHz,Free=1560MB,PLS=0,Temp=32.0C/0.0C,TW=2.33ms,App=8.41ms,GD=0.00ms,CPU&GPU=9.77ms,LCnt=4,GPU%=0.67,CPU%=0.33(W0.44),DSF=1.00
07-11 13:00:20.398   855  8863 I chatty  : uid=1000(system) IOTcam expire 6 lines
07-11 13:00:20.897  2597  3236 I FitnessDataProvider: Received Request Insert FitnessData: 41.0.0.0
07-11 13:00:21.006  1975  9517 I VrApi   : FPS=69/72,Prd=30ms,Tear=0,Early=0,Stale=3,VSnc=0,Lat=-1,Fov=0,CPU4/GPU=2/3,1651/515MHz,OC=FF,TA=0/E0/0,SP=N/F/N,Mem=1804MHz,Free=1560MB,PLS=0,Temp=32.0C/0.0C,TW=2.35ms,App=8.71ms,GD=0.00ms,CPU&GPU=10.35ms,LCnt=4,GPU%=0.70,CPU%=0.29(W0.33),DSF=1.00
07-11 13:00:21.500  2909  3018 W OsSdk   : Requested historical tracking state too far in the past; oldest: 4382.942073s, requested: 4374.985718s
07-11 13:00:21.505  1975  2081 I Clay    : Local user with id 106348798779619 does NOT have a custom avatar
07-11 13:00:21.519  3519  3591 V RCTVRMEM: Total Allocated Space: 20536504, Total Free Space: 2990920, JavaScript Heap Size: 26776544
07-11 13:00:21.953  1941  1941 I chatty  : uid=10023(com.oculus.vrshell) ShellOverlayMai expire 26 lines
07-11 13:00:21.957  1941  2788 I chatty  : uid=10023(com.oculus.vrshell) ShellOverlayVR expire 18 lines
07-11 13:00:21.957  1941  9798 I chatty  : uid=10023(com.oculus.vrshell) ShellOverlayMai expire 1 line
07-11 13:00:21.978  2909  2909 D MemoryPressureObserver: Quest1:Resending the current pressure state to re-clear the caches state:some
07-11 13:00:21.978  2909  2909 D MemoryPressureObserver: setCurrentMemoryPressure:some
07-11 13:00:21.978  2909  2909 D VrGuardianService: OnMemoryPressureStateUpdate: memoryPressure = Some
07-11 13:00:21.978  2909  2909 I VrGuardianService: OnMemoryPressureChange: 1
07-11 13:00:22.006  1975  9517 I VrApi   : FPS=72/72,Prd=30ms,Tear=0,Early=0,Stale=0,VSnc=0,Lat=-1,Fov=0,CPU4/GPU=2/3,1651/515MHz,OC=FF,TA=0/E0/0,SP=N/F/N,Mem=1804MHz,Free=1560MB,PLS=0,Temp=32.0C/0.0C,TW=2.32ms,App=8.85ms,GD=0.00ms,CPU&GPU=10.65ms,LCnt=4,GPU%=0.70,CPU%=0.31(W0.43),DSF=1.00
07-11 13:00:23.006  1975  9517 I VrApi   : FPS=70/72,Prd=30ms,Tear=0,Early=0,Stale=1,VSnc=0,Lat=-1,Fov=0,CPU4/GPU=2/3,1651/515MHz,OC=FF,TA=0/E0/0,SP=N/F/N,Mem=1804MHz,Free=1560MB,PLS=0,Temp=32.0C/0.0C,TW=2.32ms,App=8.94ms,GD=0.00ms,CPU&GPU=10.80ms,LCnt=4,GPU%=0.65,CPU%=0.33(W0.43),DSF=1.00
07-11 13:00:23.041  1975  9793 D BufferPoolAccessor: bufferpool2 0x776b903420 : 8(262144 size) total buffers - 6(196608 size) used buffers - 1/9 (recycle/alloc) - 9/925 (fetch/transfer)
07-11 13:00:23.042   840  9794 D BufferPoolAccessor: bufferpool2 0x3374ef0230 : 2(131072 size) total buffers - 1(65536 size) used buffers - 459/461 (recycle/alloc) - 4/459 (fetch/transfer)
07-11 13:00:23.861  2909  3027 I VrGuardianService: GuardianSDKServer::SetGuardianHitDialog2 0
07-11 13:00:23.914  2597  3236 I FitnessDataProvider: Received Request Insert FitnessData: 41.0.0.0
07-11 13:00:24.006  1975  9517 I VrApi   : FPS=72/72,Prd=29ms,Tear=0,Early=0,Stale=1,VSnc=0,Lat=-1,Fov=0,CPU4/GPU=2/3,1651/515MHz,OC=FF,TA=0/E0/0,SP=N/F/N,Mem=1804MHz,Free=1560MB,PLS=0,Temp=32.0C/0.0C,TW=2.28ms,App=9.10ms,GD=0.00ms,CPU&GPU=10.73ms,LCnt=4,GPU%=0.68,CPU%=0.35(W0.50),DSF=1.00
07-11 13:00:24.317   736  8722 I SyncBossFW: 4381111 [info   ] {PERF}: cpu load cur=0.38 min=0.04 max=0.39 avg=0.15
07-11 13:00:25.006  1975  9517 I VrApi   : FPS=72/72,Prd=29ms,Tear=0,Early=0,Stale=0,VSnc=0,Lat=-1,Fov=0,CPU4/GPU=2/3,1651/515MHz,OC=FF,TA=0/E0/0,SP=N/F/N,Mem=1804MHz,Free=1560MB,PLS=0,Temp=32.0C/0.0C,TW=2.42ms,App=8.52ms,GD=0.00ms,CPU&GPU=9.99ms,LCnt=4,GPU%=0.68,CPU%=0.30(W0.36),DSF=1.00
07-11 13:00:25.281  3120  8766 I chatty  : uid=10034(com.oculus.systemux) pool-6-thread-2 expire 2 lines
07-11 13:00:26.008  1975  9517 I VrApi   : FPS=72/72,Prd=29ms,Tear=0,Early=0,Stale=0,VSnc=0,Lat=-1,Fov=0,CPU4/GPU=2/3,1651/515MHz,OC=FF,TA=0/E0/0,SP=N/F/N,Mem=1804MHz,Free=1560MB,PLS=0,Temp=32.0C/0.0C,TW=2.38ms,App=8.95ms,GD=0.00ms,CPU&GPU=10.37ms,LCnt=4,GPU%=0.68,CPU%=0.33(W0.35),DSF=1.00
07-11 13:00:26.355  1962  3449 D RuntimeIPCServerMgr: RPCServer::RequestShutdown: com.facebook.spatial_persistence_service:com.facebook.spatial_persistence_service (anchor_persistence_server_0)
07-11 13:00:26.355  1962  3449 I RuntimeIPCServerMgr: UnregisterServer: SUCCESS: com.facebook.spatial_persistence_service:com.facebook.spatial_persistence_service (anchor_persistence_server_0)
07-11 13:00:26.355  1962  3449 I RuntimeIPCApi: ipc_Shutdown
07-11 13:00:26.356  1962  9771 I AsyncTaskMgr: MainLoop exiting
07-11 13:00:26.356  1962  3449 I ServerProcessConnector: RuntimeIPC: Shutdown: Begin
07-11 13:00:26.431  2075  2329 I chatty  : uid=10023(com.oculus.vrshell) ShellMainVR expire 97 lines
07-11 13:00:26.475  1962  3449 I ServerProcessConnector: Connection closed: com.oculus.guardian:com.oculus.vrguardianservice:2909
07-11 13:00:26.475  1962  3449 I ServerProcessConnector: RuntimeIPC: Shutdown: Success: com.facebook.spatial_persistence_service
07-11 13:00:26.475  1962  3449 I RuntimeIPCClientMgr: RuntimeIPCClientMgr::Shutdown
07-11 13:00:26.477   796   876 I RuntimeIPCService: DestroyBrokerConnection: com.facebook.spatial_persistence_service:com.facebook.spatial_persistence_service:1962
07-11 13:00:26.477  1962  3449 I ServerStateMgr: Shutdown
07-11 13:00:26.477  1962  9770 I DeadlockObserver: MainLoop exiting
07-11 13:00:26.477  1962  3449 I RuntimeIPCServiceClient: Shutdown: complete com.facebook.spatial_persistence_service
07-11 13:00:26.477  1962  3449 D OsSdk   : TrackingServiceConnection dtor
07-11 13:00:26.502  2909  3018 W OsSdk   : Requested historical tracking state too far in the past; oldest: 4387.943221s, requested: 4374.985718s
07-11 13:00:26.504  1975  2081 I Clay    : Local user with id 106348798779619 does NOT have a custom avatar
07-11 13:00:26.530  3519  3591 V RCTVRMEM: Total Allocated Space: 20536504, Total Free Space: 2990920, JavaScript Heap Size: 26919888
07-11 13:00:26.946  2597  3236 I FitnessDataProvider: Received Request Insert FitnessData: 41.0.0.0
07-11 13:00:26.966  1941  9808 I chatty  : uid=10023(com.oculus.vrshell) ShellOverlayMai expire 1 line
07-11 13:00:26.985  2909  2909 D MemoryPressureObserver: Quest1:Resending the current pressure state to re-clear the caches state:some
07-11 13:00:26.985  2909  2909 D MemoryPressureObserver: setCurrentMemoryPressure:some
07-11 13:00:26.985  2909  2909 D VrGuardianService: OnMemoryPressureStateUpdate: memoryPressure = Some
07-11 13:00:26.985  2909  2909 I VrGuardianService: OnMemoryPressureChange: 1
07-11 13:00:27.007  1975  9517 I VrApi   : FPS=72/72,Prd=29ms,Tear=0,Early=0,Stale=0,VSnc=0,Lat=-1,Fov=0,CPU4/GPU=2/3,1651/515MHz,OC=FF,TA=0/E0/0,SP=N/F/N,Mem=1804MHz,Free=1560MB,PLS=0,Temp=32.0C/0.0C,TW=2.41ms,App=8.96ms,GD=0.00ms,CPU&GPU=10.44ms,LCnt=4,GPU%=0.69,CPU%=0.34(W0.39),DSF=1.00
07-11 13:00:28.007  1975  9517 I VrApi   : FPS=71/72,Prd=29ms,Tear=0,Early=0,Stale=1,VSnc=0,Lat=-1,Fov=0,CPU4/GPU=2/3,1651/515MHz,OC=FF,TA=0/E0/0,SP=N/F/N,Mem=1804MHz,Free=1560MB,PLS=0,Temp=32.0C/0.0C,TW=2.34ms,App=9.07ms,GD=0.00ms,CPU&GPU=10.39ms,LCnt=4,GPU%=0.67,CPU%=0.32(W0.38),DSF=1.00
07-11 13:00:28.318  1975  9793 D BufferPoolAccessor: bufferpool2 0x776b903420 : 8(262144 size) total buffers - 6(196608 size) used buffers - 1/9 (recycle/alloc) - 11/1379 (fetch/transfer)
07-11 13:00:28.319   840  9794 D BufferPoolAccessor: bufferpool2 0x3374ef0230 : 2(131072 size) total buffers - 1(65536 size) used buffers - 686/688 (recycle/alloc) - 6/686 (fetch/transfer)
07-11 13:00:28.586  1253  2027 I chatty  : uid=10033(com.oculus.systemdriver) ClientRequest expire 5 lines
07-11 13:00:28.666  1034  1053 I ActivityManager: Force stopping com.oculus.sdk.vrcubeworldna appid=10079 user=0: from pid 9818
07-11 13:00:28.838  2909  3408 I Telemetry: App memory usage: PSS=30MB DalvikPSS=0 MB PrivateDirty=22MB PrivateClean=5MB
07-11 13:00:28.942  2909  3027 I VrGuardianService: GuardianSDKServer::SetGuardianHitDialog2 1
07-11 13:00:28.961  1606  2988 I [CT]    : MIXEDREALITY: MrServiceView: renderIteration: (every 10 seconds), screen is: ON, PT is: ON, ID is: OFF
07-11 13:00:29.006  1975  9517 I VrApi   : FPS=72/72,Prd=29ms,Tear=0,Early=0,Stale=0,VSnc=0,Lat=-1,Fov=0,CPU4/GPU=2/3,1651/515MHz,OC=FF,TA=0/E0/0,SP=N/F/N,Mem=1804MHz,Free=1560MB,PLS=0,Temp=32.0C/0.0C,TW=2.31ms,App=9.18ms,GD=0.00ms,CPU&GPU=10.42ms,LCnt=4,GPU%=0.68,CPU%=0.33(W0.37),DSF=1.00
07-11 13:00:29.080  3519  3591 I RCTAudio: RCTAudioModule::PlayOneShot src:'sfx_hover'
07-11 13:00:29.122   855  9805 I chatty  : uid=1000(system) /system/bin/trackingservice expire 1 line
07-11 13:00:29.167   736  9801 E FrameSetDispatcher: [HAND] Client pid=855 (855): Failed to read from receive FMQ for 1 packets in 5000ms.
07-11 13:00:29.167   736  9801 E FrameSetDispatcher: This probably means this client is taking more than 33 ms to process the frame.
07-11 13:00:29.167   736  9801 E FrameSetDispatcher: Retrying.
07-11 13:00:29.289   855  9802 I chatty  : uid=1000(system) /system/bin/trackingservice expire 6 lines
07-11 13:00:29.306  1034  3848 I ActivityManager: Force stopping com.oculus.sdk.vrcubeworldna appid=10079 user=0: from pid 9845
07-11 13:00:29.399   855  8863 I chatty  : uid=1000(system) IOTcam expire 2 lines
07-11 13:00:29.414  1034  3848 I ActivityTaskManager: START u0 {act=android.intent.action.MAIN cat=[android.intent.category.LAUNCHER] flg=0x10000000 cmp=com.oculus.sdk.vrcubeworldna/.MainActivity} from uid 2000
07-11 13:00:29.439  1975  1975 D ActivityLifecycleListener: onActivityPaused
07-11 13:00:29.439  1975  1975 I OpenXR  : nativeOnActivityPaused
07-11 13:00:29.443  1975  2081 I OpenXR  : PostSessionStateChange: XR_SESSION_STATE_SYNCHRONIZED -> XR_SESSION_STATE_STOPPING
07-11 13:00:29.444  1975  2081 I Clay    : xrPollEvent: SESSION_STATE_CHANGED: STOPPING
07-11 13:00:29.444  1975  2081 I Clay    : Exiting VR mode
07-11 13:00:29.444  1975  2081 I OpenXR  : ------------ xrEndSession [start] -----------
07-11 13:00:29.444  1975  2081 I XrRuntimeUtils: XrRuntimeUtils::EndSession
07-11 13:00:29.446  1975  2081 D VrApi   : targetSDKVersion 29
07-11 13:00:29.447  1975  2081 I VrRuntimeClient: DEVICE MODEL NUMBER = Quest
07-11 13:00:29.447  1975  2081 I VrRuntimeClient: DEVICE BUILD NAME = user-31406800746500000
07-11 13:00:29.447  1975  2081 I VrRuntimeClient: DEVICE BUILD TYPE = user
07-11 13:00:29.447  1975  2081 I VrRuntimeClient: DEVICE OS VERSION = 10
07-11 13:00:29.447  1975  2081 I VrRuntimeClient: API LOADER VERSION = 1.0.22
07-11 13:00:29.447  1975  2081 I VrRuntimeClient: RUNTIME API VERSION = 1.0.22
07-11 13:00:29.447  1975  2081 I VrRuntimeClient: RUNTIME VERSION = 41.0.0.123.357 Jun 21 2022 14:34:42 RELEASE
07-11 13:00:29.447  1975  2081 I VrRuntimeClient: APP NAME = ShellEnv
07-11 13:00:29.447  1975  2081 I VrRuntimeClient: APP VERSION = 41.0.0.123.268 versionCode 379017823 internalVersionName 41.0.0.123.268.755a58cfcdee 2022_06_24_18_39
07-11 13:00:29.447  1975  2081 I VrRuntimeClient: APP VR TYPE = vr_only
07-11 13:00:29.447  1975  2081 I VrRuntimeClient: APP MODE TYPE = VR
07-11 13:00:29.447  1975  2081 I VrRuntimeClient: APP PACKAGE NAME = com.oculus.shellenv
07-11 13:00:29.447  1975  2081 I VrRuntimeClient: APP ACTIVITY CLASS = com.oculus.shellenv.ShellEnvActivity
07-11 13:00:29.454   855  9802 I chatty  : uid=1000(system) /system/bin/trackingservice expire 4 lines
07-11 13:00:29.462  1975  2081 D BatteryReceiver: Unregistering battery receiver
07-11 13:00:29.463  1975  2081 I Sensor  : OSSDKTRACKING Shutdown tracking
07-11 13:00:29.464  1975  2081 I LogTimer: CPUTIME: VrRuntimeClient_EndSession took 19.0414 ms
07-11 13:00:29.468   599  7284 D AF::TrackHandle: OpPlayAudio: track:84 uid:10034 pkg:com.oculus.systemux usage:10 not muted
07-11 13:00:29.468   599  3752 D AF::TrackHandle: OpPlayAudio: track:116 uid:10034 pkg:com.oculus.systemux usage:10 not muted
07-11 13:00:29.468   599  1170 D AF::TrackHandle: OpPlayAudio: track:115 uid:10023 pkg:com.oculus.vrshell usage:1 not muted
07-11 13:00:29.469   599  4097 D AF::TrackHandle: OpPlayAudio: track:114 uid:10023 pkg:com.oculus.vrshell usage:1 not muted
