07-11 11:50:51.940   849   849 D SensorClientUtils: Executing transition from RUNNING to STANDBY
07-11 11:50:51.940   855  3694 D SensorClientUtils: Received transition request to STANDBY current is RUNNING
07-11 11:50:51.941   855  3694 D SensorClientUtils: Executing transition from RUNNING to STANDBY
07-11 11:50:51.941   855   855 D SensorClientUtils: Received transition request to STANDBY current is RUNNING
07-11 11:50:51.941   855   855 D SensorClientUtils: Executing transition from RUNNING to STANDBY
07-11 11:50:52.033  1034  3510 I chatty  : uid=1000(system) Binder:1034_C expire 1 line
07-11 11:51:00.535  1545  4599 W ContextImpl: Calling a method in the system process without a qualified user: android.app.ContextImpl.sendBroadcast:1057 android.content.ContextWrapper.sendBroadcast:448 X.o8.A00:143 X.nw.A00:17 X.nw.handleMessage:90 
07-11 11:51:24.217   736  1221 I SyncBossFW:  241008 [info   ] {PERF}: cpu load cur=0.38 min=0.04 max=0.39 avg=0.37
07-11 11:51:29.452  1034  3461 I chatty  : uid=1000(system) Binder:1034_B expire 2 lines
07-11 11:51:37.246   736   872 I SyncBossHAL: [info   ] syncboss_hal_powerstate.c(63): Reporting powerstate event: prox_on
07-11 11:51:37.248   849   849 D SensorClientUtils: Received transition request to RUNNING current is STANDBY
07-11 11:51:37.248   849   849 D SensorClientUtils: Executing transition from STANDBY to RUNNING
07-11 11:51:37.248   855  3694 D SensorClientUtils: Received transition request to RUNNING current is STANDBY
07-11 11:51:37.248   855   855 D SensorClientUtils: Received transition request to RUNNING current is STANDBY
07-11 11:51:37.248   855  3694 D SensorClientUtils: Executing transition from STANDBY to RUNNING
07-11 11:51:37.248   855   855 D SensorClientUtils: Executing transition from STANDBY to RUNNING
07-11 11:51:37.341  1034  3848 I chatty  : uid=1000(system) Binder:1034_E expire 2 lines
07-11 11:51:37.581  1545  4611 W ContextImpl: Calling a method in the system process without a qualified user: android.app.ContextImpl.sendBroadcast:1057 android.content.ContextWrapper.sendBroadcast:448 X.o8.A00:143 X.nw.A00:17 X.nw.handleMessage:90 
07-11 11:51:37.690  1545  4616 W ContextImpl: Calling a method in the system process without a qualified user: android.app.ContextImpl.sendBroadcast:1057 android.content.ContextWrapper.sendBroadcast:448 X.o8.A00:143 X.nw.A00:17 X.nw.handleMessage:90 
07-11 11:51:39.380   736  1222 I SyncBossHAL: [info   ] syncboss_hal_input_controller.c(197): Controller dc36774dxxxxxxxx battery level changed: 10% -> 0%
07-11 11:51:39.385   736  1245 D SensorService: stateChangeNotifierFunc(): Reporting controller info. Change token: 5, paired=2 connected=2
07-11 11:51:39.385   855  1249 D OVRRemoteService: processStateChange([PairedControllerInfo LCON adf260742d57ae23 connected mcnt=0])
07-11 11:51:39.385   855  1249 D OVRRemoteService: processStateChange([PairedControllerInfo LCON dc36774d072f3cbd connected mcnt=0])
07-11 11:51:39.385   736   940 W SensorService: Attempt to adjust transmit power. Should boost:N. Function not implemented in syncboss HAL yet.
07-11 11:51:39.385   855  1244 E TrackingService: Failed to set transmit power adjustment. Should boost:N, Controller addr:dc36774d072f3cbd
07-11 11:51:42.740  1034  4575 I chatty  : uid=1000(system) Binder:1034_10 expire 1 line
07-11 11:51:43.458  1034  1074 I chatty  : uid=1000(system) PackageManager expire 25 lines
07-11 11:51:43.918  1034  1062 I chatty  : uid=1000(system) android.bg expire 2 lines
07-11 11:51:44.020  1034  4575 I chatty  : uid=1000(system) Binder:1034_10 expire 4 lines
07-11 11:51:44.022  1034  1063 I chatty  : uid=1000(system) ActivityManager expire 6 lines
07-11 11:51:44.032  1034  1517 I chatty  : uid=1000(system) Binder:1034_6 expire 1 line
07-11 11:51:44.487  1034  1409 I chatty  : uid=1000(system) Binder:1034_4 expire 2 lines
07-11 11:51:44.712  1034  1064 I chatty  : uid=1000(system) ActivityManager expire 6 lines
07-11 11:51:44.870   736  1222 W SensorService: Arrival timestamp too early
07-11 11:51:45.017  4690  4690 E AndroidRuntime: FATAL EXCEPTION: main
07-11 11:51:45.017  4690  4690 E AndroidRuntime: Process: com.oculus.sdk.vrcubeworldna, PID: 4690
07-11 11:51:45.017  4690  4690 E AndroidRuntime: java.lang.UnsatisfiedLinkError: dalvik.system.PathClassLoader[DexPathList[[zip file "/data/app/com.oculus.sdk.vrcubeworldna-vZKFv2D_yZl9tO2_1nHcTw==/base.apk"],nativeLibraryDirectories=[/data/app/com.oculus.sdk.vrcubeworldna-vZKFv2D_yZl9tO2_1nHcTw==/lib/arm64, /data/app/com.oculus.sdk.vrcubeworldna-vZKFv2D_yZl9tO2_1nHcTw==/base.apk!/lib/arm64-v8a, /system/lib64, /system/product/lib64]]] couldn't find "libvrinput.so"
07-11 11:51:45.017  4690  4690 E AndroidRuntime: 	at java.lang.Runtime.loadLibrary0(Runtime.java:1067)
07-11 11:51:45.017  4690  4690 E AndroidRuntime: 	at java.lang.Runtime.loadLibrary0(Runtime.java:1007)
07-11 11:51:45.017  4690  4690 E AndroidRuntime: 	at java.lang.System.loadLibrary(System.java:1667)
07-11 11:51:45.017  4690  4690 E AndroidRuntime: 	at com.oculus.sdk.vrcubeworldna.MainActivity.<clinit>(MainActivity.java:27)
07-11 11:51:45.017  4690  4690 E AndroidRuntime: 	at java.lang.Class.newInstance(Native Method)
07-11 11:51:45.017  4690  4690 E AndroidRuntime: 	at android.app.AppComponentFactory.instantiateActivity(AppComponentFactory.java:95)
07-11 11:51:45.017  4690  4690 E AndroidRuntime: 	at android.app.Instrumentation.newActivity(Instrumentation.java:1250)
07-11 11:51:45.017  4690  4690 E AndroidRuntime: 	at android.app.ActivityThread.performLaunchActivity(ActivityThread.java:3196)
07-11 11:51:45.017  4690  4690 E AndroidRuntime: 	at android.app.ActivityThread.handleLaunchActivity(ActivityThread.java:3424)
07-11 11:51:45.017  4690  4690 E AndroidRuntime: 	at android.app.servertransaction.LaunchActivityItem.execute(LaunchActivityItem.java:83)
07-11 11:51:45.017  4690  4690 E AndroidRuntime: 	at android.app.servertransaction.TransactionExecutor.executeCallbacks(TransactionExecutor.java:135)
07-11 11:51:45.017  4690  4690 E AndroidRuntime: 	at android.app.servertransaction.TransactionExecutor.execute(TransactionExecutor.java:95)
07-11 11:51:45.017  4690  4690 E AndroidRuntime: 	at android.app.ActivityThread$H.handleMessage(ActivityThread.java:2030)
07-11 11:51:45.017  4690  4690 E AndroidRuntime: 	at android.os.Handler.dispatchMessage(Handler.java:109)
07-11 11:51:45.017  4690  4690 E AndroidRuntime: 	at android.os.Looper.loop(Looper.java:214)
07-11 11:51:45.017  4690  4690 E AndroidRuntime: 	at android.app.ActivityThread.main(ActivityThread.java:7400)
07-11 11:51:45.017  4690  4690 E AndroidRuntime: 	at java.lang.reflect.Method.invoke(Native Method)
07-11 11:51:45.017  4690  4690 E AndroidRuntime: 	at com.android.internal.os.RuntimeInit$MethodAndArgsCaller.run(RuntimeInit.java:492)
07-11 11:51:45.017  4690  4690 E AndroidRuntime: 	at com.android.internal.os.ZygoteInit.main(ZygoteInit.java:936)
07-11 11:51:45.021  1034  1680 I chatty  : uid=1000(system) Binder:1034_7 expire 1 line
07-11 11:51:45.027  1034  4725 I chatty  : uid=1000 system_server expire 1 line
07-11 11:51:45.039  1034  3510 I ActivityManager: Process com.oculus.sdk.vrcubeworldna (pid 4690) has died: fore TOP 
07-11 11:51:45.098  1034  4575 E WindowManager: App trying to use insecure INPUT_FEATURE_NO_INPUT_CHANNEL flag. Ignoring
07-11 11:51:45.373  1034  1420 I DisplayManagerService: Display device removed: DisplayDeviceInfo{"com.oculus.android_panel_app.AndroidPanelLayer-tablet": uniqueId="virtual:com.oculus.systemux,10034,com.oculus.android_panel_app.AndroidPanelLayer-tablet,0", 800 x 500, modeId 32, defaultModeId 32, supportedModes [{id=32, width=800, height=500, fps=60.0}], colorMode 0, supportedColorModes [0], HdrCapabilities null, density 160, 160.0 x 160.0 dpi, appVsyncOff 0, presDeadline 16666666, touch NONE, rotation 0, type VIRTUAL, state ON, owner com.oculus.systemux (uid 10034), FLAG_PRIVATE, FLAG_NEVER_BLANK, FLAG_OWN_CONTENT_ONLY}
07-11 11:51:45.464  1034  4575 I DisplayManagerService: Display device removed: DisplayDeviceInfo{"com.oculus.android_panel_app.AndroidPanelLayer-#main": uniqueId="virtual:com.oculus.systemux,10034,com.oculus.android_panel_app.AndroidPanelLayer-#main,2", 640 x 88, modeId 31, defaultModeId 31, supportedModes [{id=31, width=640, height=88, fps=60.0}], colorMode 0, supportedColorModes [0], HdrCapabilities null, density 160, 160.0 x 160.0 dpi, appVsyncOff 0, presDeadline 16666666, touch NONE, rotation 0, type VIRTUAL, state ON, owner com.oculus.systemux (uid 10034), FLAG_PRIVATE, FLAG_NEVER_BLANK, FLAG_OWN_CONTENT_ONLY}
07-11 11:51:45.521  1034  1057 W ActivityTaskManager: Activity top resumed state loss timeout for ActivityRecord{3f2fb50 u0 com.oculus.sdk.vrcubeworldna/.MainActivity t-1 f}
07-11 11:51:45.594   736  4282 E FrameSetDispatcher: [HEADSET] Client pid=849 (849): Failed to read from receive FMQ for 1 packets in 5000ms.
07-11 11:51:45.594   736  4282 E FrameSetDispatcher: This probably means this client is taking more than 33 ms to process the frame.
07-11 11:51:45.594   736  4282 E FrameSetDispatcher: Retrying.
07-11 11:51:45.698  1034  1680 I DisplayManagerService: Display device added: DisplayDeviceInfo{"com.oculus.android_panel_app.AndroidPanelLayer-#main": uniqueId="virtual:com.oculus.systemux,10034,com.oculus.android_panel_app.AndroidPanelLayer-#main,2", 640 x 1000, modeId 37, defaultModeId 37, supportedModes [{id=37, width=640, height=1000, fps=60.0}], colorMode 0, supportedColorModes [0], HdrCapabilities null, density 160, 160.0 x 160.0 dpi, appVsyncOff 0, presDeadline 16666666, touch NONE, rotation 0, type VIRTUAL, state OFF, owner com.oculus.systemux (uid 10034), FLAG_PRIVATE, FLAG_NEVER_BLANK, FLAG_OWN_CONTENT_ONLY}
07-11 11:51:45.759  1034  1057 I ActivityTaskManager: Override config changes=20005df8 {0.0 ?mcc?mnc ?localeList ?layoutDir sw640dp w640dp h1000dp 160dpi lrg port ?uimode ?night -touch qwerty/v/v -nav/h winConfig={ mBounds=Rect(0, 0 - 640, 1000) mAppBounds=Rect(0, 0 - 640, 1000) mWindowingMode=fullscreen mDisplayWindowingMode=fullscreen mActivityType=undefined mAlwaysOnTop=undefined mRotation=ROTATION_0}} for displayId=36
07-11 11:51:45.891  1545  4745 W ContextImpl: Calling a method in the system process without a qualified user: android.app.ContextImpl.sendBroadcast:1057 android.content.ContextWrapper.sendBroadcast:448 X.o8.A00:143 X.nw.A00:17 X.nw.handleMessage:90 
07-11 11:51:45.941  1545  4714 W ContextImpl: Calling a method in the system process without a qualified user: android.app.ContextImpl.sendBroadcast:1057 android.content.ContextWrapper.sendBroadcast:448 X.o8.A00:143 X.nw.A00:17 X.nw.handleMessage:90 
07-11 11:51:46.151  1545  4764 W ContextImpl: Calling a method in the system process without a qualified user: android.app.ContextImpl.sendBroadcast:1057 android.content.ContextWrapper.sendBroadcast:448 X.o8.A00:143 X.nw.A00:17 X.nw.handleMessage:90 
07-11 11:51:46.290  1034  1420 I DisplayManagerService: Display device removed: DisplayDeviceInfo{"com.oculus.android_panel_app.AndroidPanelLayer-#main": uniqueId="virtual:com.oculus.systemux,10034,com.oculus.android_panel_app.AndroidPanelLayer-#main,2", 640 x 1000, modeId 37, defaultModeId 37, supportedModes [{id=37, width=640, height=1000, fps=60.0}], colorMode 0, supportedColorModes [0], HdrCapabilities null, density 160, 160.0 x 160.0 dpi, appVsyncOff 0, presDeadline 16666666, touch NONE, rotation 0, type VIRTUAL, state OFF, owner com.oculus.systemux (uid 10034), FLAG_PRIVATE, FLAG_NEVER_BLANK, FLAG_OWN_CONTENT_ONLY}
07-11 11:51:46.293  1034  1420 I DisplayManagerService: Display device added: DisplayDeviceInfo{"com.oculus.android_panel_app.AndroidPanelLayer-#main": uniqueId="virtual:com.oculus.systemux,10034,com.oculus.android_panel_app.AndroidPanelLayer-#main,2", 640 x 88, modeId 38, defaultModeId 38, supportedModes [{id=38, width=640, height=88, fps=60.0}], colorMode 0, supportedColorModes [0], HdrCapabilities null, density 160, 160.0 x 160.0 dpi, appVsyncOff 0, presDeadline 16666666, touch NONE, rotation 0, type VIRTUAL, state OFF, owner com.oculus.systemux (uid 10034), FLAG_PRIVATE, FLAG_NEVER_BLANK, FLAG_OWN_CONTENT_ONLY}
07-11 11:51:46.305  1034  1420 I DisplayManagerService: Display device added: DisplayDeviceInfo{"com.oculus.android_panel_app.AndroidPanelLayer-tablet": uniqueId="virtual:com.oculus.systemux,10034,com.oculus.android_panel_app.AndroidPanelLayer-tablet,0", 800 x 500, modeId 39, defaultModeId 39, supportedModes [{id=39, width=800, height=500, fps=60.0}], colorMode 0, supportedColorModes [0], HdrCapabilities null, density 160, 160.0 x 160.0 dpi, appVsyncOff 0, presDeadline 16666666, touch NONE, rotation 0, type VIRTUAL, state OFF, owner com.oculus.systemux (uid 10034), FLAG_PRIVATE, FLAG_NEVER_BLANK, FLAG_OWN_CONTENT_ONLY}
07-11 11:51:46.377  1034  1057 I ActivityTaskManager: Override config changes=20005df8 {0.0 ?mcc?mnc ?localeList ?layoutDir sw88dp w640dp h88dp 160dpi nrml long land ?uimode ?night -touch qwerty/v/v -nav/h winConfig={ mBounds=Rect(0, 0 - 640, 88) mAppBounds=Rect(0, 0 - 640, 88) mWindowingMode=fullscreen mDisplayWindowingMode=fullscreen mActivityType=undefined mAlwaysOnTop=undefined mRotation=ROTATION_0}} for displayId=37
07-11 11:51:46.386  1034  1057 I ActivityTaskManager: Override config changes=20005df8 {0.0 ?mcc?mnc ?localeList ?layoutDir sw500dp w800dp h500dp 160dpi lrg land ?uimode ?night -touch qwerty/v/v -nav/h winConfig={ mBounds=Rect(0, 0 - 800, 500) mAppBounds=Rect(0, 0 - 800, 500) mWindowingMode=fullscreen mDisplayWindowingMode=fullscreen mActivityType=undefined mAlwaysOnTop=undefined mRotation=ROTATION_0}} for displayId=38
07-11 11:51:46.408  1034  2186 E WindowManager: App trying to use insecure INPUT_FEATURE_NO_INPUT_CHANNEL flag. Ignoring
07-11 11:51:46.419  1034  1057 I DisplayManagerService: Display device changed state: "com.oculus.android_panel_app.AndroidPanelLayer-#main", ON
07-11 11:51:46.420  1034  1057 I DisplayManagerService: Display device changed state: "com.oculus.android_panel_app.AndroidPanelLayer-tablet", ON
07-11 11:51:46.432  1034  3848 E WindowManager: App trying to use insecure INPUT_FEATURE_NO_INPUT_CHANNEL flag. Ignoring
07-11 11:51:46.524  1545  4767 W ContextImpl: Calling a method in the system process without a qualified user: android.app.ContextImpl.sendBroadcast:1057 android.content.ContextWrapper.sendBroadcast:448 X.o8.A00:143 X.nw.A00:17 X.nw.handleMessage:90 
07-11 11:51:46.548  1034  4768 I DisplayManagerService: Display device added: DisplayDeviceInfo{"com.oculus.android_panel_app.AndroidPanelLayer-controlbar3": uniqueId="virtual:com.oculus.systemux,10034,com.oculus.android_panel_app.AndroidPanelLayer-controlbar3,0", 1000 x 40, modeId 40, defaultModeId 40, supportedModes [{id=40, width=1000, height=40, fps=60.0}], colorMode 0, supportedColorModes [0], HdrCapabilities null, density 160, 160.0 x 160.0 dpi, appVsyncOff 0, presDeadline 16666666, touch NONE, rotation 0, type VIRTUAL, state OFF, owner com.oculus.systemux (uid 10034), FLAG_PRIVATE, FLAG_NEVER_BLANK, FLAG_OWN_CONTENT_ONLY}
07-11 11:51:46.565  1034  4768 I DisplayManagerService: Display device removed: DisplayDeviceInfo{"com.oculus.android_panel_app.AndroidPanelLayer-controlbar3": uniqueId="virtual:com.oculus.systemux,10034,com.oculus.android_panel_app.AndroidPanelLayer-controlbar3,0", 1000 x 40, modeId 40, defaultModeId 40, supportedModes [{id=40, width=1000, height=40, fps=60.0}], colorMode 0, supportedColorModes [0], HdrCapabilities null, density 160, 160.0 x 160.0 dpi, appVsyncOff 0, presDeadline 16666666, touch NONE, rotation 0, type VIRTUAL, state OFF, owner com.oculus.systemux (uid 10034), FLAG_PRIVATE, FLAG_NEVER_BLANK, FLAG_OWN_CONTENT_ONLY}
07-11 11:51:46.568  1034  4768 I DisplayManagerService: Display device added: DisplayDeviceInfo{"com.oculus.android_panel_app.AndroidPanelLayer-controlbar3": uniqueId="virtual:com.oculus.systemux,10034,com.oculus.android_panel_app.AndroidPanelLayer-controlbar3,0", 800 x 40, modeId 41, defaultModeId 41, supportedModes [{id=41, width=800, height=40, fps=60.0}], colorMode 0, supportedColorModes [0], HdrCapabilities null, density 160, 160.0 x 160.0 dpi, appVsyncOff 0, presDeadline 16666666, touch NONE, rotation 0, type VIRTUAL, state OFF, owner com.oculus.systemux (uid 10034), FLAG_PRIVATE, FLAG_NEVER_BLANK, FLAG_OWN_CONTENT_ONLY}
07-11 11:51:46.588  1034  1057 I ActivityTaskManager: Override config changes=20005df8 {0.0 ?mcc?mnc ?localeList ?layoutDir sw40dp w1000dp h40dp 160dpi nrml long land ?uimode ?night -touch qwerty/v/v -nav/h winConfig={ mBounds=Rect(0, 0 - 1000, 40) mAppBounds=Rect(0, 0 - 1000, 40) mWindowingMode=fullscreen mDisplayWindowingMode=fullscreen mActivityType=undefined mAlwaysOnTop=undefined mRotation=ROTATION_0}} for displayId=39
07-11 11:51:46.629  1034  3912 E WindowManager: App trying to use insecure INPUT_FEATURE_NO_INPUT_CHANNEL flag. Ignoring
07-11 11:51:46.641  1034  1057 I DisplayManagerService: Display device changed state: "com.oculus.android_panel_app.AndroidPanelLayer-controlbar3", ON
07-11 11:51:46.655  1034  1057 I ActivityTaskManager: Override config changes=20005df8 {0.0 ?mcc?mnc ?localeList ?layoutDir sw40dp w800dp h40dp 160dpi nrml long land ?uimode ?night -touch qwerty/v/v -nav/h winConfig={ mBounds=Rect(0, 0 - 800, 40) mAppBounds=Rect(0, 0 - 800, 40) mWindowingMode=fullscreen mDisplayWindowingMode=fullscreen mActivityType=undefined mAlwaysOnTop=undefined mRotation=ROTATION_0}} for displayId=40
07-11 11:51:46.821  1545  4771 W ContextImpl: Calling a method in the system process without a qualified user: android.app.ContextImpl.sendBroadcast:1057 android.content.ContextWrapper.sendBroadcast:448 X.o8.A00:143 X.nw.A00:17 X.nw.handleMessage:90 
07-11 11:51:48.191  1034  1860 E TaskPersister: File error accessing recents directory (directory doesn't exist?).
07-11 11:51:49.721   736   872 I SyncBossHAL: [info   ] syncboss_hal_powerstate.c(63): Reporting powerstate event: prox_off
07-11 11:51:49.724   855  3694 D SensorClientUtils: Received transition request to STANDBY current is RUNNING
07-11 11:51:49.724   855  3694 D SensorClientUtils: Executing transition from RUNNING to STANDBY
07-11 11:51:49.724   855   855 D SensorClientUtils: Received transition request to STANDBY current is RUNNING
07-11 11:51:49.724   855   855 D SensorClientUtils: Executing transition from RUNNING to STANDBY
07-11 11:51:49.726   849   849 D SensorClientUtils: Received transition request to STANDBY current is RUNNING
07-11 11:51:49.726   849   849 D SensorClientUtils: Executing transition from RUNNING to STANDBY
07-11 11:51:49.806  1034  3844 I DisplayManagerService: Display device removed: DisplayDeviceInfo{"com.oculus.android_panel_app.AndroidPanelLayer-controlbar3": uniqueId="virtual:com.oculus.systemux,10034,com.oculus.android_panel_app.AndroidPanelLayer-controlbar3,0", 800 x 40, modeId 41, defaultModeId 41, supportedModes [{id=41, width=800, height=40, fps=60.0}], colorMode 0, supportedColorModes [0], HdrCapabilities null, density 160, 160.0 x 160.0 dpi, appVsyncOff 0, presDeadline 16666666, touch NONE, rotation 0, type VIRTUAL, state ON, owner com.oculus.systemux (uid 10034), FLAG_PRIVATE, FLAG_NEVER_BLANK, FLAG_OWN_CONTENT_ONLY}
07-11 11:51:49.978  1545  4792 W ContextImpl: Calling a method in the system process without a qualified user: android.app.ContextImpl.sendBroadcast:1057 android.content.ContextWrapper.sendBroadcast:448 X.o8.A00:143 X.nw.A00:17 X.nw.handleMessage:90 
07-11 11:51:52.929   736   872 I SyncBossHAL: [info   ] syncboss_hal_powerstate.c(63): Reporting powerstate event: prox_on
07-11 11:51:52.931   849   849 D SensorClientUtils: Received transition request to RUNNING current is STANDBY
07-11 11:51:52.931   849   849 D SensorClientUtils: Executing transition from STANDBY to RUNNING
07-11 11:51:52.931   855  3694 D SensorClientUtils: Received transition request to RUNNING current is STANDBY
07-11 11:51:52.931   855  3694 D SensorClientUtils: Executing transition from STANDBY to RUNNING
07-11 11:51:52.931   855   855 D SensorClientUtils: Received transition request to RUNNING current is STANDBY
07-11 11:51:52.931   855   855 D SensorClientUtils: Executing transition from STANDBY to RUNNING
07-11 11:51:52.986  1034  4768 I DisplayManagerService: Display device added: DisplayDeviceInfo{"com.oculus.android_panel_app.AndroidPanelLayer-controlbar3": uniqueId="virtual:com.oculus.systemux,10034,com.oculus.android_panel_app.AndroidPanelLayer-controlbar3,0", 1000 x 40, modeId 42, defaultModeId 42, supportedModes [{id=42, width=1000, height=40, fps=60.0}], colorMode 0, supportedColorModes [0], HdrCapabilities null, density 160, 160.0 x 160.0 dpi, appVsyncOff 0, presDeadline 16666666, touch NONE, rotation 0, type VIRTUAL, state OFF, owner com.oculus.systemux (uid 10034), FLAG_PRIVATE, FLAG_NEVER_BLANK, FLAG_OWN_CONTENT_ONLY}
07-11 11:51:53.004  1034  1517 I DisplayManagerService: Display device removed: DisplayDeviceInfo{"com.oculus.android_panel_app.AndroidPanelLayer-controlbar3": uniqueId="virtual:com.oculus.systemux,10034,com.oculus.android_panel_app.AndroidPanelLayer-controlbar3,0", 1000 x 40, modeId 42, defaultModeId 42, supportedModes [{id=42, width=1000, height=40, fps=60.0}], colorMode 0, supportedColorModes [0], HdrCapabilities null, density 160, 160.0 x 160.0 dpi, appVsyncOff 0, presDeadline 16666666, touch NONE, rotation 0, type VIRTUAL, state OFF, owner com.oculus.systemux (uid 10034), FLAG_PRIVATE, FLAG_NEVER_BLANK, FLAG_OWN_CONTENT_ONLY}
07-11 11:51:53.008  1034  1517 I DisplayManagerService: Display device added: DisplayDeviceInfo{"com.oculus.android_panel_app.AndroidPanelLayer-controlbar3": uniqueId="virtual:com.oculus.systemux,10034,com.oculus.android_panel_app.AndroidPanelLayer-controlbar3,0", 800 x 40, modeId 43, defaultModeId 43, supportedModes [{id=43, width=800, height=40, fps=60.0}], colorMode 0, supportedColorModes [0], HdrCapabilities null, density 160, 160.0 x 160.0 dpi, appVsyncOff 0, presDeadline 16666666, touch NONE, rotation 0, type VIRTUAL, state OFF, owner com.oculus.systemux (uid 10034), FLAG_PRIVATE, FLAG_NEVER_BLANK, FLAG_OWN_CONTENT_ONLY}
07-11 11:51:53.061  1034  1057 I ActivityTaskManager: Override config changes=20005df8 {0.0 ?mcc?mnc ?localeList ?layoutDir sw40dp w800dp h40dp 160dpi nrml long land ?uimode ?night -touch qwerty/v/v -nav/h winConfig={ mBounds=Rect(0, 0 - 800, 40) mAppBounds=Rect(0, 0 - 800, 40) mWindowingMode=fullscreen mDisplayWindowingMode=fullscreen mActivityType=undefined mAlwaysOnTop=undefined mRotation=ROTATION_0}} for displayId=42
07-11 11:51:53.075  1034  4775 E WindowManager: App trying to use insecure INPUT_FEATURE_NO_INPUT_CHANNEL flag. Ignoring
07-11 11:51:53.083  1034  1057 I DisplayManagerService: Display device changed state: "com.oculus.android_panel_app.AndroidPanelLayer-controlbar3", ON
07-11 11:51:53.154  1545  4794 W ContextImpl: Calling a method in the system process without a qualified user: android.app.ContextImpl.sendBroadcast:1057 android.content.ContextWrapper.sendBroadcast:448 X.o8.A00:143 X.nw.A00:17 X.nw.handleMessage:90 
07-11 11:51:53.240  1545  4797 W ContextImpl: Calling a method in the system process without a qualified user: android.app.ContextImpl.sendBroadcast:1057 android.content.ContextWrapper.sendBroadcast:448 X.o8.A00:143 X.nw.A00:17 X.nw.handleMessage:90 
07-11 11:51:56.217  1545  4812 W ContextImpl: Calling a method in the system process without a qualified user: android.app.ContextImpl.sendBroadcast:1057 android.content.ContextWrapper.sendBroadcast:448 X.o8.A00:143 X.nw.A00:17 X.nw.handleMessage:90 
07-11 11:51:57.205   736   872 I SyncBossHAL: [info   ] syncboss_hal_powerstate.c(63): Reporting powerstate event: prox_off
07-11 11:51:57.209   855   855 D SensorClientUtils: Received transition request to STANDBY current is RUNNING
07-11 11:51:57.211   855   855 D SensorClientUtils: Executing transition from RUNNING to STANDBY
07-11 11:51:57.216   849   849 D SensorClientUtils: Received transition request to STANDBY current is RUNNING
07-11 11:51:57.216   849   849 D SensorClientUtils: Executing transition from RUNNING to STANDBY
07-11 11:51:57.217   855   855 D SensorClientUtils: Received transition request to STANDBY current is RUNNING
07-11 11:51:57.217   855   855 D SensorClientUtils: Executing transition from RUNNING to STANDBY
07-11 11:51:57.271  1034  3510 I DisplayManagerService: Display device removed: DisplayDeviceInfo{"com.oculus.android_panel_app.AndroidPanelLayer-controlbar3": uniqueId="virtual:com.oculus.systemux,10034,com.oculus.android_panel_app.AndroidPanelLayer-controlbar3,0", 800 x 40, modeId 43, defaultModeId 43, supportedModes [{id=43, width=800, height=40, fps=60.0}], colorMode 0, supportedColorModes [0], HdrCapabilities null, density 160, 160.0 x 160.0 dpi, appVsyncOff 0, presDeadline 16666666, touch NONE, rotation 0, type VIRTUAL, state ON, owner com.oculus.systemux (uid 10034), FLAG_PRIVATE, FLAG_NEVER_BLANK, FLAG_OWN_CONTENT_ONLY}
07-11 11:52:00.599  1034  3510 I ActivityManager: Force stopping com.oculus.sdk.vrcubeworldna appid=10079 user=0: from pid 4816
07-11 11:52:00.833  1034  3510 I ActivityManager: Force stopping com.oculus.sdk.vrcubeworldna appid=10079 user=0: from pid 4830
07-11 11:52:00.935  1034  1052 I ActivityTaskManager: START u0 {act=android.intent.action.MAIN cat=[android.intent.category.LAUNCHER] flg=0x10000000 cmp=com.oculus.sdk.vrcubeworldna/.MainActivity} from uid 2000
07-11 11:52:01.015  1034  1064 I ActivityManager: Start proc 4839:com.oculus.sdk.vrcubeworldna/u0a79 for activity {com.oculus.sdk.vrcubeworldna/com.oculus.sdk.vrcubeworldna.MainActivity}
07-11 11:52:01.269  4839  4839 E AndroidRuntime: FATAL EXCEPTION: main
07-11 11:52:01.269  4839  4839 E AndroidRuntime: Process: com.oculus.sdk.vrcubeworldna, PID: 4839
07-11 11:52:01.269  4839  4839 E AndroidRuntime: java.lang.UnsatisfiedLinkError: dalvik.system.PathClassLoader[DexPathList[[zip file "/data/app/com.oculus.sdk.vrcubeworldna-vZKFv2D_yZl9tO2_1nHcTw==/base.apk"],nativeLibraryDirectories=[/data/app/com.oculus.sdk.vrcubeworldna-vZKFv2D_yZl9tO2_1nHcTw==/lib/arm64, /data/app/com.oculus.sdk.vrcubeworldna-vZKFv2D_yZl9tO2_1nHcTw==/base.apk!/lib/arm64-v8a, /system/lib64, /system/product/lib64]]] couldn't find "libvrinput.so"
07-11 11:52:01.269  4839  4839 E AndroidRuntime: 	at java.lang.Runtime.loadLibrary0(Runtime.java:1067)
07-11 11:52:01.269  4839  4839 E AndroidRuntime: 	at java.lang.Runtime.loadLibrary0(Runtime.java:1007)
07-11 11:52:01.269  4839  4839 E AndroidRuntime: 	at java.lang.System.loadLibrary(System.java:1667)
07-11 11:52:01.269  4839  4839 E AndroidRuntime: 	at com.oculus.sdk.vrcubeworldna.MainActivity.<clinit>(MainActivity.java:27)
07-11 11:52:01.269  4839  4839 E AndroidRuntime: 	at java.lang.Class.newInstance(Native Method)
07-11 11:52:01.269  4839  4839 E AndroidRuntime: 	at android.app.AppComponentFactory.instantiateActivity(AppComponentFactory.java:95)
07-11 11:52:01.269  4839  4839 E AndroidRuntime: 	at android.app.Instrumentation.newActivity(Instrumentation.java:1250)
07-11 11:52:01.269  4839  4839 E AndroidRuntime: 	at android.app.ActivityThread.performLaunchActivity(ActivityThread.java:3196)
07-11 11:52:01.269  4839  4839 E AndroidRuntime: 	at android.app.ActivityThread.handleLaunchActivity(ActivityThread.java:3424)
07-11 11:52:01.269  4839  4839 E AndroidRuntime: 	at android.app.servertransaction.LaunchActivityItem.execute(LaunchActivityItem.java:83)
07-11 11:52:01.269  4839  4839 E AndroidRuntime: 	at android.app.servertransaction.TransactionExecutor.executeCallbacks(TransactionExecutor.java:135)
07-11 11:52:01.269  4839  4839 E AndroidRuntime: 	at android.app.servertransaction.TransactionExecutor.execute(TransactionExecutor.java:95)
07-11 11:52:01.269  4839  4839 E AndroidRuntime: 	at android.app.ActivityThread$H.handleMessage(ActivityThread.java:2030)
07-11 11:52:01.269  4839  4839 E AndroidRuntime: 	at android.os.Handler.dispatchMessage(Handler.java:109)
07-11 11:52:01.269  4839  4839 E AndroidRuntime: 	at android.os.Looper.loop(Looper.java:214)
07-11 11:52:01.269  4839  4839 E AndroidRuntime: 	at android.app.ActivityThread.main(ActivityThread.java:7400)
07-11 11:52:01.269  4839  4839 E AndroidRuntime: 	at java.lang.reflect.Method.invoke(Native Method)
07-11 11:52:01.269  4839  4839 E AndroidRuntime: 	at com.android.internal.os.RuntimeInit$MethodAndArgsCaller.run(RuntimeInit.java:492)
07-11 11:52:01.269  4839  4839 E AndroidRuntime: 	at com.android.internal.os.ZygoteInit.main(ZygoteInit.java:936)
07-11 11:52:01.271  1034  1052 W ActivityTaskManager:   Force finishing activity com.oculus.sdk.vrcubeworldna/.MainActivity
07-11 11:52:01.280  1034  4874 I DropBoxManagerService: add tag=data_app_crash isTagEnabled=true flags=0x2
07-11 11:52:01.281  1034  1055 I ActivityManager: Showing crash dialog for package com.oculus.sdk.vrcubeworldna u0
07-11 11:52:01.442  1545  4870 W ContextImpl: Calling a method in the system process without a qualified user: android.app.ContextImpl.sendBroadcast:1057 android.content.ContextWrapper.sendBroadcast:448 X.o8.A00:143 X.nw.A00:17 X.nw.handleMessage:90 
07-11 11:52:01.527  1034  1055 I ActivityTaskManager: START u0 {act=android.intent.action.MAIN cmp=com.oculus.os.clearactivity/.ClearActivity (has extras)} from uid 1000
07-11 11:52:01.527  1034  1055 W ActivityTaskManager: startActivity called from non-Activity context; forcing Intent.FLAG_ACTIVITY_NEW_TASK for: Intent { act=android.intent.action.MAIN flg=0x800000 cmp=com.oculus.os.clearactivity/.ClearActivity (has extras) }
07-11 11:52:01.545  1034  1055 W Looper  : Slow dispatch took 266ms android.ui h=com.android.server.am.ActivityManagerService$UiHandler c=null m=1
07-11 11:52:01.592   855  3694 D TrackingService: getSharedMemory: com.android.networkstack.inprocess, HeadTracker
07-11 11:52:01.593  1034  4886 W ContextImpl: Calling a method in the system process without a qualified user: android.app.ContextImpl.startService:1582 android.content.ContextWrapper.startService:669 android.content.ContextWrapper.startService:669 com.oculus.vrapi.VrRuntimeClient.pokeGuardianUserServiceForThisClient:427 com.oculus.vrapi.VrRuntimeClient.safePokeGuardianUserServiceForThisClient:392 
07-11 11:52:01.600  1034  2186 I DisplayManagerService: Display device removed: DisplayDeviceInfo{"com.oculus.android_panel_app.AndroidPanelLayer-tablet": uniqueId="virtual:com.oculus.systemux,10034,com.oculus.android_panel_app.AndroidPanelLayer-tablet,0", 800 x 500, modeId 39, defaultModeId 39, supportedModes [{id=39, width=800, height=500, fps=60.0}], colorMode 0, supportedColorModes [0], HdrCapabilities null, density 160, 160.0 x 160.0 dpi, appVsyncOff 0, presDeadline 16666666, touch NONE, rotation 0, type VIRTUAL, state ON, owner com.oculus.systemux (uid 10034), FLAG_PRIVATE, FLAG_NEVER_BLANK, FLAG_OWN_CONTENT_ONLY}
07-11 11:52:01.609  1034  3510 I DisplayManagerService: Display device removed: DisplayDeviceInfo{"com.oculus.android_panel_app.AndroidPanelLayer-#main": uniqueId="virtual:com.oculus.systemux,10034,com.oculus.android_panel_app.AndroidPanelLayer-#main,2", 640 x 88, modeId 38, defaultModeId 38, supportedModes [{id=38, width=640, height=88, fps=60.0}], colorMode 0, supportedColorModes [0], HdrCapabilities null, density 160, 160.0 x 160.0 dpi, appVsyncOff 0, presDeadline 16666666, touch NONE, rotation 0, type VIRTUAL, state ON, owner com.oculus.systemux (uid 10034), FLAG_PRIVATE, FLAG_NEVER_BLANK, FLAG_OWN_CONTENT_ONLY}
07-11 11:52:01.610  1034  4886 W ContextImpl: Calling a method in the system process without a qualified user: android.app.ContextImpl.startService:1582 android.content.ContextWrapper.startService:669 android.content.ContextWrapper.startService:669 com.oculus.vrapi.ScreenCaptureHelper.advertiseStreamablePackage:47 <bottom of call stack> 
07-11 11:52:01.673   736  4282 I FrameSetDispatcher: [HEADSET] Client thread stopping
07-11 11:52:01.673   736   940 I FrameSetDispatcher: [HEADSET] Client thread joined
07-11 11:52:01.673   736   940 I CameraClientManager: [HEADSET] Removed client - started clients: 3
07-11 11:52:01.702   855  3694 D TrackingService: getSharedMemory: com.android.networkstack.inprocess, HandTracker
07-11 11:52:01.776  1034  1057 W ActivityTaskManager: Activity top resumed state loss timeout for ActivityRecord{3a04aab u0 com.oculus.sdk.vrcubeworldna/.MainActivity t14 f}
07-11 11:52:01.777  1034  1057 W ActivityTaskManager: Activity pause timeout for ActivityRecord{3a04aab u0 com.oculus.sdk.vrcubeworldna/.MainActivity t14 f}
07-11 11:52:01.796  1034  1210 E WindowManager: App trying to use insecure INPUT_FEATURE_NO_INPUT_CHANNEL flag. Ignoring
07-11 11:52:04.528  1034  1860 E TaskPersister: File error accessing recents directory (directory doesn't exist?).
07-11 11:52:11.823  1034  1057 W ActivityTaskManager: Activity destroy timeout for ActivityRecord{3a04aab u0 com.oculus.sdk.vrcubeworldna/.MainActivity t14 f}
07-11 11:52:11.842  1034  4768 I ActivityManager: Process com.oculus.sdk.vrcubeworldna (pid 4839) has died: cch CRE 
07-11 11:52:11.847  1034  1052 W ActivityManager: Ignoring remove of inactive process: ProcessRecord{66db122 0:com.oculus.sdk.vrcubeworldna/u0a79}
07-11 11:52:11.887   855  3694 I TrackingService: Unregistering client by ITrackingService.unregisterClient
07-11 11:52:11.887   855  3694 I TrackingService: Failed to unregister client because client not found in registered list
07-11 11:52:11.887   855  3694 I chatty  : uid=1000(system) Binder:855_3 identical 3 lines
07-11 11:52:11.887   855  3694 I TrackingService: Failed to unregister client because client not found in registered list
07-11 11:52:11.887   855  3694 D TrackingService: unregister: com.android.networkstack.inprocess
07-11 11:52:11.939  1034  1055 I ActivityTaskManager: START u0 {act=com.oculus.os.clearactivity.FINISH cmp=com.oculus.os.clearactivity/.ClearActivity (has extras)} from uid 1000
07-11 11:52:11.941  1034  1055 D ActivityTaskManager: Preferred display for non-VR activity ActivityRecord{e415ce9 u0 com.oculus.os.clearactivity/.ClearActivity t-1}: 0
07-11 11:52:11.942  1034  1055 W ActivityTaskManager: startActivity called from non-Activity context; forcing Intent.FLAG_ACTIVITY_NEW_TASK for: Intent { act=com.oculus.os.clearactivity.FINISH flg=0x800000 cmp=com.oculus.os.clearactivity/.ClearActivity (has extras) }
07-11 11:52:11.943  1034  1055 D ActivityTaskManager: Preferred display for non-VR activity ActivityRecord{e415ce9 u0 com.oculus.os.clearactivity/.ClearActivity t-1}: 0
07-11 11:52:11.950  1034  1055 W Looper  : Slow dispatch took 108ms android.ui h=android.os.Handler c=android.app.-$$Lambda$oslF4K8Uk6v-6nTRoaEpCmfAptE@159bd6e m=0
07-11 11:52:12.132  1034  1210 E WindowManager: App trying to use insecure INPUT_FEATURE_NO_INPUT_CHANNEL flag. Ignoring
07-11 11:52:12.176   736   940 I FrameSetDispatcher: [HEADSET] Client thread started
07-11 11:52:12.176   736   940 E FrameSetDispatcher: [HEADSET] Frame Count Requirement violated: number of streaming clients: 4, maximum number of FrameSets: 4
07-11 11:52:12.176   736   940 I CameraClientManager: [HEADSET] Added client - started clients: 4
07-11 11:52:12.543  1545  4912 W ContextImpl: Calling a method in the system process without a qualified user: android.app.ContextImpl.sendBroadcast:1057 android.content.ContextWrapper.sendBroadcast:448 X.o8.A00:143 X.nw.A00:17 X.nw.handleMessage:90 
07-11 11:52:14.867  1034  1860 E TaskPersister: File error accessing recents directory (directory doesn't exist?).
07-11 11:52:24.222   736  1221 I SyncBossFW:  301013 [info   ] {PERF}: cpu load cur=0.38 min=0.04 max=0.39 avg=0.38
07-11 11:52:33.748   736  1222 I SyncBossHAL: [info   ] syncboss_hal_input_controller.c(183): Controller dc36774dxxxxxxxx state change: asleep 0 -> 1
07-11 11:52:33.753   736  1245 D SensorService: stateChangeNotifierFunc(): Reporting controller info. Change token: 6, paired=2 connected=2
07-11 11:52:33.753   855  1249 D OVRRemoteService: processStateChange([PairedControllerInfo LCON adf260742d57ae23 connected mcnt=0])
07-11 11:52:33.753   855  1249 D OVRRemoteService: processStateChange([PairedControllerInfo LCON dc36774d072f3cbd connected asleep mcnt=0])
07-11 11:52:33.754   736   940 W SensorService: Attempt to adjust transmit power. Should boost:N. Function not implemented in syncboss HAL yet.
07-11 11:52:33.754   855  1244 E TrackingService: Failed to set transmit power adjustment. Should boost:N, Controller addr:dc36774d072f3cbd
07-11 11:52:33.806   736  1222 I SyncBossInput: [info   ] [lcon ( left) dc36774dxxxxxxxx]: 2049463 [info   ] {THDG}: active_connected -> inactive_connected
07-11 11:52:53.184  1034  1063 W ActivityManager: Stopping service due to app idle: u0a17 -2m16s460ms com.oculus.appsafety/.AppSafetyService
07-11 11:52:55.604  1545  4930 W ContextImpl: Calling a method in the system process without a qualified user: android.app.ContextImpl.sendBroadcast:1057 android.content.ContextWrapper.sendBroadcast:448 X.o8.A00:143 X.nw.A00:17 X.nw.handleMessage:90 
07-11 11:53:13.462  1034  1063 W ActivityManager: Stopping service due to app idle: u0a61 -1m11s828ms com.oculus.socialplatform/.partyservice.PartyService
07-11 11:53:24.226   736  1221 I SyncBossFW:  361016 [info   ] {PERF}: cpu load cur=0.32 min=0.04 max=0.39 avg=0.37
07-11 11:53:27.612  1545  4944 W ContextImpl: Calling a method in the system process without a qualified user: android.app.ContextImpl.sendBroadcast:1057 android.content.ContextWrapper.sendBroadcast:448 X.o8.A00:143 X.nw.A00:17 X.nw.handleMessage:90 
07-11 11:53:29.963   736  1222 I SyncBossHAL: [info   ] syncboss_hal_input_controller.c(63): adf26074xxxxxxxx: 5 missed/180005 expected (PER 0.00%)
07-11 11:53:57.218  1034  1034 I PowerManagerService: Going to sleep due to application (uid 1000)...
07-11 11:53:57.220  1034  1034 W UsageStatsService: Event reported without a package name, eventType:16
07-11 11:53:57.222  1034  1071 I PowerManagerService: Sleeping (uid 1000)...
07-11 11:53:57.222  1034  1071 I DisplayPowerController: Blocking screen off
07-11 11:53:57.223  1034  1071 I DisplayPowerController: Unblocked screen off after 0 ms
07-11 11:53:57.223  1034  1071 D ActivityTaskManager: Top Process State changed to PROCESS_STATE_TOP_SLEEPING
07-11 11:53:57.273  1034  1067 D KernelCpuUidUserSysTimeReader: Removing uids 1037-1037
07-11 11:53:57.281  1034  1067 D KernelCpuUidUserSysTimeReader: Removing uids 1037-1037
07-11 11:53:57.286  1034  1071 V DisplayPowerController: Brightness [0] reason changing to: 'screen_off', previous reason: 'manual'.
07-11 11:53:57.286  1034  1057 W ProcessStats: Tracking association SourceState{19318d8 com.oculus.shellenv/10015 Top #3291} whose proc state 1 is better than process ProcessState{ed33716 com.oculus.vrshell/10023 pkg=com.oculus.vrshell} proc state 2 (0 skipped)
07-11 11:53:57.287  1034  1057 I DisplayManagerService: Display device changed state: "Built-in Screen", OFF
07-11 11:53:57.462  1034  3510 W ActivityManager: Package for pid 849: no process record found
07-11 11:53:57.848  1545  4961 W ContextImpl: Calling a method in the system process without a qualified user: android.app.ContextImpl.sendBroadcast:1057 android.content.ContextWrapper.sendBroadcast:448 X.o8.A00:143 X.nw.A00:17 X.nw.handleMessage:90 
07-11 11:53:57.893   855  3694 D SensorClientUtils: Received transition request to SLEEP current is STANDBY
07-11 11:53:57.893   855  3694 D SensorClientUtils: Executing transition from STANDBY to SLEEP
07-11 11:53:57.893   855  3694 D SensorClientUtils: Setting power state to STANDBY
07-11 11:53:57.893   849   849 D SensorClientUtils: Received transition request to SLEEP current is STANDBY
07-11 11:53:57.893   849   849 D SensorClientUtils: Executing transition from STANDBY to SLEEP
07-11 11:53:57.893   849   849 D SensorClientUtils: Setting power state to STANDBY
07-11 11:53:57.893   855   855 D SensorClientUtils: Received transition request to SLEEP current is STANDBY
07-11 11:53:57.893   855   855 D SensorClientUtils: Executing transition from STANDBY to SLEEP
07-11 11:53:57.893   855   855 D SensorClientUtils: Setting power state to STANDBY
07-11 11:53:57.893   855   855 D OVRRemoteService: [controller] RUNNING -> STANDBY
07-11 11:53:57.894   855   855 D SensorClientUtils: Scheduling delayed transition to SLEEP in 120000ms
07-11 11:53:57.894   736  1674 I FrameSetDispatcher: [HEADSET] Client thread stopping
07-11 11:53:57.894   849   849 D SensorClientUtils: Scheduling delayed transition to SLEEP in 0ms
07-11 11:53:57.895   849  4978 D SensorClientUtils: Performing delayed transition to SLEEP
07-11 11:53:57.895   849  4978 D SensorClientUtils: Setting power state to SLEEP
07-11 11:53:57.895   736   942 I FrameSetDispatcher: [HEADSET] Client thread joined
07-11 11:53:57.895   736   942 I CameraClientManager: [HEADSET] Removed client - started clients: 3
07-11 11:53:57.895   736  4351 I FrameSetDispatcher: [HAND] Client thread stopping
07-11 11:53:57.900  1034  4775 W ContextImpl: Calling a method in the system process without a qualified user: android.app.ContextImpl.sendBroadcast:1057 com.android.server.audio.AudioService.setMicrophoneMuteNoCallerCheck:2891 com.android.server.audio.AudioService.setMicrophoneMute:2877 android.media.IAudioService$Stub.onTransact:1112 android.os.Binder.execTransactInternal:1021 
07-11 11:53:57.902   736   942 I FrameSetDispatcher: [HAND] Client thread joined
07-11 11:53:57.902   736   942 I CameraClientManager: [HAND] Removed client - started clients: 2
07-11 11:53:57.902   855   995 I TrackingService: [ExposureControl] RUNNING -> STANDBY transition time: 9 ms
07-11 11:53:57.902   855   995 I TrackingService: [     controller] RUNNING -> STANDBY transition time: 0 ms
07-11 11:53:57.905   736  1670 I FrameSetDispatcher: [HEADSET] Client thread stopping
07-11 11:53:57.905   736   942 I FrameSetDispatcher: [HEADSET] Client thread joined
07-11 11:53:57.905   736   942 I CameraClientManager: [HEADSET] Removed client - started clients: 2
07-11 11:53:57.906   736  4350 I FrameSetDispatcher: [HAND] Client thread stopping
07-11 11:53:57.906   736   942 I FrameSetDispatcher: [HAND] Client thread joined
07-11 11:53:57.906   736   942 I CameraClientManager: [HAND] Removed client - started clients: 1
07-11 11:53:57.906   855   995 I TrackingService: [         object] RUNNING -> STANDBY transition time: 3 ms
07-11 11:53:57.910   736  4345 I FrameSetDispatcher: [HAND] Client thread stopping
07-11 11:53:57.912   736   942 I FrameSetDispatcher: [HAND] Client thread joined
07-11 11:53:57.913   736   942 I CameraClientManager: [HAND] Removed client - started clients: 0
07-11 11:53:57.914   855   995 I TrackingService: [           hand] RUNNING -> STANDBY transition time: 7 ms
07-11 11:53:57.914   855   995 I TrackingService: [  constellation] RUNNING -> STANDBY transition time: 0 ms
07-11 11:53:57.977   736  4906 I FrameSetDispatcher: [HEADSET] Client thread stopping
07-11 11:53:57.977   736   942 I FrameSetDispatcher: [HEADSET] Client thread joined
07-11 11:53:57.977   736   942 I CameraClientManager: [HEADSET] Removed client - started clients: 1
07-11 11:53:58.037  1034  1034 W Looper  : Slow dispatch took 144ms main h=oculus.internal.VrPowerManagerService$3 c=null m=2
07-11 11:53:58.052   736  1540 I FrameSetDispatcher: [HEADSET] Client thread stopping
07-11 11:53:58.052   736   942 I FrameSetDispatcher: [HEADSET] Client thread joined
07-11 11:53:58.052   736   942 I CameraClientManager: [HEADSET] Removed client - started clients: 0
07-11 11:53:58.061   736  1624 E MontereyCameraProvider: Frame marked invalid by frame set generator
07-11 11:53:58.069  1034  1064 I ActivityManager: Start proc 4994:com.oculus.fitnesstracker/u0a42 for service {com.oculus.fitnesstracker/androidx.work.impl.background.systemjob.SystemJobService}
07-11 11:53:58.139   855   995 I TrackingService: [            iot] RUNNING -> STANDBY transition time: 224 ms
07-11 11:53:58.139   855   995 I TrackingService: [           bolt] RUNNING -> STANDBY transition time: 0 ms
07-11 11:53:58.139   855   995 I TrackingService: [            iad] RUNNING -> STANDBY transition time: 0 ms
07-11 11:53:58.139   855   995 I TrackingService: [ vision_manager] RUNNING -> STANDBY transition time: 0 ms
07-11 11:53:58.139   855  3694 D TrackingService: setPowerState: STANDBY
07-11 11:53:58.139   855  3694 D SensorClientUtils: Scheduling delayed transition to SLEEP in 120000ms
07-11 11:53:59.036  1034  1062 W VoiceInteractionManagerService: no available voice interaction services found for user 0
07-11 11:54:23.179  1034  3844 I ActivityManager: Killing 2977:com.oculus.systemutilities/u0a22 (adj 995): empty #17
07-11 11:54:23.179  1034  3844 I ActivityManager: Killing 1625:com.android.settings/1000 (adj 995): empty #18
07-11 11:54:23.181  1034  3844 W ProcessStats: Tracking association SourceState{24b5dae com.oculus.shellenv/10015 Top #3477} whose proc state 1 is better than process ProcessState{336174f com.oculus.horizon/10049 pkg=com.oculus.horizon} proc state 2 (215 skipped)
07-11 11:54:23.216  1034  1057 W ActivityManager: setHasOverlayUi called on unknown pid: 1625
07-11 11:54:23.295  1545  5042 W ContextImpl: Calling a method in the system process without a qualified user: android.app.ContextImpl.sendBroadcast:1057 android.content.ContextWrapper.sendBroadcast:448 X.o8.A00:143 X.nw.A00:17 X.nw.handleMessage:90 
07-11 11:54:24.228   736  1221 I SyncBossFW:  421017 [info   ] {PERF}: cpu load cur=0.29 min=0.04 max=0.39 avg=0.36
07-11 11:54:54.488  1034  1517 W ProcessStats: Tracking association SourceState{24b5dae com.oculus.shellenv/10015 Top #3486} whose proc state 1 is better than process ProcessState{336174f com.oculus.horizon/10049 pkg=com.oculus.horizon} proc state 2 (9 skipped)
07-11 11:55:23.118  1034  2163 W ProcessStats: Tracking association SourceState{24b5dae com.oculus.shellenv/10015 Top #3492} whose proc state 1 is better than process ProcessState{336174f com.oculus.horizon/10049 pkg=com.oculus.horizon} proc state 2 (5 skipped)
07-11 11:55:24.231   736  1221 I SyncBossFW:  481019 [info   ] {PERF}: cpu load cur=0.29 min=0.04 max=0.39 avg=0.35
07-11 11:55:57.666  1034  1123 W ProcessStats: Tracking association SourceState{24b5dae com.oculus.shellenv/10015 Top #3496} whose proc state 1 is better than process ProcessState{336174f com.oculus.horizon/10049 pkg=com.oculus.horizon} proc state 2 (1 skipped)
07-11 11:55:57.905   855  4977 D SensorClientUtils: Performing delayed transition to SLEEP
07-11 11:55:57.905   855  4977 D SensorClientUtils: Setting power state to SLEEP
07-11 11:55:57.905   855  4977 D OVRRemoteService: ControllerGlue: setting expected mode to Disabled
07-11 11:55:57.905   855  4977 D OVRRemoteService: ControllerGlue: Setting current mode to Disabled
07-11 11:55:57.905   855  4977 D OVRRemoteService: ControllerGlue: leave mode Streaming
07-11 11:55:57.905   855  4977 D OVRRemoteService: RemoteService::handleDeviceDisconnected - device adf260742d57ae23
07-11 11:55:57.905   855  4977 D OVRRemoteService: RemoteService::handleDeviceDisconnected - device dc36774d072f3cbd
07-11 11:55:57.906   736   942 D SensorService: ControllerProvider: releasing StreamingClient impl; approx # alive: 1
07-11 11:55:57.906   855  4977 D OVRRemoteService: ControllerGlue: Setting mode to Disabled
07-11 11:55:57.906   855  4977 D OVRRemoteService: ControllerGlue: enter mode Disabled
07-11 11:55:57.906   855  4977 D OVRRemoteService: [controller] STANDBY -> SLEEP
07-11 11:55:57.906   736   942 D libsensorscommon: ControllerProvider: releasing StreamingClient hidl
07-11 11:55:57.907  1034  4768 I AppOps  : Finishing op=WAKE_LOCK for non-existing package=system in uid=1000
07-11 11:55:57.907   855  1244 D TrackingService: RemoteTrackedDevice::handleDeviceDisconnected - device adf260742d57ae23
07-11 11:55:57.907   855  1244 I TrackingService: Unregistering remote adf260742d57ae23 in slot 0
07-11 11:55:57.908   855  1244 D TrackingService: unregisterRemote: adf260742d57ae23
07-11 11:55:57.908   855  1244 D TrackingService: RemoteTrackedDevice::handleDeviceDisconnected - device dc36774d072f3cbd
07-11 11:55:57.908   855  1244 I TrackingService: Unregistering remote dc36774d072f3cbd in slot 1
07-11 11:55:57.908   855  1244 D TrackingService: unregisterRemote: dc36774d072f3cbd
07-11 11:55:57.986  1545  5052 W ContextImpl: Calling a method in the system process without a qualified user: android.app.ContextImpl.sendBroadcast:1057 android.content.ContextWrapper.sendBroadcast:448 X.o8.A00:143 X.nw.A00:17 X.nw.handleMessage:90 
07-11 11:55:58.140   855  5017 D SensorClientUtils: Performing delayed transition to SLEEP
07-11 11:55:58.140   855  5017 D SensorClientUtils: Setting power state to SLEEP
07-11 11:55:58.140   855   995 I TrackingService: [ExposureControl] STANDBY -> SLEEP transition time: 0 ms
07-11 11:55:58.140   855  1244 D RemoteService: RemoteService - Unregistering status callback
07-11 11:55:58.140   736   942 D SensorService: ControllerProvider: releasing StreamingClient impl; approx # alive: 0
07-11 11:55:58.140   736   942 D SensorService: ControllerProvider: releasing StreamingSession
07-11 11:55:58.145   736   942 D libsensorscommon: ControllerProvider: releasing StreamingClient hidl
07-11 11:55:58.145   855   995 I TrackingService: [     controller] STANDBY -> SLEEP transition time: 5 ms
07-11 11:55:58.145   855   995 I TrackingService: [         object] STANDBY -> SLEEP transition time: 0 ms
07-11 11:55:58.180   855   995 I TrackingService: [           hand] STANDBY -> SLEEP transition time: 35 ms
07-11 11:55:58.240   855   995 I TrackingService: [  constellation] STANDBY -> SLEEP transition time: 59 ms
07-11 11:55:58.241   736   942 D SensorService: SyncbossEventHandler: stopping all streams
07-11 11:55:58.241   736  1222 D SensorService: SyncbossEventHandler::producerThreadFunc() exit
07-11 11:55:58.417   855   995 I TrackingService: [            iot] STANDBY -> SLEEP transition time: 177 ms
07-11 11:55:58.424   855   995 I TrackingService: [           bolt] STANDBY -> SLEEP transition time: 6 ms
