07-11 12:03:43.196  3120  3120 D [SUI] AnytimeUIPanelAppBase: Releasing viewModel StatusViewModel refCount: 2
07-11 12:03:43.214  5646  5646 E k.vrcubeworldn: Unknown bits set in runtime_flags: 0x8000
07-11 12:03:43.281  1253  2933 I VrRuntimeService: DestroySwapChain: swapchain=200
07-11 12:03:43.284  1253  2933 I VrRuntimeServer: DestroyTextureSwapChain: result destroyswapchain 1
07-11 12:03:43.286  1253  2933 I VrRuntimeService: DestroySwapChain: swapchain=202
07-11 12:03:43.287  1253  2933 I VrRuntimeServer: DestroyTextureSwapChain: result destroyswapchain 1
07-11 12:03:43.287  1253  2933 I VrRuntimeService: DestroySwapChain: swapchain=199
07-11 12:03:43.287  1253  1931 I SwapChain: DestroyAndroidSurfaceSwapChain: 0x77bc6b7000: Destroying SurfaceTexture 0x28b6 Surface 0x28c6
07-11 12:03:43.287  1253  2933 I VrRuntimeServer: DestroyTextureSwapChain: result destroyswapchain 1
07-11 12:03:43.288  1253  2933 I VrRuntimeService: DestroySwapChain: swapchain=198
07-11 12:03:43.288  1253  1931 I SwapChain: DestroyAndroidSurfaceSwapChain: 0x77bdcd8000: Destroying SurfaceTexture 0x287a Surface 0x288a
07-11 12:03:43.288  1253  2933 I VrRuntimeServer: DestroyTextureSwapChain: result destroyswapchain 1
07-11 12:03:43.290  1034  4575 I chatty  : uid=1000(system) Binder:1034_10 expire 1 line
07-11 12:03:43.291  1253  2933 I VrRuntimeService: DestroySwapChain: swapchain=201
07-11 12:03:43.292  1253  2933 I VrRuntimeServer: DestroyTextureSwapChain: result destroyswapchain 1
07-11 12:03:43.328  1253  1253 D VrRuntimeService: onForegroundActivitiesChanged: pid=5646, uid=10079, hasForegroundActivities=true
07-11 12:03:43.331   599  3797 D AF::TrackHandle: OpPlayAudio: track:56 uid:10015 pkg:com.oculus.shellenv usage:1 muted
07-11 12:03:43.332   599  1170 D AF::TrackHandle: OpPlayAudio: track:74 uid:10023 pkg:com.oculus.vrshell usage:1 not muted
07-11 12:03:43.332   599  4957 D AF::RecordHandle: OpRecordAudio: track:55 uid:10015 pkg:com.oculus.shellenv usage:0 muted
07-11 12:03:43.336   599   599 D AF::RecordHandle: OpRecordAudio: track:73 uid:10049 pkg:com.oculus.horizon usage:0 not muted
07-11 12:03:43.331   599  3754 D AF::TrackHandle: OpPlayAudio: track:61 uid:1000 pkg:com.android.networkstack.inprocess usage:13 not muted
07-11 12:03:43.339  1253  1253 D VrRuntimeService: Package com.oculus.sdk.vrcubeworldna has ossplash false
07-11 12:03:43.351  5646  5646 I k.vrcubeworldn: The ClassLoaderContext is a special shared library.
07-11 12:03:43.364  3120  3120 D [SUI] AnytimeUIPanelAppBase: Releasing viewModel SocialViewModel refCount: 0
07-11 12:03:43.364  3120  3120 D [SUI] SocialViewModel: Destroying ViewModel
07-11 12:03:43.365  3120  3120 D [SUI] AnytimeUIPanelAppBase: Releasing viewModel StatusViewModel refCount: 1
07-11 12:03:43.365  3120  3120 I [SUI] AnytimeUIAndroidPanelApp: Destroyed AUI PanelApp, isInOverlay: false, instanceCount: 1
07-11 12:03:43.376  3519  3609 V RCTVR_HERMES: Hermes Mem: numCollections 678, allocatedBytes 24700400, heapSize 27787264, va 27787264, malloc 1995055
07-11 12:03:43.376  3519  3591 I RCTVR_Shutdown: JS synced
07-11 12:03:43.376  3519  3591 I RCTVR_Shutdown: Native modules flushed
07-11 12:03:43.376  3519  3591 I RCTVR_Shutdown: OnBackground complete
07-11 12:03:43.383  5646  5646 D AndroidRuntime: Shutting down VM
07-11 12:03:43.384  5646  5646 E AndroidRuntime: FATAL EXCEPTION: main
07-11 12:03:43.384  5646  5646 E AndroidRuntime: Process: com.oculus.sdk.vrcubeworldna, PID: 5646
07-11 12:03:43.384  5646  5646 E AndroidRuntime: java.lang.UnsatisfiedLinkError: dalvik.system.PathClassLoader[DexPathList[[zip file "/data/app/com.oculus.sdk.vrcubeworldna-vZKFv2D_yZl9tO2_1nHcTw==/base.apk"],nativeLibraryDirectories=[/data/app/com.oculus.sdk.vrcubeworldna-vZKFv2D_yZl9tO2_1nHcTw==/lib/arm64, /data/app/com.oculus.sdk.vrcubeworldna-vZKFv2D_yZl9tO2_1nHcTw==/base.apk!/lib/arm64-v8a, /system/lib64, /system/product/lib64]]] couldn't find "libvrinput.so"
07-11 12:03:43.384  5646  5646 E AndroidRuntime: 	at java.lang.Runtime.loadLibrary0(Runtime.java:1067)
07-11 12:03:43.384  5646  5646 E AndroidRuntime: 	at java.lang.Runtime.loadLibrary0(Runtime.java:1007)
07-11 12:03:43.384  5646  5646 E AndroidRuntime: 	at java.lang.System.loadLibrary(System.java:1667)
07-11 12:03:43.384  5646  5646 E AndroidRuntime: 	at com.oculus.sdk.vrcubeworldna.MainActivity.<clinit>(MainActivity.java:27)
07-11 12:03:43.384  5646  5646 E AndroidRuntime: 	at java.lang.Class.newInstance(Native Method)
07-11 12:03:43.384  5646  5646 E AndroidRuntime: 	at android.app.AppComponentFactory.instantiateActivity(AppComponentFactory.java:95)
07-11 12:03:43.384  5646  5646 E AndroidRuntime: 	at android.app.Instrumentation.newActivity(Instrumentation.java:1250)
07-11 12:03:43.384  5646  5646 E AndroidRuntime: 	at android.app.ActivityThread.performLaunchActivity(ActivityThread.java:3196)
07-11 12:03:43.384  5646  5646 E AndroidRuntime: 	at android.app.ActivityThread.handleLaunchActivity(ActivityThread.java:3424)
07-11 12:03:43.384  5646  5646 E AndroidRuntime: 	at android.app.servertransaction.LaunchActivityItem.execute(LaunchActivityItem.java:83)
07-11 12:03:43.384  5646  5646 E AndroidRuntime: 	at android.app.servertransaction.TransactionExecutor.executeCallbacks(TransactionExecutor.java:135)
07-11 12:03:43.384  5646  5646 E AndroidRuntime: 	at android.app.servertransaction.TransactionExecutor.execute(TransactionExecutor.java:95)
07-11 12:03:43.384  5646  5646 E AndroidRuntime: 	at android.app.ActivityThread$H.handleMessage(ActivityThread.java:2030)
07-11 12:03:43.384  5646  5646 E AndroidRuntime: 	at android.os.Handler.dispatchMessage(Handler.java:109)
07-11 12:03:43.384  5646  5646 E AndroidRuntime: 	at android.os.Looper.loop(Looper.java:214)
07-11 12:03:43.384  5646  5646 E AndroidRuntime: 	at android.app.ActivityThread.main(ActivityThread.java:7400)
07-11 12:03:43.384  5646  5646 E AndroidRuntime: 	at java.lang.reflect.Method.invoke(Native Method)
07-11 12:03:43.384  5646  5646 E AndroidRuntime: 	at com.android.internal.os.RuntimeInit$MethodAndArgsCaller.run(RuntimeInit.java:492)
07-11 12:03:43.384  5646  5646 E AndroidRuntime: 	at com.android.internal.os.ZygoteInit.main(ZygoteInit.java:936)
07-11 12:03:43.388  1034  1517 W ActivityTaskManager:   Force finishing activity com.oculus.sdk.vrcubeworldna/.MainActivity
07-11 12:03:43.392  1034  5680 I DropBoxManagerService: add tag=data_app_crash isTagEnabled=true flags=0x2
07-11 12:03:43.395   849  1232 W [CT]    : MIXEDREALITY: MrRuntimeCompute: compute: Dropping frameset type 1 timestamp 985.01011481 due to expiry, max expiry duration 18.000000000000004 ms, stereo start delay 27 ms.
07-11 12:03:43.396  1034  1055 I ActivityManager: Showing crash dialog for package com.oculus.sdk.vrcubeworldna u0
07-11 12:03:43.399  1034  1055 I chatty  : uid=1000(system) android.ui expire 118 lines
07-11 12:03:43.402  3120  3120 D [SUI] AnytimeUIPanelAppBase: Releasing viewModel StatusViewModel refCount: 0
07-11 12:03:43.402  3120  3120 D [SUI] StatusViewModel: Destroying ViewModel
07-11 12:03:43.405  3120  3120 D RefBase : RefBase: Explicit destruction, weak count = 0 (in 0x7fd296eaf8)
07-11 12:03:43.405  3120  3120 W RefBase : CallStack::getCurrentInternal not linked, returning null
07-11 12:03:43.405  3120  3120 W RefBase : CallStack::logStackInternal not linked
07-11 12:03:43.405  3120  3120 I [SUI] XrspBrokerHelper: PairingStateObserver v4 unregistered: 0x777db25680
07-11 12:03:43.411  1253  1253 D VrRuntimeService: onStartCommand
07-11 12:03:43.412  1034  4575 I DisplayManagerService: Display device removed: DisplayDeviceInfo{"com.oculus.android_panel_app.AndroidPanelLayer-tablet": uniqueId="virtual:com.oculus.systemux,10034,com.oculus.android_panel_app.AndroidPanelLayer-tablet,0", 800 x 500, modeId 54, defaultModeId 54, supportedModes [{id=54, width=800, height=500, fps=60.0}], colorMode 0, supportedColorModes [0], HdrCapabilities null, density 160, 160.0 x 160.0 dpi, appVsyncOff 0, presDeadline 16666666, touch NONE, rotation 0, type VIRTUAL, state ON, owner com.oculus.systemux (uid 10034), FLAG_PRIVATE, FLAG_NEVER_BLANK, FLAG_OWN_CONTENT_ONLY}
07-11 12:03:43.412  1253  3744 D RuntimeIPCServerMgr: RegisterClient: Client: android.uid.system:1000:system_server:1034, Server: com.oculus.systemdriver:com.oculus.vrruntimeservice (RuntimeServiceServer)
07-11 12:03:43.412  1253  3744 I IPCSharedMemory: CreateSharedMemory: Allocated shared memory fd 58 (ipcStateReadWrite)
07-11 12:03:43.413  1253  3744 I IPCSharedMemory: CreateSharedMemory: Allocated shared memory fd 206 (ipcReadOnlyState)
07-11 12:03:43.413  1253  3744 I RuntimeIPCServerMgr: Event buffer size (server): 8192
07-11 12:03:43.413  1253  3744 I IPCSharedMemory: CreateSharedMemory: Allocated shared memory fd 214 (ipcEventBuffer)
07-11 12:03:43.413  1253  3744 I IPCSharedMemory: CreateSharedMemory: Allocated shared memory fd 215 (ipcEventBuffer_Private)
07-11 12:03:43.413  1253  3744 I RuntimeIPCServerMgr: HandleClientConnect SUCCESS: Client: android.uid.system:1000:system_server:1034, Server: com.oculus.systemdriver:com.oculus.vrruntimeservice (RuntimeServiceServer)
07-11 12:03:43.414  1253  5682 I VrRuntimeService: RuntimeIPC: IPC_SYSTEM_EVENT_CLIENT_CONNECTED_EXT: system_server:1034, Version: 2.0, Custom: 1.0
07-11 12:03:43.414  1253  5682 I VrRuntimeService: RuntimeIPC: SendPrimaryPackageChangeEvent: PostClientEvent SUCCESS: android.uid.system:1000:system_server:1034, com.oculus.shellenv, com.oculus.shellenv
07-11 12:03:43.414  1253  5682 I VrRuntimeService: RuntimeIPC: SendFocusChangeEvent: PostClientEvent SUCCESS: android.uid.system:1000:system_server:1034, com.oculus.vrshell, com.oculus.vrshell
07-11 12:03:43.424  1253  3744 I RuntimeIPCServerMgr: GetServerStatesConfig -> {MaxBufferSize=32768, MaxEntries=64}
07-11 12:03:43.424  1253  5682 I VrRuntimeService: RuntimeServiceSDKServer::RegisterClient: system_server
07-11 12:03:43.424  1253  5682 I ClientMgr: ClientMgr::CreateClient: 1034:android.uid.system:1000
07-11 12:03:43.424  1253  5682 I ClientMgr: CliengMgr: Client session placement = 0
07-11 12:03:43.424  1253  5682 I TimeWarpClientMgr: Register client 9
07-11 12:03:43.424  1253  5682 I VrRuntimeServer: RegisterCompositorClient client(9)
07-11 12:03:43.426  1034  2163 I DisplayManagerService: Display device removed: DisplayDeviceInfo{"com.oculus.android_panel_app.AndroidPanelLayer-#main": uniqueId="virtual:com.oculus.systemux,10034,com.oculus.android_panel_app.AndroidPanelLayer-#main,2", 640 x 88, modeId 53, defaultModeId 53, supportedModes [{id=53, width=640, height=88, fps=60.0}], colorMode 0, supportedColorModes [0], HdrCapabilities null, density 160, 160.0 x 160.0 dpi, appVsyncOff 0, presDeadline 16666666, touch NONE, rotation 0, type VIRTUAL, state ON, owner com.oculus.systemux (uid 10034), FLAG_PRIVATE, FLAG_NEVER_BLANK, FLAG_OWN_CONTENT_ONLY}
07-11 12:03:43.432  1253  5682 W ActivityManagerUtils: The package name doesn't match for the given uid and pid
07-11 12:03:43.432  1253  5682 I ClientMgr: ClientMgr: Client:android.uid.system:1000 isOsApp=false
07-11 12:03:43.432  1253  5682 I SharedMemoryServer: SharedMemoryServer::MapMemory: Allocated shared memory fd 217 (VrRuntimeService_PrivateReadWrite_android.uid.system:1000)
07-11 12:03:43.432  1253  5682 I ServiceInputManager: HANDTRACKING Initial input state override: 0
07-11 12:03:43.432  1253  5682 I PTKService: PTKServiceClient Init
07-11 12:03:43.432  1253  5682 I ipcLoader_static: RuntimeIPC: Loader: IPC Service API Loader Version: 28 May 12 2022 06:51:44
07-11 12:03:43.432  1253  5682 I RuntimeIPCApi: ipc_Initialize
07-11 12:03:43.432  1253  5682 I RuntimeIPCServiceClient: Init: Already initialized: com.oculus.vrruntimeservice, 3
07-11 12:03:43.442  1941  1941 I chatty  : uid=10023(com.oculus.vrshell) ShellOverlayMai expire 5 lines
07-11 12:03:43.447  1941  2935 I chatty  : uid=10023(com.oculus.vrshell) ShellOverlayMai expire 10 lines
07-11 12:03:43.473  1941  2788 I chatty  : uid=10023(com.oculus.vrshell) ShellOverlayVR expire 9 lines
07-11 12:03:43.480  1737  1807 I crash-reporter: uncaught drop box entry crash report written at /data/misc/crashes/com.oculus.sdk.vrcubeworldna_2022-07-11_12-03-43-435512.exception.meta
07-11 12:03:43.486  1253  5682 I RuntimeIPCClientMgr: GetServerStatesConfig returned maxEntries=64, maxBuffSize=32768
07-11 12:03:43.486  1253  5682 I RuntimeIPCClientMgr: Event buffer size (client): 8192
07-11 12:03:43.486  1253  5682 I RuntimeIPCClientMgr: TryToGetIPCResourcesFromServer: RPC_CONNECTOR_CONNECT_TO_SERVER SUCCESS: Client: com.oculus.systemdriver:com.oculus.vrruntimeservice:1253, Server: com.oculus.vrshell:com.oculus.vrshell:Overlay (ptkserviceserver)
07-11 12:03:43.486  1253  5682 I RuntimeIPCClientMgr: EnsureServerConnection: SUCCESS. Client: com.oculus.systemdriver:com.oculus.vrruntimeservice:1253, Server: com.oculus.vrshell:com.oculus.vrshell:Overlay (ptkserviceserver)
07-11 12:03:43.486  1253  5682 I RuntimeIPCClientMgr: ConnectToServer: SUCCESS: Client: com.oculus.systemdriver:com.oculus.vrruntimeservice:1253, Server: com.oculus.vrshell:com.oculus.vrshell:Overlay (ptkserviceserver)
07-11 12:03:43.496  1253  5682 I RuntimeIPCClientMgr: GetServerStatesConfig returned maxEntries=64, maxBuffSize=32768
07-11 12:03:43.496  1253  5682 I RuntimeIPCClientMgr: InitServerStateForGroup: SUCCESS. 0, Client: com.oculus.systemdriver:com.oculus.vrruntimeservice:1253, Server: com.oculus.vrshell:com.oculus.vrshell:Overlay (ptkserviceserver)
07-11 12:03:43.496  1253  5682 I RuntimeIPCClientMgr: RuntimeIPCClientMgr::DisconnectFromServer: 0, Client: com.oculus.systemdriver:com.oculus.vrruntimeservice:1253, Server: com.oculus.vrshell:com.oculus.vrshell:Overlay (ptkserviceserver)
07-11 12:03:43.496  1253  5682 I RuntimeIPCClientMgr: RuntimeIPCClient: Shutdown: Client: com.oculus.systemdriver:com.oculus.vrruntimeservice:1253, Server: com.oculus.vrshell:com.oculus.vrshell:Overlay (ptkserviceserver)
07-11 12:03:43.496  1253  5682 I RuntimeIPCApi: ipc_Shutdown
07-11 12:03:43.496  1253  5682 I RuntimeIPCServiceClient: Shutdown: Refs still outstanding: 3, com.oculus.vrruntimeservice
07-11 12:03:43.496  1253  5682 I ClientMgr: AddClient: android.uid.system:1000:system_server:1034
07-11 12:03:43.496  1253  5682 I ClientMgr: CreateClient: Sending PrimaryPackageChangeEvent outside of normal operation for Guardian.
07-11 12:03:43.496  1253  5682 I VrRuntimeService: RuntimeIPC: SendPrimaryPackageChangeEvent: PostClientEvent SUCCESS: com.oculus.guardian:com.oculus.vrguardianservice:2909, android.uid.system:1000, system_server
07-11 12:03:43.503  1253  5682 I UnifiedTelemetryWrapper: Started UT session lifetime:system_server
07-11 12:03:43.505  1253  5682 I VrRuntimeService: RuntimeServiceSDKServer::GetSharedMemoryFileDescriptor: 1178720091
07-11 12:03:43.505  1253  5682 I VrRuntimeService: GetSharedMemoryFileDescriptor: SharedMemoryType_PublicReadOnly: 39
07-11 12:03:43.507  1253  5682 I VrRuntimeService: RuntimeServiceSDKServer::GetSharedMemoryFileDescriptor: 1178720091
07-11 12:03:43.507  1253  5682 I VrRuntimeService: GetSharedMemoryFileDescriptor: SharedMemoryType_PrivateReadWrite: 217
07-11 12:03:43.522   599  3754 D AF::TrackHandle: OpPlayAudio: track:56 uid:10015 pkg:com.oculus.shellenv usage:1 muted
07-11 12:03:43.522   599   599 D AF::TrackHandle: OpPlayAudio: track:61 uid:1000 pkg:com.android.networkstack.inprocess usage:13 not muted
07-11 12:03:43.523   599  4957 D AF::RecordHandle: OpRecordAudio: track:55 uid:10015 pkg:com.oculus.shellenv usage:0 muted
07-11 12:03:43.524  2909  3018 I GuardianSystem: runtimeServiceSDKClient_.PackageChangeEvent: package=[android.uid.system:1000], process=[system_server]
07-11 12:03:43.524  2909  3018 I GuardianSystem: SetCurrentProcessName: system_server, previous ProcessName: com.oculus.shellenv
07-11 12:03:43.524   599  1170 D AF::RecordHandle: OpRecordAudio: track:73 uid:10049 pkg:com.oculus.horizon usage:0 not muted
07-11 12:03:43.524   599  3797 D AF::TrackHandle: OpPlayAudio: track:74 uid:10023 pkg:com.oculus.vrshell usage:1 not muted
07-11 12:03:43.525   599  4957 D AF::TrackHandle: OpPlayAudio: track:61 uid:1000 pkg:com.android.networkstack.inprocess usage:13 not muted
07-11 12:03:43.525   599  1170 D AF::TrackHandle: OpPlayAudio: track:56 uid:10015 pkg:com.oculus.shellenv usage:1 not muted
07-11 12:03:43.526   599  3797 D AF::TrackHandle: OpPlayAudio: track:74 uid:10023 pkg:com.oculus.vrshell usage:1 not muted
07-11 12:03:43.526   599  4957 D AF::RecordHandle: OpRecordAudio: track:73 uid:10049 pkg:com.oculus.horizon usage:0 not muted
07-11 12:03:43.527   599  3797 D AF::RecordHandle: OpRecordAudio: track:55 uid:10015 pkg:com.oculus.shellenv usage:0 not muted
07-11 12:03:43.528   599  4957 D AF::RecordHandle: OpRecordAudio: track:73 uid:10049 pkg:com.oculus.horizon usage:0 not muted
07-11 12:03:43.530   599  4957 D AF::RecordHandle: OpRecordAudio: track:73 uid:10049 pkg:com.oculus.horizon usage:0 not muted
07-11 12:03:43.532   599  3797 D AF::RecordHandle: OpRecordAudio: track:55 uid:10015 pkg:com.oculus.shellenv usage:0 not muted
07-11 12:03:43.532   599  3797 D AF::RecordHandle: OpRecordAudio: track:55 uid:10015 pkg:com.oculus.shellenv usage:0 not muted
07-11 12:03:43.545   720  3762 D msm8974_platform: platform_split_snd_device: snd_device(2) num devices(1) new_snd_devices(0)
07-11 12:03:43.545   720  3762 D ACDB-LOADER: ACDB -> send_audvoltable
07-11 12:03:43.545   720  3762 D ACDB-LOADER: ACDB -> ACDB_CMD_GET_AUDPROC_VOL_STEP_TABLE_SIZE
07-11 12:03:43.545   720  3762 D ACDB-LOADER: ACDB -> ACDB_CMD_GET_AUDPROC_GAIN_DEP_STEP_TABLE, vol index 2
07-11 12:03:43.545   720  3762 D         : Failed to fetch the lookup information of the device 0000000F 
07-11 12:03:43.545   720  3762 E ACDB-LOADER: Error: ACDB AudProc vol returned = -19
07-11 12:03:43.545   720  3762 D ACDB-LOADER: ACDB -> AUDIO_SET_VOL_CAL cal type = 40
07-11 12:03:43.548   840  5481 D BufferPoolAccessor: bufferpool2 0x3374ee1e30 : 2(131072 size) total buffers - 1(65536 size) used buffers - 658/661 (recycle/alloc) - 4/659 (fetch/transfer)
07-11 12:03:43.560  2239  2271 W PublicLibraryProvider: Cannot find entitlement for android
07-11 12:03:43.561  1253  5682 I VrRuntimeService: RuntimeServiceSDKServer::IsExperimental120HzSupportEnabled
07-11 12:03:43.564  1253  1948 D OVRFitnessDataInternal: Requesting Insert FitnessData: 41.0.0.0
07-11 12:03:43.616  2597  3236 I FitnessDataProvider: Received Request Insert FitnessData: 41.0.0.0
07-11 12:03:43.631  1034  1055 I ActivityTaskManager: START u0 {act=android.intent.action.MAIN cmp=com.oculus.os.clearactivity/.ClearActivity (has extras)} from uid 1000
07-11 12:03:43.633  1034  1055 W ActivityTaskManager: startActivity called from non-Activity context; forcing Intent.FLAG_ACTIVITY_NEW_TASK for: Intent { act=android.intent.action.MAIN flg=0x800000 cmp=com.oculus.os.clearactivity/.ClearActivity (has extras) }
07-11 12:03:43.648  1253  1948 E TREX    : Plugin FitnessTrackerServerPlugin update: max = 0.033, actual = 0.083. Next plugin update is throttled.
07-11 12:03:43.662  1034  1055 W Looper  : Slow dispatch took 269ms android.ui h=com.android.server.am.ActivityManagerService$UiHandler c=null m=1
07-11 12:03:43.663  1253  1253 I ClientMgr: FocusedClient changed.
07-11 12:03:43.663  1253  1253 W ClientMgr: ClientMgr::SetFocusedClient: No focused client
07-11 12:03:43.663  1253  1253 I ClientMgr: Releasing clocks.
07-11 12:03:43.663  1253  1253 I ClientMgr: SetFocusedPackageName - packageName  processName  clientId 0 clientPid 0
07-11 12:03:43.664  1034  1055 W Looper  : Slow delivery took 250ms android.ui h=android.hardware.display.DisplayManagerGlobal$DisplayListenerDelegate c=null m=3
07-11 12:03:43.680  1034  1055 W Looper  : Drained
07-11 12:03:43.684  1034  5694 I chatty  : uid=1000 system_server expire 59 lines
07-11 12:03:43.690  2030  2030 W OVRLibrary: null cursor received for query content://com.oculus.ocms.library/apps/android.uid.system%3A1000
07-11 12:03:43.691  1034  5695 I chatty  : uid=1000 system_server expire 2 lines
07-11 12:03:43.695   599   599 D AF::RecordHandle: OpRecordAudio: track:73 uid:10049 pkg:com.oculus.horizon usage:0 not muted
07-11 12:03:42.817   736  5576 E FrameSetDispatcher: [HAND] Client pid=855 (855): Failed to read from receive FMQ for 1 packets in 5000ms.
07-11 12:03:42.817   736  5576 E FrameSetDispatcher: This probably means this client is taking more than 33 ms to process the frame.
07-11 12:03:42.817   736  5576 E FrameSetDispatcher: Retrying.
07-11 12:03:43.695   855  3842 D TrackingService: getSharedMemory: com.android.networkstack.inprocess, HeadTracker
07-11 12:03:43.697  1034  5694 W ContextImpl: Calling a method in the system process without a qualified user: android.app.ContextImpl.startService:1582 android.content.ContextWrapper.startService:669 android.content.ContextWrapper.startService:669 com.oculus.vrapi.VrRuntimeClient.pokeGuardianUserServiceForThisClient:427 com.oculus.vrapi.VrRuntimeClient.safePokeGuardianUserServiceForThisClient:392 
07-11 12:03:43.697   599  3797 D AF::TrackHandle: OpPlayAudio: track:61 uid:1000 pkg:com.android.networkstack.inprocess usage:13 not muted
07-11 12:03:43.697   599  3754 D AF::RecordHandle: OpRecordAudio: track:55 uid:10015 pkg:com.oculus.shellenv usage:0 muted
07-11 12:03:43.698   599  3754 I chatty  : uid=1041(audioserver) Binder:599_6 identical 1 line
07-11 12:03:43.698   599  3754 D AF::RecordHandle: OpRecordAudio: track:55 uid:10015 pkg:com.oculus.shellenv usage:0 muted
07-11 12:03:43.704   599  1170 D AF::TrackHandle: OpPlayAudio: track:56 uid:10015 pkg:com.oculus.shellenv usage:1 muted
07-11 12:03:43.706   599  4957 D AF::TrackHandle: OpPlayAudio: track:74 uid:10023 pkg:com.oculus.vrshell usage:1 not muted
07-11 12:03:43.706  1253  5682 I VrRuntimeService: RuntimeServiceSDKServer::EnableRendering: 0x77badd0c00, 2, system_server
07-11 12:03:43.706  1253  5682 I ClientMgr: EnableRendering2: Calling SetFocusedClient: 1178720091
07-11 12:03:43.706  1253  5682 I ClientMgr: FocusedClient changed.
07-11 12:03:43.706  1253  5682 I ClientMgr: ClientMgr::SetFocusedClient: 1034:android.uid.system:1000 type 0
07-11 12:03:43.706  1253  5682 I ClientMgr: SetFocusedPackageName - packageName android.uid.system:1000 processName system_server clientId 1178720091 clientPid 1034
07-11 12:03:43.706  1253  5682 I VrRuntimeService: RuntimeIPC: SendFocusChangeEventToAllClients: PostClientEvent SUCCESS: android.uid.system:1000:system_server:1034, android.uid.system:1000, system_server
07-11 12:03:43.706  1253  5682 I VrRuntimeService: RuntimeIPC: SendFocusChangeEventToAllClients: PostClientEvent SUCCESS: com.oculus.mrservice:com.oculus.mrservice:1606, android.uid.system:1000, system_server
07-11 12:03:43.706  1253  5682 I VrRuntimeService: RuntimeIPC: SendFocusChangeEventToAllClients: PostClientEvent SUCCESS: com.oculus.guardian:com.oculus.vrguardianservice:2909, android.uid.system:1000, system_server
07-11 12:03:43.706  1253  5682 I VrRuntimeService: RuntimeIPC: SendFocusChangeEventToAllClients: PostClientEvent SUCCESS: com.oculus.shellenv:com.oculus.shellenv:1975, android.uid.system:1000, system_server
07-11 12:03:43.706  1253  5682 I VrRuntimeService: RuntimeIPC: SendFocusChangeEventToAllClients: PostClientEvent SUCCESS: com.oculus.vrshell:com.oculus.vrshell:Overlay:1941, android.uid.system:1000, system_server
07-11 12:03:43.706  1253  5682 I VrRuntimeService: RuntimeIPC: SendFocusChangeEventToAllClients: PostClientEvent SUCCESS: com.oculus.vrshell:com.oculus.vrshell:2075, android.uid.system:1000, system_server
07-11 12:03:43.706  1253  5682 I ClientMgr: ClientMgr::EnableRendering 1034:android.uid.system:1000 : type 0 comp-id 9: enable
07-11 12:03:43.706  1253  5682 I CompositorVR: CheckDebuggerConnected: debugger 0
07-11 12:03:43.706  1253  5682 I VrRuntimeServer: SysProp debug mode is disabled on Server side
07-11 12:03:43.711  1253  5682 I UnifiedTelemetryWrapper: Started UT session render:system_server
07-11 12:03:43.712  1034  5694 W ContextImpl: Calling a method in the system process without a qualified user: android.app.ContextImpl.startService:1582 android.content.ContextWrapper.startService:669 android.content.ContextWrapper.startService:669 com.oculus.vrapi.ScreenCaptureHelper.advertiseStreamablePackage:47 <bottom of call stack> 
07-11 12:03:43.712  1253  2027 I ClientMgr: Non-overlay clients rendering status has changed: prev=24, curr=25, enabled=1
07-11 12:03:43.712  1253  2027 I ClientMgr: Primary Client is not valid.
07-11 12:03:43.712  1253  2027 I ClientMgr: Primary client determined to be the current enabled client 1178720091
07-11 12:03:43.712  1253  2027 I ClientMgr: ClientMgr::SetPrimaryCompositorClient: 1034:android.uid.system:1000
07-11 12:03:43.712  1253  2027 W ClientMgr: ClientMgr::GetClientPermissionFlagsById: Client missing proper permissions: android.uid.system:1000, 2
07-11 12:03:43.712  1253  2027 I TimeWarpClientMgr: Enable client 9
07-11 12:03:43.712  1253  2027 I VrRuntimeServer: EnableCompositorClient client(9): layer placement(0) flags(1) sm(0x77ca3bb010)
07-11 12:03:43.712  1253  2027 I ClientMgr: SetPrimaryPackageName - packageName android.uid.system:1000 processName system_server clientId 1178720091 clientPid 1034
07-11 12:03:43.712  1253  2027 I ServiceInputManager: ServiceInputManager::SetPrimaryPackageName 'android.uid.system:1000' 'android.uid.system:1000'  updated AnytimeUI processname 1
07-11 12:03:43.712  1253  2027 I VrRuntimeService: RuntimeIPC: SendPrimaryPackageChangeEvent: PostClientEvent SUCCESS: android.uid.system:1000:system_server:1034, android.uid.system:1000, system_server
07-11 12:03:43.712  1253  2027 I VrRuntimeService: RuntimeIPC: SendPrimaryPackageChangeEvent: PostClientEvent SUCCESS: com.oculus.mrservice:com.oculus.mrservice:1606, android.uid.system:1000, system_server
07-11 12:03:43.712  1253  2027 I VrRuntimeService: RuntimeIPC: SendPrimaryPackageChangeEvent: PostClientEvent SUCCESS: com.oculus.guardian:com.oculus.vrguardianservice:2909, android.uid.system:1000, system_server
07-11 12:03:43.712  1253  2027 I VrRuntimeService: RuntimeIPC: SendPrimaryPackageChangeEvent: PostClientEvent SUCCESS: com.oculus.shellenv:com.oculus.shellenv:1975, android.uid.system:1000, system_server
07-11 12:03:43.712  1253  2027 I VrRuntimeService: RuntimeIPC: SendPrimaryPackageChangeEvent: PostClientEvent SUCCESS: com.oculus.vrshell:com.oculus.vrshell:Overlay:1941, android.uid.system:1000, system_server
07-11 12:03:43.712  1253  2027 I VrRuntimeService: RuntimeIPC: SendPrimaryPackageChangeEvent: PostClientEvent SUCCESS: com.oculus.vrshell:com.oculus.vrshell:2075, android.uid.system:1000, system_server
07-11 12:03:43.712  1253  2027 D VrRuntimeService: sendPrimaryPackageChangeBroadcast
07-11 12:03:43.712  1253  5682 I VrRuntimeService: GetSpecialSwapChain: 1178720091
07-11 12:03:43.713  1253  5682 I VrRuntimeService: GetSpecialSwapChain: 1178720091
07-11 12:03:43.713  1253  5682 I VrRuntimeService: CreateSwapChain: 1178720091
07-11 12:03:43.713  1253  5682 I VrRuntimeService: CreateSwapChain: api:gles 0 0x8c43 16 16 1 1 1 0 14
07-11 12:03:43.713  1253  2027 I AADT    : SetAADTLutDataX: 0
07-11 12:03:43.713  1253  2027 I AADT    : SetAADTLutDataY: 0
07-11 12:03:43.714  1253  2027 I ServiceInputManager: InhibitHandleHomeKey has changed on the service. New value: 1
07-11 12:03:43.714  1253  2027 I ServiceInputManager: DEADRECKONING deadReckoning mode on ClientMgr from server is 0
07-11 12:03:43.714  1034  5696 I chatty  : uid=1000 system_server expire 3 lines
07-11 12:03:43.715  1253  2027 I PerformanceManager_V0: SetClockLevels: Force releasing clocks
07-11 12:03:43.715  1253  2027 I PerformanceManager_V0: SetClockLevels: Apply pending clock request change: 2,3 -> -1,-1
07-11 12:03:43.715  1253  1999 I Clocks  : ReleaseClocks - start
07-11 12:03:43.715  1253  5682 I VrRuntimeServer: CreateTextureSwapChain: result importswapchaingles 1
07-11 12:03:43.715  2909  2909 D VrGuardianUserService: onStartCommandIntent { act=FOREGROUND_CLIENT cmp=com.oculus.guardian/com.oculus.vrguardianservice.VrGuardianUserService (has extras) }
07-11 12:03:43.715  2909  2909 D VrGuardianUserService: maybeSubscribeDeviceConfig
07-11 12:03:43.716   599  3754 D AF::RecordHandle: OpRecordAudio: track:73 uid:10049 pkg:com.oculus.horizon usage:0 not muted
07-11 12:03:43.717  1253  1999 I Clocks  : ReleaseClocks - end (1.9 ms)
07-11 12:03:43.720  2075  2075 I chatty  : uid=10023(com.oculus.vrshell) ShellMain expire 1 line
07-11 12:03:43.720  2075  2329 I chatty  : uid=10023(com.oculus.vrshell) ShellMainVR expire 1 line
07-11 12:03:43.721  2909  2909 D VrGuardianUserService: onStartCommand FOREGROUND_CLIENT user = 0
07-11 12:03:43.722  1253  5305 I AADT    : SetAADTLutDataX. Thread. SizeX: 0
07-11 12:03:43.722  1975  5480 I chatty  : uid=10015(com.oculus.shellenv) expire 5 lines
07-11 12:03:43.722  1253  5305 I AADT    : SetAADTLutDataY. Thread. SizeY: 0
07-11 12:03:43.722  1253  5305 I CompositorVR: Global CAC is enabled (0x1)
07-11 12:03:43.725   720  3762 D msm8974_platform: platform_split_snd_device: snd_device(2) num devices(1) new_snd_devices(0)
07-11 12:03:43.725   720  3762 D ACDB-LOADER: ACDB -> send_audvoltable
07-11 12:03:43.725   720  3762 D ACDB-LOADER: ACDB -> ACDB_CMD_GET_AUDPROC_VOL_STEP_TABLE_SIZE
07-11 12:03:43.725   720  3762 D ACDB-LOADER: ACDB -> ACDB_CMD_GET_AUDPROC_GAIN_DEP_STEP_TABLE, vol index 3
07-11 12:03:43.725   720  3762 D         : Failed to fetch the lookup information of the device 0000000F 
07-11 12:03:43.725   720  3762 E ACDB-LOADER: Error: ACDB AudProc vol returned = -19
07-11 12:03:43.725   720  3762 D ACDB-LOADER: ACDB -> AUDIO_SET_VOL_CAL cal type = 40
07-11 12:03:43.726  1253  2027 I PerformanceManager_V0: SetClockLevels: Apply pending clock request change: -1,-1 -> 0,0
07-11 12:03:43.726  1253  1999 I Clocks  : LockClocks( cpu=0, gpu=0 ) - start
07-11 12:03:43.728   599  3754 D AF::RecordHandle: OpRecordAudio: track:73 uid:10049 pkg:com.oculus.horizon usage:0 not muted
07-11 12:03:43.729  2909  2909 D VrGuardianService: setCurrentUser() called with: userId = [0]
07-11 12:03:43.729  2909  2909 I VrGuardianService: nativeSetCurrentUser userid = 0
07-11 12:03:43.729  2909  2909 I GuardianSystem: GuardianSystem::SetCurrentUser: 0 
07-11 12:03:43.736  1941  1941 I chatty  : uid=10023(com.oculus.vrshell) ShellOverlayMai expire 7 lines
07-11 12:03:43.740  1253  1999 I Clocks  : CPU levels [0, 4]
07-11 12:03:43.740  1253  1999 I Clocks  : GPU levels [0, 5]
07-11 12:03:43.740  1253  5682 I VrRuntimeService: CreateSwapChain: 1178720091
07-11 12:03:43.740  1253  5682 I VrRuntimeService: CreateSwapChain: api:gles 3 0x8058 1000 1000 1 1 1 0 14
07-11 12:03:43.740  2909  3018 I GuardianSystem: Starting pause
07-11 12:03:43.740  1253  3013 I VrRuntimeService: RuntimeServiceSDKServer::SetGuardianPolygon: 3470851528, 416
07-11 12:03:43.741  1253  5682 I VrRuntimeServer: CreateTextureSwapChain: result importswapchaingles 1
07-11 12:03:43.741  1253  3013 I VrRuntimeServer: SetGuardianPolygon: 416
07-11 12:03:43.741  1253  1999 I Clocks  : LockClocks( cpu=0, gpu=0 ) - end (15.1 ms)
07-11 12:03:43.743  1606  3395 I [CT]    : MIXEDREALITY: MrClientModelStates: setLayerPaused true layer -1 for client 3470851528.
07-11 12:03:43.743  1606  3395 I [CT]    : MIXEDREALITY: MrSvc: PassthroughLayer: setPaused: Layer -1 is being paused true
07-11 12:03:43.743  2909  3018 I GuardianRender: Suspend: Passthrough layer paused
07-11 12:03:43.743  2909  3018 I GuardianRender: Suspend: GuardianRender suspending.
07-11 12:03:43.748  2909  3018 I GuardianInput: GuardianInput::Suspend ... destroying hand trackers
07-11 12:03:43.748  2909  3018 I OpenXR_Hands: ------------ xrDestroyHandTrackerEXT -----------
07-11 12:03:43.748  2909  3018 I OpenXR_Hands: ------------ xrDestroyHandTrackerEXT -----------
07-11 12:03:43.748  1941  2788 I chatty  : uid=10023(com.oculus.vrshell) ShellOverlayVR expire 34 lines
07-11 12:03:43.748  2909  3018 I GuardianSystem: runtimeServiceSDKClient_.ForceShowGuardianEvent
07-11 12:03:43.748  2909  3018 I GuardianSystem: ForceShowGuardian: false, 0.00
07-11 12:03:43.748  2909  3018 I GuardianSystem: runtimeServiceSDKClient_.PackageChangeEvent: package=[android.uid.system:1000], process=[system_server]
07-11 12:03:43.749  1606  2988 I [CT]    : MIXEDREALITY: MrSvc: PassthroughPresentationLayerImpl: Deallocating framebuffers for layer -1.
07-11 12:03:43.750  1253  5305 I CompositorVR: SetSchedFifo( tid=3018, pol=5, pri=1 ) succeeded
07-11 12:03:43.751  1253  5305 I CompositorVR: SetSchedFifo( tid=3398, pol=5, pri=1 ) succeeded
07-11 12:03:43.751  1253  5305 I CompositorVR: SetSchedFifo( tid=3411, pol=5, pri=1 ) succeeded
07-11 12:03:43.759  1253  5682 I VrRuntimeService: CreateSwapChain: 1178720091
07-11 12:03:43.759  1253  5682 I VrRuntimeService: CreateSwapChain: api:gles 0 0x8c43 1216 1344 1 3 1 0 14
07-11 12:03:43.760  1253  5682 I VrRuntimeServer: CreateTextureSwapChain: result importswapchaingles 1
07-11 12:03:43.764  1253  5682 I VrRuntimeService: CreateSwapChain: 1178720091
07-11 12:03:43.764  1253  5682 I VrRuntimeService: CreateSwapChain: api:gles 0 0x8c43 1216 1344 1 3 1 0 14
07-11 12:03:43.765  1253  5682 I VrRuntimeServer: CreateTextureSwapChain: result importswapchaingles 1
07-11 12:03:43.773  1606  3194 I [CT]    : MIXEDREALITY: MrFeatureStatus: Client status changed from Started to Paused.
07-11 12:03:43.773  1606  3194 I [CT]    : MIXEDREALITY: MrFeatureStatus: Target status Paused, CurrentStatus: Started
07-11 12:03:43.773  1606  3194 I [CT]    : MIXEDREALITY: MrFeatureStatus: Operation chain: Pause
07-11 12:03:43.773  1606  3194 I [CT]    : MIXEDREALITY: MrFeatureStatus: Global status changed from Started to Paused.
07-11 12:03:43.773  1606  3194 I [CT]    : MIXEDREALITY: MrServiceController: Queuing command linked to operation Pause for feature 0
07-11 12:03:43.773  1606  2988 I [CT]    : MIXEDREALITY: MrServiceController: Executing passthroughPause on model
07-11 12:03:43.773  1606  2988 I [CT]    : MIXEDREALITY: MrServiceModel: passthroughPause()
07-11 12:03:43.773  1606  2988 I [CT]    : MIXEDREALITY: MrServiceModel: passthroughPause: Paused Passthrough
07-11 12:03:43.774  1606  2988 I [CT]    : MIXEDREALITY: MrServiceView: renderIteration: onPause(). (b)
07-11 12:03:43.774  1606  2988 I VrRuntimeClient: UpdateEvents: HMT was mounted
07-11 12:03:43.774  1606  2988 W OsSdk   : Requested historical tracking state too far in the past; oldest: 985.141188s, requested: 283.448249s
07-11 12:03:43.776  1606  2988 I [CT]    : MIXEDREALITY: MrRuntimeImpl: onPause, for capability 0. Target device 0.
07-11 12:03:43.776   849  3165 I [CT]    : MIXEDREALITY: MrSystemServiceIPCServer: MrSystemServiceIPCServer::ChangeMrCapabilityStatus from 1670723570, request was 0/0
07-11 12:03:43.776   849  3165 I [CT]    : MIXEDREALITY: MrRuntimeCompute: onStop: Passthrough.
07-11 12:03:43.776   849  3165 I [CT]    : MR:Capability: Passthrough capability: stop received from 1670723570
07-11 12:03:43.776   849  3165 I [CT]    : MIXEDREALITY: PassthroughComputeCapability: onStop: Deleting Passthrough.
07-11 12:03:43.776   849  3165 I [CT]    : MIXEDREALITY: PassthroughTelemetry: Passthrough compute telemetry over 18.1 seconds:
07-11 12:03:43.776   849  3165 I [CT]    : MIXEDREALITY: PassthroughTelemetry: - using online cal: yes, calibration age: 8119.5 minutes
07-11 12:03:43.776   849  3165 I [CT]    : MIXEDREALITY: PassthroughTelemetry: - frames processed (stereo/depth): 541.0 (541.0/0.0)
07-11 12:03:43.776   849  3165 I [CT]    : MIXEDREALITY: PassthroughTelemetry: - avg exp/gain stereo: 1.0/1.0 depth: 0.0/0.0
07-11 12:03:43.776   849  3165 I [CT]    : MIXEDREALITY: PassthroughTelemetry: - mvs: possible: 2235412.0, actual: 498558.0, intra frame: 461153.0
07-11 12:03:43.776   849  3165 I [CT]    : MIXEDREALITY: PassthroughTelemetry: - mvs checks: left-right: 106275.0, filter: 101463.0, epipolar: 37630.0
07-11 12:03:43.776   849  3165 I [CT]    : MIXEDREALITY: PassthroughTelemetry: - refinement: refine: 16406.0, temporal hist: 9498.0
07-11 12:03:43.776   849  3165 I [CT]    : MIXEDREALITY: PassthroughTelemetry: - points: new: 16406.0, prior: 9205.0, primary: 3794.0, secondary: 5542.0
07-11 12:03:43.776   849  3165 I [CT]    : MIXEDREALITY: PassthroughTelemetry: - per frame: primary: 0.0,7.0,126.0, secondary: 0.0,10.2,173.0, prev mesh: 0.0,0.0,0.0 solver 8.9
07-11 12:03:43.776   849  3165 I [CT]    : MIXEDREALITY: PassthroughComputeCapability: sendComputeTelemetry: Logging telemetry.
07-11 12:03:43.776   849  3165 I [CT]    : MIXEDREALITY: PassthroughMesh: ~PassthroughMesh: Exiting.
07-11 12:03:43.776   849  3165 I [CT]    : BOLTDEPTH: BoltDepthSystem: deactivateClient: depth client 0 is deactivated.
07-11 12:03:43.776  1606  2988 I [CT]    : MIXEDREALITY: MrRuntimeImpl: onPause, for capability 1. Target device 0.
07-11 12:03:43.778  1253  5305 I CompositorVR: SetSchedFifo( tid=2988, pol=5, pri=1 ) succeeded
07-11 12:03:43.778   849  3165 I [CT]    : MIXEDREALITY: MrSystemServiceIPCServer: MrSystemServiceIPCServer::ChangeMrCapabilityStatus from 1670723570, request was 1/0
07-11 12:03:43.778   849  3165 I [CT]    : MIXEDREALITY: MrRuntimeCompute: onStop: Playspace.
07-11 12:03:43.778   849  3165 I [CT]    : MR:Capability: Playspace capability: stop received from 1670723570
07-11 12:03:43.778   849  3165 I [CT]    : MIXEDREALITY: PlayspaceScanComputeCapability: onStop: Deleting Playspace Scan.
07-11 12:03:43.778   849  3165 I [CT]    : DenseVoxelGrid: ~DenseVoxelGrid
07-11 12:03:43.778   849  3165 I [CT]    : BOLTDEPTH: BoltDepthSystem: deactivateClient: depth client 1 is deactivated.
07-11 12:03:43.778   849  3165 I [CT]    : MIXEDREALITY: MrRuntimeCompute: onStop: All capabilities are off, pausing stereo pipeline.
07-11 12:03:43.778   849  3165 I [CT]    : BOLTDEPTH: MotionVectorDisparityPipeline: onPause: No-op for MV disparity pipeline
07-11 12:03:43.778   849  3165 I [CT]    : MIXEDREALITY: ServiceLogic: sendMrEngine: Pause
07-11 12:03:43.782  1034  5694 I chatty  : uid=1000 system_server expire 10 lines
07-11 12:03:43.786   736  5350 I FrameSetDispatcher: [HEADSET] Client thread stopping
07-11 12:03:43.786  2030  3416 W OVRLibrary: null cursor received for query content://com.oculus.ocms.library/apps/system
07-11 12:03:43.787   736   942 I FrameSetDispatcher: [HEADSET] Client thread joined
07-11 12:03:43.787   736   942 I CameraClientManager: [HEADSET] Removed client - started clients: 3
07-11 12:03:43.787   849  3165 I [CT]    : MIXEDREALITY: MrSystemService: FramesetTelemetry: valid: 450/450, stereo/depth/color: avail:  450/   0/   0, accepted %: 100.0/0.0/0.0, dropped %: 0.2/0.0/0.0, valid %: 100.0/0.0/0.0, textured %: 100.0/0.0/0.0.
07-11 12:03:43.787   849  3165 I [CT]    : MIXEDREALITY: MrSystemService: FramesetTelemetry: timeouts stereo/color: compute side: 0/0, render side: 0/0, egl: 0.
07-11 12:03:43.787   849  3165 I [CT]    : MIXEDREALITY: ServiceLogic: Thread mrsyssvc:camera has tid -1
07-11 12:03:43.787  1606  2988 I [CT]    : MIXEDREALITY: MrRuntimeImpl: onPause, for capability 2. Target device 0.
07-11 12:03:43.787   849  3165 I [CT]    : MIXEDREALITY: MrSystemServiceIPCServer: MrSystemServiceIPCServer::ChangeMrCapabilityStatus from 1670723570, request was 2/0
07-11 12:03:43.787   849  3165 I [CT]    : MIXEDREALITY: MrRuntimeCompute: onStop: IntrusionDetection.
07-11 12:03:43.787   849  3165 I [CT]    : MIXEDREALITY: MrRuntimeCompute: Capability is off already.
07-11 12:03:43.792  1253  5682 I VrRuntimeService: CreateSwapChain: 1178720091
07-11 12:03:43.792  1253  5682 I VrRuntimeService: CreateSwapChain: api:gles 0 0x8c43 64 64 1 3 1 0 14
07-11 12:03:43.793  1253  5682 I VrRuntimeServer: CreateTextureSwapChain: result importswapchaingles 1
07-11 12:03:43.796  1941  2788 I chatty  : uid=10023(com.oculus.vrshell) ShellOverlayVR expire 20 lines
07-11 12:03:43.798  1253  5682 I VrRuntimeService: CreateAndroidSurfaceSwapChain: 1178720091
07-11 12:03:43.798  1253  5682 I VrRuntimeService: CreateAndroidSurfaceSwapChain: 65536 1 32856 910 669 1 1 1 0 0
07-11 12:03:43.799  1253  1931 I SwapChain_Surface: CreateAndroidSurfaceSwapChainGLES: 0x77bc843000: SurfaceTexture 0x242a Surface 0x28ba
07-11 12:03:43.799  1253  5682 I VrRuntimeServer: CreateAndroidSurfaceSwapChain: result surface 0x77bc843000
07-11 12:03:43.801  2700  3264 W ipcLoader_static: RuntimeIPC: Loader: ipc_GetTimestamp was called but missing from vtable!
07-11 12:03:43.801  2700  3264 W REFLECT : RuntimeIPC: !IsClientValid: MarkerPoint
07-11 12:03:43.801  2700  3264 E QplClient: (com.oculus.socialplatform) MarkerPoint failed!
07-11 12:03:43.802  2030  2030 E OVRMediaServiceManager: LivestreamingManager Not initialized
07-11 12:03:43.809   855  3842 D TrackingService: getSharedMemory: com.android.networkstack.inprocess, HandTracker
07-11 12:03:43.819  1253  3744 I RuntimeIPCServerMgr: GetServerStatesConfig -> {MaxBufferSize=32768, MaxEntries=64}
07-11 12:03:43.819  1253  5682 I VrRuntimeService: RuntimeServiceSDKServer::SetPerformanceIdealFeatureState: 9 0 4
07-11 12:03:43.820  1034  5698 I FenceChecker: FenceChecker::MainLoop - started
07-11 12:03:43.823  1253  2027 I PerformanceManager_V0: SetClockLevels: Apply pending clock request change: 0,0 -> 1,1
07-11 12:03:43.823  1253  1999 I Clocks  : ReleaseClocks - start
07-11 12:03:43.825  2700  2700 W VRLifecycleManager: onHeadsetMounted
07-11 12:03:43.825  2030  2030 W OVRLibrary: null cursor received for query content://com.oculus.ocms.library/apps/android
07-11 12:03:43.827  1253  5305 I TimeWarpProgs: loaded binary layerProgram 3:0x800020204:0x0 in 1.4 ms
07-11 12:03:43.828  1253  5305 I TimeWarpProgs: loaded binary layerProgram 0:0x800030206:0x0 in 1.0 ms
07-11 12:03:43.833  1253  5305 I ScreenCaptureBase: GlobalInhibitState changed to 1
07-11 12:03:43.833  1253  1999 I Clocks  : ReleaseClocks - end (9.8 ms)
07-11 12:03:43.833  1253  1999 I Clocks  : LockClocks( cpu=1, gpu=1 ) - start
07-11 12:03:43.833  1253  5305 I CompositorVR: SetSchedFifo( tid=5698, pol=3, pri=0 ) succeeded
07-11 12:03:43.833  1253  5305 I CompositorVR: SetClientSurfaceSecureFlag: secure=1
07-11 12:03:43.835  1253  1999 I Clocks  : CPU levels [0, 4]
07-11 12:03:43.835  1253  1999 I Clocks  : GPU levels [0, 5]
07-11 12:03:43.836  1253  1999 I Clocks  : LockClocks( cpu=1, gpu=1 ) - end (2.9 ms)
07-11 12:03:43.839  1253  5305 I SwapChain_Surface: AttachSurfaceSwapChainGLES: 0x77bc843000 with SurfaceTexture 0x242a attached on init
07-11 12:03:43.841  1253  5305 I TimeWarpProgs: loaded binary layerProgram 1:0x100800038205:0x0 in 1.3 ms
07-11 12:03:43.848  1606  2988 I [CT]    : MIXEDREALITY: MrServiceView: renderIteration: (every 10 seconds), screen is: ON, PT is: OFF, ID is: OFF
07-11 12:03:43.855  1253  5305 I TimeWarpProgs: loaded binary layerProgram 1:0x100800028205:0x0 in 1.1 ms
07-11 12:03:43.856  1941  5263 I chatty  : uid=10023(com.oculus.vrshell) ShellOverlayMai expire 1 line
07-11 12:03:43.858  1941  2788 I chatty  : uid=10023(com.oculus.vrshell) ShellOverlayVR expire 2 lines
07-11 12:03:43.859  1253  2754 I VrRuntimeService: RuntimeServiceSDKServer::EnableRendering: 0x0, 0, com.oculus.vrshell:Overlay
07-11 12:03:43.859  1253  2754 I ClientMgr: ClientMgr::EnableRendering 1941:com.oculus.vrshell : type 1 comp-id 4: disable
07-11 12:03:43.859  1253  2754 I VrRuntimeServer: DisableCompositorClient: 4
07-11 12:03:43.859  1253  2754 I TimeWarpClientMgr: Disable client 4
07-11 12:03:43.859  1253  2754 I TimeWarpClientMgr: DisableClient: frame flush required: 1
07-11 12:03:43.861  1253  5305 I CompositorVR: SetSchedFifo( tid=3018, pol=2, pri=0 ) succeeded
07-11 12:03:43.861  1253  5305 I CompositorVR: SetSchedFifo( tid=3398, pol=2, pri=0 ) succeeded
07-11 12:03:43.861  1253  5305 I CompositorVR: SetSchedFifo( tid=3411, pol=2, pri=0 ) succeeded
07-11 12:03:43.862  2030  3416 W OVRLibrary: null cursor received for query content://com.oculus.ocms.library/apps/com.oculus.vrshell
07-11 12:03:43.871  1253  2754 I UnifiedTelemetryWrapper: Stopped UT session render:com.oculus.vrshell:Overlay
07-11 12:03:43.872  1253  2027 I VrRuntimeServer: DisableCompositorClient: 0
07-11 12:03:43.872  1253  2027 I TimeWarpClientMgr: Disable client 0
07-11 12:03:43.872  1253  2027 I TimeWarpClientMgr: DisableClient: frame flush required: 1
07-11 12:03:43.882  1941  5358 I chatty  : uid=10023(com.oculus.vrshell) ShellOverlayMai expire 1 line
07-11 12:03:43.882  1941  2788 I chatty  : uid=10023(com.oculus.vrshell) ShellOverlayVR expire 14 lines
07-11 12:03:43.889  1253  5305 I CompositorVR: SetSchedFifo( tid=2988, pol=2, pri=0 ) succeeded
07-11 12:03:43.890  1034  1057 W ActivityTaskManager: Activity top resumed state loss timeout for ActivityRecord{1fecccd u0 com.oculus.sdk.vrcubeworldna/.MainActivity t17 f}
07-11 12:03:43.890  1034  1057 W ActivityTaskManager: Activity pause timeout for ActivityRecord{1fecccd u0 com.oculus.sdk.vrcubeworldna/.MainActivity t17 f}
07-11 12:03:43.891  1034  1057 W InputReader: Device has associated, but no associated display id.
07-11 12:03:43.892   812  1133 I crash-uploader: Crash uploaded from /data/misc/crashes//com.oculus.sdk.vrcubeworldna_2022-07-11_12-03-43-435512.exception.meta to https://www.facebook.com/mobile/generic_android_crash_logs/
07-11 12:03:43.893  3755  3755 W ActivityThread: handleWindowVisibility: no activity for token android.os.BinderProxy@67985cf
07-11 12:03:43.905   812  1133 D crash-reporter: Crash[exception] com.oculus.sdk.vrcubeworldna
07-11 12:03:43.907  1941  5340 I chatty  : uid=10023(com.oculus.vrshell) ShellOverlayMai expire 4 lines
07-11 12:03:43.909  1941  2788 I chatty  : uid=10023(com.oculus.vrshell) ShellOverlayVR expire 2 lines
07-11 12:03:43.912   599   599 D AF::TrackHandle: OpPlayAudio: track:56 uid:10015 pkg:com.oculus.shellenv usage:1 muted
07-11 12:03:43.913   599  1170 D AF::RecordHandle: OpRecordAudio: track:73 uid:10049 pkg:com.oculus.horizon usage:0 not muted
07-11 12:03:43.913  1253  1253 D VrRuntimeService: onForegroundActivitiesChanged: pid=3755, uid=10019, hasForegroundActivities=true
07-11 12:03:43.914   599  4957 D AF::TrackHandle: OpPlayAudio: track:61 uid:1000 pkg:com.android.networkstack.inprocess usage:13 not muted
07-11 12:03:43.917   599   599 D AF::RecordHandle: OpRecordAudio: track:55 uid:10015 pkg:com.oculus.shellenv usage:0 muted
07-11 12:03:43.921   599  3754 D AF::TrackHandle: OpPlayAudio: track:74 uid:10023 pkg:com.oculus.vrshell usage:1 not muted
07-11 12:03:43.922   812  1133 E crash-reporter: Could not delete report: . It is not within report directory: /data/misc/crashes/
07-11 12:03:43.926  1034  2163 E WindowManager: App trying to use insecure INPUT_FEATURE_NO_INPUT_CHANNEL flag. Ignoring
07-11 12:03:43.922   812  1133 I chatty  : uid=1000(system) ovr_crashupload identical 2 lines
07-11 12:03:43.923   812  1133 E crash-reporter: Could not delete report: . It is not within report directory: /data/misc/crashes/
07-11 12:03:43.941  2030  2030 E OVRMediaServiceManager: LivestreamingManager Not initialized
07-11 12:03:43.947  1941  5340 I chatty  : uid=10023(com.oculus.vrshell) ShellOverlayMai expire 2 lines
07-11 12:03:43.949  1941  2788 I chatty  : uid=10023(com.oculus.vrshell) ShellOverlayVR expire 2 lines
07-11 12:03:43.949  2909  3018 I GuardianSystem: runtimeServiceSDKClient_.ForceShowGuardianEvent
07-11 12:03:43.949  2909  3018 I GuardianSystem: ForceShowGuardian: false, 0.00
07-11 12:03:43.954  1292  1292 V AvrcpMediaPlayerList: onPlaybackConfigChanged(): Configs list size=5
07-11 12:03:43.961  1292  1292 V AvrcpMediaPlayerList: onPlaybackConfigChanged(): Configs list size=4
07-11 12:03:43.978  1253  1253 D VrRuntimeService: onForegroundActivitiesChanged: pid=5646, uid=10079, hasForegroundActivities=false
07-11 12:03:43.994  1034  1062 I ActivityTaskManager: Displayed com.oculus.os.clearactivity/.ClearActivity: +326ms
07-11 12:03:44.019   720  3762 D msm8974_platform: platform_split_snd_device: snd_device(2) num devices(1) new_snd_devices(0)
07-11 12:03:44.019   720  3762 D ACDB-LOADER: ACDB -> send_audvoltable
07-11 12:03:44.019   720  3762 D ACDB-LOADER: ACDB -> ACDB_CMD_GET_AUDPROC_VOL_STEP_TABLE_SIZE
07-11 12:03:44.019   720  3762 D ACDB-LOADER: ACDB -> ACDB_CMD_GET_AUDPROC_GAIN_DEP_STEP_TABLE, vol index 5
07-11 12:03:44.019   720  3762 D         : Failed to fetch the lookup information of the device 0000000F 
07-11 12:03:44.019   720  3762 E ACDB-LOADER: Error: ACDB AudProc vol returned = -19
07-11 12:03:44.019   720  3762 D ACDB-LOADER: ACDB -> AUDIO_SET_VOL_CAL cal type = 40
07-11 12:03:44.021  1545  5693 W ContextImpl: Calling a method in the system process without a qualified user: android.app.ContextImpl.sendBroadcast:1057 android.content.ContextWrapper.sendBroadcast:448 X.o8.A00:143 X.nw.A00:17 X.nw.handleMessage:90 
07-11 12:03:44.061  2075  2075 I chatty  : uid=10023(com.oculus.vrshell) ShellMain expire 2 lines
07-11 12:03:44.063   599  4097 D AF::RecordHandle: OpRecordAudio: track:55 uid:10015 pkg:com.oculus.shellenv usage:0 muted
07-11 12:03:44.063   599  3797 D AF::RecordHandle: OpRecordAudio: track:73 uid:10049 pkg:com.oculus.horizon usage:0 not muted
07-11 12:03:44.129  2700  3264 W ipcLoader_static: RuntimeIPC: Loader: ipc_GetTimestamp was called but missing from vtable!
07-11 12:03:44.129  2700  3268 E PartyNativeModuleManager: Calling getCurrentPartyId but native code wasn't initialized. Noop.
07-11 12:03:44.129  2700  3264 W REFLECT : RuntimeIPC: !IsClientValid: MarkerPoint
07-11 12:03:44.129  2700  3264 E QplClient: (com.oculus.socialplatform) MarkerPoint failed!
07-11 12:03:44.129  2700  3264 W ipcLoader_static: RuntimeIPC: Loader: ipc_GetTimestamp was called but missing from vtable!
07-11 12:03:44.129  2700  3264 W REFLECT : RuntimeIPC: !IsClientValid: MarkerAnnotation
07-11 12:03:44.129  2700  3264 E QplClient: (com.oculus.socialplatform) MarkerAnnotation failed!
07-11 12:03:44.129  2700  3264 W ipcLoader_static: RuntimeIPC: Loader: ipc_GetTimestamp was called but missing from vtable!
