--------- beginning of tracking
07-11 11:47:23.477   736   736 I SensorService: Syncboss hal version: v2.21.3. Built Jun 14 2022 11:48:16 by twsvcscm@twshared57208.0. SHA: 43643453699e
07-11 11:47:23.477   736   736 D SensorService: ControllerProvider()
07-11 11:47:23.559   736   736 I SyncBossHAL: [info   ] syncboss_hal_impl_android_driver.c(457): Failed to read system property vendor.syncbosshal.uart_path. Using default "/dev/ttyHS99".
07-11 11:47:23.561   736   736 I SyncBossHAL: [info   ] syncboss_hal_impl_android_driver.c(575): Starting logging thread from UART path /dev/ttyHS99
07-11 11:47:23.563   736   736 I         : [info   ] (0): Successfully loaded telmetry library (v11.0)
07-11 11:47:23.571   736   736 I SyncBossHAL: [info   ] syncboss_hal_impl_internal.c(44): Got firmware version. Syncboss is ready. Try=1 elapsed_ms=4
07-11 11:47:23.572   736   822 E SyncBossFW: rWAKE}: Disabling prox wakeup
07-11 11:47:23.576   736   736 I SyncBossHAL: [info   ] syncboss_hal_impl_common.c(126): Detected firmware version: v2.21.3. Chip: AAE0, Built Jun 14 2022 11:06:13 by twsvcscm@twshared47028.0 with cc 8. SHA 214acf70f1cb
07-11 11:47:23.694   736   736 I SyncBossHAL: [info   ] syncboss_hal_powerstate.c(63): Reporting powerstate event: system_up
07-11 11:47:23.704   736   736 I MontereyCameraProvider: Starting MontereyCameraProvider SensorService (4 cameras)
07-11 11:47:23.704   736   736 I MontereyCameraProvider: MontereyCameraProvider: returned 4 entries
07-11 11:47:23.704   736   736 I MontereyCameraProvider: MontereyCameraProvider: cam=3 buff=11
07-11 11:47:23.704   736   736 I MontereyCameraProvider: MontereyCameraProvider: cam=2 buff=11
07-11 11:47:23.704   736   736 I MontereyCameraProvider: MontereyCameraProvider: cam=1 buff=11
07-11 11:47:23.704   736   736 I MontereyCameraProvider: MontereyCameraProvider: cam=0 buff=11
07-11 11:47:23.704   736   736 I MontereyCameraProvider: MontereyCameraProvider: initializing HAL
07-11 11:47:23.710   736   822 I SyncBossFW:     156 [info   ] {BSP }: Setting prox config version to 1
07-11 11:47:23.710   736   822 I SyncBossFW:     156 [info   ] {APPI}: prox_set_calibration called. on: 42, off: 29, cancellation: 29
07-11 11:47:23.710   736   822 I SyncBossFW:     156 [info   ] {VCNL}: Setting prox config: on: 42, off: 29, canc: 29
07-11 11:47:23.710   736   822 I SyncBossFW:     157 [info   ] {APPI}: Enabling prox sensor
07-11 11:47:23.710   736   822 I SyncBossFW:     157 [info   ] {WAKE}: Enabling prox wakeup
07-11 11:47:23.710   736   822 I SyncBossFW:     158 [info   ] {APPI}: Found 0 connected pulsar devices
07-11 11:47:23.710   736   822 I SyncBossFW:     159 [info   ] {VCNL}: Setting prox config: on: 42, off: 29, canc: 29
07-11 11:47:23.936   736   736 I MontereyCameraProvider: MontereyCameraProvider: camera hal initialized. cameraHal_=0x733a197840
07-11 11:47:23.942   736   736 I CameraStream: [HEADSET] Creating ICameraStream type HEADSET
07-11 11:47:23.949   736   736 I CameraStream: [CONTROLLER] Creating ICameraStream type CONTROLLER
07-11 11:47:23.953   736   736 I CameraStream: [HAND] Creating ICameraStream type HAND
07-11 11:47:23.953   736   736 W SyncBossHAL: [warning] syncboss_hal_impl_android_driver.c(642): Logging thread already running
07-11 11:47:23.999   736   736 I SensorService: Oculus SyncBoss sensor HAL ready.
07-11 11:47:24.028   736   872 I SyncBossHAL: [info   ] syncboss_hal_powerstate.c(63): Reporting powerstate event: prox_on
07-11 11:47:24.531   855   855 D CameraMuxModeMonitor: Connecting to 'cameramuxmodeservice'
07-11 11:47:24.533   855   855 D CameraMuxModeMonitor: Connected to 'cameramuxmodeservice'
07-11 11:47:28.073   736   942 I libsensorscommon: Initialize AndroidSensors and create event queue
07-11 11:47:28.073   736   942 W libsensorscommon: doubletap: unregisterDirect called but not supported
--------- beginning of system
07-11 11:47:28.108   815   975 I storaged: storaged: Start
07-11 11:47:28.134  1034  1034 I chatty  : uid=1000 system_server expire 44 lines
07-11 11:47:28.157  1034  1112 I chatty  : uid=1000 system_server expire 1 line
07-11 11:47:28.266  1034  1063 I chatty  : uid=1000(system) ActivityManager expire 1 line
07-11 11:47:28.309  1034  1034 I chatty  : uid=1000 system_server expire 61 lines
07-11 11:47:28.392  1034  1131 I chatty  : uid=1000(system) NetworkWatchlis expire 2 lines
07-11 11:47:28.438  1034  1136 I chatty  : uid=1000(system) StorageManagerS expire 2 lines
07-11 11:47:28.444  1034  1056 I chatty  : uid=1000(system) android.io expire 1 line
07-11 11:47:28.449  1034  1137 I chatty  : uid=1000 system_server expire 2 lines
07-11 11:47:28.535  1034  1053 I chatty  : uid=1000(system) Binder:1034_2 expire 1 line
07-11 11:47:28.562  1034  1034 I chatty  : uid=1000 system_server expire 61 lines
07-11 11:47:28.646   736   942 I SyncBossHAL: [info   ] syncboss_hal_impl_android_driver.c(457): Failed to read system property vendor.syncbosshal.uart_path. Using default "/dev/ttyHS99".
07-11 11:47:28.647   736   942 I SyncBossHAL: [info   ] syncboss_hal_impl_android_driver.c(575): Starting logging thread from UART path /dev/ttyHS99
07-11 11:47:28.695   855   855 D TrackingService: Loading InsideOutTracking capability v5
07-11 11:47:28.695   855   855 D TrackingService: Finished loading InsideOutTracking capability v5
07-11 11:47:28.695   855   855 D TrackingService: Loading ConstellationTracking capability v4
07-11 11:47:28.695   855   855 D TrackingService: Finished loading ConstellationTracking capability v4
07-11 11:47:28.695   855   855 D TrackingService: Loading InternalAnchorApiServer capability v2
07-11 11:47:28.695   855   855 D TrackingService: Finished loading InternalAnchorApiServer capability v2
07-11 11:47:28.695   855   855 D TrackingService: Loading SpatialPersistence capability v1
07-11 11:47:28.695   855   855 D TrackingService: Finished loading SpatialPersistence capability v1
07-11 11:47:28.697   855   855 D TrackingService: TrackingDataPostProcessor: Set heuristic confidence param persist.ovr.tracking.chct value 0.00
07-11 11:47:28.697   855   855 D TrackingService: TrackingDataPostProcessor: Set heuristic confidence param persist.ovr.tracking.chnopress value 2.00
07-11 11:47:28.697   855   855 D TrackingService: TrackingDataPostProcessor: Set heuristic confidence param persist.ovr.tracking.chnotouch value -1.00
07-11 11:47:28.697   855   855 D TrackingService: TrackingDataPostProcessor: Set heuristic confidence param persist.ovr.tracking.chnotouchct value 2.00
07-11 11:47:28.697   855   855 D TrackingService: TrackingDataPostProcessor: Set heuristic confidence param persist.ovr.tracking.chringtilt value 0.26
07-11 11:47:28.697   855   855 D TrackingService: TrackingDataPostProcessor: Set heuristic confidence param persist.ovr.tracking.chringrlx value 1.00
07-11 11:47:28.697   855   855 D TrackingService: TrackingDataPostProcessor: Set heuristic confidence param persist.ovr.tracking.chstatic value 2.00
07-11 11:47:28.697   855   855 D TrackingService: TrackingDataPostProcessor: Set heuristic confidence param persist.ovr.tracking.chstaticrlx value 0.50
07-11 11:47:28.697   855   855 D TrackingService: TrackingDataPostProcessor: Set heuristic confidence param persist.ovr.tracking.chincenter value 2.00
07-11 11:47:28.697   855   855 D TrackingService: TrackingDataPostProcessor: Set heuristic confidence param persist.ovr.tracking.chdeadctr value 0.20
07-11 11:47:28.697   855   855 D TrackingService: TrackingDataPostProcessor: Set heuristic confidence param persist.ovr.tracking.chnoproxct value 2.00
07-11 11:47:28.697   855   855 D TrackingService: TrackingDataPostProcessor: Set heuristic confidence param persist.ovr.tracking.chunliketime value 6.00
07-11 11:47:28.697   855   855 W TrackingService: Could not load config file (/system/etc/trackingservice.cfg): File could not be opened for reading
07-11 11:47:28.706   855   855 D TrackingService: Loading BoltMemoryAllocation capability v1
07-11 11:47:28.707   855   855 D TrackingService: Finished loading BoltMemoryAllocation capability v1
07-11 11:47:28.713   855   855 D OVRRemoteService: ControllerGlue::init()
07-11 11:47:28.714   855   855 D OVRRemoteService: ControllerGlue: Setting up streams
07-11 11:47:28.716   855   855 D OVRRemoteService: ControllerGlue: Enumerating paired controllers
07-11 11:47:28.716   736   940 I SyncBossHAL: [info   ] syncboss_hal_impl_android_driver.c(457): Failed to read system property vendor.syncbosshal.uart_path. Using default "/dev/ttyHS99".
07-11 11:47:28.716   736   940 I SyncBossHAL: [info   ] syncboss_hal_impl_android_driver.c(575): Starting logging thread from UART path /dev/ttyHS99
07-11 11:47:28.721   736   940 D SensorService: Found paired controllers: 2
07-11 11:47:28.723   855   855 I OVRRemoteService: Creating RemoteDevice for dc36774d072f3cbd
07-11 11:47:28.723   855   855 I OVRRemoteService: Creating RemoteDevice for adf260742d57ae23
07-11 11:47:28.723   855   855 I RemoteService: Initializing remote service
07-11 11:47:28.723   855   855 D TrackingService: Loading ConstellationTracking capability v4
07-11 11:47:28.723   855   855 D TrackingService: Finished loading ConstellationTracking capability v4
07-11 11:47:28.808  1034  1098 I chatty  : uid=1000 system_server expire 1 line
07-11 11:47:28.920   855   855 D TrackingService: Scaled haptics updated to: 101
07-11 11:47:28.926   855   855 I InputSettingsService: Initializing InputSettingsService
07-11 11:47:28.926   855   855 D TrackingService: Loading InsideOutTracking capability v5
07-11 11:47:28.926   855   855 D TrackingService: Finished loading InsideOutTracking capability v5
07-11 11:47:28.926   855   855 D TrackingService: Loading InternalAnchorApiServer capability v2
07-11 11:47:28.926   855   855 D TrackingService: Finished loading InternalAnchorApiServer capability v2
07-11 11:47:28.926   855   855 D TrackingService: Loading SpatialPersistence capability v1
07-11 11:47:28.926   855   855 D TrackingService: Finished loading SpatialPersistence capability v1
07-11 11:47:28.926   855   855 D TrackingService: Loading MapSharingHeadset capability v2
07-11 11:47:28.926   855   855 W TrackingService: Proceeding without MapSharingHeadset capability v2
07-11 11:47:29.009   855   855 D TrackingService: Loading ConstellationTracking capability v4
07-11 11:47:29.009   855   855 D TrackingService: Finished loading ConstellationTracking capability v4
07-11 11:47:29.044   855   855 D TrackingService: Loading HandTracking capability v6
07-11 11:47:29.044   855   855 D TrackingService: Finished loading HandTracking capability v6
07-11 11:47:29.051  1034  1034 I chatty  : uid=1000 system_server expire 53 lines
07-11 11:47:29.103   855   855 D TrackingService: Loading ObjectTracking capability v4
07-11 11:47:29.103   855   855 D TrackingService: Finished loading ObjectTracking capability v4
07-11 11:47:29.133   855   855 D TrackingService: Loading ExposureControl capability v1
07-11 11:47:29.133   855   855 D TrackingService: Finished loading ExposureControl capability v1
07-11 11:47:29.183   736   940 I CameraProvider: Utility frequency frame period updated to 33333
07-11 11:47:29.255  1034  1068 I chatty  : uid=1000(system) HwBinder:1034_1 expire 1 line
07-11 11:47:29.260  1034  1054 I chatty  : uid=1000(system) android.fg expire 3 lines
07-11 11:47:29.265  1034  1181 I chatty  : uid=1000(system) HwBinder:1034_2 expire 1 line
07-11 11:47:29.279   855   855 D SensorClientUtils: temporarilyWake(): performing transition to STANDBY
07-11 11:47:29.279   855   855 D SensorClientUtils: Setting power state to STANDBY
07-11 11:47:29.283   855   995 I TrackingService: [ vision_manager] SLEEP -> STANDBY transition time: 2 ms
07-11 11:47:29.284   855   995 I TrackingService: [            iad] SLEEP -> STANDBY transition time: 0 ms
07-11 11:47:29.338  1034  1034 I chatty  : uid=1000 system_server expire 55 lines
07-11 11:47:29.470   855   995 I TrackingService: [           bolt] SLEEP -> STANDBY transition time: 186 ms
07-11 11:47:29.565  1034  1156 I chatty  : uid=1000(system) ConnectivitySer expire 1 line
07-11 11:47:29.600  1034  1034 I chatty  : uid=1000 system_server expire 47 lines
07-11 11:47:29.612  1034  1071 I chatty  : uid=1000(system) PowerManagerSer expire 2 lines
07-11 11:47:29.674  1034  1073 I chatty  : uid=1000(system) PackageManager expire 4 lines
07-11 11:47:29.717  1034  1057 I chatty  : uid=1000(system) android.display expire 2 lines
07-11 11:47:29.785  1034  1034 I chatty  : uid=1000 system_server expire 49 lines
07-11 11:47:29.805   736   940 I SyncBossHAL: [info   ] syncboss_hal_impl_android_driver.c(457): Failed to read system property vendor.syncbosshal.uart_path. Using default "/dev/ttyHS99".
07-11 11:47:29.806   736   940 I SyncBossHAL: [info   ] syncboss_hal_impl_android_driver.c(575): Starting logging thread from UART path /dev/ttyHS99
07-11 11:47:29.807   736   940 D SensorService: SyncbossEventHandler: starting all streams
07-11 11:47:29.807   736  1222 D SensorService: SyncbossEventHandler::producerThreadFunc() start
07-11 11:47:29.807   736  1222 W SensorService: Data for sensor type HMD_FSIN dropped because of failure to update clock drift from vsync. 1 drops in the last 0s.
07-11 11:47:29.817  1034  1210 I chatty  : uid=1000(system) Binder:1034_3 expire 1 line
07-11 11:47:29.839   855   995 I TrackingService: [            iot] SLEEP -> STANDBY transition time: 368 ms
07-11 11:47:29.839   855  1231 D TrackingService: starting IOT motion thread, imu batch dispatch enabled=false
07-11 11:47:29.839   736  1221 I SyncBossFW:    6295 [info   ] {APPI}: Enabling mag streaming.  Temperature comp enabled
07-11 11:47:29.894   849   849 D SensorClientUtils: Received transition request to STANDBY current is SLEEP
07-11 11:47:29.894   849   849 D SensorClientUtils: Executing transition from SLEEP to STANDBY
07-11 11:47:29.894   849   849 D SensorClientUtils: Setting power state to STANDBY
07-11 11:47:29.919   855   995 I TrackingService: ConstellationTrackingGlue: setEnableExtendedDeadreckoning to false
07-11 11:47:29.919   855   995 I TrackingService: [  constellation] SLEEP -> STANDBY transition time: 80 ms
07-11 11:47:29.919   855   995 I TrackingService: [           hand] SLEEP -> STANDBY transition time: 0 ms
07-11 11:47:29.923   855   995 I TrackingService: [         object] SLEEP -> STANDBY transition time: 3 ms
07-11 11:47:29.924   855   995 I TrackingService: [     controller] SLEEP -> STANDBY transition time: 0 ms
07-11 11:47:29.924   855   995 I TrackingService: [ExposureControl] SLEEP -> STANDBY transition time: 0 ms
07-11 11:47:29.924   736   940 D SensorService: ControllerProvider: acquiring StreamingSession
07-11 11:47:29.924   855   855 D TrackingService: setPowerState: STANDBY
07-11 11:47:29.924   855   855 D SensorClientUtils: Scheduling delayed transition to SLEEP in 120000ms
07-11 11:47:29.927   736   940 I SyncBossHAL: [info   ] syncboss_hal_impl_input.c(276): No pulsar frequency blocklist set
07-11 11:47:29.927   736   940 I SyncBossHAL: [info   ] syncboss_hal_impl_input.c(303): No AFH behavior specified, enabled by default
07-11 11:47:29.928   736   940 I SyncBossHAL: [info   ] syncboss_hal_impl_input.c(343): Input device auto-whitelisting disabled
07-11 11:47:29.930   855   855 D SensorClientUtils: temporarilyWake(): performing transition to STANDBY
07-11 11:47:29.930   855   855 D SensorClientUtils: Setting power state to STANDBY
07-11 11:47:29.932   736   940 D SensorService: ControllerProvider: acquiring StreamingClient impl; approx # alive: 1
07-11 11:47:29.932   736   940 D libsensorscommon: ControllerProvider: acquiring StreamingClient hidl
07-11 11:47:29.932   736  1221 I SyncBossFW:    6388 [info   ] {WIHO}: Pulsar device auto-whitelisting disabled
07-11 11:47:29.934   855   855 D OVRRemoteService: ControllerGlue: setting expected mode to Streaming
07-11 11:47:29.934   855   855 D OVRRemoteService: ControllerGlue: Setting current mode to Streaming
07-11 11:47:29.934   855   855 D OVRRemoteService: ControllerGlue: leave mode Disabled
07-11 11:47:29.934   855   855 D OVRRemoteService: ControllerGlue: Setting mode to Streaming
07-11 11:47:29.934   855   855 D OVRRemoteService: ControllerGlue: enter mode Streaming
07-11 11:47:29.934   736   940 D SensorService: ControllerProvider: acquiring StreamingClient impl; approx # alive: 2
07-11 11:47:29.934   736   940 D libsensorscommon: ControllerProvider: acquiring StreamingClient hidl
07-11 11:47:29.935   855   855 D OVRRemoteService: [controller] SLEEP -> STANDBY
07-11 11:47:29.935   855   855 D SensorClientUtils: Scheduling delayed transition to SLEEP in 120000ms
07-11 11:47:29.942   855   855 D SensorClientUtils: Ignoring same state transition to STANDBY
07-11 11:47:29.943   855  1251 D TrackingService: Scaled haptics updated to: 101
07-11 11:47:29.944   736   940 W SensorService: Attempt to adjust transmit power. Should boost:N. Function not implemented in syncboss HAL yet.
07-11 11:47:29.947   855  1251 D SensorClientUtils: Ignoring same state transition to STANDBY
07-11 11:47:29.986   855  1248 D RemoteService: RemoteService - Registering status callback
07-11 11:47:30.227  1034  1112 I chatty  : uid=1000 system_server expire 1 line
07-11 11:47:30.238  1034  1064 I chatty  : uid=1000(system) ActivityManager expire 14 lines
07-11 11:47:30.242   734   734 I android.hardware.wifi@1.0-service: Wifi HAL started
07-11 11:47:30.305  1034  1034 I chatty  : uid=1000 system_server expire 36 lines
07-11 11:47:30.319  1034  1056 I chatty  : uid=1000(system) android.io expire 2 lines
07-11 11:47:30.358  1034  1136 I chatty  : uid=1000(system) StorageManagerS expire 1 line
07-11 11:47:30.364  1034  1068 I chatty  : uid=1000(system) HwBinder:1034_1 expire 1 line
07-11 11:47:30.364  1034  1168 I chatty  : uid=1000(system) AudioService expire 2 lines
07-11 11:47:30.367  1034  1054 I chatty  : uid=1000(system) android.fg expire 1 line
07-11 11:47:30.447   855  1252 D TrackingService: getSharedMemory: com.oculus.systemdriver, HeadTracker
07-11 11:47:30.480   734   734 I android.hardware.wifi@1.0-service: Adding interface handle for wlan0
07-11 11:47:30.480   734   734 I android.hardware.wifi@1.0-service: Adding interface handle for p2p0
07-11 11:47:30.480   734   734 W android.hardware.wifi@1.0-service: No active wlan interfaces in use! Using default
07-11 11:47:30.480   734   734 W android.hardware.wifi@1.0-service: No active wlan interfaces in use! Using default
07-11 11:47:30.482   734   734 I android.hardware.wifi@1.0-service: Configured chip in mode 3
07-11 11:47:30.482   734   734 W android.hardware.wifi@1.0-service: No active wlan interfaces in use! Using default
07-11 11:47:30.509   819   819 I wificond: create scanner for interface with index: 10
07-11 11:47:30.509   819   819 I wificond: subscribe scan result for interface with index: 10
07-11 11:47:30.511   819   819 E wificond: No Offload Service available
07-11 11:47:30.511   819   819 I wificond: Offload HAL not supported 
07-11 11:47:30.603   736   823 I SyncBossHAL: [info   ] syncboss_hal_impl_input.c(992): Pulsar connected devices state change: 1
07-11 11:47:30.606   736  1221 I SyncBossFW:    7060 [info   ] {WIHO}: Pulsar device connected adf26074xxxxxxxx (type: 13011101, connection id: 0x1)
07-11 11:47:30.618   736   823 I SyncBossHAL: [info   ] syncboss_hal_impl_input.c(992): Pulsar connected devices state change: 2
07-11 11:47:30.620   736  1221 I SyncBossFW:    7075 [info   ] {WIHO}: Pulsar device connected dc36774dxxxxxxxx (type: 13001101, connection id: 0x2)
07-11 11:47:30.660   736   827 I SyncBossHAL: [info   ] pulsar_manager.c(467): adf26074xxxxxxxx: Configuring IR LED to ontime = 19, period = 33333
07-11 11:47:30.667   736   827 I SyncBossHAL: [info   ] pulsar_manager.c(319): Finished getting cache data for controller
07-11 11:47:30.667   736   827 I SyncBossHAL:     id            : adf26074xxxxxxxx
07-11 11:47:30.667   736   827 I SyncBossHAL:     pulsar_type   : 0x13011101
07-11 11:47:30.667   736   827 I SyncBossHAL:     connection id : 0x1
07-11 11:47:30.667   736   827 I SyncBossHAL:     fw ver        : 1.17.2
07-11 11:47:30.667   736   827 I SyncBossHAL:     spl ver       : 1.13.0
07-11 11:47:30.667   736   827 I SyncBossHAL:     serial        : 1PALCRD1C00166
07-11 11:47:30.667   736   827 I SyncBossHAL:     handedness    : right
07-11 11:47:30.667   736   827 I SyncBossHAL:     battery state : 10%
07-11 11:47:30.672   736  1221 I SyncBossFW:    7128 [info   ] {APPI}: Found 2 connected pulsar devices
07-11 11:47:30.684   736  1245 D SensorService: stateChangeNotifierFunc(): Reporting controller info. Change token: 1, paired=2 connected=1
07-11 11:47:30.684   736  1245 E SensorService: Thread Controller::stateWorkerFunc: took longer than expected time of 1500.000000Ms / 13036.000000Ms
07-11 11:47:30.684   855  1249 D OVRRemoteService: processStateChange([PairedControllerInfo LCON adf260742d57ae23 connected mcnt=0])
07-11 11:47:30.685   855  1249 D OVRRemoteService: processStateChange([PairedControllerInfo LCON dc36774d072f3cbd disconnected update-required mcnt=0])
07-11 11:47:30.693   736   940 D SensorService: Found paired controllers: 2
07-11 11:47:30.694   736   942 W SensorService: Attempt to adjust transmit power. Should boost:N. Function not implemented in syncboss HAL yet.
07-11 11:47:30.694   855  1244 E TrackingService: Failed to set transmit power adjustment. Should boost:N, Controller addr:adf260742d57ae23
07-11 11:47:30.694   855  1244 I TrackingService: Registering primary controller adf260742d57ae23 in slot 0
07-11 11:47:30.696   855  1244 D TrackingService: TrackingDataPostProcessor: Hand autotransition v2 GK enabled: 1
07-11 11:47:30.696   855  1244 D TrackingService: registerRemote: adf260742d57ae23
07-11 11:47:30.712  1034  1126 I chatty  : uid=1000(system) InputDispatcher expire 2 lines
07-11 11:47:30.719   855  1244 W TrackingService: Attempted to control leds, but gatekeeper is disabled. Skipping operation.
07-11 11:47:30.721   855  1244 D TrackingService: [HANDTRACKING] Controller adf260742d57ae23 in hand: Y, valid: N
07-11 11:47:30.731   736   827 I SyncBossHAL: [info   ] pulsar_manager.c(467): dc36774dxxxxxxxx: Configuring IR LED to ontime = 19, period = 33333
07-11 11:47:30.737   736   827 I SyncBossHAL: [info   ] pulsar_manager.c(319): Finished getting cache data for controller
07-11 11:47:30.737   736   827 I SyncBossHAL:     id            : dc36774dxxxxxxxx
07-11 11:47:30.737   736   827 I SyncBossHAL:     pulsar_type   : 0x13001101
07-11 11:47:30.737   736   827 I SyncBossHAL:     connection id : 0x2
07-11 11:47:30.737   736   827 I SyncBossHAL:     fw ver        : 1.17.2
07-11 11:47:30.737   736   827 I SyncBossHAL:     spl ver       : 1.13.0
07-11 11:47:30.737   736   827 I SyncBossHAL:     serial        : 1PALCLDAE50171
07-11 11:47:30.737   736   827 I SyncBossHAL:     handedness    : left
07-11 11:47:30.737   736   827 I SyncBossHAL:     battery state : 10%
07-11 11:47:30.741   736  1245 D SensorService: stateChangeNotifierFunc(): Reporting controller info. Change token: 2, paired=2 connected=2
07-11 11:47:30.741   855  1249 D OVRRemoteService: processStateChange([PairedControllerInfo LCON adf260742d57ae23 connected mcnt=0])
07-11 11:47:30.741   855  1249 D OVRRemoteService: processStateChange([PairedControllerInfo LCON dc36774d072f3cbd connected mcnt=0])
07-11 11:47:30.747   736   942 D SensorService: Found paired controllers: 2
07-11 11:47:30.749   736   942 W SensorService: Attempt to adjust transmit power. Should boost:N. Function not implemented in syncboss HAL yet.
07-11 11:47:30.749   855  1244 E TrackingService: Failed to set transmit power adjustment. Should boost:N, Controller addr:dc36774d072f3cbd
07-11 11:47:30.749   855  1244 I TrackingService: Registering primary controller dc36774d072f3cbd in slot 1
07-11 11:47:30.752   855  1244 D TrackingService: TrackingDataPostProcessor: Hand autotransition v2 GK enabled: 1
07-11 11:47:30.752   855  1244 D TrackingService: registerRemote: dc36774d072f3cbd
07-11 11:47:30.753   736  1222 I SyncBossInput: [info   ] [lcon (right) adf26074xxxxxxxx]:  347203 [info   ] {THDG}: active_seek -> inactive_seek
07-11 11:47:30.768   855  1244 W TrackingService: Attempted to control leds, but gatekeeper is disabled. Skipping operation.
07-11 11:47:30.770   855  1244 D TrackingService: [HANDTRACKING] Controller dc36774d072f3cbd in hand: Y, valid: N
07-11 11:47:30.783   736  1222 I SyncBossInput: [info   ] [lcon (right) adf26074xxxxxxxx]: 1744917 [info   ] {APP }: Connected
07-11 11:47:30.809   736  1222 I SyncBossInput: [info   ] [lcon ( left) dc36774dxxxxxxxx]: 1745969 [info   ] {APP }: Connected
07-11 11:47:30.821   736  1222 I SyncBossHAL: [info   ] syncboss_hal_input_controller.c(197): Controller adf26074xxxxxxxx battery level changed: 0% -> 10%
07-11 11:47:30.826   736  1245 D SensorService: stateChangeNotifierFunc(): Reporting controller info. Change token: 3, paired=2 connected=2
07-11 11:47:30.826   855  1249 D OVRRemoteService: processStateChange([PairedControllerInfo LCON adf260742d57ae23 connected mcnt=0])
07-11 11:47:30.826   855  1249 D OVRRemoteService: processStateChange([PairedControllerInfo LCON dc36774d072f3cbd connected mcnt=0])
07-11 11:47:30.831   736  1222 I SyncBossInput: [info   ] [lcon (right) adf26074xxxxxxxx]: 1744917 [info   ] {THDG}: inactive_seek -> active_connected
07-11 11:47:30.863   736  1222 I SyncBossInput: [info   ] [lcon ( left) dc36774dxxxxxxxx]: 1745969 [info   ] {THDG}: inactive_seek -> active_connected
07-11 11:47:31.459   736  1222 I SyncBossHAL: [info   ] syncboss_hal_input_controller.c(197): Controller dc36774dxxxxxxxx battery level changed: 0% -> 10%
07-11 11:47:31.464   736  1245 D SensorService: stateChangeNotifierFunc(): Reporting controller info. Change token: 4, paired=2 connected=2
07-11 11:47:31.464   855  1249 D OVRRemoteService: processStateChange([PairedControllerInfo LCON adf260742d57ae23 connected mcnt=0])
07-11 11:47:31.464   855  1249 D OVRRemoteService: processStateChange([PairedControllerInfo LCON dc36774d072f3cbd connected mcnt=0])
07-11 11:47:32.695   855  1244 D TrackingService: [HANDTRACKING] Controller adf260742d57ae23 in hand: N, valid: N
07-11 11:47:32.751   855  1244 D TrackingService: [HANDTRACKING] Controller dc36774d072f3cbd in hand: N, valid: N
07-11 11:47:34.614  1034  1055 I chatty  : uid=1000(system) android.ui expire 1 line
07-11 11:47:37.444  1034  1113 I chatty  : uid=1000 system_server expire 1 line
07-11 11:47:37.496  1034  1142 I chatty  : uid=1000(system) NetworkPolicy expire 1 line
07-11 11:47:37.527  1034  1064 I chatty  : uid=1000(system) ActivityManager expire 22 lines
07-11 11:47:37.537  1034  1034 I chatty  : uid=1000 system_server expire 35 lines
07-11 11:47:37.560  1034  1062 I chatty  : uid=1000(system) android.bg expire 2 lines
07-11 11:47:37.879  1034  1052 I chatty  : uid=1000(system) Binder:1034_1 expire 1 line
07-11 11:47:37.884  1034  1517 I chatty  : uid=1000(system) Binder:1034_6 expire 1 line
07-11 11:47:37.891  1034  1055 I chatty  : uid=1000(system) android.ui expire 1 line
07-11 11:47:37.913  1034  1064 I chatty  : uid=1000(system) ActivityManager expire 35 lines
07-11 11:47:37.917  1034  1034 I chatty  : uid=1000 system_server expire 12 lines
07-11 11:47:37.926   855  1252 D SensorClientUtils: Cancelling delayed transition to SLEEP
07-11 11:47:37.926   849   849 D SensorClientUtils: Received transition request to RUNNING current is STANDBY
07-11 11:47:37.927   849   849 D SensorClientUtils: Executing transition from STANDBY to RUNNING
07-11 11:47:37.927   849   849 D SensorClientUtils: Setting power state to RUNNING
07-11 11:47:37.927   855  1251 D SensorClientUtils: Cancelling delayed transition to SLEEP
07-11 11:47:37.927   855  1251 D SensorClientUtils: Received transition request to RUNNING current is STANDBY
07-11 11:47:37.927  1034  1056 I chatty  : uid=1000(system) android.io expire 4 lines
07-11 11:47:37.927   855  1251 D SensorClientUtils: Executing transition from STANDBY to RUNNING
07-11 11:47:37.927   855  1251 D SensorClientUtils: Setting power state to RUNNING
07-11 11:47:37.927   855  1251 D OVRRemoteService: [controller] STANDBY -> RUNNING
07-11 11:47:37.927   855  1252 D SensorClientUtils: Received transition request to RUNNING current is STANDBY
07-11 11:47:37.927   855  1252 D SensorClientUtils: Executing transition from STANDBY to RUNNING
07-11 11:47:37.927   855  1252 D SensorClientUtils: Setting power state to RUNNING
07-11 11:47:37.927   855   995 I TrackingService: [ vision_manager] STANDBY -> RUNNING transition time: 0 ms
07-11 11:47:37.928   855   995 I TrackingService: [            iad] STANDBY -> RUNNING transition time: 0 ms
07-11 11:47:37.928   855   995 I TrackingService: [           bolt] STANDBY -> RUNNING transition time: 0 ms
07-11 11:47:37.933   736   942 I FrameSetDispatcher: [HEADSET] Client thread started
07-11 11:47:37.933   736   942 I CameraClientManager: [HEADSET] Added client - started clients: 1
07-11 11:47:37.933  1034  1063 I chatty  : uid=1000(system) ActivityManager expire 2 lines
07-11 11:47:38.009   736  1221 I SyncBossFW:   14465 [info   ] {APPI}: cams_found=0xf
07-11 11:47:38.037  1034  1064 I chatty  : uid=1000(system) ActivityManager expire 11 lines
07-11 11:47:38.039  1034  1034 I chatty  : uid=1000 system_server expire 14 lines
07-11 11:47:38.041   736   942 I SyncBossHAL: [info   ] syncboss_hal_impl_camera.c(245): Changing camera frame period to 33333 (status=0)
07-11 11:47:38.042   736   827 I SyncBossHAL: [info   ] pulsar_manager.c(772): Setting controller LED config to period: 33333us, on-time: 19us
07-11 11:47:38.083   855   995 I TrackingService: [            iot] STANDBY -> RUNNING transition time: 155 ms
07-11 11:47:38.090  1034  1151 I chatty  : uid=1000(system) WifiP2pService expire 1 line
07-11 11:47:38.092   736   942 I FrameSetDispatcher: [CONTROLLER] Client thread started
07-11 11:47:38.092   736   942 I CameraClientManager: [CONTROLLER] Added client - started clients: 1
07-11 11:47:38.094   855   995 I TrackingService: ConstellationTrackingGlue: setEnableExtendedDeadreckoning to false
07-11 11:47:38.094   855   995 I TrackingService: [  constellation] STANDBY -> RUNNING transition time: 10 ms
07-11 11:47:38.094   855   995 I TrackingService: [           hand] STANDBY -> RUNNING transition time: 0 ms
07-11 11:47:38.096   855  1244 D TrackingService: [HANDTRACKING] Controller adf260742d57ae23 in hand: Y, valid: Y
07-11 11:47:38.096   855  1244 D TrackingService: [HANDTRACKING] Controller dc36774d072f3cbd in hand: Y, valid: Y
07-11 11:47:38.097   736   942 I FrameSetDispatcher: [HEADSET] Client thread started
07-11 11:47:38.097   736   942 I CameraClientManager: [HEADSET] Added client - started clients: 2
07-11 11:47:38.097   855   995 I TrackingService: [         object] STANDBY -> RUNNING transition time: 2 ms
07-11 11:47:38.097   855   995 I TrackingService: [     controller] STANDBY -> RUNNING transition time: 0 ms
07-11 11:47:38.102   855   995 I TrackingService: Setting initial exposure: 0.005000, initial gain: 3.000000
07-11 11:47:38.106   736   940 I FrameSetDispatcher: [HEADSET] Client thread started
07-11 11:47:38.106   736   940 I CameraClientManager: [HEADSET] Added client - started clients: 3
07-11 11:47:38.112   855   995 I TrackingService: [ExposureControl] STANDBY -> RUNNING transition time: 14 ms
07-11 11:47:38.112   855  1252 D TrackingService: setPowerState: RUNNING
07-11 11:47:38.150   736  1648 W SensorService: frameset capture timestamp out of spec by -14566.52 ms. FrameType=CONTROLLER, observed=14599854000 expected=a33333000. FrameSyncPeriod is: 33.33 ms
07-11 11:47:38.217  1034  1054 I chatty  : uid=1000(system) android.fg expire 1 line
07-11 11:47:38.222  1034  1165 I chatty  : uid=1000(system) onProviders.ECP expire 2 lines
07-11 11:47:38.222   855  1252 D TrackingService: Scaled haptics updated to: 101
07-11 11:47:38.226   736   942 W SensorService: Attempt to adjust transmit power. Should boost:N. Function not implemented in syncboss HAL yet.
07-11 11:47:38.227   855  1251 D RemoteService: RemoteService - Registering status callback
07-11 11:47:38.231  1034  1686 I chatty  : uid=1000 system_server expire 1 line
07-11 11:47:38.249  1034  1695 I chatty  : uid=1000 system_server expire 1 line
07-11 11:47:38.259  1034  1696 I chatty  : uid=1000 system_server expire 1 line
07-11 11:47:38.292  1034  1067 I chatty  : uid=1000(system) batterystats-wo expire 1 line
07-11 11:47:38.337   736  1540 E FrameSetDispatcher: [HEADSET] Client pid=855 (855): Failed to read from receive FMQ for 1 packets in 5000ms.
07-11 11:47:38.337   736  1540 E FrameSetDispatcher: This probably means this client is taking more than 33 ms to process the frame.
07-11 11:47:38.337   736  1540 E FrameSetDispatcher: Retrying.
07-11 11:47:39.143  1034  1056 I chatty  : uid=1000(system) android.io expire 15 lines
07-11 11:47:39.557  1034  1057 I chatty  : uid=1000(system) android.display expire 12 lines
07-11 11:47:39.568  1034  1071 I chatty  : uid=1000(system) PowerManagerSer expire 1 line
07-11 11:47:39.570  1034  1136 I chatty  : uid=1000(system) StorageManagerS expire 2 lines
07-11 11:47:39.571  1034  1063 I chatty  : uid=1000(system) ActivityManager expire 4 lines
07-11 11:47:39.571  1034  1517 I chatty  : uid=1000(system) Binder:1034_6 expire 1 line
07-11 11:47:39.573   546   546 D vold    : Waiting for FUSE to spin up...
07-11 11:47:39.607  1712  1712 W sdcard  : Device explicitly enabled sdcardfs
07-11 11:47:39.611  1034  1054 I chatty  : uid=1000(system) android.fg expire 13 lines
07-11 11:47:39.649   546   546 D vold    : fscrypt_unlock_user_key 0 serial=0 token_present=0
07-11 11:47:39.658   546   546 D vold    : Skipping non-key ..
07-11 11:47:39.658   546   546 D vold    : Skipping non-key .
07-11 11:47:39.658   546   546 D vold    : Trying user CE key /data/misc/vold/user_keys/ce/0/current
07-11 11:47:39.722   546   546 I vold    : List of Keymaster HALs found:
07-11 11:47:39.723   546   546 I vold    : Keymaster HAL #1: SoftwareWrappedKeymaster1Device from Google SecurityLevel: TRUSTED_ENVIRONMENT HAL: android.hardware.keymaster@3.0::IKeymasterDevice/default
07-11 11:47:39.723   546   546 I vold    : Using SoftwareWrappedKeymaster1Device from Google for encryption.  Security level: TRUSTED_ENVIRONMENT, HAL: android.hardware.keymaster@3.0::IKeymasterDevice/default
07-11 11:47:39.773   546   546 D vold    : Successfully retrieved key
07-11 11:47:39.776   546   546 D vold    : Added key 319770784 (ext4:87fc30df1ac4297e) to keyring 14076527 in process 546
07-11 11:47:39.777   546   546 D vold    : Added key 52934330 (f2fs:87fc30df1ac4297e) to keyring 14076527 in process 546
07-11 11:47:39.777   546   546 D vold    : Added key 247671395 (fscrypt:87fc30df1ac4297e) to keyring 14076527 in process 546
07-11 11:47:39.777   546   546 D vold    : Installed ce key for user 0
07-11 11:47:39.780  1034  1156 I chatty  : uid=1000(system) ConnectivitySer expire 2 lines
07-11 11:47:39.781  1034  1034 I chatty  : uid=1000 system_server expire 1 line
07-11 11:47:39.790  1034  1064 I chatty  : uid=1000(system) ActivityManager expire 9 lines
07-11 11:47:39.805   546   546 D vold    : fscrypt_prepare_user_storage for volume null, user 0, serial 0, flags 2
07-11 11:47:39.806   546   546 D vold    : Preparing: /data/system_ce/0
07-11 11:47:39.806   546   546 D vold    : Preparing: /data/misc_ce/0
07-11 11:47:39.806   546   546 D vold    : Preparing: /data/vendor_ce/0
07-11 11:47:39.808   546   546 D vold    : Preparing: /data/media/0
07-11 11:47:39.808   546   546 D vold    : Preparing: /data/data
07-11 11:47:39.811   546   546 I vold    : Found policy 87fc30df1ac4297e at /data/system_ce/0 which matches expected value
07-11 11:47:39.815  1034  1738 I chatty  : uid=1000(system) AdbDebuggingMan expire 1 line
07-11 11:47:39.825   546   546 I vold    : Found policy 87fc30df1ac4297e at /data/misc_ce/0 which matches expected value
07-11 11:47:39.826   546   546 I vold    : Found policy 87fc30df1ac4297e at /data/vendor_ce/0 which matches expected value
07-11 11:47:39.827   546   546 I vold    : Found policy 87fc30df1ac4297e at /data/media/0 which matches expected value
07-11 11:47:39.828   546   546 I vold    : Found policy 87fc30df1ac4297e at /data/data which matches expected value
07-11 11:47:39.828   546   546 D vold    : Starting restorecon of /data/system_ce/0
07-11 11:47:39.832   546   546 D vold    : Finished restorecon of /data/system_ce/0
07-11 11:47:39.832   546   546 D vold    : Starting restorecon of /data/vendor_ce/0
07-11 11:47:39.835   546   546 D vold    : Finished restorecon of /data/vendor_ce/0
07-11 11:47:39.835   546   546 D vold    : Starting restorecon of /data/misc_ce/0
07-11 11:47:39.838   546   546 D vold    : Finished restorecon of /data/misc_ce/0
07-11 11:47:39.838   546   546 D vold    : /system/bin/vold_prepare_subdirs
07-11 11:47:39.838   546   546 D vold    :     prepare
07-11 11:47:39.838   546   546 D vold    :     
07-11 11:47:39.838   546   546 D vold    :     0
07-11 11:47:39.838   546   546 D vold    :     2
07-11 11:47:39.892  1034  1052 I chatty  : uid=1000(system) Binder:1034_1 expire 1 line
07-11 11:47:39.978  1743  1743 I GkServiceApp: Scheduling periodic GK update for userId=0
07-11 11:47:40.670  1034  1054 I chatty  : uid=1000(system) android.fg expire 5 lines
07-11 11:47:40.787  1034  1063 I chatty  : uid=1000(system) ActivityManager expire 11 lines
07-11 11:47:40.787  1034  1064 I chatty  : uid=1000(system) ActivityManager expire 1 line
07-11 11:47:40.789  1034  1056 I chatty  : uid=1000(system) android.io expire 1 line
07-11 11:47:40.789   546   546 D vold    : Linking /storage/emulated/0 to /mnt/user/0/primary
07-11 11:47:40.827  1034  1187 I chatty  : uid=1000(system) backup expire 15 lines
07-11 11:47:40.901  1034  1053 I chatty  : uid=1000(system) Binder:1034_2 expire 4 lines
07-11 11:47:40.964  1034  1136 I chatty  : uid=1000(system) StorageManagerS expire 1 line
07-11 11:47:41.008  1034  1034 I chatty  : uid=1000 system_server expire 1 line
07-11 11:47:41.025  1034  1280 I chatty  : uid=1000(system) SyncManager expire 1 line
07-11 11:47:41.032  1545  1828 W ContextImpl: Calling a method in the system process without a qualified user: android.app.ContextImpl.startService:1582 android.content.ContextWrapper.startService:669 com.oculus.authapi.OVRAuth.A01:2 com.oculus.unifiedtelemetry.credentialsmanager.UnifiedTelemetryCredentialsManager.A00:36 com.oculus.unifiedtelemetry.credentialsmanager.UnifiedTelemetryCredentialsManager.A01:52 
07-11 11:47:41.287   819   819 W wificond: Scan is not started. Ignore abort request
07-11 11:47:41.814  1034  1150 I chatty  : uid=1000(system) ClientModeImpl expire 1 line
07-11 11:47:41.832  1034  1156 I chatty  : uid=1000(system) ConnectivitySer expire 4 lines
07-11 11:47:42.537  1545  1915 W ContextImpl: Calling a method in the system process without a qualified user: android.app.ContextImpl.sendBroadcast:1057 android.content.ContextWrapper.sendBroadcast:448 X.o8.A00:143 X.nw.A00:17 X.nw.handleMessage:90 
07-11 11:47:42.544  1545  1940 W ContextImpl: Calling a method in the system process without a qualified user: android.app.ContextImpl.sendBroadcast:1057 android.content.ContextWrapper.sendBroadcast:448 X.o8.A00:143 X.nw.A00:17 X.nw.handleMessage:90 
07-11 11:47:42.613  1034  1064 I chatty  : uid=1000(system) ActivityManager expire 40 lines
07-11 11:47:42.621   855  1251 D TrackingService: getSharedMemory: com.oculus.systemdriver, Controller
07-11 11:47:42.731  1034  1053 I chatty  : uid=1000(system) Binder:1034_2 expire 1 line
07-11 11:47:42.744   855  1252 D TrackingService: getSharedMemory: com.oculus.systemdriver, HandTracker
07-11 11:47:42.804  1034  1064 I chatty  : uid=1000(system) ActivityManager expire 16 lines
07-11 11:47:42.981  1034  1156 I chatty  : uid=1000(system) ConnectivitySer expire 14 lines
07-11 11:47:43.056   711   903 E NetlinkEvent: NetlinkEvent::FindParam(): Parameter 'INTERFACE' not found
07-11 11:47:43.056   711   903 E NetlinkEvent: NetlinkEvent::FindParam(): Parameter 'STATE' not found
07-11 11:47:43.056   711   903 E NetlinkEvent: NetlinkEvent::FindParam(): Parameter 'TIME_NS' not found
07-11 11:47:43.056   711   903 E NetlinkEvent: NetlinkEvent::FindParam(): Parameter 'UID' not found
07-11 11:47:43.076  1034  1052 I chatty  : uid=1000(system) Binder:1034_1 expire 1 line
07-11 11:47:42.876  1034  1034 I chatty  : uid=1000 system_server expire 6 lines
07-11 11:47:43.114  1034  2187 I chatty  : uid=1000 system_server expire 6 lines
07-11 11:47:43.152  1034  1064 I chatty  : uid=1000(system) ActivityManager expire 28 lines
07-11 11:47:43.279  1034  1052 I chatty  : uid=1000(system) Binder:1034_1 expire 1 line
07-11 11:47:43.286  1034  1156 I chatty  : uid=1000(system) ConnectivitySer expire 3 lines
07-11 11:47:43.570  2223  2223 W ContextImpl: Calling a method in the system process without a qualified user: android.app.ContextImpl.startForegroundService:1588 android.content.ContextWrapper.startForegroundService:674 android.content.ContextWrapper.startForegroundService:674 com.oculus.nux.ota.NuxOtaBootReceiver.onReceive:18 android.app.ActivityThread.handleReceiver:3803 
07-11 11:47:43.629  1034  1063 I chatty  : uid=1000(system) ActivityManager expire 1 line
07-11 11:47:43.814   855  1244 D TrackingService: [HANDTRACKING] Controller dc36774d072f3cbd in hand: N, valid: Y
07-11 11:47:43.905  1034  1064 I chatty  : uid=1000(system) ActivityManager expire 21 lines
07-11 11:47:44.099  1034  1034 I chatty  : uid=1000 system_server expire 2 lines
07-11 11:47:44.136  1034  1878 I chatty  : uid=1000(system) backup-0 expire 21 lines
07-11 11:47:44.427  1034  2186 I chatty  : uid=1000(system) Binder:1034_A expire 3 lines
07-11 11:47:44.481   855  1244 D TrackingService: [HANDTRACKING] Controller adf260742d57ae23 in hand: N, valid: Y
07-11 11:47:44.512  1034  1053 I chatty  : uid=1000(system) Binder:1034_2 expire 1 line
07-11 11:47:44.522   736   942 I MontereyCameraProvider: Switching channel from CONTROLLER to HAND
07-11 11:47:44.524   736  1668 I FrameSetDispatcher: [CONTROLLER] Client thread stopping
07-11 11:47:44.524   736   942 I FrameSetDispatcher: [CONTROLLER] Client thread joined
07-11 11:47:44.524   736   942 I CameraClientManager: [CONTROLLER] Removed client - started clients: 0
07-11 11:47:44.800  1034  1409 I chatty  : uid=1000(system) Binder:1034_4 expire 1 line
07-11 11:47:44.807  1034  1156 I chatty  : uid=1000(system) ConnectivitySer expire 5 lines
07-11 11:47:44.845   736   942 I FrameSetDispatcher: [HAND] Client thread started
07-11 11:47:44.845   736   942 I CameraClientManager: [HAND] Added client - started clients: 1
07-11 11:47:44.877   736  1648 W SensorService: frameset capture timestamp out of spec by -21633.12 ms. FrameType=HAND, observed=21666450000 expected=a33333000. FrameSyncPeriod is: 33.33 ms
07-11 11:47:45.401   736   942 I FrameSetDispatcher: [HAND] Client thread started
07-11 11:47:45.401   736   942 E FrameSetDispatcher: [HAND] Frame Count Requirement violated: number of streaming clients: 2, maximum number of FrameSets: 2
07-11 11:47:45.401   736   942 I CameraClientManager: [HAND] Added client - started clients: 2
07-11 11:47:45.405   736   942 I FrameSetDispatcher: [HAND] Client thread started
07-11 11:47:45.406   736   942 E FrameSetDispatcher: [HAND] Frame Count Requirement violated: number of streaming clients: 3, maximum number of FrameSets: 2
07-11 11:47:45.406   736   942 I CameraClientManager: [HAND] Added client - started clients: 3
07-11 11:47:45.443   736  2518 E FrameSetDispatcher: [HAND] Client pid=855 (855): Failed to read from receive FMQ for 1 packets in 5000ms.
07-11 11:47:45.443   736  2518 E FrameSetDispatcher: This probably means this client is taking more than 33 ms to process the frame.
07-11 11:47:45.443   736  2518 E FrameSetDispatcher: Retrying.
07-11 11:47:45.777  1034  1878 I chatty  : uid=1000(system) backup-0 expire 2 lines
07-11 11:47:45.941  1034  1064 I chatty  : uid=1000(system) ActivityManager expire 19 lines
07-11 11:47:46.154  1034  1052 I chatty  : uid=1000(system) Binder:1034_1 expire 1 line
07-11 11:47:47.793   736  1540 E FrameSetDispatcher: [HEADSET] Client pid=855 (855): Failed to read from receive FMQ for 11 packets in 5000ms.
07-11 11:47:47.793   736  1540 E FrameSetDispatcher: This probably means this client is taking more than 33 ms to process the frame.
07-11 11:47:47.793   736  1540 E FrameSetDispatcher: Retrying.
07-11 11:47:47.872  1545  2521 W ContextImpl: Calling a method in the system process without a qualified user: android.app.ContextImpl.sendBroadcast:1057 android.content.ContextWrapper.sendBroadcast:448 X.o8.A00:143 X.nw.A00:17 X.nw.handleMessage:90 
07-11 11:47:49.788   736   942 I CameraProvider: Utility frequency frame period updated to 33333
07-11 11:47:49.823  1743  1743 I GkServiceApp: Scheduling periodic GK update for userId=0
07-11 11:47:49.837  1034  1420 I chatty  : uid=1000(system) Binder:1034_5 expire 1 line
07-11 11:47:50.443  1034  1680 I chatty  : uid=1000(system) Binder:1034_7 expire 2 lines
07-11 11:47:50.685  1034  1517 I chatty  : uid=1000(system) Binder:1034_6 expire 3 lines
07-11 11:47:50.752  1034  1053 I chatty  : uid=1000(system) Binder:1034_2 expire 4 lines
07-11 11:47:51.816   855  1251 D TrackingService: getSharedMemory: com.oculus.shellenv, HandTracker
07-11 11:47:51.817   855  1251 D TrackingService: getSharedMemory: com.oculus.shellenv, HeadTracker
07-11 11:47:51.883   855  1252 D TrackingService: getSharedMemory: com.oculus.mrservice, HeadTracker
07-11 11:47:51.885   855  1252 I TrackingService: Unregistering client by ITrackingService.unregisterClient
07-11 11:47:51.885   855  1252 I TrackingService: Failed to unregister client because client not found in registered list
07-11 11:47:51.885   855  1252 I chatty  : uid=1000(system) Binder:855_2 identical 4 lines
07-11 11:47:51.885   855  1252 I TrackingService: Failed to unregister client because client not found in registered list
07-11 11:47:51.885   855  1252 D TrackingService: unregister: com.oculus.mrservice
07-11 11:47:52.077   736  2518 E FrameSetDispatcher: [HAND] Client pid=855 (855): Failed to read from receive FMQ for 1 packets in 5000ms.
07-11 11:47:52.077   736  2518 E FrameSetDispatcher: This probably means this client is taking more than 33 ms to process the frame.
07-11 11:47:52.077   736  2518 E FrameSetDispatcher: Retrying.
07-11 11:47:52.150   855  1251 D TrackingService: getSharedMemory: com.oculus.vrshell, HandTracker
07-11 11:47:52.166   855  1251 D TrackingService: getSharedMemory: com.oculus.vrshell, HeadTracker
07-11 11:47:52.447  1034  1034 I chatty  : uid=1000 system_server expire 3 lines
07-11 11:47:52.498   855  1251 D TrackingService: getSharedMemory: com.oculus.mrservice, HeadTracker
07-11 11:47:52.706  1034  1409 I chatty  : uid=1000(system) Binder:1034_4 expire 2 lines
07-11 11:47:52.759  1034  1156 I chatty  : uid=1000(system) ConnectivitySer expire 1 line
07-11 11:47:52.855   849  3165 D CameraMuxModeMonitor: Connecting to 'cameramuxmodeservice'
07-11 11:47:52.856   849  3165 D CameraMuxModeMonitor: Connected to 'cameramuxmodeservice'
07-11 11:47:52.856  1034  1680 I chatty  : uid=1000(system) Binder:1034_7 expire 2 lines
07-11 11:47:53.217   736   940 I FrameSetDispatcher: [HEADSET] Client thread started
07-11 11:47:53.217   736   940 E FrameSetDispatcher: [HEADSET] Frame Count Requirement violated: number of streaming clients: 4, maximum number of FrameSets: 4
07-11 11:47:53.217   736   940 I CameraClientManager: [HEADSET] Added client - started clients: 4
07-11 11:47:53.232  1034  2186 I chatty  : uid=1000(system) Binder:1034_A expire 1 line
07-11 11:47:53.233  1034  2163 I chatty  : uid=1000(system) Binder:1034_9 expire 2 lines
07-11 11:47:53.235   855  1251 D TrackingService: getSharedMemory: /system/bin/mrsystemservice, HeadTracker
07-11 11:47:53.236   855  1251 D TrackingService: getSharedMemory: /system/bin/mrsystemservice, Controller
07-11 11:47:53.237   855  1251 D TrackingService: getSharedMemory: /system/bin/mrsystemservice, HandTracker
07-11 11:47:53.690  1545  1545 W ContextImpl: Calling a method in the system process without a qualified user: android.app.ContextImpl.startService:1582 android.content.ContextWrapper.startService:669 com.oculus.authapi.OVRAuth.A01:2 com.oculus.unifiedtelemetry.credentialsmanager.UnifiedTelemetryCredentialsManager.A00:36 com.oculus.unifiedtelemetry.credentialsmanager.UnifiedTelemetryCredentialsManager.A01:52 
07-11 11:47:54.147   855  1251 D TrackingService: getSharedMemory: com.oculus.vrshell, HandTracker
07-11 11:47:54.151   855  1251 D TrackingService: getSharedMemory: com.oculus.vrshell, HeadTracker
07-11 11:47:54.271  1545  2946 W ContextImpl: Calling a method in the system process without a qualified user: android.app.ContextImpl.sendBroadcast:1057 android.content.ContextWrapper.sendBroadcast:448 X.o8.A00:143 X.nw.A00:17 X.nw.handleMessage:90 
07-11 11:47:54.839  1034  1062 I chatty  : uid=1000(system) android.bg expire 2 lines
07-11 11:47:54.939  1034  1063 I chatty  : uid=1000(system) ActivityManager expire 2 lines
07-11 11:47:55.621  1545  3224 W ContextImpl: Calling a method in the system process without a qualified user: android.app.ContextImpl.sendBroadcast:1057 android.content.ContextWrapper.sendBroadcast:448 X.o8.A00:143 X.nw.A00:17 X.nw.handleMessage:90 
07-11 11:47:56.503  1545  3241 W ContextImpl: Calling a method in the system process without a qualified user: android.app.ContextImpl.sendBroadcast:1057 android.content.ContextWrapper.sendBroadcast:448 X.o8.A00:143 X.nw.A00:17 X.nw.handleMessage:90 
07-11 11:47:57.125  1545  3243 W ContextImpl: Calling a method in the system process without a qualified user: android.app.ContextImpl.sendBroadcast:1057 android.content.ContextWrapper.sendBroadcast:448 X.o8.A00:143 X.nw.A00:17 X.nw.handleMessage:90 
