07-11 12:03:25.507   855  5303 I [CT]    : CONSTELLATION:CALIBRATION_DECODER: Factory sensor calibration: {"gyro_m":[-0.0019142151,-0.9972550205,-0.0015456421,-0.0189208496,0.0018702055,-0.9984010384,0.9969677089,-0.0023999551,-0.0169920811],"acc_b":[-0.0953224723,0.1553639287,-0.1401136188],"build_bash":"568eaa2725999b69cdda6f2f1c252427dafe3ebf","TrackedObject":{"JsonVersion":3,"Lensing":{"Model0":[4,0.00225126,-0.00488171,0.00377238,-0.000125422]},"GyroCalibration":[0.00960601,-0.9969461,-0.0230234,0.00187443,0.02331506,-0.99827312,0.99710104,0.00904007,0.00405711,-0.00478977,-0.01875917,-0.00919974],"ImuPosition":[-0.005584116,-0.007119839,0.01985501],"ModelPoints":{"Point12":[0.03302247,0.00367408,0.00029841,0.7051038,-0.6950803,0.14032818,85.0,80.0,0.0],"Point11":[0.04208393,0.0227909,-0.00386859,0.9435189,-0.10477919,-0.31431419,85.0,80.0,0.0],"Point14":[0.02023198,-0.00412054,-0.0150112,0.49720891,-0.70839529,-0.5009585,85.0,80.0,0.0],"Point13":[0.0302384,0.00368159,-0.01301778,0.67315478,-0.5810967,-0.45737213,85.0,80.0,0.0],"Point10":[0.0425
07-11 12:03:25.507   855  5303 I [CT]    : CONSTELLATION:CALIBRATION_DECODER: Decoding calibration string with Conventional Constellation format.
07-11 12:03:25.508  1253  5305 I TimeWarpProgs: loaded binary layerProgram 2:0x80941028006:0x0 in 1.4 ms
07-11 12:03:25.508  1253  5305 I LogTimer: CPUTIME: TimeWarp_OnGraphicsContextInit took 140.8686 ms
07-11 12:03:25.508  1253  5305 I LogTimer: CPUTIME: TimeWarp_WarpThreadInit took 181.6414 ms
07-11 12:03:25.508  1253  5305 I CompositorUtil: Waited 0.000 seconds for first vsync.
07-11 12:03:25.508  1253  5305 I CompositorVR: WarpThreadInit() - End
07-11 12:03:25.508  1253  5305 I CompositorVR: Waited 0.000 seconds for first call to warp swap.
07-11 12:03:25.508  1253  1253 I CompositorVR: -------------- CompositorVR() End --------------
07-11 12:03:25.508  1253  1253 I LogTimer: CPUTIME: TimeWarp_Init took 432.8429 ms
07-11 12:03:25.508  1253  1253 I ClientMgr: ClientMgr: RESUMING operation
07-11 12:03:25.508   736  5329 W QCameraDriver: control_dqbuf timed out while polling.
07-11 12:03:25.508   736  5329 E libqcamerahal: cam 2: failed to dequeue frame
07-11 12:03:25.508  1253  1253 I InterstitialRenderer: DisableInterstitialRenderer = 0
07-11 12:03:25.508  1253  5305 I CompositorVR: SetSchedFifo( tid=3018, pol=5, pri=1 ) succeeded
07-11 12:03:25.508  1253  5305 I CompositorVR: SetSchedFifo( tid=3398, pol=5, pri=1 ) succeeded
07-11 12:03:25.508  1253  1253 I TREX    : Resuming update thread...
07-11 12:03:25.508  1253  1253 I AADT    : SetAADTLutDataX: 0
07-11 12:03:25.508  1253  1253 I AADT    : SetAADTLutDataY: 0
07-11 12:03:25.508  1253  1253 I VrRuntimeServer: RuntimeServer: Update system color correction
07-11 12:03:25.509  1253  5305 I CompositorVR: SetSchedFifo( tid=3411, pol=5, pri=1 ) succeeded
07-11 12:03:25.509  1253  5305 I AADT    : SetAADTLutDataX. Thread. SizeX: 0
07-11 12:03:25.509   855  5303 I [CT]    : CONSTELLATION:CALIBRATION_DECODER: Lensing Model: 0, 4 coefficients
07-11 12:03:25.509  1253  5305 I AADT    : SetAADTLutDataY. Thread. SizeY: 0
07-11 12:03:25.509  1253  5305 I CompositorVR: Global CAC is enabled (0x1)
07-11 12:03:25.509   855  5303 I [CT]    : CONSTELLATION:CALIBRATION_DECODER: Lensing Coefficient 0: 0.00225126
07-11 12:03:25.509   855  5303 I [CT]    : CONSTELLATION:CALIBRATION_DECODER: Lensing Coefficient 1: -0.00488171
07-11 12:03:25.509   855  5303 I [CT]    : CONSTELLATION:CALIBRATION_DECODER: Lensing Coefficient 2: 0.00377238
07-11 12:03:25.509   855  5303 I [CT]    : CONSTELLATION:CALIBRATION_DECODER: Lensing Coefficient 3: -0.000125422
07-11 12:03:25.509  1253  1948 I XrRuntimeServerInputInterface_Impl: OSSDKTRACKING InputState has changed
07-11 12:03:25.509  1253  1948 I XrRuntimeServerInputInterface_Impl: OSSDKTRACKING Right Controller id found
07-11 12:03:25.509  1253  1948 I XrRuntimeServerInputInterface_Impl: OSSDKTRACKING Left Controller id found
07-11 12:03:25.509  1253  1948 D OVRFitnessDataInternal: Requesting Insert FitnessData: 41.0.0.0
07-11 12:03:25.509   855  5303 I [CT]    : CONSTELLATION:CALIBRATION_DECODER: Adjusting LCON left IMU position calibration with hardcoded values (T33812064)
07-11 12:03:25.509  1253  1253 I KeyboardTrackingServer_Impl: TRACKEDKEYBOARD ResetStateForSystemResume
07-11 12:03:25.509  1253  1253 I KeyboardTrackingServer_Impl: TRACKEDKEYBOARD ClearManagers called on service
07-11 12:03:25.509  1253  1253 I ClientMgr: ClientMgr: Resume complete
07-11 12:03:25.509  1253  1253 I ClientMgr: FocusedWindowChanged: found matching overlay client: 3200140755
07-11 12:03:25.509  1253  1253 I ClientMgr: FocusedClient changed.
07-11 12:03:25.509  1253  1253 I ClientMgr: ClientMgr::SetFocusedClient: 2075:com.oculus.vrshell type 1
07-11 12:03:25.509  1253  1253 I ClientMgr: SetFocusedPackageName - packageName com.oculus.vrshell processName com.oculus.vrshell clientId 3200140755 clientPid 2075
07-11 12:03:25.509  1253  1253 I VrRuntimeService: RuntimeIPC: SendFocusChangeEventToAllClients: PostClientEvent SUCCESS: com.oculus.mrservice:com.oculus.mrservice:1606, com.oculus.vrshell, com.oculus.vrshell
07-11 12:03:25.509  1253  1253 I VrRuntimeService: RuntimeIPC: SendFocusChangeEventToAllClients: PostClientEvent SUCCESS: com.oculus.guardian:com.oculus.vrguardianservice:2909, com.oculus.vrshell, com.oculus.vrshell
07-11 12:03:25.509  1253  1253 I VrRuntimeService: RuntimeIPC: SendFocusChangeEventToAllClients: PostClientEvent SUCCESS: com.oculus.shellenv:com.oculus.shellenv:1975, com.oculus.vrshell, com.oculus.vrshell
07-11 12:03:25.509  1253  1253 I VrRuntimeService: RuntimeIPC: SendFocusChangeEventToAllClients: PostClientEvent SUCCESS: com.oculus.vrshell:com.oculus.vrshell:Overlay:1941, com.oculus.vrshell, com.oculus.vrshell
07-11 12:03:25.509  1253  1253 I VrRuntimeService: RuntimeIPC: SendFocusChangeEventToAllClients: PostClientEvent SUCCESS: com.oculus.vrshell:com.oculus.vrshell:2075, com.oculus.vrshell, com.oculus.vrshell
07-11 12:03:25.509  1253  1253 D VrRuntimeService: Received broadcast: android.intent.action.SCREEN_ON
07-11 12:03:25.509   855  5303 I [CT]    : CONSTELLATION: Parsed calibration (TrackingModel): 
07-11 12:03:25.509   855  5303 I [CT]    : device type: 
07-11 12:03:25.509   855  5303 I [CT]    : build type: 
07-11 12:03:25.509   855  5303 I [CT]    : acc offset : -0.0953225 0.155364 -0.140114 
07-11 12:03:25.509   855  5303 I [CT]    : acc mat: 0.00945797 -1.0008 -0.023624 0.00262968 0.0233124 -1.00117 1.00084 0.00976076 0.0018213 
07-11 12:03:25.509   855  5303 I [CT]    : gyro offset : -0.00478977 -0.0187592 -0.00919974 
07-11 12:03:25.509   855  5303 I [CT]    : gyro mat: 0.00960601 -0.996946 -0.0230234 0.00187443 0.0233151 -0.998273 0.997101 0.00904007 0.00405711 
07-11 12:03:25.509   855  5303 I [CT]    : leds: 
07-11 12:03:25.509   855  5303 I [CT]    : Model Point
07-11 12:03:25.509   855  5303 I [CT]    : 	Position: -0.0215824 -0.003413 -0.0138845 
07-11 12:03:25.509   855  5303 I [CT]    : 	Normal: -0.527068 -0.713865 -0.461082 
07-11 12:03:25.509   855  5303 I [CT]    : 	isVisibleThreshold (deg): 85
07-11 12:03:25.509   855  5303 I [CT]    : 	isReliableThreshold (deg): 80
07-11 12:03:25.509   855  5303 I [CT]    : 	lensingIndex: 0
07-11 12:03:25.509   855  5303 I [CT]    : 
07-11 12:03:25.509   855  5303 I [CT]    : Model Point
07-11 12:03:25.509   855  5303 I [CT]    : 	Position: -0.0319857 0.00575884 -0.012038 
07-11 12:03:25.509   855  5303 I [CT]    : 	Normal: -0.71942 -0.538329 -0.438905 
07-11 12:03:25.509   855  5303 I [CT]    : 	isVisibleThreshold (deg): 85
07-11 12:03:25.509   855  5303 I [CT]    : 	isReliableThreshold (deg): 80
07-11 12:03:25.509   855  5303 I [CT]    : 	lensingIndex: 0
07-11 12:03:25.509   855  5303 I [CT]    : 
07-11 12:03:25.509   855  5303 I [CT]    : Model Point
07-11 12:03:25.509   855  5303 I [CT]    : 	Position: -0.0369442 0.00937126 0.00304175 
07-11 12:03:25.509   855  5303 I [CT]    : 	Normal: -0.757637 -0.623449 0.193126 
07-11 12:03:25.509   855  5303 I [CT]    : 	isVisibleThreshold (deg): 85
07-11 12:03:25.509   855  5303 I [CT]    : 	isReliableThreshold (deg): 80
07-11 12:03:25.509   855  5303 I [CT]    : 	lensingIndex: 0
07-11 12:03:25.509   855  5303 I [CT]    : 
07-11 12:03:25.509   855  5303 I [CT]    : Model Point
07-11 12:03:25.509   855  5303 I [CT]    : 	Position: -0.0427057 0.0270757 -0.00186328 
07-11 12:03:25.509   855  5303 I [CT]    : 	Normal: -0.955656 0.00827838 -0.294368 
07-11 12:03:25.509   855  5303 I [CT]    : 	isVisibleThreshol
07-11 12:03:25.509   855  5303 I [CT]    : CONSTELLATION: Got device type string: CONTROLLER_LCON_LEFT
07-11 12:03:25.509  1253  1253 I VrRuntimeService: nativeScreenStateChanged to on
07-11 12:03:25.509   855  5303 I [CT]    : CONSTELLATION: Parsed device of type: LCON
07-11 12:03:25.509  1253  1253 I VrRuntimeService: Previous running state: RUNNING
07-11 12:03:25.509   855  5303 I [CT]    : CONSTELLATION: Got device type string from calibration: 
07-11 12:03:25.509   855  5303 I [CT]    : CONSTELLATION: Parsed device of type from calibration: UNKNOWN
07-11 12:03:25.509   855  5303 I [CT]    : CONSTELLATION:CONFIG: Clearing Constellation config file overrides
07-11 12:03:25.509  1253  2754 I ClientMgr: EnableRendering2: invalid clientWindow, testing uid/pid
07-11 12:03:25.509  1253  2754 I ClientMgr: ClientMgr::EnableRendering 1941:com.oculus.vrshell : type 1 comp-id 4: enable
07-11 12:03:25.509  1253  2754 I TimeWarpClientMgr: Enable client 4
07-11 12:03:25.509  1253  2754 I VrRuntimeServer: EnableCompositorClient client(4): layer placement(2147483647) flags(0) sm(0x7818f04010)
07-11 12:03:25.509  1253  2754 I CompositorVR: CheckDebuggerConnected: debugger 0
07-11 12:03:25.509  1253  2754 I VrRuntimeServer: SysProp debug mode is disabled on Server side
07-11 12:03:25.509   855  5303 W [CT]    : CONFIG: Config contains a key which is not used (Value: 0.0).
07-11 12:03:25.509   855  5303 W [CT]    : CONFIG: Config contains a key which is not used (Value: 0.0).
07-11 12:03:25.510   855  5303 W [CT]    : CONFIG: Config contains a key which is not used (Value: 0.055).
07-11 12:03:25.510   855  5303 I [CT]    : CONSTELLATION:CONFIG: Applied config file Constellation_LCON.conf
07-11 12:03:25.510   736  5330 W QCameraDriver: control_dqbuf timed out while polling.
07-11 12:03:25.510   736  5330 E libqcamerahal: cam 3: failed to dequeue frame
07-11 12:03:25.510   855  5303 I [CT]    : CONSTELLATION: Left handed controller found!
07-11 12:03:25.510   855  5303 I [CT]    : CONSTELLATION: Imu Position = -0.00558412 -0.00711984 0.019855 
07-11 12:03:25.510   855  5303 I [CT]    : CONSTELLATION: L: ControllerStateBuffer: RESET
07-11 12:03:25.510   855  5303 I [CT]    : CONSTELLATION: L: Creating Controller Fusion with 15 LEDs.
07-11 12:03:25.510   855  5303 I [CT]    : CONSTELLATION: L: ControllerStateBuffer: RESET
07-11 12:03:25.510   855  5303 I [CT]    : INPUT_TRACKING:Behavior:AtRest: [Right] reset
07-11 12:03:25.510   855  5303 I [CT]    : INPUT_TRACKING:Behavior:AtRest: [Left] reset
07-11 12:03:25.510   855  5303 I [CT]    : INPUT_TRACKING:Blackboard: reset
07-11 12:03:25.510   855  5303 I [CT]    : CONSTELLATION:MATCHING: [BruteMatching] Pre-computed 105 model pairs.
07-11 12:03:25.512  2075  2075 D [SEO] BaseOverlayService: screenStateReceiver Received broadcast: android.intent.action.SCREEN_ON
07-11 12:03:25.514   736  5327 W QCameraDriver: control_dqbuf timed out while polling.
07-11 12:03:25.514   736  5327 E libqcamerahal: cam 0: failed to dequeue frame
07-11 12:03:25.515   855   995 I [CT]    : boltlib: Loaded model and parameters
07-11 12:03:25.515  1253  5305 W TimeWarpClient: firstDisplayVsync for client 5 (isPrimary=0) FrameIndex = 10746 is outrageously early 27112, base 31, flushing
07-11 12:03:25.516   736  5328 W QCameraDriver: control_dqbuf timed out while polling.
07-11 12:03:25.516   736  5328 E libqcamerahal: cam 1: failed to dequeue frame
07-11 12:03:25.518  1253  2754 I UnifiedTelemetryWrapper: Started UT session render:com.oculus.vrshell:Overlay
07-11 12:03:25.518  1253  2027 I ServiceInputManager: InhibitHandleHomeKey has changed on the service. New value: 1
07-11 12:03:25.518  1253  2027 I ServiceInputManager: OSSDKTRACKING InputState has changed
07-11 12:03:25.518  1253  2027 I ServiceInputManager: OSSDKTRACKING 0 found one 4000
07-11 12:03:25.518  1253  2027 I ServiceInputManager: OSSDKTRACKING model is a supported remote, adding to list
07-11 12:03:25.518  1253  2027 I ServiceInputManager: OSSDKTRACKING 1 found one 4000
07-11 12:03:25.518  1253  2027 I ServiceInputManager: OSSDKTRACKING model is a supported remote, adding to list
07-11 12:03:25.518  1253  2027 I ServiceInputManager: OSSDKTRACKING GetNewConnectedRemotesList, returned true. remotes 2
07-11 12:03:25.518  1253  2027 I ServiceInputManager: HANDTRACKING going to controller mode due to controller in hand flag detection
07-11 12:03:25.518  1253  2328 I ClientMgr: EnableRendering2: invalid clientWindow, testing uid/pid
07-11 12:03:25.518  1253  2328 I ClientMgr: EnableRendering2: matched uid: 10023 and pid: 2075 
07-11 12:03:25.518  1253  2328 I ClientMgr: EnableRendering2: Calling SetFocusedClient: 3200140755
07-11 12:03:25.519  2909  3018 I GuardianSystem: runtimeServiceSDKClient_.SuspendResumeEvent: 0
07-11 12:03:25.519  2909  3018 I GuardianPassthroughOnDemand: GuardianPassthroughOnDemand: Initialize DoubleTap callback after resume
07-11 12:03:25.519  2909  3018 I GuardianTelemetry: GuardianTelemetry: Start Guardian Telemetry
07-11 12:03:25.519  2909  3018 I GuardianTelemetry: OVR::Telemetry Guardian Stats thread started
07-11 12:03:25.519   855  5303 I [CT]    : CONSTELLATION:MATCHING: [BruteMatching] Pre-computed 51 model triangles.
07-11 12:03:25.519  2909  3018 I GuardianSystem: GuardianSystem: RESUMING operation. Seconds elapsed: 567.58
07-11 12:03:25.519  2909  3018 I GuardianSystem: 3dof_log: UpdateActiveTrackingMode: 0, 0
07-11 12:03:25.519  1941  2788 I VrApi   : OVR::Stats thread started
07-11 12:03:25.519  1941  2788 I XrRuntimeUtils: XrRuntimeUtils::BeginSession
07-11 12:03:25.519  1941  2788 I XrRuntimeSystem_Client: BeginSession
07-11 12:03:25.520  1941  2788 I OpenXR  : ------------ xrBeginSession [end] -----------
07-11 12:03:25.520  1606  3194 I [CT]    : MIXEDREALITY: MrFeatureStatus: Client status changed from Paused to Started.
07-11 12:03:25.520  1606  3194 I [CT]    : MIXEDREALITY: MrFeatureStatus: Target status Started, CurrentStatus: Paused
07-11 12:03:25.520  1606  3194 I [CT]    : MIXEDREALITY: MrFeatureStatus: Operation chain: Start
07-11 12:03:25.520  1606  3194 I [CT]    : MIXEDREALITY: MrFeatureStatus: Global status changed from Paused to Started.
07-11 12:03:25.520  1606  3194 I [CT]    : MIXEDREALITY: MrServiceController: Queuing command linked to operation Start for feature 0
07-11 12:03:25.520  1606  2988 I [CT]    : MIXEDREALITY: MrServiceController: Executing passthroughStart on model
07-11 12:03:25.520  1253  2027 I UnifiedTelemetryWrapper: Started UT session don
07-11 12:03:25.521  1606  2988 I [CT]    : MIXEDREALITY: MrServiceModel: passthroughStart()
07-11 12:03:25.521  1253  2027 I TimeWarpClientMgr: Enable client 0
07-11 12:03:25.521  1606  2988 I [CT]    : MIXEDREALITY: MrServiceModel: passthroughStart: Started Passthrough
07-11 12:03:25.521  1253  2027 I VrRuntimeServer: EnableCompositorClient client(0): layer placement(2147483643) flags(8) sm(0x77c9cd9160)
07-11 12:03:25.521  1253  2328 I ClientMgr: ClientMgr::SetFocusedClient: 2075:com.oculus.vrshell type 1
07-11 12:03:25.521  1253  2328 I ClientMgr: SetFocusedPackageName - packageName com.oculus.vrshell processName com.oculus.vrshell clientId 3200140755 clientPid 2075
07-11 12:03:25.521  1253  2328 I ClientMgr: ClientMgr::EnableRendering 2075:com.oculus.vrshell : type 1 comp-id 2: enable
07-11 12:03:25.521  1253  2328 I TimeWarpClientMgr: Enable client 2
07-11 12:03:25.521  1253  2328 I VrRuntimeServer: EnableCompositorClient client(2): layer placement(2147483647) flags(0) sm(0x78193f7010)
07-11 12:03:25.521  1253  2328 I CompositorVR: CheckDebuggerConnected: debugger 0
07-11 12:03:25.521  1253  2328 I VrRuntimeServer: SysProp debug mode is disabled on Server side
07-11 12:03:25.521   855  5303 I [CT]    : CONSTELLATION: L: ControllerStateBuffer: RESET
07-11 12:03:25.521   855  5303 I [CT]    : INPUT_TRACKING:Behavior:AtRest: [Right] reset
07-11 12:03:25.521   855  5303 I [CT]    : INPUT_TRACKING:Behavior:AtRest: [Left] reset
07-11 12:03:25.521   855  5303 I [CT]    : INPUT_TRACKING:Blackboard: reset
07-11 12:03:25.521   855  5303 I [CT]    : CONSTELLATION:TRACKING_ENGINE: Setting tracked object ID 15868001509803244733 LED on-time to 19 us.
07-11 12:03:25.521   855  5303 W TrackingService: Attempted to control leds, but gatekeeper is disabled. Skipping operation.
07-11 12:03:25.521  1941  2788 I [OAO] VrPlatformOpenXr: VrPlatformOpenXr::SetPropInhibitHandleHomeKey inhibit:1
07-11 12:03:25.521  1941  2788 I OpenXR_DeviceSettings: ------------ xrSetDeviceSettingBooleanFB -----------
07-11 12:03:25.521  1941  2788 I ClientInputSettings: SetInhibitHandleHomeKey = true for com.oculus.vrshell
07-11 12:03:25.521  1941  2788 I ClientInputInterface: SetInhibitHandleHomeKey 1 for process com.oculus.vrshell 1941
07-11 12:03:25.521  1941  2788 I [OAO] VrPlatformOpenXr: VrPlatformOpenXr::SetPropInhibitHandleHomeKey result = 0
07-11 12:03:25.521  1941  2788 I [OAO] Compositor: EnterVrMode with eye buffer: 1024x1024 : 2
07-11 12:03:25.521  1941  2788 I [OAO] AudioMixer: Enabling AudioPlayer.
07-11 12:03:25.521  1941  2788 I [OAO] AudioEngine: virtual void AudioLibrary::AudioEngine::EnablePlayer()
07-11 12:03:25.523  1253  5305 I Vsync   : Vsync 32:  2 x 13.93 ms (72.00 Hz, at 967.178)
07-11 12:03:25.523  1253  5305 I CompositorVR: Global CAC is disabled (0x0)
07-11 12:03:25.523   855  5303 E [CT]    : CONSTELLATION: L: Requesting reinitialization of 6DoF filter due to large time delta between current and last IMU sample: 963.295656s
07-11 12:03:25.523   855  5303 I [CT]    : CONSTELLATION:IMU_STATUS: dc36774d072f3cbd (L): [FusionTracked=0.000, OutputTracked=0.000, OutputValid=0.000] [AccelSat=0.000, GyroSat=0.000] 
07-11 12:03:25.523  1941  2788 D         : PlayerBase::PlayerBase()
07-11 12:03:25.523  1941  1941 D [OAO] BaseOverlayService: screenStateReceiver Received broadcast: android.intent.action.SCREEN_ON
07-11 12:03:25.523  1941  1941 D [OAO] ShellOverlayService: onScreenStateChanged: true
07-11 12:03:25.524  1941  1941 I [OAO] ShellOverlayServiceJNI: NativeSendOverlayCommand
07-11 12:03:25.524  1941  1941 I [OAO] ShellOverlayServiceJNI: NativeWake
07-11 12:03:25.524  1941  1941 I [OAO] ShellOverlayMain: WakeVrThread
07-11 12:03:25.524  1941  1941 I [OAO] ShellOverlayMain: WakeVrThread - notifying vr thread
07-11 12:03:25.524   855  5303 D TrackingService: [HANDTRACKING] Controller dc36774d072f3cbd in hand: Y, valid: Y
07-11 12:03:25.525  1941  5263 I InputDeviceManager: HANDTRACKING Pointer filter profile changed to: 0
07-11 12:03:25.525  1941  5263 I InputDeviceManager: HANDTRACKING Pointer filter profile changed to: 0
07-11 12:03:25.527  1941  2788 D         : TrackPlayerBase::TrackPlayerBase()
07-11 12:03:25.527  1941  2788 I libOpenSLES: Emulating old channel mask behavior (ignoring positional mask 0x3, using default mask 0x3 based on channel count of 2)
07-11 12:03:25.528  1034  1127 W EventHub: Unable to disable kernel key repeat for /dev/input/event4: Function not implemented
07-11 12:03:25.528  1034  1127 I EventHub: wakeMechanism=EPOLLWAKEUP, usingClockIoctl=true
07-11 12:03:25.528  1034  1127 I EventHub: New device: id=7, fd=212, path='/dev/input/event4', name='Device 0xDC36774D072F3CBD', classes=0x2001, configuration='/system/usr/idc/Vendor_2833_Product_0160.idc', keyLayout='/system/usr/keylayout/oculus-device.kl', keyCharacterMap='/system/usr/keychars/oculus-device.kcm', builtinKeyboard=false, 
07-11 12:03:25.528  1034  1127 I InputReader: Device added: id=7, name='Device 0xDC36774D072F3CBD', sources=0x65432102
07-11 12:03:25.528  1034  1126 W InputReader: Device has associated, but no associated display id.
07-11 12:03:25.529  1941  1941 I [OAO] ShellOverlayServiceJNI: NativePTKServiceNotifyDeviceConnectionChanged
07-11 12:03:25.529  1253  5305 W TimeWarpClient: firstDisplayVsync for client 5 (isPrimary=0) FrameIndex = 10746 is outrageously early 27112, base 32, flushing
07-11 12:03:25.531  1253  5305 I TimeWarpProgs: loaded binary layerProgram 0:0x800020087:0x0 in 1.0 ms
07-11 12:03:25.532  1253  5305 I TimeWarpProgs: loaded binary layerProgram 0:0x800030203:0x0 in 0.9 ms
07-11 12:03:25.533   720  3762 D audio_hw_primary: adev_get_parameters:vr_audio_mode_on
07-11 12:03:25.533   720  3762 I audio_hw_primary: getting vr mode to 0
07-11 12:03:25.533   720  3762 D audio_hw_primary: adev_get_parameters: exit: returns - vr_audio_mode_on=false
07-11 12:03:25.533   599  3754 I AudioPolicyManagerCustom: VR mode is 0, switch to primary output if request is for fast|raw
07-11 12:03:25.534   736  5236 I SyncBossInput: [info   ] [lcon ( left) dc36774dxxxxxxxx]: 2282363 [info   ] {THDG}: active_seek -> inactive_seek
07-11 12:03:25.535   599  3754 W AudioFlinger: createTrack_l(): mismatch between requested flags (00000104) and output flags (00000006)
07-11 12:03:25.535   599  3754 D AudioFlinger: Client defaulted notificationFrames to 192 for frameCount 384
07-11 12:03:25.537  1606  1606 I [CT]    : MIXEDREALITY: MrService: ScreenStateChanged: true
07-11 12:03:25.537  1606  1606 I [CT]    : MIXEDREALITY: MrService: onWakeup
07-11 12:03:25.539   599  3754 D AF::TrackHandle: OpPlayAudio: track:74 uid:10023 pkg:com.oculus.vrshell usage:1 not muted
07-11 12:03:25.541  2597  3236 I FitnessDataProvider: Received Request Insert FitnessData: 41.0.0.0
07-11 12:03:25.541   736  5329 W QCameraDriver: control_dqbuf timed out while polling.
07-11 12:03:25.541   736  5329 E libqcamerahal: cam 2: failed to dequeue frame
07-11 12:03:25.531  1545  1545 W nifiedtelemetry: type=1400 audit(0.0:76): avc: denied { search } for name="bms" dev="sysfs" ino=45341 scontext=u:r:system_app:s0 tcontext=u:object_r:sysfs_battery_supply:s0 tclass=dir permissive=0
07-11 12:03:25.543  1545  1545 E FuelGaugeCollector: could not read battery_cycle_count
07-11 12:03:25.543  1545  1545 E FuelGaugeCollector: java.io.IOException: Get battery metric file failed for fake_aggregate_cycle_count
07-11 12:03:25.543  1545  1545 E FuelGaugeCollector: 	at com.oculus.unifiedtelemetry.collectors.FuelGaugeCollector.A30(:136)
07-11 12:03:25.543  1545  1545 E FuelGaugeCollector: 	at com.oculus.unifiedtelemetry.collectors.CollectorsControl.A2x(:99)
07-11 12:03:25.543  1545  1545 E FuelGaugeCollector: 	at X.oS.onReceive(:164)
07-11 12:03:25.543  1545  1545 E FuelGaugeCollector: 	at android.app.LoadedApk$ReceiverDispatcher$Args.lambda$getRunnable$0$LoadedApk$ReceiverDispatcher$Args(LoadedApk.java:1556)
07-11 12:03:25.543  1545  1545 E FuelGaugeCollector: 	at android.app.-$$Lambda$LoadedApk$ReceiverDispatcher$Args$_BumDX2UKsnxLVrE6UJsJZkotuA.run(Unknown Source:2)
07-11 12:03:25.543  1545  1545 E FuelGaugeCollector: 	at android.os.Handler.handleCallback(Handler.java:886)
07-11 12:03:25.543  1545  1545 E FuelGaugeCollector: 	at android.os.Handler.dispatchMessage(Handler.java:102)
07-11 12:03:25.543  1545  1545 E FuelGaugeCollector: 	at android.os.Looper.loop(Looper.java:214)
07-11 12:03:25.543  1545  1545 E FuelGaugeCollector: 	at android.app.ActivityThread.main(ActivityThread.java:7400)
07-11 12:03:25.543  1545  1545 E FuelGaugeCollector: 	at java.lang.reflect.Method.invoke(Native Method)
07-11 12:03:25.543  1545  1545 E FuelGaugeCollector: 	at com.android.internal.os.RuntimeInit$MethodAndArgsCaller.run(RuntimeInit.java:492)
07-11 12:03:25.543  1545  1545 E FuelGaugeCollector: 	at com.android.internal.os.ZygoteInit.main(ZygoteInit.java:936)
07-11 12:03:25.543   736  5330 W QCameraDriver: control_dqbuf timed out while polling.
07-11 12:03:25.543   736  5330 E libqcamerahal: cam 3: failed to dequeue frame
07-11 12:03:25.543  1253  5305 W TimeWarpClient: firstDisplayVsync for client 5 (isPrimary=0) FrameIndex = 10746 is outrageously early 27112, base 33, flushing
07-11 12:03:25.543  1941  2788 I AudioTrack: createTrack_l(0): AUDIO_OUTPUT_FLAG_FAST successful; frameCount 0 -> 384
07-11 12:03:25.544  1253  2328 I UnifiedTelemetryWrapper: Started UT session render:com.oculus.vrshell
07-11 12:03:25.544  1253  2027 I ServiceInputManager: HANDTRACKING setting hand tracking on settings manager to 0
07-11 12:03:25.545  2075  2329 I VrApi   : OVR::Stats thread started
07-11 12:03:25.545  2075  2329 I XrRuntimeUtils: XrRuntimeUtils::BeginSession
07-11 12:03:25.545  2075  2329 I XrRuntimeSystem_Client: BeginSession
07-11 12:03:25.545  2075  2329 I OpenXR  : ------------ xrBeginSession [end] -----------
07-11 12:03:25.545  1606  3049 I [CT]    : MIXEDREALITY: MrFeatureStatus: Client status changed from Paused to Started.
07-11 12:03:25.545  1606  3049 I [CT]    : MIXEDREALITY: MrFeatureStatus: Target status Started, CurrentStatus: Started
07-11 12:03:25.545  2075  2329 I [SEO] VrPlatformOpenXr: VrPlatformOpenXr::SetPropInhibitHandleHomeKey inhibit:1
07-11 12:03:25.545  2075  2329 I OpenXR_DeviceSettings: ------------ xrSetDeviceSettingBooleanFB -----------
07-11 12:03:25.545  2075  2329 I ClientInputSettings: SetInhibitHandleHomeKey = true for com.oculus.vrshell
07-11 12:03:25.545  2075  2329 I ClientInputInterface: SetInhibitHandleHomeKey 1 for process com.oculus.vrshell 2075
07-11 12:03:25.545  2075  2329 I [SEO] VrPlatformOpenXr: VrPlatformOpenXr::SetPropInhibitHandleHomeKey result = 0
07-11 12:03:25.545  2075  2329 I [SEO] Compositor: EnterVrMode with eye buffer: 1216x1344 : 3
07-11 12:03:25.545  2075  2329 I [SEO] AudioMixer: Enabling AudioPlayer.
07-11 12:03:25.545  2075  2329 I [SEO] AudioEngine: virtual void AudioLibrary::AudioEngine::EnablePlayer()
07-11 12:03:25.546  2075  2329 D         : PlayerBase::PlayerBase()
07-11 12:03:25.547  2075  2329 D         : TrackPlayerBase::TrackPlayerBase()
07-11 12:03:25.547  2075  2329 I libOpenSLES: Emulating old channel mask behavior (ignoring positional mask 0x3, using default mask 0x3 based on channel count of 2)
07-11 12:03:25.547   736  5327 W QCameraDriver: control_dqbuf timed out while polling.
07-11 12:03:25.547   736  5327 E libqcamerahal: cam 0: failed to dequeue frame
07-11 12:03:25.548   855   995 I [CT]    : boltlib: Initialized model detection_dc1_bs343_int8_v2.2 with 0 HTA subgraph(s)
07-11 12:03:25.548   855   995 D /system/bin/trackingservice: src/rpcmem_android.c:256::info: calling: mfree
07-11 12:03:25.548   855   995 D /system/bin/trackingservice: src/rpcmem_android.c:256::info: passed: mfree
07-11 12:03:25.549   855   995 I [CT]    : NIMBLE:HTEngine: loadDetectionNetwork() Ended in 57.84229099992899 ms
07-11 12:03:25.549   855   995 I [CT]    : NIMBLE:HTEngine: loadJLPNetwork() Started
07-11 12:03:25.548  1292  1292 V AvrcpMediaPlayerList: onPlaybackConfigChanged(): Configs list size=6
07-11 12:03:25.549   855   995 I [CT]    : NIMBLE:HTEngine: [Prepare] Loading JLP network from: /system/etc/handtracking/runtime/quest/release/release_jlp
07-11 12:03:25.549   855   995 D /system/bin/trackingservice: src/rpcmem_android.c:172::info: calling: NULL != (m = malloc(sizeof(*m)))
07-11 12:03:25.549   855   995 D /system/bin/trackingservice: src/rpcmem_android.c:172::info: passed: NULL != (m = malloc(sizeof(*m)))
07-11 12:03:25.549   855   995 D /system/bin/trackingservice: src/rpcmem_android.c:193::info: calling: !(rpc_flags & RPCMEM_HEAP_UNCACHED)
07-11 12:03:25.581   736   736 W HwBinder:736_2: type=1400 audit(0.0:77): avc: denied { getattr } for path="/proc/849" dev="proc" ino=22202 scontext=u:r:hal_oculus_sensors:s0 tcontext=u:r:mrsystemservice:s0 tclass=dir permissive=0
07-11 12:03:25.549   855   995 D /system/bin/trackingservice: src/rpcmem_android.c:193::info: passed: !(rpc_flags & RPCMEM_HEAP_UNCACHED)
07-11 12:03:25.549   855   995 D /system/bin/trackingservice: src/rpcmem_android.c:429:ION version is legacy
07-11 12:03:25.549   855   995 D /system/bin/trackingservice: src/rpcmem_android.c:377::info: calling: 0 < rpcmem_ionfd
07-11 12:03:25.549   855   995 D /system/bin/trackingservice: src/rpcmem_android.c:377::info: passed: 0 < rpcmem_ionfd
07-11 12:03:25.549   855   995 D /system/bin/trackingservice: src/rpcmem_android.c:399:alloc data 0x0x77e22b5080, heap mask 0x2000000, flags 0x0
07-11 12:03:25.549   855   995 D /system/bin/trackingservice: src/rpcmem_android.c:400::info: calling: ioctl(rpcmem_ionfd, ION_IOC_ALLOC_KK, &alloc) >= 0
07-11 12:03:25.549   855   995 D /system/bin/trackingservice: src/rpcmem_android.c:400::info: passed: ioctl(rpcmem_ionfd, ION_IOC_ALLOC_KK, &alloc) >= 0
07-11 12:03:25.549   855   995 D /system/bin/trackingservice: src/rpcmem_android.c:402:mmap data 0x0x77e22b5080
07-11 12:03:25.549   855   995 D /system/bin/trackingservice: src/rpcmem_android.c:403::info: calling: 0 <= ioctl(rpcmem_ionfd, ION_IOC_MAP, &m->data)
07-11 12:03:25.549   855   995 D /system/bin/trackingservice: src/rpcmem_android.c:403::info: passed: 0 <= ioctl(rpcmem_ionfd, ION_IOC_MAP, &m->data)
07-11 12:03:25.549   855   995 D /system/bin/trackingservice: src/rpcmem_android.c:412::info: calling: MAP_FAILED != (m->paddr = (void *)mmap(NULL, alloc.len, PROT_READ|PROT_WRITE, MAP_SHARED, m->data.fd, 0))
07-11 12:03:25.549   855   995 D /system/bin/trackingservice: src/rpcmem_android.c:412::info: passed: MAP_FAILED != (m->paddr = (void *)mmap(NULL, alloc.len, PROT_READ|PROT_WRITE, MAP_SHARED, m->data.fd, 0))
07-11 12:03:25.549   855   995 D /system/bin/trackingservice: src/rpcmem_android.c:215:rpcmem register buf: heap mask: 0x2000000
07-11 12:03:25.549   736  5328 W QCameraDriver: control_dqbuf timed out while polling.
07-11 12:03:25.549   736  5328 E libqcamerahal: cam 1: failed to dequeue frame
07-11 12:03:25.551   720  3762 D audio_hw_primary: adev_get_parameters:vr_audio_mode_on
07-11 12:03:25.551   720  3762 I audio_hw_primary: getting vr mode to 0
07-11 12:03:25.551   720  3762 D audio_hw_primary: adev_get_parameters: exit: returns - vr_audio_mode_on=false
07-11 12:03:25.552   599  1170 I AudioPolicyManagerCustom: VR mode is 0, switch to primary output if request is for fast|raw
07-11 12:03:25.554  1253  2933 I ClientMgr: ClientMgr::EnableRendering 1975:com.oculus.shellenv : type 0 comp-id 1: enable
07-11 12:03:25.554  1253  2933 I CompositorVR: CheckDebuggerConnected: debugger 0
07-11 12:03:25.554  1253  2933 I VrRuntimeServer: SysProp debug mode is disabled on Server side
07-11 12:03:25.554  1253  1272 I ClockLimits: ClockLimitsSettingsCallback: khandTrackingEnabled updated to 0
07-11 12:03:25.555   847   947 D CameraMuxModeService: Switching active CameraMuxMode from 'HandTracking' to 'default'
07-11 12:03:25.556  1253  1273 I InputSettingsObserverCallback: InputSettingsObserverCallback: hand_tracking_enabled changed to: 0
07-11 12:03:25.557  1253  5305 W TimeWarpClient: firstDisplayVsync for client 5 (isPrimary=0) FrameIndex = 10746 is outrageously early 27112, base 34, flushing
07-11 12:03:25.558  1253  2933 I UnifiedTelemetryWrapper: Started UT session render:com.oculus.shellenv
07-11 12:03:25.559  2909  3018 I GuardianSystem: Ending pause
07-11 12:03:25.560  1253  3013 I VrRuntimeService: RuntimeServiceSDKServer::SetGuardianPolygon: 3470851528, 416
07-11 12:03:25.560  1253  3013 I VrRuntimeServer: SetGuardianPolygon: 416
07-11 12:03:25.560  2909  3018 I GuardianRender: Resume: GuardianRender resuming.
07-11 12:03:25.560  1606  3395 I [CT]    : MIXEDREALITY: MrClientModelStates: setLayerPaused false layer -1 for client 3470851528.
07-11 12:03:25.560  1606  3395 I [CT]    : MIXEDREALITY: MrSvc: PassthroughLayer: setPaused: Layer -1 is being paused false
07-11 12:03:25.560  2909  3018 I GuardianRender: Resume: Passthrough layer resumed
07-11 12:03:25.560  2909  3018 I GuardianRender: Resume: GuardianRender updating thread states.
07-11 12:03:25.560  2909  3018 I GuardianRender: Resume: GuardianRender resume complete.
07-11 12:03:25.560  2909  3018 I OpenXR  : xrCreateReferenceSpace: Spaces info
07-11 12:03:25.560  2909  3018 I OpenXR  : xrCreateReferenceSpace: Local version=21
07-11 12:03:25.560  2909  3018 I OpenXR  : xrCreateReferenceSpace: RawFromLocal       = (0.000, 0.591, 0.000, 0.807), (-0.26, 0.07, -0.59)
07-11 12:03:25.560  2909  3018 I OpenXR  : xrCreateReferenceSpace: RawFromLocalTilted = (0.018, 0.591, 0.011, 0.806), (-0.26, 0.07, -0.59)
07-11 12:03:25.560  2909  3018 I OpenXR  : xrCreateReferenceSpace: Stage IsValid=true
07-11 12:03:25.560  2909  3018 I OpenXR  : xrCreateReferenceSpace: Stage HasActiveGuardian=true
07-11 12:03:25.560  2909  3018 I OpenXR  : xrCreateReferenceSpace: Stage Width=2.829516, Depth=2.994890
07-11 12:03:25.560  2909  3018 I OpenXR  : xrCreateReferenceSpace: RawFromStage       = (0.000, 0.448, 0.000, 0.894), (0.24, -0.29, -0.30)
07-11 12:03:25.560  2909  3018 I GuardianInput: GuardianInput::Resume ... intializing session bound objects.
07-11 12:03:25.560  2909  3018 I OpenXR_Actions: ------------ xrCreateActionSpace -----------
07-11 12:03:25.560  2909  3018 I OpenXR_Actions: ------------ xrCreateActionSpace -----------
07-11 12:03:25.560  2909  3018 I OpenXR_Hands: ------------ xrCreateHandTrackerEXT -----------
07-11 12:03:25.560  2909  3018 I OpenXR_Hands: ------------ xrCreateHandTrackerEXT -----------
07-11 12:03:25.561  2909  3018 W GuardianOpenXrMgr: @@@ wait frame retry=10 dtWait=0.000001 dtFrame=567.633532 submittedFrameIndex=-1
07-11 12:03:25.561  1941  5338 D VrApi   : targetSDKVersion 29
07-11 12:03:25.561  1975  2081 I ScreenCaptureHelper: Advertising com.oculus.shellenv as streamable
07-11 12:03:25.561  1975  2081 I VrApi   : OVR::Stats thread started
07-11 12:03:25.561  1975  2081 I XrRuntimeUtils: XrRuntimeUtils::BeginSession
07-11 12:03:25.561  1975  2081 I XrRuntimeSystem_Client: BeginSession
07-11 12:03:25.561  2700  2700 W VRLifecycleManager: onVRSessionStarted
07-11 12:03:25.561  1975  2081 I OpenXR  : ------------ xrBeginSession [end] -----------
07-11 12:03:25.561  1975  2081 I Clay    : Setting CPU/GPU levels= 25/75
07-11 12:03:25.562  1975  2081 I VrRuntimeClient: UpdateEvents: HMT was mounted
07-11 12:03:25.562  1975  2081 I VrRuntimeClient: Client has lost focus.
07-11 12:03:25.562  1975  2081 I Clay    : xrPollEvent: MOUNT_STATE_CHANGED_FB: isMounted 1
07-11 12:03:25.562   736   942 I MontereyCameraProvider: Switching channel from HAND to CONTROLLER
07-11 12:03:25.563  1941  5338 I JniUtils: ovr_GetCurrentPackageSignature 
07-11 12:03:25.563  2075  5342 D VrApi   : targetSDKVersion 29
07-11 12:03:25.564  2075  5342 I JniUtils: ovr_GetCurrentPackageSignature 
07-11 12:03:25.565  2075  5342 I Metrics : device name = Oculus Quest
07-11 12:03:25.565   736  5327 W SensorService: frameset capture timestamp out of spec by -962305.41 ms. FrameType=HEADSET, observed=962338739000 expected=a33333000. FrameSyncPeriod is: 33.33 ms
07-11 12:03:25.566  2909  3018 I StateMachine: StateMachine::Update TrackingLost: lost -> Lost
07-11 12:03:25.566  2909  3018 I [CT]    : GuardianMapDataMgr: CheckRelocalizationStatus: Relocalization started
07-11 12:03:25.566  2909  3018 I GuardianSystem: Memory pressure changed to None
07-11 12:03:25.566  1941  5338 I Metrics : device name = Oculus Quest
07-11 12:03:25.566  1253  3013 I VrRuntimeService: RuntimeServiceSDKServer::SetGuardianSystemState: 3470851528
07-11 12:03:25.566  2909  3018 I GuardianSystem: UpdateGuardianSystemState: Flags changed: 1646600, 1593352, SYSTEM_ROOM_SCALE_ACTIVE,SYSTEM_GUARDIAN_VISIBLE,SYSTEM_HANDTRACKING_MODE,SYSTEM_GUARDIAN_VALID,SYSTEM_PLAYSPACE_SCAN_WARNING to SYSTEM_ROOM_SCALE_ACTIVE,SYSTEM_RELOCALIZING,SYSTEM_TRACKING_LOST,SYSTEM_GUARDIAN_VALID,SYSTEM_PLAYSPACE_SCAN_WARNING
07-11 12:03:25.566  2909  3018 I GuardianSystem: UpdateSystem: Responding to local space version number change.
07-11 12:03:25.567  2909  3398 I GuardianWall: BuildFromPoints: Original: 416, New: 127, Triangles: 3250
07-11 12:03:25.568   855  5331 I [CT]    : TIMESTAMPCHECKER: Received first Camera-IOHM capture timestamp: 962.338739000 [sec]
07-11 12:03:25.568   855  5331 W [CT]    : VIPER: [Throttled count=1] StateBuffer: Could not get velocity from buffer. Not currently tracking in 6dof.
07-11 12:03:25.569   736  5236 I SyncBossInput: [info   ] [lcon ( left) dc36774dxxxxxxxx]: 2701119 [info   ] {APP }: Connected
07-11 12:03:25.569  1253  2027 I ClientMgr: Non-overlay clients rendering status has changed: prev=20, curr=21, enabled=1
07-11 12:03:25.569  1253  2027 I ClientMgr: Primary Client is not valid.
07-11 12:03:25.569  1253  2027 I ClientMgr: Primary client determined to be the current enabled client -2009546179
07-11 12:03:25.569  1253  2027 I ClientMgr: ClientMgr::SetPrimaryCompositorClient: 1975:com.oculus.shellenv
07-11 12:03:25.569  1253  2027 W ClientMgr: ClientMgr::GetClientPermissionFlagsById: Client missing proper permissions: com.oculus.shellenv, 2
07-11 12:03:25.569  1253  2027 I TimeWarpClientMgr: Enable client 1
07-11 12:03:25.569  1253  2027 I VrRuntimeServer: EnableCompositorClient client(1): layer placement(0) flags(1) sm(0x781a2f8010)
07-11 12:03:25.570  1253  2027 I ClientMgr: SetPrimaryPackageName - packageName com.oculus.shellenv processName com.oculus.shellenv clientId 2285421117 clientPid 1975
07-11 12:03:25.570  1253  2027 I ServiceInputManager: ServiceInputManager::SetPrimaryPackageName 'com.oculus.shellenv' 'com.oculus.shellenv'  updated AnytimeUI processname 0
07-11 12:03:25.570  1253  2027 D VrRuntimeService: sendPrimaryPackageChangeBroadcast
07-11 12:03:25.570   855  5238 I [CT]    : boltlib: DSP utilization: 0.46 % (2625 / 572446 ms)
07-11 12:03:25.571  1253  1948 E TREX    : Plugin FitnessTrackerServerPlugin update: max = 0.033, actual = 0.062. Next plugin update is throttled.
07-11 12:03:25.571  1253  5305 W TimeWarpClient: firstDisplayVsync for client 5 (isPrimary=0) FrameIndex = 10746 is outrageously early 27112, base 35, flushing
07-11 12:03:25.572  1975  5348 I FenceChecker: FenceChecker::MainLoop - started
07-11 12:03:25.572   855  5255 I [CT]    : VegaTracker: Performing big search to recover from bad map tracking or new reloc.
07-11 12:03:25.573   849  3165 I [CT]    : MIXEDREALITY: PlayspaceScanComputeCapability: MrChangePSSGuardianData
07-11 12:03:25.573   849  3165 I [CT]    : MIXEDREALITY: IntrusionDetectionComputeCapability: MrChangeIDGuardianData
07-11 12:03:25.574  1253  2027 I AADT    : SetAADTLutDataX: 0
07-11 12:03:25.574  1253  2027 I AADT    : SetAADTLutDataY: 0
07-11 12:03:25.574  1253  2027 I ServiceInputManager: HANDTRACKING server setting handtracking enabled to DISABLED from 1 via 0
07-11 12:03:25.574  1253  2027 I ServiceInputManager: DEADRECKONING deadReckoning mode on ClientMgr from server is 0
07-11 12:03:25.574  1253  2027 I ServiceInputManager: HANDTRACKING STATE mismatched hand state Setting: 0 'Disabled',  controlCommand 1 'Enabled'
07-11 12:03:25.574  1253  2027 I PerformanceManager_V0: SetClockLevels: Apply pending clock request change: -1,-1 -> 2,3
07-11 12:03:25.574  2909  3398 I VrRuntimeClient: UpdateEvents: HMT was mounted
07-11 12:03:25.575  1975  2081 I Clay    : copresence: microphone state transition, unpaused
07-11 12:03:25.575  1975  2081 I Clay    : Local user with id 106348798779619 does NOT have a custom avatar
07-11 12:03:25.575  2075  2075 D [SEO] BaseOverlayService: screenStateReceiver Received broadcast: com.oculus.vrshell.intent.action.PRIMARY_PACKAGE_CHANGED
07-11 12:03:25.575  1975  2081 I OpenXR  : PostSessionStateChange: XR_SESSION_STATE_READY -> XR_SESSION_STATE_SYNCHRONIZED
07-11 12:03:25.576  1975  2081 I Clay    : xrPollEvent: SESSION_STATE_CHANGED: SYNCHRONIZED
07-11 12:03:25.576  1941  1941 D [OAO] BaseOverlayService: screenStateReceiver Received broadcast: com.oculus.vrshell.intent.action.PRIMARY_PACKAGE_CHANGED
07-11 12:03:25.576  1941  1941 I [OAO] ShellOverlayServiceJNI: NativeSendOverlayCommand
07-11 12:03:25.576  1941  1941 I [OAO] ShellOverlayServiceJNI: NativeWake
07-11 12:03:25.576  1941  1941 I [OAO] ShellOverlayMain: WakeVrThread
07-11 12:03:25.576  1941  1941 I [OAO] ShellOverlayMain: WakeVrThread - notifying vr thread
07-11 12:03:25.578  1975  5346 D VrApi   : targetSDKVersion 29
07-11 12:03:25.578  1975  5346 I JniUtils: ovr_GetCurrentPackageSignature 
07-11 12:03:25.579  2030  2059 W OVRLibrary: null cursor received for query content://com.oculus.ocms.library/apps/com.oculus.vrshell
07-11 12:03:25.579  1253  5305 I CompositorVR: SetSchedFifo( tid=2081, pol=3, pri=0 ) succeeded
07-11 12:03:25.580  1253  5305 I CompositorVR: SetSchedFifo( tid=5348, pol=3, pri=0 ) succeeded
07-11 12:03:25.580  1253  5305 I AADT    : SetAADTLutDataX. Thread. SizeX: 0
07-11 12:03:25.580  1253  5305 I AADT    : SetAADTLutDataY. Thread. SizeY: 0
07-11 12:03:25.580  1253  5305 I CompositorVR: Global CAC is enabled (0x1)
07-11 12:03:25.580  1975  5346 I Metrics : device name = Oculus Quest
07-11 12:03:25.579  1606  2988 I [CT]    : MIXEDREALITY: MrSvc: PassthroughPresentationLayerImpl: Deallocating framebuffers for layer -1.
07-11 12:03:25.582  1606  2988 I [CT]    : MIXEDREALITY: MrServiceView: Notifying onResume
07-11 12:03:25.582  1606  2988 I [CT]    : MIXEDREALITY: MrRuntimeImpl: onResume, for capability 0. Target device 0.
07-11 12:03:25.583   849  3165 I [CT]    : MIXEDREALITY: MrSystemServiceIPCServer: MrSystemServiceIPCServer::ChangeMrCapabilityStatus from 1670723570, request was 0/1
07-11 12:03:25.583   849  3165 I [CT]    : MIXEDREALITY: MrRuntimeCompute: onStart: Passthrough.
07-11 12:03:25.583   849  3165 I [CT]    : MR:Capability: Passthrough capability: start received from 1670723570
07-11 12:03:25.583   849  3165 I [CT]    : MIXEDREALITY: PassthroughComputeCapability: onStart: Instantiating Passthrough.
07-11 12:03:25.583   849  3165 I [CT]    : MIXEDREALITY: PassthroughMesh: PassthroughMesh: Initializing.
07-11 12:03:25.584   849  3165 I [CT]    : MIXEDREALITY: PassthroughMesh: PassthroughMesh: Initialized.
07-11 12:03:25.584   849  3165 I [CT]    : BOLTDEPTH: BoltDepthSystem: activateClient: client 0 is activated.
07-11 12:03:25.584   849  3165 I [CT]    : MIXEDREALITY: MrRuntimeCompute: onResume: Resuming Stereo Pipeline.
07-11 12:03:25.584   849  3165 I [CT]    : BOLTDEPTH: MotionVectorDisparityPipeline: onResume: No-op for MV disparity pipeline
07-11 12:03:25.584   849  3165 I [CT]    : MIXEDREALITY: MrRuntimeCompute: Refreshing online calibration.
07-11 12:03:25.584   849  3165 I [CT]    : MIXEDREALITY: ServiceLogic: sendMrEngine: Resume
07-11 12:03:25.585  2909  3018 I StateMachine: StateMachine::Update GuardianInitializationStateMachine: lostTrackingEvent -> TrackingLost_Black
07-11 12:03:25.585  2909  3018 I GuardianSystem: MountStateShouldPushBlack: Tracking changed to INVALID
07-11 12:03:25.585  2909  3018 D VrGuardianService: getSupportedVrFeatures for com.oculus.shellenv
07-11 12:03:25.586   736   942 E libosutils: failed to get real path of file /proc/849/cmdline, err: Permission denied
07-11 12:03:25.586  2909  3018 I GuardianSystem: runtimeServiceSDKClient_.ForceShowGuardianEvent
07-11 12:03:25.586  2909  3018 I GuardianSystem: ForceShowGuardian: false, 0.00
07-11 12:03:25.587  1253  5305 I TimeWarpProgs: loaded binary layerProgram 0:0x100800028086:0x0 in 1.1 ms
07-11 12:03:25.588  1253  5305 I TimeWarpProgs: loaded binary layerProgram 0:0x800030207:0x0 in 0.7 ms
07-11 12:03:25.588   855  5255 W [CT]    : F2F_TRACKER: Descriptor Matching | No active tracks available. Skipping matching!
07-11 12:03:25.588   855  5255 W [CT]    : F2F_TRACKER: Low ratio of valid tracks for available capacity (0/300=0.00<0.50). Verify corner detection and track creation!
07-11 12:03:25.588   855  5255 W [CT]    : VegaTrackTracker: Frame-to-frame tracker returned 0 track measurements
07-11 12:03:25.588   855  5255 I [CT]    : VIPER:VIO: VIO refused to initialize: VIO did not try to initialize, most likely because not enough frames have been added.
07-11 12:03:25.589   720  3762 D msm8974_platform: platform_split_snd_device: snd_device(2) num devices(1) new_snd_devices(0)
07-11 12:03:25.589   736   942 I FrameSetDispatcher: [HEADSET] Client thread started
07-11 12:03:25.590   736   942 I CameraClientManager: [HEADSET] Added client - started clients: 2
07-11 12:03:25.590   855  5255 I [CT]    : VEGA:PERCEPTUAL_HM: Forcing PerceptualTrackingStatus to Orientation because we're initializing.
07-11 12:03:25.590   855  5331 I [CT]    : VIPER: Added frame to tracking init, queue size is 1 of max 1 and we are not initialized.
07-11 12:03:25.590  1606  2988 I [CT]    : MIXEDREALITY: MrRuntimeImpl: setSessionInitTime: Session initialization timer was set to 967.245204004 ns.
07-11 12:03:25.590  1606  2988 I [CT]    : MIXEDREALITY: MrRuntimeImpl: setSessionInitTime: Reset session duration timer after 673.413178753 seconds.
07-11 12:03:25.590  1606  2988 I [CT]    : MIXEDREALITY: MrRuntimeImpl: onResume, for capability 1. Target device 0.
07-11 12:03:25.590   849  3165 I [CT]    : MIXEDREALITY: MrSystemServiceIPCServer: MrSystemServiceIPCServer::ChangeMrCapabilityStatus from 1670723570, request was 1/1
07-11 12:03:25.590   849  3165 I [CT]    : MIXEDREALITY: MrRuntimeCompute: onStart: Playspace.
07-11 12:03:25.590   849  3165 I [CT]    : MR:Capability: Playspace capability: start received from 1670723570
07-11 12:03:25.591   736  5236 I SyncBossHAL: [info   ] syncboss_hal_input_controller.c(197): Controller adf26074xxxxxxxx battery level changed: 0% -> 10%
07-11 12:03:25.591   849  3165 I [CT]    : MIXEDREALITY: PlayspaceScan: PlayspaceScan: instantiating the class for device 0.
07-11 12:03:25.591   849  3165 I [CT]    : BOLTDEPTH: BoltDepthSystem: activateClient: client 1 is activated.
07-11 12:03:25.591   855  5331 W [CT]    : VIPER: Mode=Vega,Status=3DoF,INITIALIZING,KF=-1,Inl=-1,Pts=-1,Mem=58.0,Jit=0.0mm,Issues(Cam/min=0.0,IMU/min=0.1),Exp=(0.9ms,g=1.0,I=66,Ir=72636.4)(3.8ms,g=1.0,I=75,Ir=19927.1)(0.9ms,g=1.0,I=82,Ir=90526.6)(0.9ms,g=1.0,I=75,Ir=88232.3)
07-11 12:03:25.595   736  5235 D SensorService: stateChangeNotifierFunc(): Reporting controller info. Change token: 9, paired=2 connected=2
07-11 12:03:25.595   855  5245 D OVRRemoteService: processStateChange([PairedControllerInfo LCON adf260742d57ae23 connected mcnt=0])
07-11 12:03:25.595   855  5245 D OVRRemoteService: processStateChange([PairedControllerInfo LCON dc36774d072f3cbd connected mcnt=0])
07-11 12:03:25.617   736  5236 I SyncBossInput: [info   ] [lcon ( left) dc36774dxxxxxxxx]: 2701120 [info   ] {THDG}: inactive_seek -> active_connected
07-11 12:03:25.649   855   995 I TrackingService: [           hand] STANDBY -> RUNNING transition time: 163 ms
07-11 12:03:25.653   736   942 I FrameSetDispatcher: [HEADSET] Client thread started
07-11 12:03:25.654   736   942 I CameraClientManager: [HEADSET] Added client - started clients: 3
07-11 12:03:25.654   855   995 I TrackingService: [         object] STANDBY -> RUNNING transition time: 4 ms
07-11 12:03:25.654   855   995 I TrackingService: [     controller] STANDBY -> RUNNING transition time: 0 ms
07-11 12:03:25.658   855   995 I TrackingService: Setting initial exposure: 0.005000, initial gain: 3.000000
07-11 12:03:25.669   736   940 I FrameSetDispatcher: [HEADSET] Client thread started
07-11 12:03:25.669   736   940 E FrameSetDispatcher: [HEADSET] Frame Count Requirement violated: number of streaming clients: 4, maximum number of FrameSets: 4
07-11 12:03:25.669   736   940 I CameraClientManager: [HEADSET] Added client - started clients: 4
07-11 12:03:25.669   855   995 I TrackingService: [ExposureControl] STANDBY -> RUNNING transition time: 15 ms
07-11 12:03:25.669   855  3694 D TrackingService: setPowerState: RUNNING
07-11 12:03:25.673   736   942 I FrameSetDispatcher: [CONTROLLER] Client thread started
07-11 12:03:25.674   736   942 I CameraClientManager: [CONTROLLER] Added client - started clients: 1
07-11 12:03:25.674   855   995 I TrackingService: ConstellationTrackingGlue: setEnableExtendedDeadreckoning to false
07-11 12:03:25.680  2075  2329 I [SEO] PanelAppHost: Passing env var _oc_shell_panel_id = 20
07-11 12:03:25.680  2075  2329 I [SEO] PanelAppHost: Calling sendPanelLaunchIntent for panel app 20 (com.oculus.systemux/com.oculus.panelapp.anytimeui.AnytimeUIAndroidPanelService)
07-11 12:03:25.680  2075  2329 D [SEO] ShellApplication: sendApkPanelLaunchIntent: packageName=com.oculus.systemux, serviceClassName=com.oculus.panelapp.anytimeui.AnytimeUIAndroidPanelService
07-11 12:03:25.681  1253  2027 I OSHandDataQuerier: OSSDKTRACKING HANDTRACKING HANDS DISABLED
07-11 12:03:25.681  1253  2027 I ServiceInputManager: HANDTRACKING Control Data last: 1 new: 2
07-11 12:03:25.681  1253  2027 I ServiceInputManager: HANDTRACKING Tracking Service reports hands DISABLED
07-11 12:03:25.681  1253  2027 I ServiceInputManager: HANDTRACKING STATE hand state has re-aligned after 0.106699:  Setting: 0 'Disabled',  controlCommand 2 'Disabled'
07-11 12:03:25.681  1253  2027 I ServiceInputManager: HANDTRACKING: Switching to Tracked Remotes only   TRACKED REMOTES
07-11 12:03:25.681  2075  2329 D [SEO] PanelServiceConnection: getSystemProcessUidForCurrentUser: 'android' systemUid = 1000
07-11 12:03:25.681  2075  2329 D [SEO] ShellApplication: bindService Intent { cmp=com.oculus.systemux/com.oculus.panelapp.anytimeui.AnytimeUIAndroidPanelService }
07-11 12:03:25.683  2075  2075 D [SEO] PanelServiceConnection: onSeviceConnected - component name (ComponentInfo{com.oculus.systemux/com.oculus.panelapp.anytimeui.AnytimeUIAndroidPanelService}), panel app id (20)
07-11 12:03:25.683  2075  2075 D [SEO] ShellApplication: notify OS to set com.oculus.systemux/com.oculus.panelapp.anytimeui.AnytimeUIAndroidPanelService to FOREGROUND
07-11 12:03:25.683  2075  2329 D [SEO] ShellApplication: notify OS to set com.oculus.systemux/com.oculus.panelapp.anytimeui.AnytimeUIAndroidPanelService to FOREGROUND
