06-24 15:17:48.916   717  1226 I [CT]    : VIPER: AreaSearch 1 after new Submap. Matched 184. Stats: 0 177 0 0 0 0 7 0 0 0 0 0 0 0 0 0 0 0 ).
06-24 15:17:48.916   717  1226 I [CT]    : VIPER: Searched with 3d-2d (submap id: 1,0): 184 queries.
06-24 15:17:48.916   717  1226 I [CT]    : VIPER: No validation due to too few inliers: num_inliers: 0 < 10
06-24 15:17:48.916   717  1226 I [CT]    : VIPER:LOCALIZER: Validation failed.
06-24 15:17:49.181   717  1213 I [CT]    : boltlib: DSP utilization(%): 12
06-24 15:17:49.429  2129  3415 I VrApi   : FPS=72/72,Prd=41ms,Tear=0,Early=73,Stale=0,VSnc=1,Lat=1,Fov=0,CPU4/GPU=2/4,1651/670MHz,OC=FF,TA=0/E0/0,SP=N/F/N,Mem=1804MHz,Free=2204MB,PLS=0,Temp=30.0C/0.0C,TW=3.33ms,App=0.00ms,GD=0.37ms,CPU&GPU=4.48ms,LCnt=2,GPU%=0.33,CPU%=0.10(W0.15),DSF=1.00
06-24 15:17:49.523   717  1814 W [CT]    : CONSTELLATION: No tracked objects initialized!!
06-24 15:17:49.634  2292  2292 D [SUI] SocialViewModel: refresPartyData()
06-24 15:17:50.431  2129  3415 I VrApi   : FPS=73/72,Prd=41ms,Tear=0,Early=72,Stale=0,VSnc=1,Lat=1,Fov=0,CPU4/GPU=2/4,1651/670MHz,OC=FF,TA=0/E0/0,SP=N/F/N,Mem=1804MHz,Free=2204MB,PLS=0,Temp=30.0C/0.0C,TW=3.33ms,App=0.00ms,GD=0.37ms,CPU&GPU=4.60ms,LCnt=2,GPU%=0.33,CPU%=0.07(W0.11),DSF=1.00
06-24 15:17:50.556   717  1814 W [CT]    : CONSTELLATION: No tracked objects initialized!!
06-24 15:17:50.645   717  1226 I [CT]    : VIPER:LOCALIZER: Validating using a pose that is 0.09 [sec] seconds old.
06-24 15:17:50.647   717  1226 I [CT]    : VIPER: AreaSearch 2 after new Submap. Matched 200. Stats: 0 197 0 0 0 0 3 0 0 0 0 0 0 0 0 0 0 0 ).
06-24 15:17:50.647   717  1226 I [CT]    : VIPER: Searched with 3d-2d (submap id: 1,0): 200 queries.
06-24 15:17:50.647   717  1226 I [CT]    : VIPER: No validation due to too few inliers: num_inliers: 0 < 10
06-24 15:17:50.647   717  1226 I [CT]    : VIPER:LOCALIZER: Validation failed.
06-24 15:17:50.788  1548  2633 I [CT]    : MIXEDREALITY: MrServiceView: renderIteration: (every 10 seconds)
06-24 15:17:51.080   717  1226 I [CT]    : VIPER:LOCALIZER: Validating using a pose that is 0.09 [sec] seconds old.
06-24 15:17:51.085   717  1226 I [CT]    : VIPER: AreaSearch 3 after new Submap. Matched 200. Stats: 1 179 0 0 0 0 17 3 0 0 0 0 0 0 0 0 0 0 ).
06-24 15:17:51.085   717  1226 I [CT]    : VIPER: Searched with 3d-2d (submap id: 1,0): 200 queries.
06-24 15:17:51.085   717  1226 I [CT]    : VIPER: No validation due to too few inliers: num_inliers: 1 < 10
06-24 15:17:51.085   717  1226 I [CT]    : VIPER:LOCALIZER: Validation failed.
06-24 15:17:51.284   717  1815 I [CT]    : VIPER:MAP_MANAGER: State: TrackingTransient, UUID=31dfe14b-bb92-7513-79f6-fe369455238b, Num. Persistent maps = 3, Transient maps:31dfe14b-bb92-7513-79f6-fe369455238b, Persistent maps:98deaa98-39b9-2d43-5500-dda7ed2e661c,ee3dfe27-0280-0828-1403-4cef267baafe,fd5fd6b5-40e2-57ca-3cab-1b970890b65a,, Ser. Disabled = 00000000-0000-0000-0000-000000000000
06-24 15:17:51.284   717  1815 I [CT]    : HealthReport: Everything Passed =)
06-24 15:17:51.318   717  1815 I [CT]    : VIPER: Vega=false,Status=6DoF,VALIDATING,KF=8,Inl=65,Pts=73,Mem=49.3,Jit=0.0mm,Issues(Cam/min=0.0,IMU/min=0.0),Exp=(4.6ms,g=3.0,I=57)(5.9ms,g=7.0,I=74)(4.6ms,g=3.0,I=93)(3.7ms,g=3.0,I=75)
06-24 15:17:51.378   717  1226 I [CT]    : VIPER:LOCALIZER: Validating using a pose that is 0.13 [sec] seconds old.
06-24 15:17:51.380   717  1226 I [CT]    : VIPER: No validation due to too few inliers: num_inliers: 0 < 10
06-24 15:17:51.380   717  1226 I [CT]    : VIPER:LOCALIZER: Validation failed.
06-24 15:17:51.427  2129  3415 I VrApi   : FPS=72/72,Prd=41ms,Tear=0,Early=73,Stale=0,VSnc=1,Lat=1,Fov=0,CPU4/GPU=2/4,1651/670MHz,OC=FF,TA=0/E0/0,SP=N/F/N,Mem=1804MHz,Free=2204MB,PLS=0,Temp=30.0C/0.0C,TW=3.33ms,App=0.00ms,GD=0.34ms,CPU&GPU=4.85ms,LCnt=2,GPU%=0.32,CPU%=0.12(W0.19),DSF=1.00
06-24 15:17:51.557   717  1814 W [CT]    : CONSTELLATION: No tracked objects initialized!!
06-24 15:17:52.430  2129  3415 I VrApi   : FPS=72/72,Prd=41ms,Tear=0,Early=72,Stale=0,VSnc=1,Lat=1,Fov=0,CPU4/GPU=2/4,1651/670MHz,OC=FF,TA=0/E0/0,SP=N/F/N,Mem=1804MHz,Free=2204MB,PLS=0,Temp=30.0C/0.0C,TW=3.32ms,App=0.00ms,GD=0.37ms,CPU&GPU=4.88ms,LCnt=2,GPU%=0.33,CPU%=0.10(W0.20),DSF=1.00
06-24 15:17:52.512   717  1226 I [CT]    : VIPER:LOCALIZER: Validating using a pose that is 0.13 [sec] seconds old.
06-24 15:17:52.515   717  1226 I [CT]    : VIPER: No validation due to too few inliers: num_inliers: 0 < 10
06-24 15:17:52.515   717  1226 I [CT]    : VIPER:LOCALIZER: Validation failed.
06-24 15:17:52.590   717  1814 W [CT]    : CONSTELLATION: No tracked objects initialized!!
06-24 15:17:52.825  1439  4532 I OSUpdateService: Intent with action system_battery_changed
06-24 15:17:52.945   717  1226 I [CT]    : VIPER:LOCALIZER: Validating using a pose that is 0.09 [sec] seconds old.
06-24 15:17:52.947   717  1226 I [CT]    : VIPER: No validation due to too few inliers: num_inliers: 0 < 10
06-24 15:17:52.947   717  1226 I [CT]    : VIPER:LOCALIZER: Validation failed.
06-24 15:17:53.172  2186  2288 I [OAR] ShellFrameAnalytics: Shell Heartbeat focusedPanelTimeSpent: {"3":60000} visibleTimeSpent: {"3":60000} inputTimeSpent: {"controller":60000} mouseClickCount: 0 mouseMoveTimeSpent: 0 mouseScrollTimeSpent: 0 physicalKeyboardConnectedTimeSpent: 0 physicalKeyboardTrackedTimeSpent: 0
06-24 15:17:53.245   717  1226 I [CT]    : VIPER:LOCALIZER: Validating using a pose that is 0.06 [sec] seconds old.
06-24 15:17:53.246   717  1226 I [CT]    : VIPER: AreaSearch 0 after new Submap. Matched 8. Stats: 0 8 0 0 0 0 0 0 0 0 0 0 0 0 0 0 0 0 ).
06-24 15:17:53.246   717  1226 I [CT]    : VIPER: Searched with 3d-2d (submap id: 0,0): 8 queries.
06-24 15:17:53.246   717  1226 I [CT]    : VIPER: No validation due to too few inliers: num_inliers: 0 < 10
06-24 15:17:53.246   717  1226 I [CT]    : VIPER:LOCALIZER: Validation failed.
06-24 15:17:53.432  2129  3415 I VrApi   : FPS=72/72,Prd=41ms,Tear=0,Early=72,Stale=0,VSnc=1,Lat=1,Fov=0,CPU4/GPU=2/4,1651/670MHz,OC=FF,TA=0/E0/0,SP=N/F/N,Mem=1804MHz,Free=2203MB,PLS=0,Temp=30.0C/0.0C,TW=3.32ms,App=0.00ms,GD=0.37ms,CPU&GPU=4.59ms,LCnt=2,GPU%=0.33,CPU%=0.14(W0.23),DSF=1.00
06-24 15:17:53.445   717  1226 I [CT]    : VIPER:LOCALIZER: Validating using a pose that is 0.03 [sec] seconds old.
06-24 15:17:53.447   717  1226 I [CT]    : VIPER: AreaSearch 0 after new Submap. Matched 197. Stats: 0 197 0 0 0 0 0 0 0 0 0 0 0 0 0 0 0 0 ).
06-24 15:17:53.447   717  1226 I [CT]    : VIPER: Searched with 3d-2d (submap id: 3,0): 197 queries.
06-24 15:17:53.447   717  1226 I [CT]    : VIPER: No validation due to too few inliers: num_inliers: 0 < 10
06-24 15:17:53.447   717  1226 I [CT]    : VIPER:LOCALIZER: Validation failed.
06-24 15:17:53.554  2205  2471 I Telemetry: App memory usage: PSS=41MB DalvikPSS=1 MB
06-24 15:17:53.564  1953  1965 W LibraryProvider: Cannot find entitlement for com.oculus.shellenv
06-24 15:17:53.565  1701  2410 W OVRLibrary: null cursor received for query content://com.oculus.ocms.library/apps/com.oculus.shellenv
06-24 15:17:53.590   717  1814 W [CT]    : CONSTELLATION: No tracked objects initialized!!
06-24 15:17:53.691  1701  2410 E ExternalPlatformLocal: AppID found in Library does NOT match the appID in the bundle.
06-24 15:17:53.692  1701  2410 E ExternalPlatformLocal: AppID found in Library does NOT match the appID in the bundle.
06-24 15:17:53.693  1701  2287 E ACRA    : Handling exception for soft error
06-24 15:17:53.693  1701  2287 E ACRA    : X.0pp: ExternalPlatformLocal | AppID found in Library does NOT match the appID in the bundle.
06-24 15:17:53.693  1701  2287 E ACRA    : 	at X.0Jf.A8u(:362)
06-24 15:17:53.693  1701  2287 E ACRA    : 	at com.oculus.errorreporting.ErrorReporter.A02(:17)
06-24 15:17:53.693  1701  2287 E ACRA    : 	at com.oculus.horizon.service.ExternalPlatformLocal.getAppID(:86016)
06-24 15:17:53.693  1701  2287 E ACRA    : 	at com.oculus.horizon.service.ExternalPlatformNetwork.getAppScopedAccessToken(:32)
06-24 15:17:53.693  1701  2287 E ACRA    : 	at com.oculus.horizon.service.result.ResultBuilder.A00(:81487)
06-24 15:17:53.693  1701  2287 E ACRA    : 	at com.oculus.horizon.service.OVRService$3.getAppScopedAccessToken(:9)
06-24 15:17:53.693  1701  2287 E ACRA    : 	at com.oculus.aidl.OVRServiceInterface$Stub.onTransact(:113443)
06-24 15:17:53.693  1701  2287 E ACRA    : 	at android.os.Binder.execTransact(Binder.java:606)
06-24 15:17:53.703  1701  2410 E ExternalPlatformNetwork: could not get access token from the server
06-24 15:17:53.703  1701  2410 E AppScopedAccessTokenResultBuilder: ResultBuilder error has been set to: Unable to resolve host "graph.oculus.com": No address associated with hostname
06-24 15:17:53.703  1701  2410 E com.oculus.platform.util.Util: operation failed
06-24 15:17:53.705  2129  2228 I OVRPlatform: [RequestStopwatch] AccessTokenRequest took 167.4500 milliseconds
06-24 15:17:53.718  2129  2170 E Clay    : [S]: Oculus Platform SDK failed to get access token with error 'Unable to resolve host "graph.oculus.com": No address associated with hostname'
06-24 15:17:53.718  2129  2170 I Clay    : [I]: OculusPlatform: Error message received. id=601, type=0x06a85abe, code=1, debugText=Unable to resolve host "graph.oculus.com": No address associated with hostname
06-24 15:17:53.726  1953  2260 W LibraryProvider: Cannot find entitlement for com.oculus.shellenv
06-24 15:17:53.726  1701  4091 W OVRLibrary: null cursor received for query content://com.oculus.ocms.library/apps/com.oculus.shellenv
06-24 15:17:53.727  1701  4091 E OVRService: Unable to find AppId for package (com.oculus.shellenv)
06-24 15:17:53.727  1701  4091 E OVRService: com.oculus.horizon.service.ExternalPlatformLocal$PackageNotInLibraryException: Package com.oculus.shellenv not in users library
06-24 15:17:53.727  1701  4091 E OVRService: 	at com.oculus.horizon.service.ExternalPlatformLocal.getAppID(:86018)
06-24 15:17:53.727  1701  4091 E OVRService: 	at com.oculus.horizon.service.ExternalPlatformLocal.getAppID(:86080)
06-24 15:17:53.727  1701  4091 E OVRService: 	at com.oculus.horizon.service.OVRService$3.logToMarauder(:34)
06-24 15:17:53.727  1701  4091 E OVRService: 	at com.oculus.aidl.OVRServiceInterface$Stub.onTransact(:113431)
06-24 15:17:53.727  1701  4091 E OVRService: 	at android.os.Binder.execTransact(Binder.java:606)
06-24 15:17:53.811   717  1226 I [CT]    : VIPER:LOCALIZER: Validating using a pose that is 0.09 [sec] seconds old.
06-24 15:17:53.819   717  1226 I [CT]    : VIPER: AreaSearch 0 after new Submap. Matched 123. Stats: 0 106 0 0 0 0 16 1 0 0 0 0 0 0 0 0 0 0 ).
06-24 15:17:53.819   717  1226 I [CT]    : VIPER: Searched with 3d-2d (submap id: 1,0): 123 queries.
06-24 15:17:53.819   717  1226 I [CT]    : VIPER: No validation due to too few inliers: num_inliers: 0 < 10
06-24 15:17:53.819   717  1226 I [CT]    : VIPER:LOCALIZER: Validation failed.
06-24 15:17:54.063  2186  2288 I [OAR] PlatformBundle: Request BundleConfiguration
06-24 15:17:54.072  2186  3422 W [SEO] Transfer: onFailure: IOException: java.net.UnknownHostException: Unable to resolve host "graph.oculus.com": No address associated with hostname
06-24 15:17:54.079  2186  2288 I [OAR] PlatformBundle: BundleConfiguration fetch failed.
06-24 15:17:54.079  2186  2288 I [OAR] PlatformBundle: Checking cache for bundle configuration.
06-24 15:17:54.079  2186  2288 I [OAR] PlatformBundle: Bundle configuration available from cache.
06-24 15:17:54.079  2186  2288 I [OAR] PlatformBundle: BundleConfiguration is updated.
06-24 15:17:54.093  1701  1712 E ExternalPlatformNetwork: could not get access token from the server
06-24 15:17:54.094  1701  1712 E AppScopedAccessTokenResultBuilder: ResultBuilder error has been set to: Unable to resolve host "graph.oculus.com": No address associated with hostname
06-24 15:17:54.094  1701  1712 E com.oculus.platform.util.Util: operation failed
06-24 15:17:54.096  2186  2448 I OVRPlatform: [RequestStopwatch] AccessTokenRequest took 17.4900 milliseconds
06-24 15:17:54.106  2186  2288 W [OAR] OculusPlatformManager: Platform SDK Response Error: Request ID user-access-token with request ovrMessage_User_GetAccessToken, HTTP Error Code -1, SDK Error Code 1
06-24 15:17:54.106  2186  2288 W [OAR] OculusPlatformManager: ErrorMessage: Unable to resolve host "graph.oculus.com": No address associated with hostname
06-24 15:17:54.106  2186  2288 I [OAR] OculusPlatformManager: OnAccessTokenReceived: Failed to fetch token, retrying in 30s.
06-24 15:17:54.283   717  1815 I [CT]    : VIPER:MAP_MANAGER: State: TrackingTransient, UUID=31dfe14b-bb92-7513-79f6-fe369455238b, Num. Persistent maps = 3, Transient maps:31dfe14b-bb92-7513-79f6-fe369455238b, Persistent maps:98deaa98-39b9-2d43-5500-dda7ed2e661c,ee3dfe27-0280-0828-1403-4cef267baafe,fd5fd6b5-40e2-57ca-3cab-1b970890b65a,, Ser. Disabled = 00000000-0000-0000-0000-000000000000
06-24 15:17:54.318   717  1815 I [CT]    : VIPER: Vega=false,Status=6DoF,VALIDATING,KF=8,Inl=64,Pts=73,Mem=49.3,Jit=0.0mm,Issues(Cam/min=0.0,IMU/min=0.0),Exp=(4.6ms,g=3.0,I=57)(5.9ms,g=7.0,I=74)(4.6ms,g=3.0,I=93)(3.7ms,g=3.0,I=75)
06-24 15:17:54.345   717  1226 I [CT]    : VIPER:LOCALIZER: Validating using a pose that is 0.13 [sec] seconds old.
06-24 15:17:54.355   717  1226 I [CT]    : VIPER: AreaSearch 1 after new Submap. Matched 237. Stats: 2 106 0 0 2 4 113 3 5 0 0 0 0 0 2 0 0 0 ).
06-24 15:17:54.355   717  1226 I [CT]    : VIPER: Searched with 3d-2d (submap id: 1,0): 237 queries.
06-24 15:17:54.355   717  1226 I [CT]    : VIPER: No validation due to too few inliers: num_inliers: 2 < 10
06-24 15:17:54.355   717  1226 I [CT]    : VIPER:LOCALIZER: Validation failed.
06-24 15:17:54.403  1548  2651 I Telemetry: App memory usage: PSS=9MB DalvikPSS=1 MB
06-24 15:17:54.430  2129  3415 I VrApi   : FPS=73/72,Prd=40ms,Tear=0,Early=72,Stale=0,VSnc=1,Lat=1,Fov=0,CPU4/GPU=2/4,1651/670MHz,OC=FF,TA=0/E0/0,SP=N/F/N,Mem=1804MHz,Free=2200MB,PLS=0,Temp=30.0C/0.0C,TW=3.34ms,App=0.00ms,GD=0.38ms,CPU&GPU=5.01ms,LCnt=2,GPU%=0.33,CPU%=0.15(W0.23),DSF=1.00
06-24 15:17:54.522  2292  2292 D [SUI] SocialViewModel: refresPartyData()
06-24 15:17:54.623   717  1814 W [CT]    : CONSTELLATION: No tracked objects initialized!!
06-24 15:17:54.779   717  1226 I [CT]    : VIPER:LOCALIZER: Validating using a pose that is 0.09 [sec] seconds old.
06-24 15:17:54.781   717  1226 I [CT]    : VIPER: AreaSearch 2 after new Submap. Matched 187. Stats: 0 179 0 0 0 0 7 1 0 0 0 0 0 0 0 0 0 0 ).
06-24 15:17:54.781   717  1226 I [CT]    : VIPER: Searched with 3d-2d (submap id: 1,0): 187 queries.
06-24 15:17:54.781   717  1226 I [CT]    : VIPER: No validation due to too few inliers: num_inliers: 0 < 10
06-24 15:17:54.781   717  1226 I [CT]    : VIPER:LOCALIZER: Validation failed.
06-24 15:17:54.846   717  1226 I [CT]    : VIPER:LOCALIZER: Validating using a pose that is 0.03 [sec] seconds old.
06-24 15:17:54.847   717  1226 I [CT]    : VIPER: AreaSearch 0 after new Submap. Matched 181. Stats: 0 181 0 0 0 0 0 0 0 0 0 0 0 0 0 0 0 0 ).
06-24 15:17:54.847   717  1226 I [CT]    : VIPER: Searched with 3d-2d (submap id: 3,0): 181 queries.
06-24 15:17:54.847   717  1226 I [CT]    : VIPER: No validation due to too few inliers: num_inliers: 0 < 10
06-24 15:17:54.848   717  1226 I [CT]    : VIPER:LOCALIZER: Validation failed.
06-24 15:17:55.145   717  1226 I [CT]    : VIPER:LOCALIZER: Validating using a pose that is 0.06 [sec] seconds old.
06-24 15:17:55.146   717  1226 I [CT]    : VIPER: AreaSearch 1 after new Submap. Matched 23. Stats: 0 17 0 0 0 0 6 0 0 0 0 0 0 0 0 0 0 0 ).
06-24 15:17:55.146   717  1226 I [CT]    : VIPER: Searched with 3d-2d (submap id: 3,0): 23 queries.
06-24 15:17:55.146   717  1226 I [CT]    : VIPER: No validation due to too few inliers: num_inliers: 0 < 10
06-24 15:17:55.146   717  1226 I [CT]    : VIPER:LOCALIZER: Validation failed.
06-24 15:17:55.183   717  1213 I [CT]    : boltlib: DSP utilization(%): 12
06-24 15:17:55.278   717  1226 I [CT]    : VIPER:LOCALIZER: Validating using a pose that is 0.09 [sec] seconds old.
06-24 15:17:55.280   717  1226 I [CT]    : VIPER: AreaSearch 0 after new Submap. Matched 147. Stats: 0 140 0 0 0 0 6 1 0 0 0 0 0 0 0 0 0 0 ).
06-24 15:17:55.280   717  1226 I [CT]    : VIPER: Searched with 3d-2d (submap id: 1,0): 147 queries.
06-24 15:17:55.280   717  1226 I [CT]    : VIPER: No validation due to too few inliers: num_inliers: 0 < 10
06-24 15:17:55.280   717  1226 I [CT]    : VIPER:LOCALIZER: Validation failed.
06-24 15:17:55.555  2129  3415 I Telemetry: App memory usage: PSS=254MB DalvikPSS=1 MB
06-24 15:17:55.558  2129  3415 I VrApi   : FPS=73/72,Prd=40ms,Tear=0,Early=73,Stale=0,VSnc=1,Lat=1,Fov=0,CPU4/GPU=2/4,1651/670MHz,OC=FF,TA=0/E0/0,SP=N/F/N,Mem=1804MHz,Free=2200MB,PLS=0,Temp=30.0C/0.0C,TW=3.33ms,App=0.00ms,GD=0.35ms,CPU&GPU=5.72ms,LCnt=2,GPU%=0.33,CPU%=0.20(W0.25),DSF=1.00
06-24 15:17:55.612   717  1226 I [CT]    : VIPER:LOCALIZER: Validating using a pose that is 0.09 [sec] seconds old.
06-24 15:17:55.614   717  1226 I [CT]    : VIPER: AreaSearch 1 after new Submap. Matched 132. Stats: 0 124 0 0 0 0 8 0 0 0 0 0 0 0 0 0 0 0 ).
06-24 15:17:55.614   717  1226 I [CT]    : VIPER: Searched with 3d-2d (submap id: 1,0): 132 queries.
06-24 15:17:55.614   717  1226 I [CT]    : VIPER: No validation due to too few inliers: num_inliers: 0 < 10
06-24 15:17:55.614   717  1226 I [CT]    : VIPER:LOCALIZER: Validation failed.
06-24 15:17:55.623   717  1814 W [CT]    : CONSTELLATION: No tracked objects initialized!!
06-24 15:17:55.745   717  1226 I [CT]    : VIPER:LOCALIZER: Validating using a pose that is 0.09 [sec] seconds old.
06-24 15:17:55.747   717  1226 I [CT]    : VIPER: AreaSearch 2 after new Submap. Matched 94. Stats: 0 83 0 0 0 0 11 0 0 0 0 0 0 0 0 0 0 0 ).
06-24 15:17:55.747   717  1226 I [CT]    : VIPER: Searched with 3d-2d (submap id: 1,0): 94 queries.
06-24 15:17:55.747   717  1226 I [CT]    : VIPER: No validation due to too few inliers: num_inliers: 0 < 10
06-24 15:17:55.747   717  1226 I [CT]    : VIPER:LOCALIZER: Validation failed.
06-24 15:17:56.112   717  1226 I [CT]    : VIPER:LOCALIZER: Validating using a pose that is 0.03 [sec] seconds old.
06-24 15:17:56.113   717  1226 I [CT]    : VIPER: AreaSearch 0 after new Submap. Matched 181. Stats: 0 181 0 0 0 0 0 0 0 0 0 0 0 0 0 0 0 0 ).
06-24 15:17:56.113   717  1226 I [CT]    : VIPER: Searched with 3d-2d (submap id: 3,0): 181 queries.
06-24 15:17:56.113   717  1226 I [CT]    : VIPER: No validation due to too few inliers: num_inliers: 0 < 10
06-24 15:17:56.114   717  1226 I [CT]    : VIPER:LOCALIZER: Validation failed.
06-24 15:17:56.140   700  3519 W SoftVorbis: vorbis_dsp_synthesis returned -135
06-24 15:17:56.141   700  3519 W SoftVorbis: vorbis_dsp_synthesis returned -135
06-24 15:17:56.284   717  1815 I [CT]    : HealthReport: Everything Passed =)
06-24 15:17:56.432  2129  3415 I VrApi   : FPS=72/72,Prd=41ms,Tear=0,Early=72,Stale=0,VSnc=1,Lat=1,Fov=0,CPU4/GPU=2/4,1651/670MHz,OC=FF,TA=0/E0/0,SP=N/F/N,Mem=1804MHz,Free=2200MB,PLS=0,Temp=30.0C/0.0C,TW=3.32ms,App=0.00ms,GD=0.36ms,CPU&GPU=4.63ms,LCnt=2,GPU%=0.33,CPU%=0.11(W0.14),DSF=1.00
06-24 15:17:56.445   717  1226 I [CT]    : VIPER:LOCALIZER: Validating using a pose that is 0.09 [sec] seconds old.
06-24 15:17:56.447   717  1226 I [CT]    : VIPER: AreaSearch 0 after new Submap. Matched 188. Stats: 0 182 0 0 0 0 6 0 0 0 0 0 0 0 0 0 0 0 ).
06-24 15:17:56.447   717  1226 I [CT]    : VIPER: Searched with 3d-2d (submap id: 1,0): 188 queries.
06-24 15:17:56.447   717  1226 I [CT]    : VIPER: No validation due to too few inliers: num_inliers: 0 < 10
06-24 15:17:56.447   717  1226 I [CT]    : VIPER:LOCALIZER: Validation failed.
06-24 15:17:56.579  2186  2288 I [OAR] ShellSurfaceRender: Averages: drawCalls 3.0 progBinds 2.0 paramUpdates 9.0 textureBinds 2.0 bufferBinds 1.0
06-24 15:17:56.657   717  1814 W [CT]    : CONSTELLATION: No tracked objects initialized!!
06-24 15:17:57.283   717  1815 I [CT]    : VIPER:MAP_MANAGER: State: TrackingTransient, UUID=31dfe14b-bb92-7513-79f6-fe369455238b, Num. Persistent maps = 3, Transient maps:31dfe14b-bb92-7513-79f6-fe369455238b, Persistent maps:98deaa98-39b9-2d43-5500-dda7ed2e661c,ee3dfe27-0280-0828-1403-4cef267baafe,fd5fd6b5-40e2-57ca-3cab-1b970890b65a,, Ser. Disabled = 00000000-0000-0000-0000-000000000000
06-24 15:17:57.318   717  1815 I [CT]    : VIPER: Vega=false,Status=6DoF,VALIDATING,KF=8,Inl=63,Pts=73,Mem=49.3,Jit=0.0mm,Issues(Cam/min=0.0,IMU/min=0.0),Exp=(4.6ms,g=3.0,I=57)(5.9ms,g=7.0,I=74)(4.6ms,g=3.0,I=92)(3.7ms,g=3.0,I=74)
06-24 15:17:57.428  2129  3415 I VrApi   : FPS=72/72,Prd=41ms,Tear=0,Early=71,Stale=0,VSnc=1,Lat=1,Fov=0,CPU4/GPU=2/4,1651/670MHz,OC=FF,TA=0/E0/0,SP=N/F/N,Mem=1804MHz,Free=2200MB,PLS=0,Temp=30.0C/0.0C,TW=3.32ms,App=0.00ms,GD=0.36ms,CPU&GPU=4.74ms,LCnt=2,GPU%=0.33,CPU%=0.12(W0.20),DSF=1.00
06-24 15:17:57.447  2186  3411 I Telemetry: App memory usage: PSS=138MB DalvikPSS=2 MB
06-24 15:17:57.547  2129  2370 D OVRPlatform: [FBNS] ClientImpl.cpp:244 Failed to connect to the MQTT server (edge-mqtt.facebook.com:443): 15 Lookup error.
06-24 15:17:57.547  2129  2370 D OVRPlatform: [FBNS] ClientImpl.cpp:127 Received a CONNACK without valid credentials
06-24 15:17:57.657   717  1814 W [CT]    : CONSTELLATION: No tracked objects initialized!!
06-24 15:17:57.778   717  1226 I [CT]    : VIPER:LOCALIZER: Validating using a pose that is 0.13 [sec] seconds old.
06-24 15:17:57.787   717  1226 I [CT]    : VIPER: AreaSearch 1 after new Submap. Matched 232. Stats: 3 109 0 0 0 5 105 2 5 0 0 0 0 0 3 0 0 0 ).
06-24 15:17:57.787   717  1226 I [CT]    : VIPER: Searched with 3d-2d (submap id: 1,0): 232 queries.
06-24 15:17:57.788   717  1226 I [CT]    : VIPER: No validation due to too few inliers: num_inliers: 2 < 10
06-24 15:17:57.788   717  1226 I [CT]    : VIPER:LOCALIZER: Validation failed.
06-24 15:17:58.195  2538  2538 W pool-4-thread-1: type=1400 audit(0.0:3501): avc: denied { read } for name="mem" dev="debugfs" ino=21952 scontext=u:r:priv_app:s0:c512,c768 tcontext=u:object_r:debugfs:s0 tclass=file permissive=0
06-24 15:17:58.195  2538  2538 W pool-4-thread-1: type=1400 audit(0.0:3502): avc: denied { read } for name="mem" dev="debugfs" ino=21952 scontext=u:r:priv_app:s0:c512,c768 tcontext=u:object_r:debugfs:s0 tclass=file permissive=0
06-24 15:17:58.195  2538  2538 W pool-4-thread-1: type=1400 audit(0.0:3503): avc: denied { read } for name="mem" dev="debugfs" ino=21952 scontext=u:r:priv_app:s0:c512,c768 tcontext=u:object_r:debugfs:s0 tclass=file permissive=0
06-24 15:17:58.431  2129  3415 I VrApi   : FPS=73/72,Prd=41ms,Tear=0,Early=72,Stale=0,VSnc=1,Lat=1,Fov=0,CPU4/GPU=2/4,1651/670MHz,OC=FF,TA=0/E0/0,SP=N/F/N,Mem=1804MHz,Free=2200MB,PLS=0,Temp=30.0C/0.0C,TW=3.33ms,App=0.00ms,GD=0.36ms,CPU&GPU=4.55ms,LCnt=2,GPU%=0.33,CPU%=0.12(W0.15),DSF=1.00
06-24 15:17:58.512   717  1226 I [CT]    : VIPER:LOCALIZER: Validating using a pose that is 0.03 [sec] seconds old.
06-24 15:17:58.513   717  1226 I [CT]    : VIPER: AreaSearch 0 after new Submap. Matched 12. Stats: 0 12 0 0 0 0 0 0 0 0 0 0 0 0 0 0 0 0 ).
06-24 15:17:58.513   717  1226 I [CT]    : VIPER: Searched with 3d-2d (submap id: 3,0): 12 queries.
06-24 15:17:58.513   717  1226 I [CT]    : VIPER: No validation due to too few inliers: num_inliers: 0 < 10
06-24 15:17:58.513   717  1226 I [CT]    : VIPER:LOCALIZER: Validation failed.
06-24 15:17:58.690   717  1814 W [CT]    : CONSTELLATION: No tracked objects initialized!!
06-24 15:17:58.811   717  1226 I [CT]    : VIPER:LOCALIZER: Validating using a pose that is 0.06 [sec] seconds old.
06-24 15:17:58.812   717  1226 I [CT]    : VIPER: AreaSearch 1 after new Submap. Matched 32. Stats: 0 31 0 0 0 0 1 0 0 0 0 0 0 0 0 0 0 0 ).
06-24 15:17:58.813   717  1226 I [CT]    : VIPER: Searched with 3d-2d (submap id: 3,0): 32 queries.
06-24 15:17:58.813   717  1226 I [CT]    : VIPER: No validation due to too few inliers: num_inliers: 0 < 10
06-24 15:17:58.813   717  1226 I [CT]    : VIPER:LOCALIZER: Validation failed.
06-24 15:17:59.045   717  1226 I [CT]    : VIPER:LOCALIZER: Validating using a pose that is 0.09 [sec] seconds old.
06-24 15:17:59.046   717  1226 I [CT]    : VIPER: AreaSearch 0 after new Submap. Matched 129. Stats: 0 122 0 0 0 0 7 0 0 0 0 0 0 0 0 0 0 0 ).
06-24 15:17:59.047   717  1226 I [CT]    : VIPER: Searched with 3d-2d (submap id: 1,0): 129 queries.
06-24 15:17:59.047   717  1226 I [CT]    : VIPER: No validation due to too few inliers: num_inliers: 0 < 10
06-24 15:17:59.047   717  1226 I [CT]    : VIPER:LOCALIZER: Validation failed.
06-24 15:17:59.425  2292  2292 D [SUI] SocialViewModel: refresPartyData()
06-24 15:17:59.428  2129  3415 I VrApi   : FPS=73/72,Prd=41ms,Tear=0,Early=72,Stale=0,VSnc=1,Lat=1,Fov=0,CPU4/GPU=2/4,1651/670MHz,OC=FF,TA=0/E0/0,SP=N/F/N,Mem=1804MHz,Free=2201MB,PLS=0,Temp=30.0C/0.0C,TW=3.32ms,App=0.00ms,GD=0.37ms,CPU&GPU=4.72ms,LCnt=2,GPU%=0.33,CPU%=0.17(W0.23),DSF=1.00
06-24 15:17:59.723   717  1814 W [CT]    : CONSTELLATION: No tracked objects initialized!!
06-24 15:18:00.011  2292  2292 I AndroidPanelApp: measureLayerView adjusting initial height from 88 to 1000 due to resize behavior.
06-24 15:18:00.011  2292  2292 I AndroidPanelApp: measureLayerView with initial width 640, initial height 1000, resize behavior WRAP_CONTENT_HEIGHT.
06-24 15:18:00.012  2292  2292 I AndroidPanelApp: Measured width 640 and height 88.
06-24 15:18:00.035  2186  2288 I [OAR] PanelAppAnalytics: Panel render last: 60000ms avg: 60000ms for com.oculus.systemux/com.oculus.panelapp.anytimeui.AnytimeUIAndroidPanelService
06-24 15:18:00.283   717  1815 I [CT]    : VIPER:MAP_MANAGER: State: TrackingTransient, UUID=31dfe14b-bb92-7513-79f6-fe369455238b, Num. Persistent maps = 3, Transient maps:31dfe14b-bb92-7513-79f6-fe369455238b, Persistent maps:98deaa98-39b9-2d43-5500-dda7ed2e661c,ee3dfe27-0280-0828-1403-4cef267baafe,fd5fd6b5-40e2-57ca-3cab-1b970890b65a,, Ser. Disabled = 00000000-0000-0000-0000-000000000000
06-24 15:18:00.318   717  1815 I [CT]    : VIPER: Vega=false,Status=6DoF,VALIDATING,KF=8,Inl=64,Pts=73,Mem=49.3,Jit=0.0mm,Issues(Cam/min=0.0,IMU/min=0.0),Exp=(4.8ms,g=3.0,I=57)(6.1ms,g=7.0,I=75)(4.8ms,g=3.0,I=94)(3.7ms,g=3.0,I=75)
06-24 15:18:00.429  2129  3415 I VrApi   : FPS=72/72,Prd=41ms,Tear=0,Early=73,Stale=0,VSnc=1,Lat=1,Fov=0,CPU4/GPU=2/4,1651/670MHz,OC=FF,TA=0/E0/0,SP=N/F/N,Mem=1804MHz,Free=2201MB,PLS=0,Temp=30.0C/0.0C,TW=3.33ms,App=0.00ms,GD=0.36ms,CPU&GPU=4.65ms,LCnt=2,GPU%=0.33,CPU%=0.19(W0.32),DSF=1.00
06-24 15:18:00.757   717  1814 W [CT]    : CONSTELLATION: No tracked objects initialized!!
06-24 15:18:00.779   717  1226 I [CT]    : VIPER:LOCALIZER: Validating using a pose that is 0.09 [sec] seconds old.
06-24 15:18:00.781   717  1226 I [CT]    : VIPER: AreaSearch 1 after new Submap. Matched 125. Stats: 0 122 0 0 0 0 3 0 0 0 0 0 0 0 0 0 0 0 ).
06-24 15:18:00.781   717  1226 I [CT]    : VIPER: Searched with 3d-2d (submap id: 1,0): 125 queries.
06-24 15:18:00.781   717  1226 I [CT]    : VIPER: No validation due to too few inliers: num_inliers: 0 < 10
06-24 15:18:00.781   717  1226 I [CT]    : VIPER:LOCALIZER: Validation failed.
06-24 15:18:00.796  1548  2633 I [CT]    : MIXEDREALITY: MrServiceView: renderIteration: (every 10 seconds)
06-24 15:18:01.212   717  1213 I [CT]    : boltlib: DSP utilization(%): 12
06-24 15:18:01.284   717  1815 I [CT]    : HealthReport: Everything Passed =)
06-24 15:18:01.430  2129  3415 I VrApi   : FPS=72/72,Prd=41ms,Tear=0,Early=72,Stale=0,VSnc=1,Lat=1,Fov=0,CPU4/GPU=2/4,1651/670MHz,OC=FF,TA=0/E0/0,SP=N/F/N,Mem=1804MHz,Free=2200MB,PLS=0,Temp=30.0C/0.0C,TW=3.32ms,App=0.00ms,GD=0.37ms,CPU&GPU=4.65ms,LCnt=2,GPU%=0.33,CPU%=0.10(W0.15),DSF=1.00
06-24 15:18:01.790   717  1814 W [CT]    : CONSTELLATION: No tracked objects initialized!!
06-24 15:18:02.427  2129  3415 I VrApi   : FPS=73/72,Prd=41ms,Tear=0,Early=73,Stale=0,VSnc=1,Lat=1,Fov=0,CPU4/GPU=2/4,1651/670MHz,OC=FF,TA=0/E0/0,SP=N/F/N,Mem=1804MHz,Free=2200MB,PLS=0,Temp=30.0C/0.0C,TW=3.31ms,App=0.00ms,GD=0.37ms,CPU&GPU=4.68ms,LCnt=2,GPU%=0.33,CPU%=0.12(W0.14),DSF=1.00
06-24 15:18:02.790   717  1814 W [CT]    : CONSTELLATION: No tracked objects initialized!!
06-24 15:18:03.179   717  1226 I [CT]    : VIPER:LOCALIZER: Validating using a pose that is 0.09 [sec] seconds old.
06-24 15:18:03.181   717  1226 I [CT]    : VIPER: AreaSearch 2 after new Submap. Matched 152. Stats: 0 147 0 0 0 0 5 0 0 0 0 0 0 0 0 0 0 0 ).
06-24 15:18:03.181   717  1226 I [CT]    : VIPER: Searched with 3d-2d (submap id: 1,0): 152 queries.
06-24 15:18:03.181   717  1226 I [CT]    : VIPER: No validation due to too few inliers: num_inliers: 0 < 10
06-24 15:18:03.181   717  1226 I [CT]    : VIPER:LOCALIZER: Validation failed.
06-24 15:18:03.284   717  1815 I [CT]    : VIPER:MAP_MANAGER: State: TrackingTransient, UUID=31dfe14b-bb92-7513-79f6-fe369455238b, Num. Persistent maps = 3, Transient maps:31dfe14b-bb92-7513-79f6-fe369455238b, Persistent maps:98deaa98-39b9-2d43-5500-dda7ed2e661c,ee3dfe27-0280-0828-1403-4cef267baafe,fd5fd6b5-40e2-57ca-3cab-1b970890b65a,, Ser. Disabled = 00000000-0000-0000-0000-000000000000
06-24 15:18:03.318   717  1815 I [CT]    : VIPER: Vega=false,Status=6DoF,VALIDATING,KF=8,Inl=64,Pts=73,Mem=49.3,Jit=0.0mm,Issues(Cam/min=0.0,IMU/min=0.0),Exp=(4.9ms,g=3.0,I=58)(6.0ms,g=7.0,I=74)(4.9ms,g=3.0,I=93)(3.7ms,g=3.0,I=75)
06-24 15:18:03.412   717  1226 I [CT]    : VIPER:LOCALIZER: Validating using a pose that is 0.09 [sec] seconds old.
06-24 15:18:03.413   717  1226 I [CT]    : VIPER: AreaSearch 0 after new Submap. Matched 30. Stats: 1 26 0 0 1 0 1 0 0 0 0 0 0 0 1 0 0 0 ).
06-24 15:18:03.413   717  1226 I [CT]    : VIPER: Searched with 3d-2d (submap id: 0,0): 30 queries.
06-24 15:18:03.413   717  1226 I [CT]    : VIPER: No validation due to too few inliers: num_inliers: 1 < 10
06-24 15:18:03.413   717  1226 I [CT]    : VIPER:LOCALIZER: Validation failed.
06-24 15:18:03.431  2129  3415 I VrApi   : FPS=72/72,Prd=41ms,Tear=0,Early=73,Stale=0,VSnc=1,Lat=1,Fov=0,CPU4/GPU=2/4,1651/670MHz,OC=FF,TA=0/E0/0,SP=N/F/N,Mem=1804MHz,Free=2200MB,PLS=0,Temp=30.0C/0.0C,TW=3.34ms,App=0.00ms,GD=0.35ms,CPU&GPU=4.72ms,LCnt=2,GPU%=0.33,CPU%=0.15(W0.22),DSF=1.00
06-24 15:18:03.443  1892  1944 I Vsync   : Vsync 41880:  2 x 13.89 ms (72.00 Hz, at 601.823)
06-24 15:18:03.790   717  1814 W [CT]    : CONSTELLATION: No tracked objects initialized!!
06-24 15:18:04.148  2205  2476 I [CT]    : MIXEDREALITY: PassthroughTelemetry: Passthrough rendering telemetry over 30.0 seconds:
06-24 15:18:04.148  2205  2476 I [CT]    : MIXEDREALITY: PassthroughTelemetry: - session duration: 420184.1 ms
06-24 15:18:04.148  2205  2476 I [CT]    : MIXEDREALITY: PassthroughTelemetry: - time to first render: 74.6 ms
06-24 15:18:04.148  2205  2476 I [CT]    : MIXEDREALITY: PassthroughTelemetry: - time to first depth map: 157.9 ms
06-24 15:18:04.148  2205  2476 I [CT]    : MIXEDREALITY: PassthroughTelemetry: - rates: rendering: 71.5/72.0, images: 30.0, geometry: 30.0, texture: 30.0, tex coord: 56.3 fps
06-24 15:18:04.148  2205  2476 I [CT]    : MIXEDREALITY: PassthroughTelemetry: - processing: image updates: 900.0, uninitialized depth: 0.0, stale depth: 0.0
06-24 15:18:04.148  2205  2476 I [CT]    : MIXEDREALITY: PassthroughTelemetry: - latencies (min/avg/max): images: 15.3,21.5,31.8, photon-to-geometry: 51.2,58.3,79.1, photon-to-texture: 40.1,46.0,65.2 ms
06-24 15:18:04.148  2205  2476 I [CT]    : MIXEDREALITY: MrRuntimeImpl: sendPassthroughRenderingTelemetry: Logging telemetry.
06-24 15:18:04.328  2292  2292 D [SUI] SocialViewModel: refresPartyData()
06-24 15:18:04.410   716  2474 I [CT]    : MIXEDREALITY: PassthroughTelemetry: Passthrough compute telemetry over 30.0 seconds:
06-24 15:18:04.410   716  2474 I [CT]    : MIXEDREALITY: PassthroughTelemetry: - using online cal: yes, calibration age: 133934.8 minutes
06-24 15:18:04.410   716  2474 I [CT]    : MIXEDREALITY: PassthroughTelemetry: - frames processed: 901.0, dequeued: 0.0, dropped 0.0
06-24 15:18:04.410   716  2474 I [CT]    : MIXEDREALITY: PassthroughTelemetry: - mvs: possible: 3722932.0, actual: 1530936.0, intra frame: 1390199.0
06-24 15:18:04.410   716  2474 I [CT]    : MIXEDREALITY: PassthroughTelemetry: - mvs checks: left-right: 320873.0, filter: 263609.0, epipolar: 143343.0
06-24 15:18:04.410   716  2474 I [CT]    : MIXEDREALITY: PassthroughTelemetry: - refinement: refine: 91335.0, temporal hist: 21222.0
06-24 15:18:04.410   716  2474 I [CT]    : MIXEDREALITY: PassthroughTelemetry: - points: new: 91341.0, prior: 20819.0, primary: 10542.0, secondary: 10272.0
06-24 15:18:04.410   716  2474 I [CT]    : MIXEDREALITY: PassthroughTelemetry: - per frame: primary: 0.0,11.7,24.0, secondary: 0.0,11.4,28.0, solver iterations 25.0
06-24 15:18:04.410   716  2474 I [CT]    : MIXEDREALITY: MrRuntimeCompute: sendPassthroughComputeTelemetry: Logging telemetry.
06-24 15:18:04.430  2129  3415 I VrApi   : FPS=73/72,Prd=41ms,Tear=0,Early=73,Stale=0,VSnc=1,Lat=1,Fov=0,CPU4/GPU=2/4,1651/670MHz,OC=FF,TA=0/E0/0,SP=N/F/N,Mem=1804MHz,Free=2201MB,PLS=0,Temp=30.0C/0.0C,TW=3.32ms,App=0.00ms,GD=0.38ms,CPU&GPU=4.56ms,LCnt=2,GPU%=0.33,CPU%=0.14(W0.18),DSF=1.00
06-24 15:18:04.476   716  2474 I [CT]    : MIXEDREALITY: PlayspaceScanTelemetry: PlayspaceScanComputeTelemetry over 30.0 seconds:
06-24 15:18:04.476   716  2474 I [CT]    : MIXEDREALITY: PlayspaceScanTelemetry: - using online cal: yes, calibration age: 133934.8 minutes
06-24 15:18:04.476   716  2474 I [CT]    : MIXEDREALITY: PlayspaceScanTelemetry: - frames processed: 901.0, dequeued: 0.0, dropped 0.0
06-24 15:18:04.476   716  2474 I [CT]    : MIXEDREALITY: PlayspaceScanTelemetry: - mvs: possible: 3722932.0, actual: 1531050.0, intra frame: 1390312.0
06-24 15:18:04.476   716  2474 I [CT]    : MIXEDREALITY: PlayspaceScanTelemetry: - mvs checks: left-right: 320811.0, filter: 263608.0, epipolar: 143195.0
06-24 15:18:04.476   716  2474 I [CT]    : MIXEDREALITY: PlayspaceScanTelemetry: - refinement: refine: 95282.0, temporal hist: 157678.0
06-24 15:18:04.476   716  2474 I [CT]    : MIXEDREALITY: PlayspaceScanTelemetry: - points: new: 95288.0, prior: 146980.0, primary: 72937.0, secondary: 74076.0
06-24 15:18:04.476   716  2474 I [CT]    : MIXEDREALITY: PlayspaceScanTelemetry: - per frame: primary: 2.0,81.0,124.0, secondary: 41.0,82.2,146.0
06-24 15:18:04.476   716  2474 I [CT]    : MIXEDREALITY: PlayspaceScanTelemetry: - rejected stereo points (min/avg/max): 0.0/0.0/0.0
06-24 15:18:04.476   716  2474 I [CT]    : MIXEDREALITY: PlayspaceScanTelemetry: - stereo depths (min/avg/max): 0.0/0.0/0.0 m
06-24 15:18:04.476   716  2474 I [CT]    : MIXEDREALITY: PlayspaceScanTelemetry: - voxels (min/avg/max): touched: 0.0/0.0/0.0, removed: 0.0/0.0/0.0
06-24 15:18:04.476   716  2474 I [CT]    : MIXEDREALITY: PlayspaceScanTelemetry:   floor voxels: 0.0, ceiling voxels: 0.0
06-24 15:18:04.476   716  2474 I [CT]    : MIXEDREALITY: PlayspaceScanTelemetry:   occupied voxels while drawing: inside: -1.0, outside: -1.0
06-24 15:18:04.476   716  2474 I [CT]    : MIXEDREALITY: PlayspaceScanTelemetry:   occupied voxels complete guardian: inside: 0.0, outside: 0.0
06-24 15:18:04.476   716  2474 I [CT]    : MIXEDREALITY: PlayspaceScanTelemetry: - occupied guardian area ratio (min/avg/max): 0.0/0.0/0.0
06-24 15:18:04.476   716  2474 I [CT]    : MIXEDREALITY: PlayspaceScanTelemetry: - device outside grid: 0.0
06-24 15:18:04.476   716  2474 I [CT]    : MIXEDREALITY: PlayspaceScanTelemetry: - rates: images: 30.014332, geometry: 30.014332 fps
06-24 15:18:04.476   716  2474 I [CT]    : MIXEDREALITY: PlayspaceScanTelemetry: - latencies (min/avg/max): stereo: 10.69734338670969/11.423315852880478/12.625728733837605, aggregation: 0.0/0.0/0.0, decay: 0.0/0.0/0.0 ms
06-24 15:18:04.476   716  2474 I [CT]    : MIXEDREALITY: MrRuntimeCompute: sendPlayspaceScanComputeTelemetry: Logging telemetry.
06-24 15:18:04.737  1701  2030 E PresenceManager: Heartbeat error.
06-24 15:18:04.812   717  1226 I [CT]    : VIPER:LOCALIZER: Validating using a pose that is 0.06 [sec] seconds old.
06-24 15:18:04.813   717  1226 I [CT]    : VIPER: AreaSearch 0 after new Submap. Matched 50. Stats: 0 50 0 0 0 0 0 0 0 0 0 0 0 0 0 0 0 0 ).
06-24 15:18:04.813   717  1226 I [CT]    : VIPER: Searched with 3d-2d (submap id: 3,0): 50 queries.
06-24 15:18:04.813   717  1226 I [CT]    : VIPER: No validation due to too few inliers: num_inliers: 0 < 10
06-24 15:18:04.813   717  1226 I [CT]    : VIPER:LOCALIZER: Validation failed.
06-24 15:18:04.823   717  1814 W [CT]    : CONSTELLATION: No tracked objects initialized!!
06-24 15:18:04.911  2186  2288 I [OAR] ShellSurfaceRender: Averages: drawCalls 3.0 progBinds 2.0 paramUpdates 9.0 textureBinds 2.0 bufferBinds 1.0
06-24 15:18:05.428  2129  3415 I VrApi   : FPS=73/72,Prd=41ms,Tear=0,Early=72,Stale=0,VSnc=1,Lat=1,Fov=0,CPU4/GPU=2/4,1651/670MHz,OC=FF,TA=0/E0/0,SP=N/F/N,Mem=1804MHz,Free=2200MB,PLS=0,Temp=30.0C/0.0C,TW=3.33ms,App=0.00ms,GD=0.36ms,CPU&GPU=4.53ms,LCnt=2,GPU%=0.33,CPU%=0.15(W0.26),DSF=1.00
06-24 15:18:05.857   717  1814 W [CT]    : CONSTELLATION: No tracked objects initialized!!
06-24 15:18:06.284   717  1815 I [CT]    : VIPER:MAP_MANAGER: State: TrackingTransient, UUID=31dfe14b-bb92-7513-79f6-fe369455238b, Num. Persistent maps = 3, Transient maps:31dfe14b-bb92-7513-79f6-fe369455238b, Persistent maps:98deaa98-39b9-2d43-5500-dda7ed2e661c,ee3dfe27-0280-0828-1403-4cef267baafe,fd5fd6b5-40e2-57ca-3cab-1b970890b65a,, Ser. Disabled = 00000000-0000-0000-0000-000000000000
06-24 15:18:06.284   717  1815 I [CT]    : HealthReport: Everything Passed =)
06-24 15:18:06.318   717  1815 I [CT]    : VIPER: Vega=false,Status=6DoF,VALIDATING,KF=8,Inl=67,Pts=73,Mem=49.3,Jit=0.0mm,Issues(Cam/min=0.0,IMU/min=0.0),Exp=(4.8ms,g=3.0,I=58)(6.0ms,g=7.0,I=74)(4.8ms,g=3.0,I=92)(3.7ms,g=3.0,I=75)
06-24 15:18:06.428  2129  3415 I VrApi   : FPS=73/72,Prd=41ms,Tear=0,Early=73,Stale=0,VSnc=1,Lat=1,Fov=0,CPU4/GPU=2/4,1651/670MHz,OC=FF,TA=0/E0/0,SP=N/F/N,Mem=1804MHz,Free=2200MB,PLS=0,Temp=30.0C/0.0C,TW=3.32ms,App=0.00ms,GD=0.37ms,CPU&GPU=5.18ms,LCnt=2,GPU%=0.33,CPU%=0.09(W0.11),DSF=1.00
06-24 15:18:06.811   717  1226 I [CT]    : VIPER:LOCALIZER: Validating using a pose that is 0.09 [sec] seconds old.
06-24 15:18:06.813   717  1226 I [CT]    : VIPER: AreaSearch 0 after new Submap. Matched 77. Stats: 0 70 0 0 0 0 4 3 0 0 0 0 0 0 0 0 0 0 ).
06-24 15:18:06.813   717  1226 I [CT]    : VIPER: Searched with 3d-2d (submap id: 1,0): 77 queries.
06-24 15:18:06.813   717  1226 I [CT]    : VIPER: No validation due to too few inliers: num_inliers: 0 < 10
06-24 15:18:06.813   717  1226 I [CT]    : VIPER:LOCALIZER: Validation failed.
06-24 15:18:06.890   717  1814 W [CT]    : CONSTELLATION: No tracked objects initialized!!
06-24 15:18:07.214   717  1213 I [CT]    : boltlib: DSP utilization(%): 12
06-24 15:18:07.430  2129  3415 I VrApi   : FPS=72/72,Prd=41ms,Tear=0,Early=72,Stale=0,VSnc=1,Lat=1,Fov=0,CPU4/GPU=2/4,1651/670MHz,OC=FF,TA=0/E0/0,SP=N/F/N,Mem=1804MHz,Free=2200MB,PLS=0,Temp=30.0C/0.0C,TW=3.32ms,App=0.00ms,GD=0.37ms,CPU&GPU=4.68ms,LCnt=2,GPU%=0.33,CPU%=0.09(W0.20),DSF=1.00
06-24 15:18:07.579   717  1226 I [CT]    : VIPER:LOCALIZER: Validating using a pose that is 0.09 [sec] seconds old.
06-24 15:18:07.589   717  1226 I [CT]    : VIPER: AreaSearch 1 after new Submap. Matched 204. Stats: 1 75 0 0 4 10 100 11 2 0 0 0 0 0 1 0 0 0 ).
06-24 15:18:07.589   717  1226 I [CT]    : VIPER: Searched with 3d-2d (submap id: 1,0): 204 queries.
06-24 15:18:07.590   717  1226 I [CT]    : VIPER: No validation due to too few inliers: num_inliers: 1 < 10
06-24 15:18:07.590   717  1226 I [CT]    : VIPER:LOCALIZER: Validation failed.
06-24 15:18:07.645   717  1226 I [CT]    : VIPER:LOCALIZER: Validating using a pose that is 0.03 [sec] seconds old.
06-24 15:18:07.649   717  1226 I [CT]    : VIPER: AreaSearch 0 after new Submap. Matched 181. Stats: 0 141 0 0 0 0 38 2 0 0 0 0 0 0 0 0 0 0 ).
06-24 15:18:07.649   717  1226 I [CT]    : VIPER: Searched with 3d-2d (submap id: 3,0): 181 queries.
06-24 15:18:07.649   717  1226 I [CT]    : VIPER: No validation due to too few inliers: num_inliers: 0 < 10
06-24 15:18:07.649   717  1226 I [CT]    : VIPER:LOCALIZER: Validation failed.
06-24 15:18:07.890   717  1814 W [CT]    : CONSTELLATION: No tracked objects initialized!!
06-24 15:18:08.428  2129  3415 I VrApi   : FPS=72/72,Prd=41ms,Tear=0,Early=73,Stale=0,VSnc=1,Lat=1,Fov=0,CPU4/GPU=2/4,1651/670MHz,OC=FF,TA=0/E0/0,SP=N/F/N,Mem=1804MHz,Free=2199MB,PLS=0,Temp=30.0C/0.0C,TW=3.35ms,App=0.00ms,GD=0.36ms,CPU&GPU=4.61ms,LCnt=2,GPU%=0.33,CPU%=0.17(W0.19),DSF=1.00
06-24 15:18:08.923   717  1814 W [CT]    : CONSTELLATION: No tracked objects initialized!!
06-24 15:18:09.091  2186  2288 I [OAR] PlatformBundle: Request BundleConfiguration
06-24 15:18:09.097  2186  3422 W [SEO] Transfer: onFailure: IOException: java.net.UnknownHostException: Unable to resolve host "graph.oculus.com": No address associated with hostname
06-24 15:18:09.105  2186  2288 I [OAR] PlatformBundle: BundleConfiguration fetch failed.
06-24 15:18:09.105  2186  2288 I [OAR] PlatformBundle: Checking cache for bundle configuration.
06-24 15:18:09.105  2186  2288 I [OAR] PlatformBundle: Bundle configuration available from cache.
06-24 15:18:09.105  2186  2288 I [OAR] PlatformBundle: BundleConfiguration is updated.
06-24 15:18:09.232  2292  2292 D [SUI] SocialViewModel: refresPartyData()
06-24 15:18:09.284   717  1815 I [CT]    : VIPER:MAP_MANAGER: State: TrackingTransient, UUID=31dfe14b-bb92-7513-79f6-fe369455238b, Num. Persistent maps = 3, Transient maps:31dfe14b-bb92-7513-79f6-fe369455238b, Persistent maps:98deaa98-39b9-2d43-5500-dda7ed2e661c,ee3dfe27-0280-0828-1403-4cef267baafe,fd5fd6b5-40e2-57ca-3cab-1b970890b65a,, Ser. Disabled = 00000000-0000-0000-0000-000000000000
06-24 15:18:09.318   717  1815 I [CT]    : VIPER: Vega=false,Status=6DoF,VALIDATING,KF=8,Inl=62,Pts=73,Mem=49.3,Jit=0.0mm,Issues(Cam/min=0.0,IMU/min=0.0),Exp=(4.9ms,g=3.0,I=55)(6.0ms,g=7.0,I=75)(4.9ms,g=3.0,I=92)(3.7ms,g=3.0,I=75)
06-24 15:18:09.429  2129  3415 I VrApi   : FPS=72/72,Prd=41ms,Tear=0,Early=72,Stale=0,VSnc=1,Lat=1,Fov=0,CPU4/GPU=2/4,1651/670MHz,OC=FF,TA=0/E0/0,SP=N/F/N,Mem=1804MHz,Free=2200MB,PLS=0,Temp=30.0C/0.0C,TW=3.32ms,App=0.00ms,GD=0.37ms,CPU&GPU=4.73ms,LCnt=2,GPU%=0.33,CPU%=0.09(W0.11),DSF=1.00
06-24 15:18:09.923   717  1814 W [CT]    : CONSTELLATION: No tracked objects initialized!!
06-24 15:18:10.216  1439  4577 I OSUpdateService: Intent with action system_battery_changed
06-24 15:18:10.308   700  3519 W SoftVorbis: vorbis_dsp_synthesis returned -135
06-24 15:18:10.310   700  3519 W SoftVorbis: vorbis_dsp_synthesis returned -135
06-24 15:18:10.434  2129  3415 I VrApi   : FPS=73/72,Prd=41ms,Tear=0,Early=72,Stale=0,VSnc=1,Lat=1,Fov=0,CPU4/GPU=2/4,1651/670MHz,OC=FF,TA=0/E0/0,SP=N/F/N,Mem=1804MHz,Free=2199MB,PLS=0,Temp=30.0C/0.0C,TW=3.33ms,App=0.00ms,GD=0.36ms,CPU&GPU=4.70ms,LCnt=2,GPU%=0.33,CPU%=0.19(W0.24),DSF=1.00
06-24 15:18:10.512   717  1226 I [CT]    : VIPER:LOCALIZER: Validating using a pose that is 0.06 [sec] seconds old.
06-24 15:18:10.515   717  1226 I [CT]    : VIPER: AreaSearch 1 after new Submap. Matched 370. Stats: 0 362 0 0 0 1 7 0 0 0 0 0 0 0 0 0 0 0 ).
06-24 15:18:10.515   717  1226 I [CT]    : VIPER: Searched with 3d-2d (submap id: 3,0): 370 queries.
06-24 15:18:10.515   717  1226 I [CT]    : VIPER: No validation due to too few inliers: num_inliers: 0 < 10
06-24 15:18:10.515   717  1226 I [CT]    : VIPER:LOCALIZER: Validation failed.
06-24 15:18:10.804  1548  2633 I [CT]    : MIXEDREALITY: MrServiceView: renderIteration: (every 10 seconds)
06-24 15:18:10.957   717  1814 W [CT]    : CONSTELLATION: No tracked objects initialized!!
06-24 15:18:11.285   717  1815 I [CT]    : HealthReport: Everything Passed =)
06-24 15:18:11.430  2129  3415 I VrApi   : FPS=73/72,Prd=41ms,Tear=0,Early=72,Stale=0,VSnc=1,Lat=1,Fov=0,CPU4/GPU=2/4,1651/670MHz,OC=FF,TA=0/E0/0,SP=N/F/N,Mem=1804MHz,Free=2199MB,PLS=0,Temp=30.0C/0.0C,TW=3.34ms,App=0.00ms,GD=0.39ms,CPU&GPU=4.58ms,LCnt=2,GPU%=0.33,CPU%=0.20(W0.29),DSF=1.00
06-24 15:18:11.912   717  1226 I [CT]    : VIPER:LOCALIZER: Validating using a pose that is 0.09 [sec] seconds old.
06-24 15:18:11.914   717  1226 I [CT]    : VIPER: AreaSearch 0 after new Submap. Matched 131. Stats: 0 125 0 0 0 0 4 2 0 0 0 0 0 0 0 0 0 0 ).
06-24 15:18:11.914   717  1226 I [CT]    : VIPER: Searched with 3d-2d (submap id: 1,0): 131 queries.
06-24 15:18:11.916   717  1226 I [CT]    : VIPER: No validation due to too few inliers: num_inliers: 0 < 10
06-24 15:18:11.916   717  1226 I [CT]    : VIPER:LOCALIZER: Validation failed.
06-24 15:18:11.957   717  1814 W [CT]    : CONSTELLATION: No tracked objects initialized!!
06-24 15:18:12.284   717  1815 I [CT]    : VIPER:MAP_MANAGER: State: TrackingTransient, UUID=31dfe14b-bb92-7513-79f6-fe369455238b, Num. Persistent maps = 3, Transient maps:31dfe14b-bb92-7513-79f6-fe369455238b, Persistent maps:98deaa98-39b9-2d43-5500-dda7ed2e661c,ee3dfe27-0280-0828-1403-4cef267baafe,fd5fd6b5-40e2-57ca-3cab-1b970890b65a,, Ser. Disabled = 00000000-0000-0000-0000-000000000000
06-24 15:18:12.318   717  1815 I [CT]    : VIPER: Vega=false,Status=6DoF,VALIDATING,KF=8,Inl=64,Pts=73,Mem=49.3,Jit=0.0mm,Issues(Cam/min=0.0,IMU/min=0.0),Exp=(4.8ms,g=3.0,I=58)(6.0ms,g=7.0,I=75)(4.8ms,g=3.0,I=92)(3.7ms,g=3.0,I=75)
06-24 15:18:12.429  2129  3415 I VrApi   : FPS=72/72,Prd=41ms,Tear=0,Early=73,Stale=0,VSnc=1,Lat=1,Fov=0,CPU4/GPU=2/4,1651/670MHz,OC=FF,TA=0/E0/0,SP=N/F/N,Mem=1804MHz,Free=2199MB,PLS=0,Temp=30.0C/0.0C,TW=3.33ms,App=0.00ms,GD=0.36ms,CPU&GPU=4.79ms,LCnt=2,GPU%=0.33,CPU%=0.07(W0.11),DSF=1.00
06-24 15:18:12.990   717  1814 W [CT]    : CONSTELLATION: No tracked objects initialized!!
06-24 15:18:13.214   717  1213 I [CT]    : boltlib: DSP utilization(%): 12
06-24 15:18:13.245  2186  2288 I [OAR] ShellSurfaceRender: Averages: drawCalls 3.0 progBinds 2.0 paramUpdates 9.0 textureBinds 2.0 bufferBinds 1.0
06-24 15:18:13.429  2129  3415 I VrApi   : FPS=73/72,Prd=41ms,Tear=0,Early=72,Stale=0,VSnc=1,Lat=1,Fov=0,CPU4/GPU=2/4,1651/670MHz,OC=FF,TA=0/E0/0,SP=N/F/N,Mem=1804MHz,Free=2199MB,PLS=0,Temp=30.0C/0.0C,TW=3.31ms,App=0.00ms,GD=0.35ms,CPU&GPU=4.66ms,LCnt=2,GPU%=0.32,CPU%=0.16(W0.19),DSF=1.00
06-24 15:18:13.558  2205  2471 I Telemetry: App memory usage: PSS=41MB DalvikPSS=1 MB
06-24 15:18:13.752  1953  2379 W LibraryProvider: Cannot find entitlement for com.oculus.shellenv
06-24 15:18:13.752  1701  1970 W OVRLibrary: null cursor received for query content://com.oculus.ocms.library/apps/com.oculus.shellenv
06-24 15:18:13.863  1701  1970 E ExternalPlatformLocal: AppID found in Library does NOT match the appID in the bundle.
06-24 15:18:13.864  1701  1970 E ExternalPlatformLocal: AppID found in Library does NOT match the appID in the bundle.
06-24 15:18:13.865  1701  2287 E ACRA    : Handling exception for soft error
06-24 15:18:13.865  1701  2287 E ACRA    : X.0pp: ExternalPlatformLocal | AppID found in Library does NOT match the appID in the bundle.
06-24 15:18:13.865  1701  2287 E ACRA    : 	at X.0Jf.A8u(:362)
06-24 15:18:13.865  1701  2287 E ACRA    : 	at com.oculus.errorreporting.ErrorReporter.A02(:17)
06-24 15:18:13.865  1701  2287 E ACRA    : 	at com.oculus.horizon.service.ExternalPlatformLocal.getAppID(:86016)
06-24 15:18:13.865  1701  2287 E ACRA    : 	at com.oculus.horizon.service.ExternalPlatformNetwork.getAppScopedAccessToken(:32)
06-24 15:18:13.865  1701  2287 E ACRA    : 	at com.oculus.horizon.service.result.ResultBuilder.A00(:81487)
06-24 15:18:13.865  1701  2287 E ACRA    : 	at com.oculus.horizon.service.OVRService$3.getAppScopedAccessToken(:9)
06-24 15:18:13.865  1701  2287 E ACRA    : 	at com.oculus.aidl.OVRServiceInterface$Stub.onTransact(:113443)
06-24 15:18:13.865  1701  2287 E ACRA    : 	at android.os.Binder.execTransact(Binder.java:606)
06-24 15:18:13.880  1701  1970 E ExternalPlatformNetwork: could not get access token from the server
06-24 15:18:13.881  1701  1970 E AppScopedAccessTokenResultBuilder: ResultBuilder error has been set to: Unable to resolve host "graph.oculus.com": No address associated with hostname
06-24 15:18:13.881  1701  1970 E com.oculus.platform.util.Util: operation failed
06-24 15:18:13.889  2129  2227 I OVRPlatform: [RequestStopwatch] AccessTokenRequest took 157.5140 milliseconds
06-24 15:18:13.890  2129  2170 E Clay    : [S]: Oculus Platform SDK failed to get access token with error 'Unable to resolve host "graph.oculus.com": No address associated with hostname'
06-24 15:18:13.891  2129  2170 I Clay    : [I]: OculusPlatform: Error message received. id=623, type=0x06a85abe, code=1, debugText=Unable to resolve host "graph.oculus.com": No address associated with hostname
06-24 15:18:13.908  1953  2260 W LibraryProvider: Cannot find entitlement for com.oculus.shellenv
06-24 15:18:13.909  1701  4243 W OVRLibrary: null cursor received for query content://com.oculus.ocms.library/apps/com.oculus.shellenv
06-24 15:18:13.909  1701  4243 E OVRService: Unable to find AppId for package (com.oculus.shellenv)
06-24 15:18:13.909  1701  4243 E OVRService: com.oculus.horizon.service.ExternalPlatformLocal$PackageNotInLibraryException: Package com.oculus.shellenv not in users library
06-24 15:18:13.909  1701  4243 E OVRService: 	at com.oculus.horizon.service.ExternalPlatformLocal.getAppID(:86018)
06-24 15:18:13.909  1701  4243 E OVRService: 	at com.oculus.horizon.service.ExternalPlatformLocal.getAppID(:86080)
06-24 15:18:13.909  1701  4243 E OVRService: 	at com.oculus.horizon.service.OVRService$3.logToMarauder(:34)
06-24 15:18:13.909  1701  4243 E OVRService: 	at com.oculus.aidl.OVRServiceInterface$Stub.onTransact(:113431)
06-24 15:18:13.909  1701  4243 E OVRService: 	at android.os.Binder.execTransact(Binder.java:606)
06-24 15:18:13.990   717  1814 W [CT]    : CONSTELLATION: No tracked objects initialized!!
06-24 15:18:14.133  2292  2292 D [SUI] SocialViewModel: refresPartyData()
06-24 15:18:14.410  1548  2651 I Telemetry: App memory usage: PSS=9MB DalvikPSS=1 MB
