06-24 15:17:22.319   717  1226 I [CT]    : VIPER:LOCALIZER: Validation failed.
06-24 15:17:22.420  2129  3415 I VrApi   : FPS=72/72,Prd=41ms,Tear=0,Early=72,Stale=0,VSnc=1,Lat=1,Fov=0,CPU4/GPU=2/4,1651/670MHz,OC=FF,TA=0/E0/0,SP=N/F/N,Mem=1804MHz,Free=2205MB,PLS=0,Temp=30.0C/0.0C,TW=3.32ms,App=0.00ms,GD=0.37ms,CPU&GPU=4.65ms,LCnt=2,GPU%=0.33,CPU%=0.10(W0.15),DSF=1.00
06-24 15:17:22.545   717  1226 I [CT]    : VIPER:LOCALIZER: Validating using a pose that is 0.09 [sec] seconds old.
06-24 15:17:22.546   717  1226 I [CT]    : VIPER: AreaSearch 1 after new Submap. Matched 190. Stats: 0 181 0 0 0 0 8 1 0 0 0 0 0 0 0 0 0 0 ).
06-24 15:17:22.546   717  1226 I [CT]    : VIPER: Searched with 3d-2d (submap id: 1,0): 190 queries.
06-24 15:17:22.546   717  1226 I [CT]    : VIPER: No validation due to too few inliers: num_inliers: 0 < 10
06-24 15:17:22.546   717  1226 I [CT]    : VIPER:LOCALIZER: Validation failed.
06-24 15:17:22.745   717  1226 I [CT]    : VIPER:LOCALIZER: Validating using a pose that is 0.06 [sec] seconds old.
06-24 15:17:22.747   717  1226 I [CT]    : VIPER: AreaSearch 0 after new Submap. Matched 20. Stats: 0 12 0 0 0 1 7 0 0 0 0 0 0 0 0 0 0 0 ).
06-24 15:17:22.747   717  1226 I [CT]    : VIPER: Searched with 3d-2d (submap id: 0,0): 20 queries.
06-24 15:17:22.747   717  1226 I [CT]    : VIPER: No validation due to too few inliers: num_inliers: 0 < 10
06-24 15:17:22.747   717  1226 I [CT]    : VIPER:LOCALIZER: Validation failed.
06-24 15:17:22.990   717  1814 W [CT]    : CONSTELLATION: No tracked objects initialized!!
06-24 15:17:23.112   717  1226 I [CT]    : VIPER:LOCALIZER: Validating using a pose that is 0.09 [sec] seconds old.
06-24 15:17:23.113   717  1226 I [CT]    : VIPER: AreaSearch 0 after new Submap. Matched 130. Stats: 0 124 0 0 0 0 4 2 0 0 0 0 0 0 0 0 0 0 ).
06-24 15:17:23.113   717  1226 I [CT]    : VIPER: Searched with 3d-2d (submap id: 1,0): 130 queries.
06-24 15:17:23.113   717  1226 I [CT]    : VIPER: No validation due to too few inliers: num_inliers: 0 < 10
06-24 15:17:23.113   717  1226 I [CT]    : VIPER:LOCALIZER: Validation failed.
06-24 15:17:23.244  2186  2288 I [OAR] ShellSurfaceRender: Averages: drawCalls 3.0 progBinds 2.0 paramUpdates 9.0 textureBinds 2.0 bufferBinds 1.0
06-24 15:17:23.422  2129  3415 I VrApi   : FPS=73/72,Prd=41ms,Tear=0,Early=73,Stale=0,VSnc=1,Lat=1,Fov=0,CPU4/GPU=2/4,1651/670MHz,OC=FF,TA=0/E0/0,SP=N/F/N,Mem=1804MHz,Free=2205MB,PLS=0,Temp=30.0C/0.0C,TW=3.32ms,App=0.00ms,GD=0.36ms,CPU&GPU=4.82ms,LCnt=2,GPU%=0.33,CPU%=0.16(W0.23),DSF=1.00
06-24 15:17:23.846   717  1226 I [CT]    : VIPER:LOCALIZER: Validating using a pose that is 0.09 [sec] seconds old.
06-24 15:17:23.848   717  1226 I [CT]    : VIPER: AreaSearch 1 after new Submap. Matched 125. Stats: 0 119 0 0 0 0 6 0 0 0 0 0 0 0 0 0 0 0 ).
06-24 15:17:23.848   717  1226 I [CT]    : VIPER: Searched with 3d-2d (submap id: 1,0): 125 queries.
06-24 15:17:23.848   717  1226 I [CT]    : VIPER: No validation due to too few inliers: num_inliers: 0 < 10
06-24 15:17:23.848   717  1226 I [CT]    : VIPER:LOCALIZER: Validation failed.
06-24 15:17:24.023   717  1814 W [CT]    : CONSTELLATION: No tracked objects initialized!!
06-24 15:17:24.027  2186  2288 I [OAR] PlatformBundle: Request BundleConfiguration
06-24 15:17:24.030  2186  3422 W [SEO] Transfer: onFailure: IOException: java.net.UnknownHostException: Unable to resolve host "graph.oculus.com": No address associated with hostname
06-24 15:17:24.035  2186  2288 I [OAR] PlatformBundle: BundleConfiguration fetch failed.
06-24 15:17:24.035  2186  2288 I [OAR] PlatformBundle: Checking cache for bundle configuration.
06-24 15:17:24.035  2186  2288 I [OAR] PlatformBundle: Bundle configuration available from cache.
06-24 15:17:24.035  2186  2288 I [OAR] PlatformBundle: BundleConfiguration is updated.
06-24 15:17:24.058  1701  4091 E ExternalPlatformNetwork: could not get access token from the server
06-24 15:17:24.058  1701  4091 E AppScopedAccessTokenResultBuilder: ResultBuilder error has been set to: Unable to resolve host "graph.oculus.com": No address associated with hostname
06-24 15:17:24.058  1701  4091 E com.oculus.platform.util.Util: operation failed
06-24 15:17:24.059  2186  2447 I OVRPlatform: [RequestStopwatch] AccessTokenRequest took 24.2150 milliseconds
06-24 15:17:24.064  2186  2288 W [OAR] OculusPlatformManager: Platform SDK Response Error: Request ID user-access-token with request ovrMessage_User_GetAccessToken, HTTP Error Code -1, SDK Error Code 1
06-24 15:17:24.064  2186  2288 W [OAR] OculusPlatformManager: ErrorMessage: Unable to resolve host "graph.oculus.com": No address associated with hostname
06-24 15:17:24.064  2186  2288 I [OAR] OculusPlatformManager: OnAccessTokenReceived: Failed to fetch token, retrying in 30s.
06-24 15:17:24.283   717  1815 I [CT]    : VIPER:MAP_MANAGER: State: TrackingTransient, UUID=31dfe14b-bb92-7513-79f6-fe369455238b, Num. Persistent maps = 3, Transient maps:31dfe14b-bb92-7513-79f6-fe369455238b, Persistent maps:98deaa98-39b9-2d43-5500-dda7ed2e661c,ee3dfe27-0280-0828-1403-4cef267baafe,fd5fd6b5-40e2-57ca-3cab-1b970890b65a,, Ser. Disabled = 00000000-0000-0000-0000-000000000000
06-24 15:17:24.311   717  1226 I [CT]    : VIPER:LOCALIZER: Validating using a pose that is 0.13 [sec] seconds old.
06-24 15:17:24.316   717  1226 I [CT]    : VIPER: AreaSearch 2 after new Submap. Matched 214. Stats: 0 184 0 0 0 0 26 4 0 0 0 0 0 0 0 0 0 0 ).
06-24 15:17:24.316   717  1226 I [CT]    : VIPER: Searched with 3d-2d (submap id: 1,0): 214 queries.
06-24 15:17:24.316   717  1226 I [CT]    : VIPER: No validation due to too few inliers: num_inliers: 0 < 10
06-24 15:17:24.316   717  1226 I [CT]    : VIPER:LOCALIZER: Validation failed.
06-24 15:17:24.318   717  1815 I [CT]    : VIPER: Vega=false,Status=6DoF,VALIDATING,KF=8,Inl=63,Pts=73,Mem=49.3,Jit=0.0mm,Issues(Cam/min=0.0,IMU/min=0.0),Exp=(4.6ms,g=3.0,I=57)(5.9ms,g=7.0,I=74)(4.6ms,g=3.0,I=93)(3.7ms,g=3.0,I=74)
06-24 15:17:24.422  2129  3415 I VrApi   : FPS=72/72,Prd=41ms,Tear=0,Early=73,Stale=0,VSnc=1,Lat=1,Fov=0,CPU4/GPU=2/4,1651/670MHz,OC=FF,TA=0/E0/0,SP=N/F/N,Mem=1804MHz,Free=2205MB,PLS=0,Temp=30.0C/0.0C,TW=3.33ms,App=0.00ms,GD=0.40ms,CPU&GPU=4.57ms,LCnt=2,GPU%=0.33,CPU%=0.10(W0.19),DSF=1.00
06-24 15:17:24.545   717  1226 I [CT]    : VIPER:LOCALIZER: Validating using a pose that is 0.09 [sec] seconds old.
06-24 15:17:24.546   717  1226 I [CT]    : VIPER: AreaSearch 3 after new Submap. Matched 44. Stats: 0 38 0 0 0 0 6 0 0 0 0 0 0 0 0 0 0 0 ).
06-24 15:17:24.546   717  1226 I [CT]    : VIPER: Searched with 3d-2d (submap id: 1,0): 44 queries.
06-24 15:17:24.546   717  1226 I [CT]    : VIPER: No validation due to too few inliers: num_inliers: 0 < 10
06-24 15:17:24.546   717  1226 I [CT]    : VIPER:LOCALIZER: Validation failed.
06-24 15:17:25.023   717  1814 W [CT]    : CONSTELLATION: No tracked objects initialized!!
06-24 15:17:25.132  2292  2292 D [SUI] SocialViewModel: refresPartyData()
06-24 15:17:25.178   717  1213 I [CT]    : boltlib: DSP utilization(%): 12
06-24 15:17:25.421  2129  3415 I VrApi   : FPS=73/72,Prd=41ms,Tear=0,Early=72,Stale=0,VSnc=1,Lat=1,Fov=0,CPU4/GPU=2/4,1651/670MHz,OC=FF,TA=0/E0/0,SP=N/F/N,Mem=1804MHz,Free=2205MB,PLS=0,Temp=30.0C/0.0C,TW=3.33ms,App=0.00ms,GD=0.36ms,CPU&GPU=5.07ms,LCnt=2,GPU%=0.33,CPU%=0.15(W0.15),DSF=1.00
06-24 15:17:26.023   717  1814 W [CT]    : CONSTELLATION: No tracked objects initialized!!
06-24 15:17:26.078   717  1226 I [CT]    : VIPER:LOCALIZER: Validating using a pose that is 0.13 [sec] seconds old.
06-24 15:17:26.081   717  1226 I [CT]    : VIPER: No validation due to too few inliers: num_inliers: 0 < 10
06-24 15:17:26.081   717  1226 I [CT]    : VIPER:LOCALIZER: Validation failed.
06-24 15:17:26.284   717  1815 I [CT]    : HealthReport: Everything Passed =)
06-24 15:17:26.421  2129  3415 I VrApi   : FPS=73/72,Prd=41ms,Tear=0,Early=73,Stale=0,VSnc=1,Lat=1,Fov=0,CPU4/GPU=2/4,1651/670MHz,OC=FF,TA=0/E0/0,SP=N/F/N,Mem=1804MHz,Free=2205MB,PLS=0,Temp=30.0C/0.0C,TW=3.33ms,App=0.00ms,GD=0.35ms,CPU&GPU=4.71ms,LCnt=2,GPU%=0.33,CPU%=0.18(W0.26),DSF=1.00
06-24 15:17:27.057   717  1814 W [CT]    : CONSTELLATION: No tracked objects initialized!!
06-24 15:17:27.283   717  1815 I [CT]    : VIPER:MAP_MANAGER: State: TrackingTransient, UUID=31dfe14b-bb92-7513-79f6-fe369455238b, Num. Persistent maps = 3, Transient maps:31dfe14b-bb92-7513-79f6-fe369455238b, Persistent maps:98deaa98-39b9-2d43-5500-dda7ed2e661c,ee3dfe27-0280-0828-1403-4cef267baafe,fd5fd6b5-40e2-57ca-3cab-1b970890b65a,, Ser. Disabled = 00000000-0000-0000-0000-000000000000
06-24 15:17:27.318   717  1815 I [CT]    : VIPER: Vega=false,Status=6DoF,VALIDATING,KF=8,Inl=64,Pts=73,Mem=49.3,Jit=0.0mm,Issues(Cam/min=0.0,IMU/min=0.0),Exp=(4.6ms,g=3.0,I=58)(5.9ms,g=7.0,I=74)(4.6ms,g=3.0,I=93)(3.7ms,g=3.0,I=75)
06-24 15:17:27.410   717  1815 W [CT]    : ID_WRAPAROUND: Id has reached maximum value. Start with min value again.
06-24 15:17:27.422  2129  3415 I VrApi   : FPS=72/72,Prd=41ms,Tear=0,Early=72,Stale=0,VSnc=1,Lat=1,Fov=0,CPU4/GPU=2/4,1651/670MHz,OC=FF,TA=0/E0/0,SP=N/F/N,Mem=1804MHz,Free=2205MB,PLS=0,Temp=30.0C/0.0C,TW=3.32ms,App=0.00ms,GD=0.37ms,CPU&GPU=5.07ms,LCnt=2,GPU%=0.33,CPU%=0.15(W0.23),DSF=1.00
06-24 15:17:27.546  2129  2370 D OVRPlatform: [FBNS] ClientImpl.cpp:244 Failed to connect to the MQTT server (edge-mqtt.facebook.com:443): 15 Lookup error.
06-24 15:17:27.546  2129  2370 D OVRPlatform: [FBNS] ClientImpl.cpp:127 Received a CONNACK without valid credentials
06-24 15:17:27.783   700  3519 W SoftVorbis: vorbis_dsp_synthesis returned -135
06-24 15:17:27.784   700  3519 W SoftVorbis: vorbis_dsp_synthesis returned -135
06-24 15:17:28.090   717  1814 W [CT]    : CONSTELLATION: No tracked objects initialized!!
06-24 15:17:28.412   717  1226 I [CT]    : VIPER:LOCALIZER: Validating using a pose that is 0.09 [sec] seconds old.
06-24 15:17:28.414   717  1226 I [CT]    : VIPER: AreaSearch 0 after new Submap. Matched 41. Stats: 0 31 0 0 0 0 10 0 0 0 0 0 0 0 0 0 0 0 ).
06-24 15:17:28.414   717  1226 I [CT]    : VIPER: Searched with 3d-2d (submap id: 0,0): 41 queries.
06-24 15:17:28.414   717  1226 I [CT]    : VIPER: No validation due to too few inliers: num_inliers: 0 < 10
06-24 15:17:28.414   717  1226 I [CT]    : VIPER:LOCALIZER: Validation failed.
06-24 15:17:28.423  2129  3415 I VrApi   : FPS=73/72,Prd=41ms,Tear=0,Early=72,Stale=0,VSnc=1,Lat=1,Fov=0,CPU4/GPU=2/4,1651/670MHz,OC=FF,TA=0/E0/0,SP=N/F/N,Mem=1804MHz,Free=2204MB,PLS=0,Temp=30.0C/0.0C,TW=3.32ms,App=0.00ms,GD=0.36ms,CPU&GPU=4.91ms,LCnt=2,GPU%=0.32,CPU%=0.17(W0.23),DSF=1.00
06-24 15:17:28.580   717  1226 I [CT]    : VIPER:LOCALIZER: Validating using a pose that is 0.03 [sec] seconds old.
06-24 15:17:28.580   717  1226 I [CT]    : VIPER: AreaSearch 0 after new Submap. Matched 12. Stats: 0 12 0 0 0 0 0 0 0 0 0 0 0 0 0 0 0 0 ).
06-24 15:17:28.580   717  1226 I [CT]    : VIPER: Searched with 3d-2d (submap id: 3,0): 12 queries.
06-24 15:17:28.580   717  1226 I [CT]    : VIPER: No validation due to too few inliers: num_inliers: 0 < 10
06-24 15:17:28.581   717  1226 I [CT]    : VIPER:LOCALIZER: Validation failed.
06-24 15:17:29.123   717  1814 W [CT]    : CONSTELLATION: No tracked objects initialized!!
06-24 15:17:29.412   717  1226 I [CT]    : VIPER:LOCALIZER: Validating using a pose that is 0.09 [sec] seconds old.
06-24 15:17:29.421   717  1226 I [CT]    : VIPER: AreaSearch 0 after new Submap. Matched 157. Stats: 0 91 0 0 0 3 61 2 0 0 0 0 0 0 0 0 0 0 ).
06-24 15:17:29.421   717  1226 I [CT]    : VIPER: Searched with 3d-2d (submap id: 0,0): 157 queries.
06-24 15:17:29.421   717  1226 I [CT]    : VIPER: No validation due to too few inliers: num_inliers: 0 < 10
06-24 15:17:29.421   717  1226 I [CT]    : VIPER:LOCALIZER: Validation failed.
06-24 15:17:29.422  2129  3415 I VrApi   : FPS=73/72,Prd=41ms,Tear=0,Early=73,Stale=0,VSnc=1,Lat=1,Fov=0,CPU4/GPU=2/4,1651/670MHz,OC=FF,TA=0/E0/0,SP=N/F/N,Mem=1804MHz,Free=2204MB,PLS=0,Temp=30.0C/0.0C,TW=3.32ms,App=0.00ms,GD=0.37ms,CPU&GPU=4.66ms,LCnt=2,GPU%=0.33,CPU%=0.13(W0.23),DSF=1.00
06-24 15:17:29.878   717  1226 I [CT]    : VIPER:LOCALIZER: Validating using a pose that is 0.09 [sec] seconds old.
06-24 15:17:29.880   717  1226 I [CT]    : VIPER: AreaSearch 0 after new Submap. Matched 130. Stats: 0 122 0 0 0 0 8 0 0 0 0 0 0 0 0 0 0 0 ).
06-24 15:17:29.880   717  1226 I [CT]    : VIPER: Searched with 3d-2d (submap id: 1,0): 130 queries.
06-24 15:17:29.880   717  1226 I [CT]    : VIPER: No validation due to too few inliers: num_inliers: 0 < 10
06-24 15:17:29.880   717  1226 I [CT]    : VIPER:LOCALIZER: Validation failed.
06-24 15:17:30.022  2292  2292 D [SUI] SocialViewModel: refresPartyData()
06-24 15:17:30.156   717  1814 W [CT]    : CONSTELLATION: No tracked objects initialized!!
06-24 15:17:30.284   717  1815 I [CT]    : VIPER:MAP_MANAGER: State: TrackingTransient, UUID=31dfe14b-bb92-7513-79f6-fe369455238b, Num. Persistent maps = 3, Transient maps:31dfe14b-bb92-7513-79f6-fe369455238b, Persistent maps:98deaa98-39b9-2d43-5500-dda7ed2e661c,ee3dfe27-0280-0828-1403-4cef267baafe,fd5fd6b5-40e2-57ca-3cab-1b970890b65a,, Ser. Disabled = 00000000-0000-0000-0000-000000000000
06-24 15:17:30.318   717  1815 I [CT]    : VIPER: Vega=false,Status=6DoF,VALIDATING,KF=8,Inl=64,Pts=73,Mem=49.3,Jit=0.0mm,Issues(Cam/min=0.0,IMU/min=0.0),Exp=(4.6ms,g=3.0,I=58)(5.9ms,g=7.0,I=74)(4.6ms,g=3.0,I=93)(3.7ms,g=3.0,I=75)
06-24 15:17:30.423  2129  3415 I VrApi   : FPS=73/72,Prd=41ms,Tear=0,Early=72,Stale=0,VSnc=1,Lat=1,Fov=0,CPU4/GPU=2/4,1651/670MHz,OC=FF,TA=0/E0/0,SP=N/F/N,Mem=1804MHz,Free=2204MB,PLS=0,Temp=30.0C/0.0C,TW=3.33ms,App=0.00ms,GD=0.36ms,CPU&GPU=4.77ms,LCnt=2,GPU%=0.33,CPU%=0.18(W0.29),DSF=1.00
06-24 15:17:30.711   717  1226 I [CT]    : VIPER:LOCALIZER: Validating using a pose that is 0.09 [sec] seconds old.
06-24 15:17:30.713   717  1226 I [CT]    : VIPER: AreaSearch 1 after new Submap. Matched 190. Stats: 0 181 0 0 0 0 7 2 0 0 0 0 0 0 0 0 0 0 ).
06-24 15:17:30.713   717  1226 I [CT]    : VIPER: Searched with 3d-2d (submap id: 1,0): 190 queries.
06-24 15:17:30.713   717  1226 I [CT]    : VIPER: No validation due to too few inliers: num_inliers: 0 < 10
06-24 15:17:30.713   717  1226 I [CT]    : VIPER:LOCALIZER: Validation failed.
06-24 15:17:30.767  1548  2633 I [CT]    : MIXEDREALITY: MrServiceView: renderIteration: (every 10 seconds)
06-24 15:17:31.178   717  1213 I [CT]    : boltlib: DSP utilization(%): 12
06-24 15:17:31.190   717  1814 W [CT]    : CONSTELLATION: No tracked objects initialized!!
06-24 15:17:31.284   717  1815 I [CT]    : HealthReport: Everything Passed =)
06-24 15:17:31.422  2129  3415 I VrApi   : FPS=72/72,Prd=41ms,Tear=0,Early=72,Stale=0,VSnc=1,Lat=1,Fov=0,CPU4/GPU=2/4,1651/670MHz,OC=FF,TA=0/E0/0,SP=N/F/N,Mem=1804MHz,Free=2204MB,PLS=0,Temp=30.0C/0.0C,TW=3.31ms,App=0.00ms,GD=0.37ms,CPU&GPU=4.70ms,LCnt=2,GPU%=0.33,CPU%=0.13(W0.19),DSF=1.00
06-24 15:17:31.545   717  1226 I [CT]    : VIPER:LOCALIZER: Validating using a pose that is 0.09 [sec] seconds old.
06-24 15:17:31.546   717  1226 I [CT]    : VIPER: AreaSearch 2 after new Submap. Matched 126. Stats: 0 117 0 0 0 0 9 0 0 0 0 0 0 0 0 0 0 0 ).
06-24 15:17:31.546   717  1226 I [CT]    : VIPER: Searched with 3d-2d (submap id: 1,0): 126 queries.
06-24 15:17:31.546   717  1226 I [CT]    : VIPER: No validation due to too few inliers: num_inliers: 0 < 10
06-24 15:17:31.546   717  1226 I [CT]    : VIPER:LOCALIZER: Validation failed.
06-24 15:17:31.584  2186  2288 I [OAR] ShellSurfaceRender: Averages: drawCalls 3.0 progBinds 2.0 paramUpdates 9.0 textureBinds 2.0 bufferBinds 1.0
06-24 15:17:31.978   717  1226 I [CT]    : VIPER:LOCALIZER: Validating using a pose that is 0.09 [sec] seconds old.
06-24 15:17:31.985   717  1226 I [CT]    : VIPER: AreaSearch 3 after new Submap. Matched 173. Stats: 0 166 0 0 0 0 7 0 0 0 0 0 0 0 0 0 0 0 ).
06-24 15:17:31.985   717  1226 I [CT]    : VIPER: Searched with 3d-2d (submap id: 1,0): 173 queries.
06-24 15:17:31.985   717  1226 I [CT]    : VIPER: No validation due to too few inliers: num_inliers: 0 < 10
06-24 15:17:31.985   717  1226 I [CT]    : VIPER:LOCALIZER: Validation failed.
06-24 15:17:32.078   717  1226 I [CT]    : VIPER:LOCALIZER: Validating using a pose that is 0.06 [sec] seconds old.
06-24 15:17:32.080   717  1226 I [CT]    : VIPER: AreaSearch 0 after new Submap. Matched 1. Stats: 0 1 0 0 0 0 0 0 0 0 0 0 0 0 0 0 0 0 ).
06-24 15:17:32.080   717  1226 I [CT]    : VIPER: Searched with 3d-2d (submap id: 3,0): 1 queries.
06-24 15:17:32.080   717  1226 I [CT]    : VIPER: No validation due to too few inliers: num_inliers: 0 < 10
06-24 15:17:32.080   717  1226 I [CT]    : VIPER:LOCALIZER: Validation failed.
06-24 15:17:32.179   717  1226 I [CT]    : VIPER:LOCALIZER: Validating using a pose that is 0.06 [sec] seconds old.
06-24 15:17:32.186   717  1226 I [CT]    : VIPER: AreaSearch 1 after new Submap. Matched 501. Stats: 1 433 0 0 0 3 58 4 1 0 0 0 0 0 1 0 0 0 ).
06-24 15:17:32.186   717  1226 I [CT]    : VIPER: Searched with 3d-2d (submap id: 3,0): 501 queries.
06-24 15:17:32.187   717  1226 I [CT]    : VIPER: No validation due to too few inliers: num_inliers: 1 < 10
06-24 15:17:32.187   717  1226 I [CT]    : VIPER:LOCALIZER: Validation failed.
06-24 15:17:32.190   717  1814 W [CT]    : CONSTELLATION: No tracked objects initialized!!
06-24 15:17:32.422  2129  3415 I VrApi   : FPS=73/72,Prd=41ms,Tear=0,Early=72,Stale=0,VSnc=1,Lat=1,Fov=0,CPU4/GPU=2/4,1651/670MHz,OC=FF,TA=0/E0/0,SP=N/F/N,Mem=1804MHz,Free=2203MB,PLS=0,Temp=30.0C/0.0C,TW=3.32ms,App=0.00ms,GD=0.36ms,CPU&GPU=4.40ms,LCnt=2,GPU%=0.33,CPU%=0.09(W0.15),DSF=1.00
06-24 15:17:33.223   717  1814 W [CT]    : CONSTELLATION: No tracked objects initialized!!
06-24 15:17:33.245   717  1226 I [CT]    : VIPER:LOCALIZER: Validating using a pose that is 0.06 [sec] seconds old.
06-24 15:17:33.246   717  1226 I [CT]    : VIPER: AreaSearch 2 after new Submap. Matched 3. Stats: 0 3 0 0 0 0 0 0 0 0 0 0 0 0 0 0 0 0 ).
06-24 15:17:33.246   717  1226 I [CT]    : VIPER: Searched with 3d-2d (submap id: 3,0): 3 queries.
06-24 15:17:33.246   717  1226 I [CT]    : VIPER: No validation due to too few inliers: num_inliers: 0 < 10
06-24 15:17:33.246   717  1226 I [CT]    : VIPER:LOCALIZER: Validation failed.
06-24 15:17:33.284   717  1815 I [CT]    : VIPER:MAP_MANAGER: State: TrackingTransient, UUID=31dfe14b-bb92-7513-79f6-fe369455238b, Num. Persistent maps = 3, Transient maps:31dfe14b-bb92-7513-79f6-fe369455238b, Persistent maps:98deaa98-39b9-2d43-5500-dda7ed2e661c,ee3dfe27-0280-0828-1403-4cef267baafe,fd5fd6b5-40e2-57ca-3cab-1b970890b65a,, Ser. Disabled = 00000000-0000-0000-0000-000000000000
06-24 15:17:33.307  1953  1965 W LibraryProvider: Cannot find entitlement for com.oculus.shellenv
06-24 15:17:33.307  1701  1833 W OVRLibrary: null cursor received for query content://com.oculus.ocms.library/apps/com.oculus.shellenv
06-24 15:17:33.318   717  1815 I [CT]    : VIPER: Vega=false,Status=6DoF,VALIDATING,KF=8,Inl=67,Pts=73,Mem=49.3,Jit=0.0mm,Issues(Cam/min=0.0,IMU/min=0.0),Exp=(4.6ms,g=3.0,I=57)(5.9ms,g=7.0,I=74)(4.6ms,g=3.0,I=93)(3.7ms,g=3.0,I=75)
06-24 15:17:33.419  1548  2651 I Telemetry: App memory usage: PSS=9MB DalvikPSS=1 MB
06-24 15:17:33.425  2129  3415 I VrApi   : FPS=72/72,Prd=41ms,Tear=0,Early=72,Stale=0,VSnc=1,Lat=1,Fov=0,CPU4/GPU=2/4,1651/670MHz,OC=FF,TA=0/E0/0,SP=N/F/N,Mem=1804MHz,Free=2203MB,PLS=0,Temp=30.0C/0.0C,TW=3.33ms,App=0.00ms,GD=0.36ms,CPU&GPU=4.64ms,LCnt=2,GPU%=0.33,CPU%=0.10(W0.18),DSF=1.00
06-24 15:17:33.485  1701  1833 E ExternalPlatformLocal: AppID found in Library does NOT match the appID in the bundle.
06-24 15:17:33.488  1701  2287 E ACRA    : Handling exception for soft error
06-24 15:17:33.488  1701  2287 E ACRA    : X.0pp: ExternalPlatformLocal | AppID found in Library does NOT match the appID in the bundle.
06-24 15:17:33.488  1701  2287 E ACRA    : 	at X.0Jf.A8u(:362)
06-24 15:17:33.488  1701  2287 E ACRA    : 	at com.oculus.errorreporting.ErrorReporter.A02(:17)
06-24 15:17:33.488  1701  2287 E ACRA    : 	at com.oculus.horizon.service.ExternalPlatformLocal.getAppID(:86016)
06-24 15:17:33.488  1701  2287 E ACRA    : 	at com.oculus.horizon.service.ExternalPlatformNetwork.getAppScopedAccessToken(:32)
06-24 15:17:33.488  1701  2287 E ACRA    : 	at com.oculus.horizon.service.result.ResultBuilder.A00(:81487)
06-24 15:17:33.488  1701  2287 E ACRA    : 	at com.oculus.horizon.service.OVRService$3.getAppScopedAccessToken(:9)
06-24 15:17:33.488  1701  2287 E ACRA    : 	at com.oculus.aidl.OVRServiceInterface$Stub.onTransact(:113443)
06-24 15:17:33.488  1701  2287 E ACRA    : 	at android.os.Binder.execTransact(Binder.java:606)
06-24 15:17:33.486  1701  1833 E ExternalPlatformLocal: AppID found in Library does NOT match the appID in the bundle.
06-24 15:17:33.511  1701  1833 E ExternalPlatformNetwork: could not get access token from the server
06-24 15:17:33.513  1701  1833 E AppScopedAccessTokenResultBuilder: ResultBuilder error has been set to: Unable to resolve host "graph.oculus.com": No address associated with hostname
06-24 15:17:33.513  1701  1833 E com.oculus.platform.util.Util: operation failed
06-24 15:17:33.520  2129  2229 I OVRPlatform: [RequestStopwatch] AccessTokenRequest took 232.4550 milliseconds
06-24 15:17:33.524  2129  2170 E Clay    : [S]: Oculus Platform SDK failed to get access token with error 'Unable to resolve host "graph.oculus.com": No address associated with hostname'
06-24 15:17:33.524  2129  2170 I Clay    : [I]: OculusPlatform: Error message received. id=580, type=0x06a85abe, code=1, debugText=Unable to resolve host "graph.oculus.com": No address associated with hostname
06-24 15:17:33.546  1953  2260 W LibraryProvider: Cannot find entitlement for com.oculus.shellenv
06-24 15:17:33.546  1701  2284 W OVRLibrary: null cursor received for query content://com.oculus.ocms.library/apps/com.oculus.shellenv
06-24 15:17:33.549  1701  2284 E OVRService: Unable to find AppId for package (com.oculus.shellenv)
06-24 15:17:33.549  1701  2284 E OVRService: com.oculus.horizon.service.ExternalPlatformLocal$PackageNotInLibraryException: Package com.oculus.shellenv not in users library
06-24 15:17:33.549  1701  2284 E OVRService: 	at com.oculus.horizon.service.ExternalPlatformLocal.getAppID(:86018)
06-24 15:17:33.549  1701  2284 E OVRService: 	at com.oculus.horizon.service.ExternalPlatformLocal.getAppID(:86080)
06-24 15:17:33.549  1701  2284 E OVRService: 	at com.oculus.horizon.service.OVRService$3.logToMarauder(:34)
06-24 15:17:33.549  1701  2284 E OVRService: 	at com.oculus.aidl.OVRServiceInterface$Stub.onTransact(:113431)
06-24 15:17:33.549  1701  2284 E OVRService: 	at android.os.Binder.execTransact(Binder.java:606)
06-24 15:17:33.579   717  1226 I [CT]    : VIPER:LOCALIZER: Validating using a pose that is 0.06 [sec] seconds old.
06-24 15:17:33.581   717  1226 I [CT]    : VIPER: AreaSearch 3 after new Submap. Matched 262. Stats: 0 262 0 0 0 0 0 0 0 0 0 0 0 0 0 0 0 0 ).
06-24 15:17:33.581   717  1226 I [CT]    : VIPER: Searched with 3d-2d (submap id: 3,0): 262 queries.
06-24 15:17:33.581   717  1226 I [CT]    : VIPER: No validation due to too few inliers: num_inliers: 0 < 10
06-24 15:17:33.581   717  1226 I [CT]    : VIPER:LOCALIZER: Validation failed.
06-24 15:17:33.591  2205  2471 I Telemetry: App memory usage: PSS=42MB DalvikPSS=1 MB
06-24 15:17:33.927  1701  1711 I art     : Background sticky concurrent mark sweep GC freed 11205(958KB) AllocSpace objects, 12(648KB) LOS objects, 21% free, 4MB/6MB, paused 8.960ms total 34.674ms
06-24 15:17:34.133  2205  2476 I [CT]    : MIXEDREALITY: PassthroughTelemetry: Passthrough rendering telemetry over 30.0 seconds:
06-24 15:17:34.133  2205  2476 I [CT]    : MIXEDREALITY: PassthroughTelemetry: - session duration: 390169.7 ms
06-24 15:17:34.133  2205  2476 I [CT]    : MIXEDREALITY: PassthroughTelemetry: - time to first render: 74.6 ms
06-24 15:17:34.133  2205  2476 I [CT]    : MIXEDREALITY: PassthroughTelemetry: - time to first depth map: 157.9 ms
06-24 15:17:34.133  2205  2476 I [CT]    : MIXEDREALITY: PassthroughTelemetry: - rates: rendering: 71.0/72.0, images: 30.0, geometry: 30.0, texture: 30.0, tex coord: 56.7 fps
06-24 15:17:34.133  2205  2476 I [CT]    : MIXEDREALITY: PassthroughTelemetry: - processing: image updates: 901.0, uninitialized depth: 0.0, stale depth: 0.0
06-24 15:17:34.133  2205  2476 I [CT]    : MIXEDREALITY: PassthroughTelemetry: - latencies (min/avg/max): images: 15.1,21.3,32.1, photon-to-geometry: 51.0,58.6,81.6, photon-to-texture: 39.9,45.8,65.1 ms
06-24 15:17:34.133  2205  2476 I [CT]    : MIXEDREALITY: MrRuntimeImpl: sendPassthroughRenderingTelemetry: Logging telemetry.
06-24 15:17:34.145   717  1226 I [CT]    : VIPER:LOCALIZER: Validating using a pose that is 0.03 [sec] seconds old.
06-24 15:17:34.146   717  1226 I [CT]    : VIPER: No validation due to too few inliers: num_inliers: 0 < 10
06-24 15:17:34.146   717  1226 I [CT]    : VIPER:LOCALIZER: Validation failed.
06-24 15:17:34.256   717  1814 W [CT]    : CONSTELLATION: No tracked objects initialized!!
06-24 15:17:34.376   716  2474 I [CT]    : MIXEDREALITY: PassthroughTelemetry: Passthrough compute telemetry over 30.0 seconds:
06-24 15:17:34.376   716  2474 I [CT]    : MIXEDREALITY: PassthroughTelemetry: - using online cal: yes, calibration age: 133934.3 minutes
06-24 15:17:34.376   716  2474 I [CT]    : MIXEDREALITY: PassthroughTelemetry: - frames processed: 901.0, dequeued: 0.0, dropped 0.0
06-24 15:17:34.376   716  2474 I [CT]    : MIXEDREALITY: PassthroughTelemetry: - mvs: possible: 3722932.0, actual: 1568054.0, intra frame: 1431732.0
06-24 15:17:34.376   716  2474 I [CT]    : MIXEDREALITY: PassthroughTelemetry: - mvs checks: left-right: 334494.0, filter: 281500.0, epipolar: 144200.0
06-24 15:17:34.376   716  2474 I [CT]    : MIXEDREALITY: PassthroughTelemetry: - refinement: refine: 96344.0, temporal hist: 18926.0
06-24 15:17:34.376   716  2474 I [CT]    : MIXEDREALITY: PassthroughTelemetry: - points: new: 96345.0, prior: 18412.0, primary: 8512.0, secondary: 9903.0
06-24 15:17:34.376   716  2474 I [CT]    : MIXEDREALITY: PassthroughTelemetry: - per frame: primary: 0.0,9.4,30.0, secondary: 2.0,11.0,29.0, solver iterations 23.9
06-24 15:17:34.376   716  2474 I [CT]    : MIXEDREALITY: MrRuntimeCompute: sendPassthroughComputeTelemetry: Logging telemetry.
06-24 15:17:34.423  2129  3415 I VrApi   : FPS=73/72,Prd=41ms,Tear=0,Early=72,Stale=0,VSnc=1,Lat=1,Fov=0,CPU4/GPU=2/4,1651/670MHz,OC=FF,TA=0/E0/0,SP=N/F/N,Mem=1804MHz,Free=2201MB,PLS=0,Temp=30.0C/0.0C,TW=3.36ms,App=0.00ms,GD=0.38ms,CPU&GPU=4.78ms,LCnt=2,GPU%=0.33,CPU%=0.15(W0.23),DSF=1.00
06-24 15:17:34.444   716  2474 I [CT]    : MIXEDREALITY: PlayspaceScanTelemetry: PlayspaceScanComputeTelemetry over 30.0 seconds:
06-24 15:17:34.444   716  2474 I [CT]    : MIXEDREALITY: PlayspaceScanTelemetry: - using online cal: yes, calibration age: 133934.3 minutes
06-24 15:17:34.444   716  2474 I [CT]    : MIXEDREALITY: PlayspaceScanTelemetry: - frames processed: 901.0, dequeued: 0.0, dropped 0.0
06-24 15:17:34.444   716  2474 I [CT]    : MIXEDREALITY: PlayspaceScanTelemetry: - mvs: possible: 3722932.0, actual: 1568005.0, intra frame: 1431591.0
06-24 15:17:34.444   716  2474 I [CT]    : MIXEDREALITY: PlayspaceScanTelemetry: - mvs checks: left-right: 334516.0, filter: 281484.0, epipolar: 144244.0
06-24 15:17:34.444   716  2474 I [CT]    : MIXEDREALITY: PlayspaceScanTelemetry: - refinement: refine: 102178.0, temporal hist: 164805.0
06-24 15:17:34.444   716  2474 I [CT]    : MIXEDREALITY: PlayspaceScanTelemetry: - points: new: 102179.0, prior: 155747.0, primary: 86013.0, secondary: 69761.0
06-24 15:17:34.444   716  2474 I [CT]    : MIXEDREALITY: PlayspaceScanTelemetry: - per frame: primary: 67.0,95.5,126.0, secondary: 39.0,77.4,117.0
06-24 15:17:34.444   716  2474 I [CT]    : MIXEDREALITY: PlayspaceScanTelemetry: - rejected stereo points (min/avg/max): 0.0/0.0/0.0
06-24 15:17:34.444   716  2474 I [CT]    : MIXEDREALITY: PlayspaceScanTelemetry: - stereo depths (min/avg/max): 0.0/0.0/0.0 m
06-24 15:17:34.444   716  2474 I [CT]    : MIXEDREALITY: PlayspaceScanTelemetry: - voxels (min/avg/max): touched: 0.0/0.0/0.0, removed: 0.0/0.0/0.0
06-24 15:17:34.444   716  2474 I [CT]    : MIXEDREALITY: PlayspaceScanTelemetry:   floor voxels: 0.0, ceiling voxels: 0.0
06-24 15:17:34.444   716  2474 I [CT]    : MIXEDREALITY: PlayspaceScanTelemetry:   occupied voxels while drawing: inside: -1.0, outside: -1.0
06-24 15:17:34.444   716  2474 I [CT]    : MIXEDREALITY: PlayspaceScanTelemetry:   occupied voxels complete guardian: inside: 0.0, outside: 0.0
06-24 15:17:34.444   716  2474 I [CT]    : MIXEDREALITY: PlayspaceScanTelemetry: - occupied guardian area ratio (min/avg/max): 0.0/0.0/0.0
06-24 15:17:34.444   716  2474 I [CT]    : MIXEDREALITY: PlayspaceScanTelemetry: - device outside grid: 0.0
06-24 15:17:34.444   716  2474 I [CT]    : MIXEDREALITY: PlayspaceScanTelemetry: - rates: images: 30.01212, geometry: 30.01212 fps
06-24 15:17:34.444   716  2474 I [CT]    : MIXEDREALITY: PlayspaceScanTelemetry: - latencies (min/avg/max): stereo: 10.71880105882883/11.48670632392168/15.418178401887417, aggregation: 0.0/0.0/0.0, decay: 0.0/0.0/0.0 ms
06-24 15:17:34.444   716  2474 I [CT]    : MIXEDREALITY: MrRuntimeCompute: sendPlayspaceScanComputeTelemetry: Logging telemetry.
06-24 15:17:34.678  1701  2030 E PresenceManager: Heartbeat error.
06-24 15:17:34.924  2292  2292 D [SUI] SocialViewModel: refresPartyData()
06-24 15:17:35.256   717  1814 W [CT]    : CONSTELLATION: No tracked objects initialized!!
06-24 15:17:35.558  2129  3415 I Telemetry: App memory usage: PSS=255MB DalvikPSS=1 MB
06-24 15:17:35.561  2129  3415 I VrApi   : FPS=73/72,Prd=40ms,Tear=0,Early=72,Stale=0,VSnc=1,Lat=1,Fov=0,CPU4/GPU=2/4,1651/670MHz,OC=FF,TA=0/E0/0,SP=N/F/N,Mem=1804MHz,Free=2200MB,PLS=0,Temp=30.0C/0.0C,TW=3.33ms,App=0.00ms,GD=0.37ms,CPU&GPU=5.30ms,LCnt=2,GPU%=0.33,CPU%=0.15(W0.18),DSF=1.00
06-24 15:17:36.283   717  1815 I [CT]    : VIPER:MAP_MANAGER: State: TrackingTransient, UUID=31dfe14b-bb92-7513-79f6-fe369455238b, Num. Persistent maps = 3, Transient maps:31dfe14b-bb92-7513-79f6-fe369455238b, Persistent maps:98deaa98-39b9-2d43-5500-dda7ed2e661c,ee3dfe27-0280-0828-1403-4cef267baafe,fd5fd6b5-40e2-57ca-3cab-1b970890b65a,, Ser. Disabled = 00000000-0000-0000-0000-000000000000
06-24 15:17:36.283   717  1815 I [CT]    : HealthReport: Everything Passed =)
06-24 15:17:36.290   717  1814 W [CT]    : CONSTELLATION: No tracked objects initialized!!
06-24 15:17:36.319   717  1815 I [CT]    : VIPER: Vega=false,Status=6DoF,VALIDATING,KF=8,Inl=66,Pts=73,Mem=49.3,Jit=0.0mm,Issues(Cam/min=0.0,IMU/min=0.0),Exp=(4.6ms,g=3.0,I=56)(5.9ms,g=7.0,I=74)(4.6ms,g=3.0,I=92)(3.7ms,g=3.0,I=74)
06-24 15:17:36.430  2129  3415 I VrApi   : FPS=72/72,Prd=41ms,Tear=0,Early=73,Stale=0,VSnc=1,Lat=1,Fov=0,CPU4/GPU=2/4,1651/670MHz,OC=FF,TA=0/E0/0,SP=N/F/N,Mem=1804MHz,Free=2200MB,PLS=0,Temp=30.0C/0.0C,TW=3.33ms,App=0.00ms,GD=0.36ms,CPU&GPU=4.88ms,LCnt=2,GPU%=0.33,CPU%=0.11(W0.14),DSF=1.00
06-24 15:17:37.181   717  1213 I [CT]    : boltlib: DSP utilization(%): 12
06-24 15:17:37.290   717  1814 W [CT]    : CONSTELLATION: No tracked objects initialized!!
06-24 15:17:37.426  2129  3415 I VrApi   : FPS=73/72,Prd=41ms,Tear=0,Early=73,Stale=0,VSnc=1,Lat=1,Fov=0,CPU4/GPU=2/4,1651/670MHz,OC=FF,TA=0/E0/0,SP=N/F/N,Mem=1804MHz,Free=2200MB,PLS=0,Temp=30.0C/0.0C,TW=3.32ms,App=0.00ms,GD=0.38ms,CPU&GPU=4.59ms,LCnt=2,GPU%=0.33,CPU%=0.09(W0.11),DSF=1.00
06-24 15:17:37.448  2186  3411 I Telemetry: App memory usage: PSS=138MB DalvikPSS=2 MB
06-24 15:17:37.578   717  1226 I [CT]    : VIPER:LOCALIZER: Validating using a pose that is 0.09 [sec] seconds old.
06-24 15:17:37.580   717  1226 I [CT]    : VIPER: AreaSearch 0 after new Submap. Matched 189. Stats: 0 182 0 0 0 0 6 1 0 0 0 0 0 0 0 0 0 0 ).
06-24 15:17:37.580   717  1226 I [CT]    : VIPER: Searched with 3d-2d (submap id: 1,0): 189 queries.
06-24 15:17:37.580   717  1226 I [CT]    : VIPER: No validation due to too few inliers: num_inliers: 0 < 10
06-24 15:17:37.580   717  1226 I [CT]    : VIPER:LOCALIZER: Validation failed.
06-24 15:17:37.811   717  1226 I [CT]    : VIPER:LOCALIZER: Validating using a pose that is 0.09 [sec] seconds old.
06-24 15:17:37.813   717  1226 I [CT]    : VIPER: AreaSearch 0 after new Submap. Matched 37. Stats: 0 28 0 0 0 0 9 0 0 0 0 0 0 0 0 0 0 0 ).
06-24 15:17:37.813   717  1226 I [CT]    : VIPER: Searched with 3d-2d (submap id: 0,0): 37 queries.
06-24 15:17:37.813   717  1226 I [CT]    : VIPER: No validation due to too few inliers: num_inliers: 0 < 10
06-24 15:17:37.813   717  1226 I [CT]    : VIPER:LOCALIZER: Validation failed.
06-24 15:17:38.323   717  1814 W [CT]    : CONSTELLATION: No tracked objects initialized!!
06-24 15:17:38.373  1892  1944 I Vsync   : Vsync 40075:  1 x 14.55 ms (72.00 Hz, at 576.753)
06-24 15:17:38.388  1892  1944 I Vsync   : Vsync 40076:  1 x 13.23 ms (72.00 Hz, at 576.768)
06-24 15:17:38.424  2129  3415 I VrApi   : FPS=73/72,Prd=41ms,Tear=0,Early=72,Stale=0,VSnc=1,Lat=1,Fov=0,CPU4/GPU=2/4,1651/670MHz,OC=FF,TA=0/E0/0,SP=N/F/N,Mem=1804MHz,Free=2200MB,PLS=0,Temp=30.0C/0.0C,TW=3.32ms,App=0.00ms,GD=0.36ms,CPU&GPU=4.85ms,LCnt=2,GPU%=0.33,CPU%=0.19(W0.31),DSF=1.00
06-24 15:17:38.911  2292  2292 D [SUI] SocialViewModel: refreshHiPriData()
06-24 15:17:38.911  2292  2292 D [SUI] SocialViewModel: refreshLowPriData()
06-24 15:17:39.049  2186  2288 I [OAR] PlatformBundle: Request BundleConfiguration
06-24 15:17:39.053  2186  3422 W [SEO] Transfer: onFailure: IOException: java.net.UnknownHostException: Unable to resolve host "graph.oculus.com": No address associated with hostname
06-24 15:17:39.063  2186  2288 I [OAR] PlatformBundle: BundleConfiguration fetch failed.
06-24 15:17:39.063  2186  2288 I [OAR] PlatformBundle: Checking cache for bundle configuration.
06-24 15:17:39.063  2186  2288 I [OAR] PlatformBundle: Bundle configuration available from cache.
06-24 15:17:39.064  2186  2288 I [OAR] PlatformBundle: BundleConfiguration is updated.
06-24 15:17:39.283   717  1815 I [CT]    : VIPER:MAP_MANAGER: State: TrackingTransient, UUID=31dfe14b-bb92-7513-79f6-fe369455238b, Num. Persistent maps = 3, Transient maps:31dfe14b-bb92-7513-79f6-fe369455238b, Persistent maps:98deaa98-39b9-2d43-5500-dda7ed2e661c,ee3dfe27-0280-0828-1403-4cef267baafe,fd5fd6b5-40e2-57ca-3cab-1b970890b65a,, Ser. Disabled = 00000000-0000-0000-0000-000000000000
06-24 15:17:39.317   717  1815 I [CT]    : VIPER: Vega=false,Status=6DoF,VALIDATING,KF=8,Inl=68,Pts=73,Mem=49.3,Jit=0.0mm,Issues(Cam/min=0.0,IMU/min=0.0),Exp=(4.6ms,g=3.0,I=56)(5.9ms,g=7.0,I=74)(4.6ms,g=3.0,I=92)(3.7ms,g=3.0,I=74)
06-24 15:17:39.356   717  1814 W [CT]    : CONSTELLATION: No tracked objects initialized!!
06-24 15:17:39.379   717  1226 I [CT]    : VIPER:LOCALIZER: Validating using a pose that is 0.13 [sec] seconds old.
06-24 15:17:39.380   717  1226 I [CT]    : VIPER: AreaSearch 0 after new Submap. Matched 60. Stats: 0 59 0 0 0 0 1 0 0 0 0 0 0 0 0 0 0 0 ).
06-24 15:17:39.380   717  1226 I [CT]    : VIPER: Searched with 3d-2d (submap id: 1,0): 60 queries.
06-24 15:17:39.380   717  1226 I [CT]    : VIPER: No validation due to too few inliers: num_inliers: 0 < 10
06-24 15:17:39.380   717  1226 I [CT]    : VIPER:LOCALIZER: Validation failed.
06-24 15:17:39.424  2129  3415 I VrApi   : FPS=72/72,Prd=41ms,Tear=0,Early=73,Stale=0,VSnc=1,Lat=1,Fov=0,CPU4/GPU=2/4,1651/670MHz,OC=FF,TA=0/E0/0,SP=N/F/N,Mem=1804MHz,Free=2203MB,PLS=0,Temp=30.0C/0.0C,TW=3.32ms,App=0.00ms,GD=0.37ms,CPU&GPU=4.66ms,LCnt=2,GPU%=0.33,CPU%=0.17(W0.23),DSF=1.00
06-24 15:17:39.827  2292  2292 D [SUI] SocialViewModel: refresPartyData()
06-24 15:17:39.911  2186  2288 I [OAR] ShellSurfaceRender: Averages: drawCalls 3.0 progBinds 2.0 paramUpdates 9.0 textureBinds 2.0 bufferBinds 1.0
06-24 15:17:40.346   717  1226 I [CT]    : VIPER:LOCALIZER: Validating using a pose that is 0.09 [sec] seconds old.
06-24 15:17:40.347   717  1226 I [CT]    : VIPER: AreaSearch 1 after new Submap. Matched 132. Stats: 0 126 0 0 0 0 3 3 0 0 0 0 0 0 0 0 0 0 ).
06-24 15:17:40.347   717  1226 I [CT]    : VIPER: Searched with 3d-2d (submap id: 1,0): 132 queries.
06-24 15:17:40.347   717  1226 I [CT]    : VIPER: No validation due to too few inliers: num_inliers: 0 < 10
06-24 15:17:40.347   717  1226 I [CT]    : VIPER:LOCALIZER: Validation failed.
06-24 15:17:40.390   717  1814 W [CT]    : CONSTELLATION: No tracked objects initialized!!
06-24 15:17:40.424  2129  3415 I VrApi   : FPS=73/72,Prd=41ms,Tear=0,Early=72,Stale=0,VSnc=1,Lat=1,Fov=0,CPU4/GPU=2/4,1651/670MHz,OC=FF,TA=0/E0/0,SP=N/F/N,Mem=1804MHz,Free=2203MB,PLS=0,Temp=30.0C/0.0C,TW=3.31ms,App=0.00ms,GD=0.36ms,CPU&GPU=4.80ms,LCnt=2,GPU%=0.33,CPU%=0.15(W0.19),DSF=1.00
06-24 15:17:40.678   717  1226 I [CT]    : VIPER:LOCALIZER: Validating using a pose that is 0.09 [sec] seconds old.
06-24 15:17:40.681   717  1226 I [CT]    : VIPER: AreaSearch 2 after new Submap. Matched 145. Stats: 0 141 0 0 0 0 4 0 0 0 0 0 0 0 0 0 0 0 ).
06-24 15:17:40.681   717  1226 I [CT]    : VIPER: Searched with 3d-2d (submap id: 1,0): 145 queries.
06-24 15:17:40.681   717  1226 I [CT]    : VIPER: No validation due to too few inliers: num_inliers: 0 < 10
06-24 15:17:40.681   717  1226 I [CT]    : VIPER:LOCALIZER: Validation failed.
06-24 15:17:40.773  1548  2633 I [CT]    : MIXEDREALITY: MrServiceView: renderIteration: (every 10 seconds)
06-24 15:17:41.285   717  1815 I [CT]    : HealthReport: Everything Passed =)
06-24 15:17:41.423   717  1814 W [CT]    : CONSTELLATION: No tracked objects initialized!!
06-24 15:17:41.424  2129  3415 I VrApi   : FPS=72/72,Prd=41ms,Tear=0,Early=73,Stale=0,VSnc=1,Lat=1,Fov=0,CPU4/GPU=2/4,1651/670MHz,OC=FF,TA=0/E0/0,SP=N/F/N,Mem=1804MHz,Free=2203MB,PLS=0,Temp=30.0C/0.0C,TW=3.32ms,App=0.00ms,GD=0.36ms,CPU&GPU=4.64ms,LCnt=2,GPU%=0.33,CPU%=0.10(W0.14),DSF=1.00
06-24 15:17:41.911   717  1226 I [CT]    : VIPER:LOCALIZER: Validating using a pose that is 0.06 [sec] seconds old.
06-24 15:17:41.915   717  1226 I [CT]    : VIPER: AreaSearch 0 after new Submap. Matched 361. Stats: 0 360 0 0 0 0 1 0 0 0 0 0 0 0 0 0 0 0 ).
06-24 15:17:41.915   717  1226 I [CT]    : VIPER: Searched with 3d-2d (submap id: 3,0): 361 queries.
06-24 15:17:41.915   717  1226 I [CT]    : VIPER: No validation due to too few inliers: num_inliers: 0 < 10
06-24 15:17:41.915   717  1226 I [CT]    : VIPER:LOCALIZER: Validation failed.
06-24 15:17:41.946   700  3519 W SoftVorbis: vorbis_dsp_synthesis returned -135
06-24 15:17:41.948   700  3519 W SoftVorbis: vorbis_dsp_synthesis returned -135
06-24 15:17:42.284   717  1815 I [CT]    : VIPER:MAP_MANAGER: State: TrackingTransient, UUID=31dfe14b-bb92-7513-79f6-fe369455238b, Num. Persistent maps = 3, Transient maps:31dfe14b-bb92-7513-79f6-fe369455238b, Persistent maps:98deaa98-39b9-2d43-5500-dda7ed2e661c,ee3dfe27-0280-0828-1403-4cef267baafe,fd5fd6b5-40e2-57ca-3cab-1b970890b65a,, Ser. Disabled = 00000000-0000-0000-0000-000000000000
06-24 15:17:42.317   717  1815 I [CT]    : VIPER: Vega=false,Status=6DoF,VALIDATING,KF=8,Inl=62,Pts=73,Mem=49.3,Jit=0.0mm,Issues(Cam/min=0.0,IMU/min=0.0),Exp=(4.5ms,g=3.0,I=57)(5.9ms,g=7.0,I=74)(4.5ms,g=3.0,I=92)(3.7ms,g=3.0,I=74)
06-24 15:17:42.378   717  1226 I [CT]    : VIPER:LOCALIZER: Validating using a pose that is 0.09 [sec] seconds old.
06-24 15:17:42.386   717  1226 I [CT]    : VIPER: AreaSearch 0 after new Submap. Matched 202. Stats: 1 110 0 0 2 4 81 4 0 0 0 0 0 0 0 0 0 0 ).
06-24 15:17:42.386   717  1226 I [CT]    : VIPER: Searched with 3d-2d (submap id: 1,0): 202 queries.
06-24 15:17:42.386   717  1226 I [CT]    : VIPER: No validation due to too few inliers: num_inliers: 1 < 10
06-24 15:17:42.386   717  1226 I [CT]    : VIPER:LOCALIZER: Validation failed.
06-24 15:17:42.423   717  1814 W [CT]    : CONSTELLATION: No tracked objects initialized!!
06-24 15:17:42.426  2129  3415 I VrApi   : FPS=73/72,Prd=41ms,Tear=0,Early=73,Stale=0,VSnc=1,Lat=1,Fov=0,CPU4/GPU=2/4,1651/670MHz,OC=FF,TA=0/E0/0,SP=N/F/N,Mem=1804MHz,Free=2204MB,PLS=0,Temp=30.0C/0.0C,TW=3.32ms,App=0.00ms,GD=0.36ms,CPU&GPU=4.78ms,LCnt=2,GPU%=0.33,CPU%=0.15(W0.16),DSF=1.00
06-24 15:17:42.645   717  1226 I [CT]    : VIPER:LOCALIZER: Validating using a pose that is 0.13 [sec] seconds old.
06-24 15:17:42.649   717  1226 I [CT]    : VIPER: AreaSearch 1 after new Submap. Matched 79. Stats: 0 51 0 0 0 2 24 2 0 0 0 0 0 0 0 0 0 0 ).
06-24 15:17:42.649   717  1226 I [CT]    : VIPER: Searched with 3d-2d (submap id: 1,0): 79 queries.
06-24 15:17:42.649   717  1226 I [CT]    : VIPER: No validation due to too few inliers: num_inliers: 0 < 10
06-24 15:17:42.649   717  1226 I [CT]    : VIPER:LOCALIZER: Validation failed.
06-24 15:17:42.878   717  1226 I [CT]    : VIPER:LOCALIZER: Validating using a pose that is 0.09 [sec] seconds old.
06-24 15:17:42.882   717  1226 I [CT]    : VIPER: AreaSearch 2 after new Submap. Matched 132. Stats: 2 77 0 0 5 3 41 4 0 0 0 0 0 0 0 0 0 0 ).
06-24 15:17:42.883   717  1226 I [CT]    : VIPER: Searched with 3d-2d (submap id: 1,0): 132 queries.
06-24 15:17:42.884   717  1226 I [CT]    : VIPER: No validation due to too few inliers: num_inliers: 2 < 10
06-24 15:17:42.884   717  1226 I [CT]    : VIPER:LOCALIZER: Validation failed.
06-24 15:17:43.181   717  1213 I [CT]    : boltlib: DSP utilization(%): 12
06-24 15:17:43.311   717  1226 I [CT]    : VIPER:LOCALIZER: Validating using a pose that is 0.09 [sec] seconds old.
06-24 15:17:43.319   717  1226 I [CT]    : VIPER: AreaSearch 3 after new Submap. Matched 160. Stats: 3 98 0 0 7 1 47 3 1 0 0 0 0 0 0 0 0 0 ).
06-24 15:17:43.319   717  1226 I [CT]    : VIPER: Searched with 3d-2d (submap id: 1,0): 160 queries.
06-24 15:17:43.319   717  1226 I [CT]    : VIPER: No validation due to too few inliers: num_inliers: 2 < 10
06-24 15:17:43.320   717  1226 I [CT]    : VIPER:LOCALIZER: Validation failed.
06-24 15:17:43.387  1892  1944 I Vsync   : Vsync 40436:  2 x 13.89 ms (72.00 Hz, at 581.767)
06-24 15:17:43.425  2129  3415 I VrApi   : FPS=72/72,Prd=41ms,Tear=0,Early=73,Stale=0,VSnc=1,Lat=1,Fov=0,CPU4/GPU=2/4,1651/670MHz,OC=FF,TA=0/E0/0,SP=N/F/N,Mem=1804MHz,Free=2203MB,PLS=0,Temp=30.0C/0.0C,TW=3.34ms,App=0.00ms,GD=0.39ms,CPU&GPU=4.67ms,LCnt=2,GPU%=0.33,CPU%=0.12(W0.19),DSF=1.00
06-24 15:17:43.456   717  1814 W [CT]    : CONSTELLATION: No tracked objects initialized!!
06-24 15:17:44.425  2129  3415 I VrApi   : FPS=73/72,Prd=41ms,Tear=0,Early=73,Stale=0,VSnc=1,Lat=1,Fov=0,CPU4/GPU=2/4,1651/670MHz,OC=FF,TA=0/E0/0,SP=N/F/N,Mem=1804MHz,Free=2204MB,PLS=0,Temp=30.0C/0.0C,TW=3.33ms,App=0.00ms,GD=0.39ms,CPU&GPU=4.60ms,LCnt=2,GPU%=0.33,CPU%=0.13(W0.18),DSF=1.00
06-24 15:17:44.490   717  1814 W [CT]    : CONSTELLATION: No tracked objects initialized!!
06-24 15:17:44.579   717  1226 I [CT]    : VIPER:LOCALIZER: Validating using a pose that is 0.13 [sec] seconds old.
06-24 15:17:44.581   717  1226 I [CT]    : VIPER: No validation due to too few inliers: num_inliers: 0 < 10
06-24 15:17:44.581   717  1226 I [CT]    : VIPER:LOCALIZER: Validation failed.
06-24 15:17:44.730  2292  2292 D [SUI] SocialViewModel: refresPartyData()
06-24 15:17:45.012   717  1226 I [CT]    : VIPER:LOCALIZER: Validating using a pose that is 0.09 [sec] seconds old.
06-24 15:17:45.014   717  1226 I [CT]    : VIPER: No validation due to too few inliers: num_inliers: 0 < 10
06-24 15:17:45.014   717  1226 I [CT]    : VIPER:LOCALIZER: Validation failed.
06-24 15:17:45.283   717  1815 I [CT]    : VIPER:MAP_MANAGER: State: TrackingTransient, UUID=31dfe14b-bb92-7513-79f6-fe369455238b, Num. Persistent maps = 3, Transient maps:31dfe14b-bb92-7513-79f6-fe369455238b, Persistent maps:98deaa98-39b9-2d43-5500-dda7ed2e661c,ee3dfe27-0280-0828-1403-4cef267baafe,fd5fd6b5-40e2-57ca-3cab-1b970890b65a,, Ser. Disabled = 00000000-0000-0000-0000-000000000000
06-24 15:17:45.318   717  1815 I [CT]    : VIPER: Vega=false,Status=6DoF,VALIDATING,KF=8,Inl=67,Pts=73,Mem=49.3,Jit=0.0mm,Issues(Cam/min=0.0,IMU/min=0.0),Exp=(4.6ms,g=3.0,I=57)(5.9ms,g=7.0,I=74)(4.6ms,g=3.0,I=93)(3.7ms,g=3.0,I=75)
06-24 15:17:45.428  2129  3415 I VrApi   : FPS=73/72,Prd=41ms,Tear=0,Early=72,Stale=0,VSnc=1,Lat=1,Fov=0,CPU4/GPU=2/4,1651/670MHz,OC=FF,TA=0/E0/0,SP=N/F/N,Mem=1804MHz,Free=2204MB,PLS=0,Temp=30.0C/0.0C,TW=3.32ms,App=0.00ms,GD=0.36ms,CPU&GPU=4.53ms,LCnt=2,GPU%=0.33,CPU%=0.10(W0.15),DSF=1.00
06-24 15:17:45.478   717  1226 I [CT]    : VIPER:LOCALIZER: Validating using a pose that is 0.13 [sec] seconds old.
06-24 15:17:45.488   717  1226 I [CT]    : VIPER: No validation due to too few inliers: num_inliers: 7 < 10
06-24 15:17:45.488   717  1226 I [CT]    : VIPER:LOCALIZER: Validation failed.
06-24 15:17:45.490   717  1814 W [CT]    : CONSTELLATION: No tracked objects initialized!!
06-24 15:17:45.912   717  1226 I [CT]    : VIPER:LOCALIZER: Validating using a pose that is 0.06 [sec] seconds old.
06-24 15:17:45.913   717  1226 I [CT]    : VIPER: AreaSearch 0 after new Submap. Matched 15. Stats: 0 14 0 0 0 0 1 0 0 0 0 0 0 0 0 0 0 0 ).
06-24 15:17:45.913   717  1226 I [CT]    : VIPER: Searched with 3d-2d (submap id: 3,0): 15 queries.
06-24 15:17:45.913   717  1226 I [CT]    : VIPER: No validation due to too few inliers: num_inliers: 0 < 10
06-24 15:17:45.913   717  1226 I [CT]    : VIPER:LOCALIZER: Validation failed.
06-24 15:17:46.284   717  1815 I [CT]    : HealthReport: Everything Passed =)
06-24 15:17:46.429  2129  3415 I VrApi   : FPS=72/72,Prd=41ms,Tear=0,Early=73,Stale=0,VSnc=1,Lat=1,Fov=0,CPU4/GPU=2/4,1651/670MHz,OC=FF,TA=0/E0/0,SP=N/F/N,Mem=1804MHz,Free=2204MB,PLS=0,Temp=30.0C/0.0C,TW=3.31ms,App=0.00ms,GD=0.36ms,CPU&GPU=4.66ms,LCnt=2,GPU%=0.33,CPU%=0.16(W0.24),DSF=1.00
06-24 15:17:46.490   717  1814 W [CT]    : CONSTELLATION: No tracked objects initialized!!
06-24 15:17:47.212   717  1226 I [CT]    : VIPER:LOCALIZER: Validating using a pose that is 0.09 [sec] seconds old.
06-24 15:17:47.213   717  1226 I [CT]    : VIPER: AreaSearch 0 after new Submap. Matched 125. Stats: 0 122 0 0 0 0 3 0 0 0 0 0 0 0 0 0 0 0 ).
06-24 15:17:47.213   717  1226 I [CT]    : VIPER: Searched with 3d-2d (submap id: 1,0): 125 queries.
06-24 15:17:47.213   717  1226 I [CT]    : VIPER: No validation due to too few inliers: num_inliers: 0 < 10
06-24 15:17:47.213   717  1226 I [CT]    : VIPER:LOCALIZER: Validation failed.
06-24 15:17:47.346   717  1226 I [CT]    : VIPER:LOCALIZER: Validating using a pose that is 0.09 [sec] seconds old.
06-24 15:17:47.347   717  1226 I [CT]    : VIPER: AreaSearch 1 after new Submap. Matched 132. Stats: 0 126 0 0 0 0 3 3 0 0 0 0 0 0 0 0 0 0 ).
06-24 15:17:47.347   717  1226 I [CT]    : VIPER: Searched with 3d-2d (submap id: 1,0): 132 queries.
06-24 15:17:47.348   717  1226 I [CT]    : VIPER: No validation due to too few inliers: num_inliers: 0 < 10
06-24 15:17:47.348   717  1226 I [CT]    : VIPER:LOCALIZER: Validation failed.
06-24 15:17:47.428  2129  3415 I VrApi   : FPS=73/72,Prd=41ms,Tear=0,Early=72,Stale=0,VSnc=1,Lat=1,Fov=0,CPU4/GPU=2/4,1651/670MHz,OC=FF,TA=0/E0/0,SP=N/F/N,Mem=1804MHz,Free=2204MB,PLS=0,Temp=30.0C/0.0C,TW=3.32ms,App=0.00ms,GD=0.36ms,CPU&GPU=4.77ms,LCnt=2,GPU%=0.33,CPU%=0.04(W0.06),DSF=1.00
06-24 15:17:47.523   717  1814 W [CT]    : CONSTELLATION: No tracked objects initialized!!
06-24 15:17:47.645   717  1226 I [CT]    : VIPER:LOCALIZER: Validating using a pose that is 0.06 [sec] seconds old.
06-24 15:17:47.646   717  1226 I [CT]    : VIPER: AreaSearch 0 after new Submap. Matched 10. Stats: 0 10 0 0 0 0 0 0 0 0 0 0 0 0 0 0 0 0 ).
06-24 15:17:47.646   717  1226 I [CT]    : VIPER: Searched with 3d-2d (submap id: 3,0): 10 queries.
06-24 15:17:47.646   717  1226 I [CT]    : VIPER: No validation due to too few inliers: num_inliers: 0 < 10
06-24 15:17:47.646   717  1226 I [CT]    : VIPER:LOCALIZER: Validation failed.
06-24 15:17:47.711   717  1226 I [CT]    : VIPER:LOCALIZER: Validating using a pose that is 0.03 [sec] seconds old.
06-24 15:17:47.712   717  1226 I [CT]    : VIPER: AreaSearch 1 after new Submap. Matched 1. Stats: 0 1 0 0 0 0 0 0 0 0 0 0 0 0 0 0 0 0 ).
06-24 15:17:47.712   717  1226 I [CT]    : VIPER: Searched with 3d-2d (submap id: 3,0): 1 queries.
06-24 15:17:47.712   717  1226 I [CT]    : VIPER: No validation due to too few inliers: num_inliers: 0 < 10
06-24 15:17:47.712   717  1226 I [CT]    : VIPER:LOCALIZER: Validation failed.
06-24 15:17:48.079   717  1226 I [CT]    : VIPER:LOCALIZER: Validating using a pose that is 0.13 [sec] seconds old.
06-24 15:17:48.088   717  1226 I [CT]    : VIPER: AreaSearch 0 after new Submap. Matched 259. Stats: 2 157 0 0 0 2 88 8 2 0 0 0 0 0 0 0 0 0 ).
06-24 15:17:48.088   717  1226 I [CT]    : VIPER: Searched with 3d-2d (submap id: 1,0): 259 queries.
06-24 15:17:48.088   717  1226 I [CT]    : VIPER: No validation due to too few inliers: num_inliers: 2 < 10
06-24 15:17:48.088   717  1226 I [CT]    : VIPER:LOCALIZER: Validation failed.
06-24 15:17:48.245  2186  2288 I [OAR] ShellSurfaceRender: Averages: drawCalls 3.0 progBinds 2.0 paramUpdates 9.0 textureBinds 2.0 bufferBinds 1.0
06-24 15:17:48.284   717  1815 I [CT]    : VIPER:MAP_MANAGER: State: TrackingTransient, UUID=31dfe14b-bb92-7513-79f6-fe369455238b, Num. Persistent maps = 3, Transient maps:31dfe14b-bb92-7513-79f6-fe369455238b, Persistent maps:98deaa98-39b9-2d43-5500-dda7ed2e661c,ee3dfe27-0280-0828-1403-4cef267baafe,fd5fd6b5-40e2-57ca-3cab-1b970890b65a,, Ser. Disabled = 00000000-0000-0000-0000-000000000000
06-24 15:17:48.318   717  1815 I [CT]    : VIPER: Vega=false,Status=6DoF,VALIDATING,KF=8,Inl=66,Pts=73,Mem=49.3,Jit=0.0mm,Issues(Cam/min=0.0,IMU/min=0.0),Exp=(4.5ms,g=3.0,I=55)(5.9ms,g=7.0,I=74)(4.5ms,g=3.0,I=91)(3.7ms,g=3.0,I=75)
06-24 15:17:48.430  2129  3415 I VrApi   : FPS=72/72,Prd=41ms,Tear=0,Early=73,Stale=0,VSnc=1,Lat=1,Fov=0,CPU4/GPU=2/4,1651/670MHz,OC=FF,TA=0/E0/0,SP=N/F/N,Mem=1804MHz,Free=2204MB,PLS=0,Temp=30.0C/0.0C,TW=3.32ms,App=0.00ms,GD=0.37ms,CPU&GPU=5.09ms,LCnt=2,GPU%=0.33,CPU%=0.17(W0.29),DSF=1.00
06-24 15:17:48.523   717  1814 W [CT]    : CONSTELLATION: No tracked objects initialized!!
06-24 15:17:48.912   717  1226 I [CT]    : VIPER:LOCALIZER: Validating using a pose that is 0.09 [sec] seconds old.
