06-24 15:08:20.812  1104  1104 D ConditionProviders.SCP: Scheduling evaluate for Thu Jun 24 23:30:00 EDT 2021 (1624591800000), in +8h21m39s190ms, now=Thu Jun 24 15:08:20 EDT 2021 (1624561700810)
06-24 15:08:20.812  1104  1104 D ConditionProviders.SCP: onSubscribe condition://android/schedule?days=1.2.3.4.5&start=22.0&end=7.0&exitAtAlarm=false
06-24 15:08:20.813  1104  1104 D ConditionProviders.SCP: notifyCondition condition://android/schedule?days=6.7&start=23.30&end=10.0&exitAtAlarm=false STATE_FALSE reason=!meetsSchedule
06-24 15:08:20.813  1104  1104 D ConditionProviders.SCP: notifyCondition condition://android/schedule?days=1.2.3.4.5&start=22.0&end=7.0&exitAtAlarm=false STATE_FALSE reason=!meetsSchedule
06-24 15:08:20.815   717   813 D TrackingCore: Scaled haptics updated to: 100
06-24 15:08:20.818  1104  1558 I ActivityManager: START u0 {act=android.intent.action.MAIN cat=[android.intent.category.HOME] flg=0x10000100 cmp=com.oculus.vrshell/.MainActivity} from uid 0 on display 0
06-24 15:08:20.835  1104  1558 I ActivityManager: Start proc 1714:com.oculus.vrshell/u0a29 for activity com.oculus.vrshell/.MainActivity
06-24 15:08:20.837  1104  1104 D ConditionProviders.SCP: Scheduling evaluate for Thu Jun 24 22:00:00 EDT 2021 (1624586400000), in +6h51m39s188ms, now=Thu Jun 24 15:08:20 EDT 2021 (1624561700812)
06-24 15:08:20.850  1104  1212 I ActivityManager: Start proc 1727:com.android.providers.calendar/u0a1 for content provider com.android.providers.calendar/.CalendarProvider2
06-24 15:08:20.863  1104  1104 I ActivityManager: Start proc 1738:com.oculus.alpenglow:fbns/u0a12 for broadcast com.oculus.alpenglow/com.facebook.rti.push.service.MqttSystemBroadcastReceiver
06-24 15:08:20.876   717   717 D TrackingService: Cancelling delayed transition to SLEEP
06-24 15:08:20.876  1104  1118 I SyncManager: Got SyncJobService instance.
06-24 15:08:20.879   717   717 D TrackingService: Received transition request to RUNNING current is STANDBY
06-24 15:08:20.879   717   717 D TrackingService: Executing transition from STANDBY to RUNNING
06-24 15:08:20.879   717   717 D TrackingService: Setting power state to RUNNING
06-24 15:08:20.882   717   717 D Tracker/CoreOS: MontereyGlue: Acquired MontereyGlue WakeLock, current refcount: 1
06-24 15:08:20.883   717  1199 I Tracker/CoreOS: MontereyGlue Handle Power State. currentState: 1, newState: 2
06-24 15:08:20.883   717  1199 D Tracker/CoreOS: MontereyGlue: Transition start STANDBY->RUNNING
06-24 15:08:20.883   717  1199 D Tracker/CoreOS: MontereyGlue: initializing cameras
06-24 15:08:20.918  1104  1755 I ActivityManager: Start proc 1756:com.android.keychain/1000 for service com.android.keychain/.KeyChainService
06-24 15:08:20.931   717  1236 I SyncBossFW: [info   ] {APPI}: cams_found=0xf
06-24 15:08:20.968  1104  1104 V BackupManagerService: Connected to transport ComponentInfo{android/com.android.internal.backup.LocalTransportService}
06-24 15:08:20.969  1104  1104 V BackupManagerService: Registering transport android/com.android.internal.backup.LocalTransportService::android/com.android.internal.backup.LocalTransport = android.app.backup.BackupTransport$TransportImpl@e24bed5
06-24 15:08:20.998  1104  1104 D BluetoothManagerService: Bluetooth Adapter name changed to Oculus Quest
06-24 15:08:21.000  1104  1104 D BluetoothManagerService: Stored Bluetooth name: Oculus Quest
06-24 15:08:21.010  1104  1125 D BluetoothManagerService: Message: 60
06-24 15:08:21.010  1104  1125 D BluetoothManagerService: MESSAGE_BLUETOOTH_STATE_CHANGE: prevState = 14, newState =15
06-24 15:08:21.010  1104  1125 D BluetoothManagerService: bluetoothStateChangeHandler: 14 ->  15
06-24 15:08:21.010  1104  1125 D BluetoothManagerService: Bluetooth is in LE only mode
06-24 15:08:21.010  1104  1125 D BluetoothManagerService: Binding Bluetooth GATT service
06-24 15:08:21.011  1104  1125 D BluetoothManagerService: BLE State Change Intent: 14 -> 15
06-24 15:08:21.012  1104  1104 D BluetoothManagerService: BluetoothServiceConnection: com.android.bluetooth.gatt.GattService
06-24 15:08:21.012  1104  1125 D BluetoothManagerService: Message: 40
06-24 15:08:21.012  1104  1125 D BluetoothManagerService: MESSAGE_BLUETOOTH_SERVICE_CONNECTED: 2
06-24 15:08:21.013  1104  1125 D BluetoothManagerService: BluetoothGatt Service is Up
06-24 15:08:21.015  1104  1125 D BluetoothManagerService: Persisting Bluetooth Setting: 1
06-24 15:08:21.015  1104  1125 D BluetoothManagerService: Message: 60
06-24 15:08:21.015  1104  1125 D BluetoothManagerService: MESSAGE_BLUETOOTH_STATE_CHANGE: prevState = 15, newState =11
06-24 15:08:21.015  1104  1125 D BluetoothManagerService: bluetoothStateChangeHandler: 15 ->  11
06-24 15:08:21.015  1104  1125 D BluetoothManagerService: BLE State Change Intent: 15 -> 11
06-24 15:08:21.088  1104  1125 D BluetoothManagerService: Message: 60
06-24 15:08:21.088  1104  1125 D BluetoothManagerService: MESSAGE_BLUETOOTH_STATE_CHANGE: prevState = 11, newState =12
06-24 15:08:21.088  1104  1125 D BluetoothManagerService: bluetoothStateChangeHandler: 11 ->  12
06-24 15:08:21.088  1104  1125 D BluetoothManagerService: Broadcasting onBluetoothStateChange(true) to 2 receivers.
06-24 15:08:21.088  1104  1125 D BluetoothManagerService: Creating new ProfileServiceConnections object for profile: 1
06-24 15:08:21.088  1104  1125 E BluetoothManagerService: Fail to bind to: Intent { act=android.bluetooth.IBluetoothHeadset }
06-24 15:08:21.088  1104  1125 W BluetoothManagerService: Unable to bind with intent: Intent { act=android.bluetooth.IBluetoothHeadset }
06-24 15:08:21.088  1104  1125 D BluetoothManagerService: BLE State Change Intent: 11 -> 12
06-24 15:08:21.094  1104  1508 I ActivityManager: Start proc 1789:com.oculus.qalabresetservice/1000 for broadcast com.oculus.qalabresetservice/.BootReceiver
06-24 15:08:21.099  1104  1218 D BluetoothManagerService: checkIfCallerIsForegroundUser: valid=true callingUser=0 parentUser=-10000 foregroundUser=0
06-24 15:08:21.117  1398  1398 W ContextImpl: Calling a method in the system process without a qualified user: android.app.ContextImpl.startService:1373 android.content.ContextWrapper.startService:620 android.content.ContextWrapper.startService:620 com.android.settings.bluetooth.DockEventReceiver.beginStartingService:134 com.android.settings.bluetooth.DockEventReceiver.onReceive:115 
06-24 15:08:21.122  1104  1125 D BluetoothManagerService: Message: 20
06-24 15:08:21.122  1104  1125 D BluetoothManagerService: Added callback: android.bluetooth.IBluetoothManagerCallback$Stub$Proxy@175e654:true
06-24 15:08:21.131  1104  1125 D BluetoothManagerService: Message: 30
06-24 15:08:21.138  1104  1125 D BluetoothManagerService: Message: 30
06-24 15:08:21.145  1104  1125 D BluetoothManagerService: Message: 30
06-24 15:08:21.148  1104  1125 D BluetoothManagerService: Message: 30
06-24 15:08:21.150  1104  1125 D BluetoothManagerService: Message: 30
06-24 15:08:21.169  1104  1218 I ActivityManager: Start proc 1808:com.oculus.alpenglow/u0a12 for broadcast com.oculus.alpenglow/.boot.BootBroadcastReceiver
06-24 15:08:21.169   717  1199 I SyncBossHAL: syncboss_hal_impl_camera.c(202): INFO: Changing camera frame period to 33333 (status=0)
06-24 15:08:21.170   717  1238 I SyncBossHAL: pulsar_manager.c(700): INFO: Setting controller LED config to period: 33333us, on-time: 19us
06-24 15:08:21.174   717  1199 D Tracker/CoreOS: MontereyGlue: initializing cameras took 291ms
06-24 15:08:21.174   717  1199 D Tracker/CoreOS: MontereyGlue: starting camera streams
06-24 15:08:21.179  1104  1125 D BluetoothManagerService: Message: 20
06-24 15:08:21.179  1104  1125 D BluetoothManagerService: Added callback: android.bluetooth.IBluetoothManagerCallback$Stub$Proxy@63dff87:true
06-24 15:08:21.201   717  1199 D Tracker/CoreOS: MontereyGlue: starting camera streams took 26ms
06-24 15:08:21.201   717  1199 D Tracker/CoreOS: MontereyGlue: Starting Vision capabilities.
06-24 15:08:21.209   717  1199 D Tracker/CoreOS: MontereyGlue: Acquiring handleHandTrackingSettingChange lock
06-24 15:08:21.212   717  1199 D Tracker/CoreOS: MontereyGlue: Handling hand tracking setting disabled
06-24 15:08:21.213   717  1199 I Tracker/CoreOS: ConstellationTrackingGlue: setEnableExtendedDeadreckoning to false
06-24 15:08:21.213   717  1199 D Tracker/CoreOS: MontereyGlue: Releasing handleHandTrackingSettingChange lock
06-24 15:08:21.213   717  1199 D Tracker/CoreOS: MontereyGlue: Transition complete STANDBY->RUNNING
06-24 15:08:21.213   717  1199 D Tracker/CoreOS: MontereyGlue: Done. Total resume time: 614ms
06-24 15:08:21.213   717  1199 I Tracker/CoreOS: Tracking starts in LibDevices stack!
06-24 15:08:21.214   717  1199 D Tracker/CoreOS: MontereyGlue: Released MontereyGlue WakeLock, current refcount: 0
06-24 15:08:21.355  1104  1508 I ActivityManager: Start proc 1863:com.oculus.runtimeipcservice/u0a26 for service com.oculus.systemdriver/com.oculus.runtimeipcservice.RuntimeIPCService profile:SYSTEM_RESERVED
06-24 15:08:21.362  1104  1122 E BatteryStatsService: no controller energy info supplied
06-24 15:08:21.362  1104  1206 D ConnectivityService: Got NetworkFactory Messenger for WIFI
06-24 15:08:21.362  1104  1206 D ConnectivityService: Got NetworkFactory Messenger for WIFI_UT
06-24 15:08:21.431  1104  1116 I ActivityManager: Start proc 1878:com.oculus.deviceauthserver/1000 for broadcast com.oculus.deviceauthserver/.BootReceiver
06-24 15:08:21.463  1104  1117 I ActivityManager: Start proc 1892:com.oculus.vrruntimeservice/u0a26 for service com.oculus.systemdriver/com.oculus.vrruntimeservice.VrRuntimeService profile:SYSTEM_RESERVED
06-24 15:08:21.508  1104  1117 I ActivityManager: Process com.oculus.alpenglow (pid 1808) has died
06-24 15:08:21.508  1104  1117 D ActivityManager: cleanUpApplicationRecord -- 1808
06-24 15:08:21.570  1104  1480 I ActivityManager: Start proc 1907:com.oculus.gatekeeperservice/1000 for broadcast com.oculus.gatekeeperservice/.BootReceiver
06-24 15:08:21.625  1907  1907 I GkServiceApp: Scheduling periodic GK update for userId=0
06-24 15:08:21.669  1104  1500 I ActivityManager: Start proc 1922:com.oculus.statscollectorn/1000 for broadcast com.oculus.statscollectorn/.BootReceiver
06-24 15:08:21.676   717   813 I TrackingService: TrackingService::getSharedMemoryFileDescriptor
06-24 15:08:21.679   717   809 I TrackingService: TrackingService::registerClient
06-24 15:08:21.679   717   809 I TrackingService: Registering client with TrackingServiceHost (pid 1892)
06-24 15:08:21.681   717   809 I TrackingService: TrackingServiceHost GetSharedMemoryFileDescriptor for client pid 1892
06-24 15:08:21.681   717   809 I TrackingService: TrackingServiceHost registered common client; there are 0 secure clients
06-24 15:08:21.895  1460  1482 W ContextImpl: Calling a method in the system process without a qualified user: android.app.ContextImpl.startService:1373 android.content.ContextWrapper.startService:620 com.oculus.authapi.OVRAuth.A00:2 com.oculus.unifiedtelemetry.credentialsmanager.UnifiedTelemetryCredentialsManager.A00:54 com.oculus.unifiedtelemetry.credentialsmanager.UnifiedTelemetryCredentialsManager.A01:52 
06-24 15:08:22.069   717   813 D Tracker/CoreOS: Setting exposure hint to 0.000000
06-24 15:08:22.600  1104  1558 I ActivityManager: Start proc 1953:com.oculus.ocms/u0a18 for content provider com.oculus.ocms/.library.provider.LibraryProvider
06-24 15:08:22.885  1104  1500 D ConnectivityService: requestNetwork for uid/pid:1000/1878 NetworkRequest [ TRACK_DEFAULT id=5, [ Capabilities: INTERNET&NOT_RESTRICTED&TRUSTED&NOT_VPN] ]
06-24 15:08:23.066  1104  1218 I ActivityManager: Start proc 1992:android.process.media/u0a6 for content provider com.android.providers.downloads/.DownloadProvider
06-24 15:08:24.064  1104  1508 D ConnectivityService: requestNetwork for uid/pid:10044/1701 NetworkRequest [ TRACK_DEFAULT id=6, [ Capabilities: INTERNET&NOT_RESTRICTED&TRUSTED&NOT_VPN] ]
06-24 15:08:24.385  1104  1117 I ActivityManager: Start proc 2046:com.oculus.userserver2/u0a22 for broadcast com.oculus.userserver2/com.oculus.userserver.usercleaner.UserCleanerBootReceiver
06-24 15:08:24.417  1104  1508 D OculusWindowMgr: Got focus change event with null focused window?
06-24 15:08:24.464  1104  1568 I ActivityManager: Start proc 2065:com.oculus.vrshell:Overlay/u0a29 for service com.oculus.vrshell/.ShellOverlayService
06-24 15:08:24.983  1104  1525 I ActivityManager: Start proc 2103:com.oculus.nux.ota/1000 for broadcast com.oculus.nux.ota/.NuxOtaBootReceiver
06-24 15:08:24.997  1104  2102 I BootReceiver: Copying audit failures to DropBox
06-24 15:08:24.997  1104  2102 I BootReceiver: Checking for fsck errors
06-24 15:08:25.119  1104  1218 I ActivityManager: START u0 {act=android.intent.action.MAIN cat=[android.intent.category.INFO] flg=0x14000000 pkg=com.oculus.shellenv cmp=com.oculus.shellenv/.ShellEnvActivity (has extras)} from uid 10029 on display 0
06-24 15:08:25.177  1104  1525 I ActivityManager: Start proc 2122:com.oculus.preloader/1000 for broadcast com.oculus.preloader/.BootReceiver
06-24 15:08:25.211  1104  1500 I ActivityManager: Start proc 2129:com.oculus.shellenv/u0a77 for activity com.oculus.shellenv/.ShellEnvActivity
06-24 15:08:25.415  1104  1500 I ActivityManager: Start proc 2156:com.android.managedprovisioning/u0a10 for broadcast com.android.managedprovisioning/.BootReminder
06-24 15:08:25.531  1104  1525 I ActivityManager: Start proc 2186:com.oculus.vrshell:EnvOverlay/u0a29 for service com.oculus.vrshell/.ShellEnvOverlayService
06-24 15:08:25.602  1104  1568 W ActivityManager: App 'com.oculus.guardian' denied profile 'SYSTEM_RESERVED'
06-24 15:08:25.602  1104  1568 I ActivityManager: Start proc 2205:com.oculus.vrguardianservice/u0a11 for service com.oculus.guardian/com.oculus.vrguardianservice.VrGuardianService
06-24 15:08:25.687  1104  1480 V InputMethodManagerService: Adding window token: android.os.Binder@783cff9
06-24 15:08:25.702  1104  1116 I ActivityManager: Start proc 2231:com.android.onetimeinitializer/u0a14 for broadcast com.android.onetimeinitializer/.OneTimeInitializerReceiver
06-24 15:08:25.864  1104  1568 I ActivityManager: Start proc 2262:android.process.acore/u0a2 for broadcast com.android.providers.contacts/.BootCompletedReceiver
06-24 15:08:26.149  1104  1500 I ActivityManager: Start proc 2292:com.oculus.systemux:SystemUX/u0a28 for service com.oculus.systemux/.SystemUXGatekeepersService
06-24 15:08:26.403   717   809 I TrackingService: TrackingService::getSharedMemoryFileDescriptor
06-24 15:08:26.406   717   813 I TrackingService: TrackingService::registerClient
06-24 15:08:26.407   717   813 I TrackingService: Registering client with TrackingServiceHost (pid 2129)
06-24 15:08:26.407   717   813 I TrackingService: TrackingServiceHost GetSharedMemoryFileDescriptor for client pid 2129
06-24 15:08:26.407   717   813 I TrackingService: TrackingServiceHost registered common client; there are 0 secure clients
06-24 15:08:26.459  1104  1508 I ActivityManager: Start proc 2359:com.oculus.ovrmonitormetricsservice/u0a64 for service com.oculus.ovrmonitormetricsservice/.MetricsService
06-24 15:08:26.600   717   717 I TrackingService: TrackingService::getSharedMemoryFileDescriptor
06-24 15:08:26.601   717   809 I TrackingService: TrackingService::registerClient
06-24 15:08:26.601   717   809 I TrackingService: Registering client with TrackingServiceHost (pid 2205)
06-24 15:08:26.602   717   809 I TrackingService: TrackingServiceHost GetSharedMemoryFileDescriptor for client pid 2205
06-24 15:08:26.602   717   809 I TrackingService: TrackingServiceHost registered common client; there are 0 secure clients
06-24 15:08:26.602   717   813 I TrackingService: Unregistering client by ITrackingService.unregisterClient
06-24 15:08:26.602   717   813 I TrackingService: TrackingServiceHost Unregistering client: pid 2205
06-24 15:08:26.607   717   717 I TrackingService: TrackingService::getSharedMemoryFileDescriptor
06-24 15:08:26.607   717   809 I TrackingService: TrackingService::registerClient
06-24 15:08:26.608   717   809 I TrackingService: Registering client with TrackingServiceHost (pid 2205)
06-24 15:08:26.609   717   809 I TrackingService: TrackingServiceHost GetSharedMemoryFileDescriptor for client pid 2205
06-24 15:08:26.609   717   809 I TrackingService: TrackingServiceHost registered common client; there are 0 secure clients
06-24 15:08:26.870  1104  1218 I ActivityManager: Start proc 2415:com.oculus.appsafety/u0a0 for broadcast com.oculus.appsafety/.BootReceiver
06-24 15:08:27.306   717   813 I TrackingService: TrackingService::getSharedMemoryFileDescriptor
06-24 15:08:27.308   717   717 I TrackingService: TrackingService::registerClient
06-24 15:08:27.308   717   717 I TrackingService: Registering client with TrackingServiceHost (pid 2205)
06-24 15:08:27.309   717   717 I TrackingService: TrackingServiceHost GetSharedMemoryFileDescriptor for client pid 2205
06-24 15:08:27.309   717   717 I TrackingService: TrackingServiceHost registered common client; there are 0 secure clients
06-24 15:08:27.753  1104  1508 I ActivityManager: Start proc 2513:com.oculus.assistant/u0a9 for broadcast com.oculus.assistant/.service.startup.WakeWordStartupReceiver
06-24 15:08:27.953  1104  1480 I DisplayManagerService: Display device added: DisplayDeviceInfo{"com.oculus.android_panel_app.AndroidPanelLayer-#main": uniqueId="virtual:com.oculus.systemux,10028,com.oculus.android_panel_app.AndroidPanelLayer-#main,0", 640 x 1000, modeId 2, defaultModeId 2, supportedModes [{id=2, width=640, height=1000, fps=60.0}], colorMode 0, supportedColorModes [0], HdrCapabilities null, density 160, 160.0 x 160.0 dpi, appVsyncOff 0, presDeadline 16666666, touch NONE, rotation 0, type VIRTUAL, state OFF, owner com.oculus.systemux (uid 10028), FLAG_PRIVATE, FLAG_NEVER_BLANK, FLAG_OWN_CONTENT_ONLY}
06-24 15:08:28.076  1104  1218 I DisplayManagerService: Display device removed: DisplayDeviceInfo{"com.oculus.android_panel_app.AndroidPanelLayer-#main": uniqueId="virtual:com.oculus.systemux,10028,com.oculus.android_panel_app.AndroidPanelLayer-#main,0", 640 x 1000, modeId 2, defaultModeId 2, supportedModes [{id=2, width=640, height=1000, fps=60.0}], colorMode 0, supportedColorModes [0], HdrCapabilities null, density 160, 160.0 x 160.0 dpi, appVsyncOff 0, presDeadline 16666666, touch NONE, rotation 0, type VIRTUAL, state OFF, owner com.oculus.systemux (uid 10028), FLAG_PRIVATE, FLAG_NEVER_BLANK, FLAG_OWN_CONTENT_ONLY}
06-24 15:08:28.079  1104  1568 I DisplayManagerService: Display device added: DisplayDeviceInfo{"com.oculus.android_panel_app.AndroidPanelLayer-#main": uniqueId="virtual:com.oculus.systemux,10028,com.oculus.android_panel_app.AndroidPanelLayer-#main,0", 640 x 144, modeId 3, defaultModeId 3, supportedModes [{id=3, width=640, height=144, fps=60.0}], colorMode 0, supportedColorModes [0], HdrCapabilities null, density 160, 160.0 x 160.0 dpi, appVsyncOff 0, presDeadline 16666666, touch NONE, rotation 0, type VIRTUAL, state OFF, owner com.oculus.systemux (uid 10028), FLAG_PRIVATE, FLAG_NEVER_BLANK, FLAG_OWN_CONTENT_ONLY}
06-24 15:08:28.113   717   809 I TrackingService: TrackingService::getSharedMemoryFileDescriptor
06-24 15:08:28.115   717   809 I TrackingService: TrackingService::registerClient
06-24 15:08:28.115   717   809 I TrackingService: Registering client with TrackingServiceHost (/system/bin/mrsystemservice)
06-24 15:08:28.116   717   809 I TrackingService: TrackingServiceHost GetSharedMemoryFileDescriptor for client /system/bin/mrsystemservice
06-24 15:08:28.116   717   809 I TrackingService: TrackingServiceHost registered common client; there are 0 secure clients
06-24 15:08:28.290  1104  1117 I DisplayManagerService: Display device added: DisplayDeviceInfo{"com.oculus.android_panel_app.AndroidPanelLayer-tablet": uniqueId="virtual:com.oculus.systemux,10028,com.oculus.android_panel_app.AndroidPanelLayer-tablet,0", 768 x 340, modeId 4, defaultModeId 4, supportedModes [{id=4, width=768, height=340, fps=60.0}], colorMode 0, supportedColorModes [0], HdrCapabilities null, density 160, 160.0 x 160.0 dpi, appVsyncOff 0, presDeadline 16666666, touch NONE, rotation 0, type VIRTUAL, state OFF, owner com.oculus.systemux (uid 10028), FLAG_PRIVATE, FLAG_NEVER_BLANK, FLAG_OWN_CONTENT_ONLY}
06-24 15:08:28.307  1104  1568 I DisplayManagerService: Display device added: DisplayDeviceInfo{"com.oculus.android_panel_app.AndroidPanelLayer-tabletNav": uniqueId="virtual:com.oculus.systemux,10028,com.oculus.android_panel_app.AndroidPanelLayer-tabletNav,0", 216 x 340, modeId 5, defaultModeId 5, supportedModes [{id=5, width=216, height=340, fps=60.0}], colorMode 0, supportedColorModes [0], HdrCapabilities null, density 160, 160.0 x 160.0 dpi, appVsyncOff 0, presDeadline 16666666, touch NONE, rotation 0, type VIRTUAL, state OFF, owner com.oculus.systemux (uid 10028), FLAG_PRIVATE, FLAG_NEVER_BLANK, FLAG_OWN_CONTENT_ONLY}
06-24 15:08:28.349  1104  1525 I DisplayManagerService: Display device added: DisplayDeviceInfo{"com.oculus.android_panel_app.AndroidPanelLayer-tabletContent": uniqueId="virtual:com.oculus.systemux,10028,com.oculus.android_panel_app.AndroidPanelLayer-tabletContent,0", 552 x 340, modeId 6, defaultModeId 6, supportedModes [{id=6, width=552, height=340, fps=60.0}], colorMode 0, supportedColorModes [0], HdrCapabilities null, density 160, 160.0 x 160.0 dpi, appVsyncOff 0, presDeadline 16666666, touch NONE, rotation 0, type VIRTUAL, state OFF, owner com.oculus.systemux (uid 10028), FLAG_PRIVATE, FLAG_NEVER_BLANK, FLAG_OWN_CONTENT_ONLY}
06-24 15:08:28.384  1104  1126 I DisplayManagerService: Display device changed state: "com.oculus.android_panel_app.AndroidPanelLayer-#main", ON
06-24 15:08:28.412  1104  1126 I DisplayManagerService: Display device changed state: "com.oculus.android_panel_app.AndroidPanelLayer-tablet", ON
06-24 15:08:28.417  1104  1126 I DisplayManagerService: Display device changed state: "com.oculus.android_panel_app.AndroidPanelLayer-tabletNav", ON
06-24 15:08:28.418  1104  1126 I DisplayManagerService: Display device changed state: "com.oculus.android_panel_app.AndroidPanelLayer-tabletContent", ON
06-24 15:08:28.467  1104  1525 I DisplayManagerService: Display device removed: DisplayDeviceInfo{"com.oculus.android_panel_app.AndroidPanelLayer-#main": uniqueId="virtual:com.oculus.systemux,10028,com.oculus.android_panel_app.AndroidPanelLayer-#main,0", 640 x 144, modeId 3, defaultModeId 3, supportedModes [{id=3, width=640, height=144, fps=60.0}], colorMode 0, supportedColorModes [0], HdrCapabilities null, density 160, 160.0 x 160.0 dpi, appVsyncOff 0, presDeadline 16666666, touch NONE, rotation 0, type VIRTUAL, state ON, owner com.oculus.systemux (uid 10028), FLAG_PRIVATE, FLAG_NEVER_BLANK, FLAG_OWN_CONTENT_ONLY}
06-24 15:08:28.469  1104  1558 I DisplayManagerService: Display device added: DisplayDeviceInfo{"com.oculus.android_panel_app.AndroidPanelLayer-#main": uniqueId="virtual:com.oculus.systemux,10028,com.oculus.android_panel_app.AndroidPanelLayer-#main,0", 640 x 88, modeId 7, defaultModeId 7, supportedModes [{id=7, width=640, height=88, fps=60.0}], colorMode 0, supportedColorModes [0], HdrCapabilities null, density 160, 160.0 x 160.0 dpi, appVsyncOff 0, presDeadline 16666666, touch NONE, rotation 0, type VIRTUAL, state OFF, owner com.oculus.systemux (uid 10028), FLAG_PRIVATE, FLAG_NEVER_BLANK, FLAG_OWN_CONTENT_ONLY}
06-24 15:08:28.590  1104  1126 I DisplayManagerService: Display device changed state: "com.oculus.android_panel_app.AndroidPanelLayer-#main", ON
06-24 15:08:29.287  1907  1907 I GkServiceApp: Scheduling periodic GK update for userId=0
06-24 15:08:29.519  1104  1218 I ActivityManager: Start proc 2618:com.oculus.socialplatform/u0a53 for broadcast com.oculus.socialplatform/com.oculus.horizon.vr_lifecycle.VRLifecycleStartUpBootReceiver
06-24 15:08:30.140   717   809 I TrackingService: TrackingService::getSharedMemoryFileDescriptor
06-24 15:08:30.145   717  2562 I TrackingService: TrackingService::registerClient
06-24 15:08:30.145   717  2562 I TrackingService: Registering client with TrackingServiceHost (pid 1548)
06-24 15:08:30.146   717  2562 I TrackingService: TrackingServiceHost GetSharedMemoryFileDescriptor for client pid 1548
06-24 15:08:30.147   717  2562 I TrackingService: TrackingServiceHost registered common client; there are 0 secure clients
06-24 15:08:31.234  1104  1125 D BluetoothManagerService: Message: 30
06-24 15:08:31.956  1104  1554 I ActivityManager: Start proc 2664:com.oculus.vrguardianservice/u0a26 for broadcast com.oculus.systemdriver/com.oculus.vrguardianservice.VrGuardianUserBroadcastReceiver profile:SYSTEM_RESERVED
06-24 15:08:32.104  1460  1460 W ContextImpl: Calling a method in the system process without a qualified user: android.app.ContextImpl.startService:1373 android.content.ContextWrapper.startService:620 com.oculus.authapi.OVRAuth.A00:2 com.oculus.unifiedtelemetry.credentialsmanager.UnifiedTelemetryCredentialsManager.A00:54 com.oculus.unifiedtelemetry.credentialsmanager.UnifiedTelemetryCredentialsManager.A01:52 
06-24 15:08:32.323  1104  1117 I ActivityManager: Start proc 2687:com.google.android.apps.youtube.vr.oculus/u0a73 for broadcast com.google.android.apps.youtube.vr.oculus/androidx.work.impl.background.systemalarm.RescheduleReceiver
06-24 15:08:32.799  2687  2702 E ActivityThread: Failed to find provider info for com.google.android.gsf.gservices
06-24 15:08:32.803  2687  2702 E ActivityThread: Failed to find provider info for com.google.android.gsf.gservices
06-24 15:08:32.804  2687  2702 E ActivityThread: Failed to find provider info for com.google.android.gsf.gservices
06-24 15:08:34.735  1460  2694 W ContextImpl: Calling a method in the system process without a qualified user: android.app.ContextImpl.sendBroadcast:877 android.content.ContextWrapper.sendBroadcast:421 X.Je.A00:155 X.Je.handleMessage:80 android.os.Handler.dispatchMessage:102 
06-24 15:08:35.446  1104  1558 I DisplayManagerService: Display device added: DisplayDeviceInfo{"com.oculus.android_panel_app.AndroidPanelLayer-toast": uniqueId="virtual:com.oculus.systemux,10028,com.oculus.android_panel_app.AndroidPanelLayer-toast,0", 420 x 72, modeId 8, defaultModeId 8, supportedModes [{id=8, width=420, height=72, fps=60.0}], colorMode 0, supportedColorModes [0], HdrCapabilities null, density 160, 160.0 x 160.0 dpi, appVsyncOff 0, presDeadline 16666666, touch NONE, rotation 0, type VIRTUAL, state OFF, owner com.oculus.systemux (uid 10028), FLAG_PRIVATE, FLAG_NEVER_BLANK, FLAG_OWN_CONTENT_ONLY}
06-24 15:08:35.601  1104  1126 I DisplayManagerService: Display device changed state: "com.oculus.android_panel_app.AndroidPanelLayer-toast", ON
06-24 15:08:36.062  1104  1119 I ActivityManager: Waited long enough for: ServiceRecord{6f4f7a8 u0 com.oculus.alpenglow/com.facebook.rti.push.service.FbnsService}
06-24 15:08:38.613   717  1237 I SyncBossHAL: syncboss_hal_impl_input.c(694): INFO: Pulsar connected devices state change: 1
06-24 15:08:38.619   717  1236 I SyncBossFW: [info   ] {WIHO}: Pulsar device connected 238d1117xxxxxxxx (type: 13001101, connection id: 0x1)
06-24 15:08:38.665   717  1238 I SyncBossHAL: pulsar_manager.c(413): INFO: 238d1117xxxxxxxx: Configuring IR LED to ontime = 19, period = 33333
06-24 15:08:38.670   717  1238 I SyncBossHAL: pulsar_manager.c(296): INFO: Finished getting cache data for controller
06-24 15:08:38.670   717  1238 I SyncBossHAL:     id            : 238d1117xxxxxxxx
06-24 15:08:38.670   717  1238 I SyncBossHAL:     pulsar_type   : 0x13001101
06-24 15:08:38.670   717  1238 I SyncBossHAL:     connection id : 0x1
06-24 15:08:38.670   717  1238 I SyncBossHAL:     fw ver        : 1.14.2
06-24 15:08:38.670   717  1238 I SyncBossHAL:     spl ver       : 1.13.0
06-24 15:08:38.670   717  1238 I SyncBossHAL:     serial        : 1PALCLDM7W0181
06-24 15:08:38.670   717  1238 I SyncBossHAL:     handedness    : left
06-24 15:08:38.670   717  1238 I SyncBossHAL:     battery state : 100%
06-24 15:08:38.680   717  1236 I SyncBossFW: [info   ] {APPI}: Found 1 connected pulsar devices
06-24 15:08:38.684   717  1243 D TrackingCore: TrackingDataPostProcessor: Registered 238d111758308b36
06-24 15:08:38.684   717  1243 I TrackingService: Registering primary controller 238d111758308b36 in slot 0
06-24 15:08:38.684   717  1243 I TrackingService: Notifying client pid 1892 of new primary remote 238d111758308b36
06-24 15:08:38.686   717  1243 I TrackingService: Notifying client pid 2129 of new primary remote 238d111758308b36
06-24 15:08:38.686   717  1243 I TrackingService: Notifying client pid 2205 of new primary remote 238d111758308b36
06-24 15:08:38.687   717  1243 I TrackingService: Notifying client pid 2205 of new primary remote 238d111758308b36
06-24 15:08:38.689   717  1243 I TrackingService: Notifying client pid 2186 of new primary remote 238d111758308b36
06-24 15:08:38.689   717  1243 I TrackingService: Notifying client /system/bin/mrsystemservice of new primary remote 238d111758308b36
06-24 15:08:38.689   717  1243 I TrackingService: Notifying client pid 1548 of new primary remote 238d111758308b36
06-24 15:08:38.715   717  1242 D TrackingService: [HANDTRACKING] Controller 238d111758308b36 in hand: Y, valid: Y
06-24 15:08:38.743   717  1241 I SyncBossInput: [lcon (left) 238d1117xxxxxxxx]:       1 [info   ] {LOG }: Board rev: 3, variant: NRF52832 (771mV)
06-24 15:08:38.775   717  1241 I SyncBossInput: [lcon (left) 238d1117xxxxxxxx]:       1 [info   ] {LOG }: Chip rev: AAE1
06-24 15:08:38.827   717  1241 I SyncBossInput: [lcon (left) 238d1117xxxxxxxx]:       1 [info   ] {LOG }: FW Version: 1.14.2 (d69e880e9578)
06-24 15:08:38.881   717  1241 I SyncBossInput: [lcon (left) 238d1117xxxxxxxx]:       1 [info   ] {LOG }: Build Date: Nov  1 2019 Time: 10:49:45
06-24 15:08:38.917   717  1241 I SyncBossInput: [lcon (left) 238d1117xxxxxxxx]:       1 [info   ] {LOG }: Build flavor: USER
06-24 15:08:38.955   717  1241 I SyncBossInput: [lcon (left) 238d1117xxxxxxxx]:       1 [info   ] {LOG }: RESET_REASON:
06-24 15:08:38.987   717  1241 I SyncBossInput: [lcon (left) 238d1117xxxxxxxx]:       2 [info   ] {LOG }:  --> SYSTEM_OFF
06-24 15:08:39.029   717  1241 I SyncBossInput: [lcon (left) 238d1117xxxxxxxx]:       2 [info   ] {LOG }: Lock state: locked
06-24 15:08:39.077   717  1241 I SyncBossInput: [lcon (left) 238d1117xxxxxxxx]:       2 [info   ] {WRLS}: Device paired with: 0x59F7C6BA
06-24 15:08:39.129   717  1241 I SyncBossInput: [lcon (left) 238d1117xxxxxxxx]:       3 [info   ] {TRG }: Forward trigger range: 5611 13115
06-24 15:08:39.177   717  1241 I SyncBossInput: [lcon (left) 238d1117xxxxxxxx]:       3 [info   ] {TRG }: Grip trigger range: 4976 14194
06-24 15:08:39.217   717  1241 I SyncBossInput: [lcon (left) 238d1117xxxxxxxx]:       5 [info   ] {CAPT}: Cap touch init
06-24 15:08:39.259   717  1241 I SyncBossInput: [lcon (left) 238d1117xxxxxxxx]:      12 [info   ] {IMU }: IMU model: ICM20601
06-24 15:08:39.301   717  1241 I SyncBossInput: [lcon (left) 238d1117xxxxxxxx]:      14 [info   ] {THDG}: UNSET -> active_seek
06-24 15:08:39.333   717  2631 I TrackingService: virtual android::binder::Status OVR::OS::Tracking::TrackingService::getTrackingSocketFileDescriptor(android::os::ParcelFileDescriptor *)
06-24 15:08:39.333   717  2631 D TrackingService: initialized haptic socket pair, keeping service 152 and giving out client 153
06-24 15:08:39.335   717  1241 I SyncBossInput: [lcon (left) 238d1117xxxxxxxx]:      14 [info   ] {APP }: Init complete
06-24 15:08:39.363   717  1241 I SyncBossInput: [lcon (left) 238d1117xxxxxxxx]:      32 [info   ] {APP }: Connected
06-24 15:08:39.407   717  1241 I SyncBossInput: [lcon (left) 238d1117xxxxxxxx]:      55 [info   ] {THDG}: active_seek -> active_connected
06-24 15:08:39.927   717  1241 I SyncBossHAL: syncboss_hal_input_controller.c(153): INFO: Controller 238d1117xxxxxxxx battery level changed: 0% -> 100%
06-24 15:08:43.738  1104  1558 I DisplayManagerService: Display device removed: DisplayDeviceInfo{"com.oculus.android_panel_app.AndroidPanelLayer-toast": uniqueId="virtual:com.oculus.systemux,10028,com.oculus.android_panel_app.AndroidPanelLayer-toast,0", 420 x 72, modeId 8, defaultModeId 8, supportedModes [{id=8, width=420, height=72, fps=60.0}], colorMode 0, supportedColorModes [0], HdrCapabilities null, density 160, 160.0 x 160.0 dpi, appVsyncOff 0, presDeadline 16666666, touch NONE, rotation 0, type VIRTUAL, state ON, owner com.oculus.systemux (uid 10028), FLAG_PRIVATE, FLAG_NEVER_BLANK, FLAG_OWN_CONTENT_ONLY}
06-24 15:08:44.062  1104  1119 I ActivityManager: Waited long enough for: ServiceRecord{cc993e7 u0 com.oculus.assistant/.service.AssistantDumpService}
06-24 15:08:51.326  1104  1116 I ActivityManager: Start proc 2862:com.oculus.explore:explore/u0a39 for service com.oculus.explore/.PanelService
06-24 15:08:51.416  1104  1117 I DisplayManagerService: Display device added: DisplayDeviceInfo{"com.oculus.android_panel_app.AndroidPanelLayer-toast": uniqueId="virtual:com.oculus.systemux,10028,com.oculus.android_panel_app.AndroidPanelLayer-toast,0", 420 x 72, modeId 9, defaultModeId 9, supportedModes [{id=9, width=420, height=72, fps=60.0}], colorMode 0, supportedColorModes [0], HdrCapabilities null, density 160, 160.0 x 160.0 dpi, appVsyncOff 0, presDeadline 16666666, touch NONE, rotation 0, type VIRTUAL, state OFF, owner com.oculus.systemux (uid 10028), FLAG_PRIVATE, FLAG_NEVER_BLANK, FLAG_OWN_CONTENT_ONLY}
06-24 15:08:51.543  1104  1126 I DisplayManagerService: Display device changed state: "com.oculus.android_panel_app.AndroidPanelLayer-toast", ON
06-24 15:08:56.111  1104  1480 I DisplayManagerService: Display device removed: DisplayDeviceInfo{"com.oculus.android_panel_app.AndroidPanelLayer-toast": uniqueId="virtual:com.oculus.systemux,10028,com.oculus.android_panel_app.AndroidPanelLayer-toast,0", 420 x 72, modeId 9, defaultModeId 9, supportedModes [{id=9, width=420, height=72, fps=60.0}], colorMode 0, supportedColorModes [0], HdrCapabilities null, density 160, 160.0 x 160.0 dpi, appVsyncOff 0, presDeadline 16666666, touch NONE, rotation 0, type VIRTUAL, state ON, owner com.oculus.systemux (uid 10028), FLAG_PRIVATE, FLAG_NEVER_BLANK, FLAG_OWN_CONTENT_ONLY}
06-24 15:08:57.041   717  1237 I SyncBossHAL: syncboss_hal_impl_input.c(694): INFO: Pulsar connected devices state change: 2
06-24 15:08:57.050   717  1236 I SyncBossFW: [info   ] {WIHO}: Pulsar device connected ab9d84c9xxxxxxxx (type: 13011101, connection id: 0x2)
06-24 15:08:57.050   717  1236 I SyncBossFW: [info   ] {APPI}: Found 2 connected pulsar devices
06-24 15:08:57.099   717  1238 I SyncBossHAL: pulsar_manager.c(413): INFO: ab9d84c9xxxxxxxx: Configuring IR LED to ontime = 19, period = 33333
06-24 15:08:57.105   717  1238 I SyncBossHAL: pulsar_manager.c(296): INFO: Finished getting cache data for controller
06-24 15:08:57.105   717  1238 I SyncBossHAL:     id            : ab9d84c9xxxxxxxx
06-24 15:08:57.105   717  1238 I SyncBossHAL:     pulsar_type   : 0x13011101
06-24 15:08:57.105   717  1238 I SyncBossHAL:     connection id : 0x2
06-24 15:08:57.105   717  1238 I SyncBossHAL:     fw ver        : 1.14.2
06-24 15:08:57.105   717  1238 I SyncBossHAL:     spl ver       : 1.13.0
06-24 15:08:57.105   717  1238 I SyncBossHAL:     serial        : 1PALCRDB5Z0176
06-24 15:08:57.105   717  1238 I SyncBossHAL:     handedness    : right
06-24 15:08:57.105   717  1238 I SyncBossHAL:     battery state : 100%
06-24 15:08:57.119   717  1243 D TrackingCore: TrackingDataPostProcessor: Registered ab9d84c93bbfbc3a
06-24 15:08:57.119   717  1243 I TrackingService: Registering primary controller ab9d84c93bbfbc3a in slot 1
06-24 15:08:57.119   717  1243 I TrackingService: Notifying client pid 1892 of new primary remote ab9d84c93bbfbc3a
06-24 15:08:57.121   717  1243 I TrackingService: Notifying client pid 2129 of new primary remote ab9d84c93bbfbc3a
06-24 15:08:57.122   717  1243 I TrackingService: Notifying client pid 2205 of new primary remote ab9d84c93bbfbc3a
06-24 15:08:57.122   717  1243 I TrackingService: Notifying client pid 2205 of new primary remote ab9d84c93bbfbc3a
06-24 15:08:57.122   717  1243 I TrackingService: Notifying client pid 2186 of new primary remote ab9d84c93bbfbc3a
06-24 15:08:57.122   717  1243 I TrackingService: Notifying client /system/bin/mrsystemservice of new primary remote ab9d84c93bbfbc3a
06-24 15:08:57.123   717  1243 I TrackingService: Notifying client pid 1548 of new primary remote ab9d84c93bbfbc3a
06-24 15:08:57.146   717  1242 D TrackingService: [HANDTRACKING] Controller ab9d84c93bbfbc3a in hand: Y, valid: Y
06-24 15:08:57.170   717  1241 I SyncBossInput: [lcon (right) ab9d84c9xxxxxxxx]:       1 [info   ] {LOG }: Board rev: 3, variant: NRF52832 (772mV)
06-24 15:08:57.202   717  1241 I SyncBossInput: [lcon (right) ab9d84c9xxxxxxxx]:       1 [info   ] {LOG }: Chip rev: AAE1
06-24 15:08:57.254   717  1241 I SyncBossInput: [lcon (right) ab9d84c9xxxxxxxx]:       1 [info   ] {LOG }: FW Version: 1.14.2 (d69e880e9578)
06-24 15:08:57.308   717  1241 I SyncBossInput: [lcon (right) ab9d84c9xxxxxxxx]:       1 [info   ] {LOG }: Build Date: Nov  1 2019 Time: 10:49:45
06-24 15:08:57.344   717  1241 I SyncBossInput: [lcon (right) ab9d84c9xxxxxxxx]:       1 [info   ] {LOG }: Build flavor: USER
06-24 15:08:57.380   717  1241 I SyncBossInput: [lcon (right) ab9d84c9xxxxxxxx]:       1 [info   ] {LOG }: RESET_REASON:
06-24 15:08:57.412   717  1241 I SyncBossInput: [lcon (right) ab9d84c9xxxxxxxx]:       2 [info   ] {LOG }:  --> SYSTEM_OFF
06-24 15:08:57.454   717  1241 I SyncBossInput: [lcon (right) ab9d84c9xxxxxxxx]:       2 [info   ] {LOG }: Lock state: locked
06-24 15:08:57.502   717  1241 I SyncBossInput: [lcon (right) ab9d84c9xxxxxxxx]:       2 [info   ] {WRLS}: Device paired with: 0x59F7C6BA
06-24 15:08:57.546   717  1241 I SyncBossInput: [lcon (right) ab9d84c9xxxxxxxx]:       3 [info   ] {TRG }: Forward trigger range: 7159 13526
06-24 15:08:57.594   717  1241 I SyncBossInput: [lcon (right) ab9d84c9xxxxxxxx]:       3 [info   ] {TRG }: Grip trigger range: 4092 13939
06-24 15:08:57.634   717  1241 I SyncBossInput: [lcon (right) ab9d84c9xxxxxxxx]:       4 [info   ] {CAPT}: Cap touch init
06-24 15:08:57.676   717  1241 I SyncBossInput: [lcon (right) ab9d84c9xxxxxxxx]:      12 [info   ] {IMU }: IMU model: ICM20601
06-24 15:08:57.718   717  1241 I SyncBossInput: [lcon (right) ab9d84c9xxxxxxxx]:      14 [info   ] {THDG}: UNSET -> active_seek
06-24 15:08:57.752   717  1241 I SyncBossInput: [lcon (right) ab9d84c9xxxxxxxx]:      14 [info   ] {APP }: Init complete
06-24 15:08:57.780   717  1241 I SyncBossInput: [lcon (right) ab9d84c9xxxxxxxx]:      69 [info   ] {APP }: Connected
06-24 15:08:57.824   717  1241 I SyncBossInput: [lcon (right) ab9d84c9xxxxxxxx]:      91 [info   ] {THDG}: active_seek -> active_connected
06-24 15:08:58.350   717  1241 I SyncBossHAL: syncboss_hal_input_controller.c(153): INFO: Controller ab9d84c9xxxxxxxx battery level changed: 0% -> 100%
06-24 15:09:07.129   717  1242 D TrackingService: [HANDTRACKING] Controller ab9d84c93bbfbc3a in hand: N, valid: Y
06-24 15:09:07.192   717  1242 D TrackingService: [HANDTRACKING] Controller 238d111758308b36 in hand: N, valid: Y
06-24 15:09:08.792   717  1242 D TrackingService: [HANDTRACKING] Controller ab9d84c93bbfbc3a in hand: Y, valid: Y
06-24 15:09:08.857   717  1242 D TrackingService: [HANDTRACKING] Controller 238d111758308b36 in hand: Y, valid: Y
06-24 15:09:11.023   717  1242 D TrackingService: [HANDTRACKING] Controller 238d111758308b36 in hand: N, valid: Y
06-24 15:09:11.093   717  1242 D TrackingService: [HANDTRACKING] Controller ab9d84c93bbfbc3a in hand: N, valid: Y
06-24 15:09:15.723   717  1242 D TrackingService: [HANDTRACKING] Controller 238d111758308b36 in hand: Y, valid: Y
06-24 15:09:17.893   717  1242 D TrackingService: [HANDTRACKING] Controller ab9d84c93bbfbc3a in hand: Y, valid: Y
06-24 15:09:21.224   717  1242 D TrackingService: [HANDTRACKING] Controller ab9d84c93bbfbc3a in hand: N, valid: Y
06-24 15:09:21.390   717  1242 D TrackingService: [HANDTRACKING] Controller 238d111758308b36 in hand: N, valid: Y
06-24 15:09:50.499  1104  1508 I ActivityManager: Force stopping com.oculus.sdk.vrcubeworldna appid=10059 user=0: from pid 3166
06-24 15:09:51.006  1104  1218 I ActivityManager: START u0 {act=android.intent.action.MAIN cat=[android.intent.category.LAUNCHER] flg=0x10000000 cmp=com.oculus.sdk.vrcubeworldna/.MainActivity} from uid 2000 on display 0
06-24 15:09:51.072  1104  1554 I ActivityManager: Start proc 3189:com.oculus.sdk.vrcubeworldna/u0a59 for activity com.oculus.sdk.vrcubeworldna/.MainActivity
06-24 15:09:51.169   717   809 I TrackingService: Unregistering client by ITrackingService.unregisterClient
06-24 15:09:51.169   717   809 I TrackingService: TrackingServiceHost Unregistering client: pid 2129
06-24 15:09:51.312  1104  1218 W AppOps  : Finishing op nesting under-run: uid 10029 pkg com.oculus.vrshell code 24 time=0 duration=0 nesting=0
06-24 15:09:51.578   717   813 I TrackingService: Unregistering client by ITrackingService.unregisterClient
06-24 15:09:51.578   717   813 I TrackingService: TrackingServiceHost Unregistering client: pid 2186
06-24 15:09:51.705  1104  1508 I DisplayManagerService: Display device removed: DisplayDeviceInfo{"com.oculus.android_panel_app.AndroidPanelLayer-#main": uniqueId="virtual:com.oculus.systemux,10028,com.oculus.android_panel_app.AndroidPanelLayer-#main,0", 640 x 88, modeId 7, defaultModeId 7, supportedModes [{id=7, width=640, height=88, fps=60.0}], colorMode 0, supportedColorModes [0], HdrCapabilities null, density 160, 160.0 x 160.0 dpi, appVsyncOff 0, presDeadline 16666666, touch NONE, rotation 0, type VIRTUAL, state ON, owner com.oculus.systemux (uid 10028), FLAG_PRIVATE, FLAG_NEVER_BLANK, FLAG_OWN_CONTENT_ONLY}
06-24 15:09:51.737  1104  1508 I DisplayManagerService: Display device removed: DisplayDeviceInfo{"com.oculus.android_panel_app.AndroidPanelLayer-tabletNav": uniqueId="virtual:com.oculus.systemux,10028,com.oculus.android_panel_app.AndroidPanelLayer-tabletNav,0", 216 x 340, modeId 5, defaultModeId 5, supportedModes [{id=5, width=216, height=340, fps=60.0}], colorMode 0, supportedColorModes [0], HdrCapabilities null, density 160, 160.0 x 160.0 dpi, appVsyncOff 0, presDeadline 16666666, touch NONE, rotation 0, type VIRTUAL, state ON, owner com.oculus.systemux (uid 10028), FLAG_PRIVATE, FLAG_NEVER_BLANK, FLAG_OWN_CONTENT_ONLY}
06-24 15:09:51.764  1104  1525 I DisplayManagerService: Display device removed: DisplayDeviceInfo{"com.oculus.android_panel_app.AndroidPanelLayer-tabletContent": uniqueId="virtual:com.oculus.systemux,10028,com.oculus.android_panel_app.AndroidPanelLayer-tabletContent,0", 552 x 340, modeId 6, defaultModeId 6, supportedModes [{id=6, width=552, height=340, fps=60.0}], colorMode 0, supportedColorModes [0], HdrCapabilities null, density 160, 160.0 x 160.0 dpi, appVsyncOff 0, presDeadline 16666666, touch NONE, rotation 0, type VIRTUAL, state ON, owner com.oculus.systemux (uid 10028), FLAG_PRIVATE, FLAG_NEVER_BLANK, FLAG_OWN_CONTENT_ONLY}
06-24 15:09:51.790  1104  1558 I DisplayManagerService: Display device removed: DisplayDeviceInfo{"com.oculus.android_panel_app.AndroidPanelLayer-tablet": uniqueId="virtual:com.oculus.systemux,10028,com.oculus.android_panel_app.AndroidPanelLayer-tablet,0", 768 x 340, modeId 4, defaultModeId 4, supportedModes [{id=4, width=768, height=340, fps=60.0}], colorMode 0, supportedColorModes [0], HdrCapabilities null, density 160, 160.0 x 160.0 dpi, appVsyncOff 0, presDeadline 16666666, touch NONE, rotation 0, type VIRTUAL, state ON, owner com.oculus.systemux (uid 10028), FLAG_PRIVATE, FLAG_NEVER_BLANK, FLAG_OWN_CONTENT_ONLY}
06-24 15:09:51.803  1104  1554 I ActivityManager: Killing 1756:com.android.keychain/1000 (adj 906): empty #17
06-24 15:09:51.820  1104  1480 D ActivityManager: cleanUpApplicationRecord -- 1756
06-24 15:09:52.115   717   717 I TrackingService: TrackingService::getSharedMemoryFileDescriptor
06-24 15:09:52.118   717  2562 I TrackingService: TrackingService::registerClient
06-24 15:09:52.118   717  2562 I TrackingService: Registering client with TrackingServiceHost (pid 3189)
06-24 15:09:52.119   717  2562 I TrackingService: Notifying client pid 3189 of new remote ab9d84c93bbfbc3a
06-24 15:09:52.119   717  2562 I TrackingService: Notifying client pid 3189 of new remote 238d111758308b36
06-24 15:09:52.120   717  2562 I TrackingService: TrackingServiceHost GetSharedMemoryFileDescriptor for client pid 3189
06-24 15:09:52.120   717  2562 I TrackingService: TrackingServiceHost registered common client; there are 0 secure clients
06-24 15:09:52.350  1104  1558 I DisplayManagerService: Display device added: DisplayDeviceInfo{"com.oculus.android_panel_app.AndroidPanelLayer-#main": uniqueId="virtual:com.oculus.systemux,10028,com.oculus.android_panel_app.AndroidPanelLayer-#main,0", 640 x 1000, modeId 10, defaultModeId 10, supportedModes [{id=10, width=640, height=1000, fps=60.0}], colorMode 0, supportedColorModes [0], HdrCapabilities null, density 160, 160.0 x 160.0 dpi, appVsyncOff 0, presDeadline 16666666, touch NONE, rotation 0, type VIRTUAL, state OFF, owner com.oculus.systemux (uid 10028), FLAG_PRIVATE, FLAG_NEVER_BLANK, FLAG_OWN_CONTENT_ONLY}
06-24 15:09:52.431  1104  1116 I DisplayManagerService: Display device removed: DisplayDeviceInfo{"com.oculus.android_panel_app.AndroidPanelLayer-#main": uniqueId="virtual:com.oculus.systemux,10028,com.oculus.android_panel_app.AndroidPanelLayer-#main,0", 640 x 1000, modeId 10, defaultModeId 10, supportedModes [{id=10, width=640, height=1000, fps=60.0}], colorMode 0, supportedColorModes [0], HdrCapabilities null, density 160, 160.0 x 160.0 dpi, appVsyncOff 0, presDeadline 16666666, touch NONE, rotation 0, type VIRTUAL, state OFF, owner com.oculus.systemux (uid 10028), FLAG_PRIVATE, FLAG_NEVER_BLANK, FLAG_OWN_CONTENT_ONLY}
06-24 15:09:52.435  1104  1554 I DisplayManagerService: Display device added: DisplayDeviceInfo{"com.oculus.android_panel_app.AndroidPanelLayer-#main": uniqueId="virtual:com.oculus.systemux,10028,com.oculus.android_panel_app.AndroidPanelLayer-#main,0", 640 x 144, modeId 11, defaultModeId 11, supportedModes [{id=11, width=640, height=144, fps=60.0}], colorMode 0, supportedColorModes [0], HdrCapabilities null, density 160, 160.0 x 160.0 dpi, appVsyncOff 0, presDeadline 16666666, touch NONE, rotation 0, type VIRTUAL, state OFF, owner com.oculus.systemux (uid 10028), FLAG_PRIVATE, FLAG_NEVER_BLANK, FLAG_OWN_CONTENT_ONLY}
06-24 15:09:52.450  1104  1568 I DisplayManagerService: Display device added: DisplayDeviceInfo{"com.oculus.android_panel_app.AndroidPanelLayer-tablet": uniqueId="virtual:com.oculus.systemux,10028,com.oculus.android_panel_app.AndroidPanelLayer-tablet,0", 768 x 340, modeId 12, defaultModeId 12, supportedModes [{id=12, width=768, height=340, fps=60.0}], colorMode 0, supportedColorModes [0], HdrCapabilities null, density 160, 160.0 x 160.0 dpi, appVsyncOff 0, presDeadline 16666666, touch NONE, rotation 0, type VIRTUAL, state OFF, owner com.oculus.systemux (uid 10028), FLAG_PRIVATE, FLAG_NEVER_BLANK, FLAG_OWN_CONTENT_ONLY}
06-24 15:09:52.469  1104  1568 I DisplayManagerService: Display device added: DisplayDeviceInfo{"com.oculus.android_panel_app.AndroidPanelLayer-tabletNav": uniqueId="virtual:com.oculus.systemux,10028,com.oculus.android_panel_app.AndroidPanelLayer-tabletNav,0", 216 x 340, modeId 13, defaultModeId 13, supportedModes [{id=13, width=216, height=340, fps=60.0}], colorMode 0, supportedColorModes [0], HdrCapabilities null, density 160, 160.0 x 160.0 dpi, appVsyncOff 0, presDeadline 16666666, touch NONE, rotation 0, type VIRTUAL, state OFF, owner com.oculus.systemux (uid 10028), FLAG_PRIVATE, FLAG_NEVER_BLANK, FLAG_OWN_CONTENT_ONLY}
06-24 15:09:52.500  1104  1525 I DisplayManagerService: Display device added: DisplayDeviceInfo{"com.oculus.android_panel_app.AndroidPanelLayer-tabletContent": uniqueId="virtual:com.oculus.systemux,10028,com.oculus.android_panel_app.AndroidPanelLayer-tabletContent,0", 552 x 340, modeId 14, defaultModeId 14, supportedModes [{id=14, width=552, height=340, fps=60.0}], colorMode 0, supportedColorModes [0], HdrCapabilities null, density 160, 160.0 x 160.0 dpi, appVsyncOff 0, presDeadline 16666666, touch NONE, rotation 0, type VIRTUAL, state OFF, owner com.oculus.systemux (uid 10028), FLAG_PRIVATE, FLAG_NEVER_BLANK, FLAG_OWN_CONTENT_ONLY}
06-24 15:09:52.579  1104  1126 I DisplayManagerService: Display device changed state: "com.oculus.android_panel_app.AndroidPanelLayer-#main", ON
06-24 15:09:52.624  1104  1126 I DisplayManagerService: Display device changed state: "com.oculus.android_panel_app.AndroidPanelLayer-tablet", ON
06-24 15:09:52.653  1104  1126 I DisplayManagerService: Display device changed state: "com.oculus.android_panel_app.AndroidPanelLayer-tabletNav", ON
06-24 15:09:52.692  1104  1126 I DisplayManagerService: Display device changed state: "com.oculus.android_panel_app.AndroidPanelLayer-tabletContent", ON
06-24 15:09:52.804  1104  1117 I DisplayManagerService: Display device removed: DisplayDeviceInfo{"com.oculus.android_panel_app.AndroidPanelLayer-#main": uniqueId="virtual:com.oculus.systemux,10028,com.oculus.android_panel_app.AndroidPanelLayer-#main,0", 640 x 144, modeId 11, defaultModeId 11, supportedModes [{id=11, width=640, height=144, fps=60.0}], colorMode 0, supportedColorModes [0], HdrCapabilities null, density 160, 160.0 x 160.0 dpi, appVsyncOff 0, presDeadline 16666666, touch NONE, rotation 0, type VIRTUAL, state ON, owner com.oculus.systemux (uid 10028), FLAG_PRIVATE, FLAG_NEVER_BLANK, FLAG_OWN_CONTENT_ONLY}
