06-24 15:19:12.284   717  1815 I [CT]    : VIPER:MAP_MANAGER: State: TrackingTransient, UUID=31dfe14b-bb92-7513-79f6-fe369455238b, Num. Persistent maps = 3, Transient maps:31dfe14b-bb92-7513-79f6-fe369455238b, Persistent maps:98deaa98-39b9-2d43-5500-dda7ed2e661c,ee3dfe27-0280-0828-1403-4cef267baafe,fd5fd6b5-40e2-57ca-3cab-1b970890b65a,, Ser. Disabled = 00000000-0000-0000-0000-000000000000
06-24 15:19:12.318   717  1815 I [CT]    : VIPER: Vega=false,Status=6DoF,VALIDATING,KF=8,Inl=62,Pts=73,Mem=49.2,Jit=0.0mm,Issues(Cam/min=0.0,IMU/min=0.0),Exp=(4.6ms,g=3.0,I=58)(6.0ms,g=7.0,I=74)(4.6ms,g=3.0,I=90)(3.7ms,g=3.0,I=75)
06-24 15:19:12.435  2129  3415 I VrApi   : FPS=73/72,Prd=41ms,Tear=0,Early=72,Stale=0,VSnc=1,Lat=1,Fov=0,CPU4/GPU=2/4,1651/670MHz,OC=FF,TA=0/E0/0,SP=N/F/N,Mem=1804MHz,Free=2201MB,PLS=0,Temp=30.0C/0.0C,TW=3.33ms,App=0.00ms,GD=0.35ms,CPU&GPU=4.56ms,LCnt=2,GPU%=0.33,CPU%=0.16(W0.19),DSF=1.00
06-24 15:19:12.546   717  1226 I [CT]    : VIPER:LOCALIZER: Validating using a pose that is 0.03 [sec] seconds old.
06-24 15:19:12.548   717  1226 I [CT]    : VIPER: AreaSearch 0 after new Submap. Matched 556. Stats: 0 556 0 0 0 0 0 0 0 0 0 0 0 0 0 0 0 0 ).
06-24 15:19:12.548   717  1226 I [CT]    : VIPER: Searched with 3d-2d (submap id: 3,0): 556 queries.
06-24 15:19:12.548   717  1226 I [CT]    : VIPER: No validation due to too few inliers: num_inliers: 0 < 10
06-24 15:19:12.548   717  1226 I [CT]    : VIPER:LOCALIZER: Validation failed.
06-24 15:19:12.925  2292  2292 D [SUI] SocialViewModel: refresPartyData()
06-24 15:19:13.090   717  1814 W [CT]    : CONSTELLATION: No tracked objects initialized!!
06-24 15:19:13.312   717  1213 I [CT]    : boltlib: DSP utilization(%): 12
06-24 15:19:13.436  2129  3415 I VrApi   : FPS=72/72,Prd=41ms,Tear=0,Early=73,Stale=0,VSnc=1,Lat=1,Fov=0,CPU4/GPU=2/4,1651/670MHz,OC=FF,TA=0/E0/0,SP=N/F/N,Mem=1804MHz,Free=2201MB,PLS=0,Temp=30.0C/0.0C,TW=3.33ms,App=0.00ms,GD=0.36ms,CPU&GPU=4.77ms,LCnt=2,GPU%=0.33,CPU%=0.15(W0.19),DSF=1.00
06-24 15:19:13.568  2205  2471 I Telemetry: App memory usage: PSS=41MB DalvikPSS=1 MB
06-24 15:19:13.583  1892  1944 I Vsync   : Vsync 46930:  2 x 13.89 ms (72.01 Hz, at 671.963)
06-24 15:19:13.846   717  1226 I [CT]    : VIPER:LOCALIZER: Validating using a pose that is 0.09 [sec] seconds old.
06-24 15:19:13.847   717  1226 I [CT]    : VIPER: AreaSearch 0 after new Submap. Matched 61. Stats: 0 60 0 0 0 0 1 0 0 0 0 0 0 0 0 0 0 0 ).
06-24 15:19:13.847   717  1226 I [CT]    : VIPER: Searched with 3d-2d (submap id: 1,0): 61 queries.
06-24 15:19:13.848   717  1226 I [CT]    : VIPER: No validation due to too few inliers: num_inliers: 0 < 10
06-24 15:19:13.848   717  1226 I [CT]    : VIPER:LOCALIZER: Validation failed.
06-24 15:19:14.090   717  1814 W [CT]    : CONSTELLATION: No tracked objects initialized!!
06-24 15:19:14.360  1953  2919 W LibraryProvider: Cannot find entitlement for com.oculus.shellenv
06-24 15:19:14.361  1701  4590 W OVRLibrary: null cursor received for query content://com.oculus.ocms.library/apps/com.oculus.shellenv
06-24 15:19:14.432  1548  2651 I Telemetry: App memory usage: PSS=9MB DalvikPSS=1 MB
06-24 15:19:14.438  2129  3415 I VrApi   : FPS=73/72,Prd=41ms,Tear=0,Early=72,Stale=0,VSnc=1,Lat=1,Fov=0,CPU4/GPU=2/4,1651/670MHz,OC=FF,TA=0/E0/0,SP=N/F/N,Mem=1804MHz,Free=2200MB,PLS=0,Temp=30.0C/0.0C,TW=3.32ms,App=0.00ms,GD=0.36ms,CPU&GPU=4.61ms,LCnt=2,GPU%=0.33,CPU%=0.17(W0.18),DSF=1.00
06-24 15:19:14.504  1701  4590 E ExternalPlatformLocal: AppID found in Library does NOT match the appID in the bundle.
06-24 15:19:14.504  1701  4590 E ExternalPlatformLocal: AppID found in Library does NOT match the appID in the bundle.
06-24 15:19:14.505  1701  2287 E ACRA    : Handling exception for soft error
06-24 15:19:14.505  1701  2287 E ACRA    : X.0pp: ExternalPlatformLocal | AppID found in Library does NOT match the appID in the bundle.
06-24 15:19:14.505  1701  2287 E ACRA    : 	at X.0Jf.A8u(:362)
06-24 15:19:14.505  1701  2287 E ACRA    : 	at com.oculus.errorreporting.ErrorReporter.A02(:17)
06-24 15:19:14.505  1701  2287 E ACRA    : 	at com.oculus.horizon.service.ExternalPlatformLocal.getAppID(:86016)
06-24 15:19:14.505  1701  2287 E ACRA    : 	at com.oculus.horizon.service.ExternalPlatformNetwork.getAppScopedAccessToken(:32)
06-24 15:19:14.505  1701  2287 E ACRA    : 	at com.oculus.horizon.service.result.ResultBuilder.A00(:81487)
06-24 15:19:14.505  1701  2287 E ACRA    : 	at com.oculus.horizon.service.OVRService$3.getAppScopedAccessToken(:9)
06-24 15:19:14.505  1701  2287 E ACRA    : 	at com.oculus.aidl.OVRServiceInterface$Stub.onTransact(:113443)
06-24 15:19:14.505  1701  2287 E ACRA    : 	at android.os.Binder.execTransact(Binder.java:606)
06-24 15:19:14.521  1701  4590 E ExternalPlatformNetwork: could not get access token from the server
06-24 15:19:14.521  1701  4590 E AppScopedAccessTokenResultBuilder: ResultBuilder error has been set to: Unable to resolve host "graph.oculus.com": No address associated with hostname
06-24 15:19:14.521  1701  4590 E com.oculus.platform.util.Util: operation failed
06-24 15:19:14.522  2129  2223 I OVRPlatform: [RequestStopwatch] AccessTokenRequest took 206.2490 milliseconds
06-24 15:19:14.527  2129  2170 E Clay    : [S]: Oculus Platform SDK failed to get access token with error 'Unable to resolve host "graph.oculus.com": No address associated with hostname'
06-24 15:19:14.527  2129  2170 I Clay    : [I]: OculusPlatform: Error message received. id=686, type=0x06a85abe, code=1, debugText=Unable to resolve host "graph.oculus.com": No address associated with hostname
06-24 15:19:14.546  1953  2260 W LibraryProvider: Cannot find entitlement for com.oculus.shellenv
06-24 15:19:14.547  1701  1713 W OVRLibrary: null cursor received for query content://com.oculus.ocms.library/apps/com.oculus.shellenv
06-24 15:19:14.548  1701  1713 E OVRService: Unable to find AppId for package (com.oculus.shellenv)
06-24 15:19:14.548  1701  1713 E OVRService: com.oculus.horizon.service.ExternalPlatformLocal$PackageNotInLibraryException: Package com.oculus.shellenv not in users library
06-24 15:19:14.548  1701  1713 E OVRService: 	at com.oculus.horizon.service.ExternalPlatformLocal.getAppID(:86018)
06-24 15:19:14.548  1701  1713 E OVRService: 	at com.oculus.horizon.service.ExternalPlatformLocal.getAppID(:86080)
06-24 15:19:14.548  1701  1713 E OVRService: 	at com.oculus.horizon.service.OVRService$3.logToMarauder(:34)
06-24 15:19:14.548  1701  1713 E OVRService: 	at com.oculus.aidl.OVRServiceInterface$Stub.onTransact(:113431)
06-24 15:19:14.548  1701  1713 E OVRService: 	at android.os.Binder.execTransact(Binder.java:606)
06-24 15:19:15.123   717  1814 W [CT]    : CONSTELLATION: No tracked objects initialized!!
06-24 15:19:15.285   717  1815 I [CT]    : VIPER:MAP_MANAGER: State: TrackingTransient, UUID=31dfe14b-bb92-7513-79f6-fe369455238b, Num. Persistent maps = 3, Transient maps:31dfe14b-bb92-7513-79f6-fe369455238b, Persistent maps:98deaa98-39b9-2d43-5500-dda7ed2e661c,ee3dfe27-0280-0828-1403-4cef267baafe,fd5fd6b5-40e2-57ca-3cab-1b970890b65a,, Ser. Disabled = 00000000-0000-0000-0000-000000000000
06-24 15:19:15.318   717  1815 I [CT]    : VIPER: Vega=false,Status=6DoF,VALIDATING,KF=8,Inl=66,Pts=73,Mem=49.2,Jit=0.0mm,Issues(Cam/min=0.0,IMU/min=0.0),Exp=(4.8ms,g=3.0,I=58)(6.0ms,g=7.0,I=74)(4.8ms,g=3.0,I=92)(3.7ms,g=3.0,I=74)
06-24 15:19:15.569  2129  3415 I Telemetry: App memory usage: PSS=255MB DalvikPSS=1 MB
06-24 15:19:15.573  2129  3415 I VrApi   : FPS=72/72,Prd=41ms,Tear=0,Early=73,Stale=0,VSnc=1,Lat=1,Fov=0,CPU4/GPU=2/4,1651/670MHz,OC=FF,TA=0/E0/0,SP=N/F/N,Mem=1804MHz,Free=2198MB,PLS=0,Temp=30.0C/0.0C,TW=3.36ms,App=0.00ms,GD=0.36ms,CPU&GPU=4.72ms,LCnt=2,GPU%=0.33,CPU%=0.17(W0.22),DSF=1.00
06-24 15:19:16.124   717  1814 W [CT]    : CONSTELLATION: No tracked objects initialized!!
06-24 15:19:16.285   717  1815 I [CT]    : HealthReport: Everything Passed =)
06-24 15:19:16.436  2129  3415 I VrApi   : FPS=72/72,Prd=40ms,Tear=0,Early=72,Stale=0,VSnc=1,Lat=1,Fov=0,CPU4/GPU=2/4,1651/670MHz,OC=FF,TA=0/E0/0,SP=N/F/N,Mem=1804MHz,Free=2197MB,PLS=0,Temp=30.0C/0.0C,TW=3.33ms,App=0.00ms,GD=0.38ms,CPU&GPU=5.70ms,LCnt=2,GPU%=0.33,CPU%=0.17(W0.23),DSF=1.00
06-24 15:19:16.446   717  1226 I [CT]    : VIPER:LOCALIZER: Validating using a pose that is 0.06 [sec] seconds old.
06-24 15:19:16.452   717  1226 I [CT]    : VIPER: AreaSearch 0 after new Submap. Matched 413. Stats: 0 395 0 0 0 0 18 0 0 0 0 0 0 0 0 0 0 0 ).
06-24 15:19:16.452   717  1226 I [CT]    : VIPER: Searched with 3d-2d (submap id: 3,0): 413 queries.
06-24 15:19:16.452   717  1226 I [CT]    : VIPER: No validation due to too few inliers: num_inliers: 0 < 10
06-24 15:19:16.452   717  1226 I [CT]    : VIPER:LOCALIZER: Validation failed.
06-24 15:19:17.124   717  1814 W [CT]    : CONSTELLATION: No tracked objects initialized!!
06-24 15:19:17.247   717  1226 I [CT]    : VIPER:LOCALIZER: Validating using a pose that is 0.06 [sec] seconds old.
06-24 15:19:17.251   717  1226 I [CT]    : VIPER: AreaSearch 1 after new Submap. Matched 442. Stats: 0 435 0 0 0 0 7 0 0 0 0 0 0 0 0 0 0 0 ).
06-24 15:19:17.251   717  1226 I [CT]    : VIPER: Searched with 3d-2d (submap id: 3,0): 442 queries.
06-24 15:19:17.251   717  1226 I [CT]    : VIPER: No validation due to too few inliers: num_inliers: 0 < 10
06-24 15:19:17.251   717  1226 I [CT]    : VIPER:LOCALIZER: Validation failed.
06-24 15:19:17.438  2129  3415 I VrApi   : FPS=73/72,Prd=41ms,Tear=0,Early=72,Stale=0,VSnc=1,Lat=1,Fov=0,CPU4/GPU=2/4,1651/670MHz,OC=FF,TA=0/E0/0,SP=N/F/N,Mem=1804MHz,Free=2197MB,PLS=0,Temp=30.0C/0.0C,TW=3.34ms,App=0.00ms,GD=0.36ms,CPU&GPU=4.97ms,LCnt=2,GPU%=0.33,CPU%=0.16(W0.18),DSF=1.00
06-24 15:19:17.445  2186  3411 I Telemetry: App memory usage: PSS=138MB DalvikPSS=2 MB
06-24 15:19:17.828  2292  2292 D [SUI] SocialViewModel: refresPartyData()
06-24 15:19:18.157   717  1814 W [CT]    : CONSTELLATION: No tracked objects initialized!!
06-24 15:19:18.284   717  1815 I [CT]    : VIPER:MAP_MANAGER: State: TrackingTransient, UUID=31dfe14b-bb92-7513-79f6-fe369455238b, Num. Persistent maps = 3, Transient maps:31dfe14b-bb92-7513-79f6-fe369455238b, Persistent maps:98deaa98-39b9-2d43-5500-dda7ed2e661c,ee3dfe27-0280-0828-1403-4cef267baafe,fd5fd6b5-40e2-57ca-3cab-1b970890b65a,, Ser. Disabled = 00000000-0000-0000-0000-000000000000
06-24 15:19:18.319   717  1815 I [CT]    : VIPER: Vega=false,Status=6DoF,VALIDATING,KF=8,Inl=64,Pts=73,Mem=49.2,Jit=0.0mm,Issues(Cam/min=0.0,IMU/min=0.0),Exp=(4.9ms,g=3.0,I=58)(6.0ms,g=7.0,I=74)(4.9ms,g=3.0,I=92)(3.7ms,g=3.0,I=74)
06-24 15:19:18.437  2129  3415 I VrApi   : FPS=73/72,Prd=41ms,Tear=0,Early=73,Stale=0,VSnc=1,Lat=1,Fov=0,CPU4/GPU=2/4,1651/670MHz,OC=FF,TA=0/E0/0,SP=N/F/N,Mem=1804MHz,Free=2197MB,PLS=0,Temp=30.0C/0.0C,TW=3.32ms,App=0.00ms,GD=0.36ms,CPU&GPU=4.61ms,LCnt=2,GPU%=0.33,CPU%=0.12(W0.19),DSF=1.00
06-24 15:19:18.846   717  1226 I [CT]    : VIPER:LOCALIZER: Validating using a pose that is 0.09 [sec] seconds old.
06-24 15:19:18.849   717  1226 I [CT]    : VIPER: AreaSearch 0 after new Submap. Matched 266. Stats: 0 252 0 0 1 0 12 1 0 0 0 0 0 0 0 0 0 0 ).
06-24 15:19:18.849   717  1226 I [CT]    : VIPER: Searched with 3d-2d (submap id: 1,0): 266 queries.
06-24 15:19:18.849   717  1226 I [CT]    : VIPER: No validation due to too few inliers: num_inliers: 0 < 10
06-24 15:19:18.849   717  1226 I [CT]    : VIPER:LOCALIZER: Validation failed.
06-24 15:19:19.157   717  1814 W [CT]    : CONSTELLATION: No tracked objects initialized!!
06-24 15:19:19.314   717  1213 I [CT]    : boltlib: DSP utilization(%): 12
06-24 15:19:19.440  2129  3415 I VrApi   : FPS=73/72,Prd=41ms,Tear=0,Early=72,Stale=0,VSnc=1,Lat=1,Fov=0,CPU4/GPU=2/4,1651/670MHz,OC=FF,TA=0/E0/0,SP=N/F/N,Mem=1804MHz,Free=2197MB,PLS=0,Temp=30.0C/0.0C,TW=3.33ms,App=0.00ms,GD=0.35ms,CPU&GPU=4.89ms,LCnt=2,GPU%=0.33,CPU%=0.11(W0.18),DSF=1.00
06-24 15:19:19.912  2186  2288 I [OAR] ShellSurfaceRender: Averages: drawCalls 3.0 progBinds 2.0 paramUpdates 9.0 textureBinds 2.0 bufferBinds 1.0
06-24 15:19:20.190   717  1814 W [CT]    : CONSTELLATION: No tracked objects initialized!!
06-24 15:19:20.437  2129  3415 I VrApi   : FPS=73/72,Prd=41ms,Tear=0,Early=73,Stale=0,VSnc=1,Lat=1,Fov=0,CPU4/GPU=2/4,1651/670MHz,OC=FF,TA=0/E0/0,SP=N/F/N,Mem=1804MHz,Free=2198MB,PLS=0,Temp=30.0C/0.0C,TW=3.33ms,App=0.00ms,GD=0.36ms,CPU&GPU=4.71ms,LCnt=2,GPU%=0.33,CPU%=0.19(W0.23),DSF=1.00
06-24 15:19:20.645   717  1226 I [CT]    : VIPER:LOCALIZER: Validating using a pose that is 0.03 [sec] seconds old.
06-24 15:19:20.652   717  1226 I [CT]    : VIPER: AreaSearch 0 after new Submap. Matched 555. Stats: 0 526 0 0 0 0 25 4 0 0 0 0 0 0 0 0 0 0 ).
06-24 15:19:20.652   717  1226 I [CT]    : VIPER: Searched with 3d-2d (submap id: 3,0): 555 queries.
06-24 15:19:20.652   717  1226 I [CT]    : VIPER: No validation due to too few inliers: num_inliers: 0 < 10
06-24 15:19:20.652   717  1226 I [CT]    : VIPER:LOCALIZER: Validation failed.
06-24 15:19:20.871  1548  2633 I [CT]    : MIXEDREALITY: MrServiceView: renderIteration: (every 10 seconds)
06-24 15:19:21.190   717  1814 W [CT]    : CONSTELLATION: No tracked objects initialized!!
06-24 15:19:21.270   700  3519 W SoftVorbis: vorbis_dsp_synthesis returned -135
06-24 15:19:21.275   700  3519 W SoftVorbis: vorbis_dsp_synthesis returned -135
06-24 15:19:21.285   717  1815 I [CT]    : VIPER:MAP_MANAGER: State: TrackingTransient, UUID=31dfe14b-bb92-7513-79f6-fe369455238b, Num. Persistent maps = 3, Transient maps:31dfe14b-bb92-7513-79f6-fe369455238b, Persistent maps:98deaa98-39b9-2d43-5500-dda7ed2e661c,ee3dfe27-0280-0828-1403-4cef267baafe,fd5fd6b5-40e2-57ca-3cab-1b970890b65a,, Ser. Disabled = 00000000-0000-0000-0000-000000000000
06-24 15:19:21.285   717  1815 I [CT]    : HealthReport: Everything Passed =)
06-24 15:19:21.312   717  1226 I [CT]    : VIPER:LOCALIZER: Validating using a pose that is 0.09 [sec] seconds old.
06-24 15:19:21.313   717  1226 W [CT]    : TRACKTRACKER:AREASEARCH: Called PatchMatcher without any queries.
06-24 15:19:21.313   717  1226 I [CT]    : VIPER: AreaSearch 0 after new Submap. Matched 0. Stats: 0 0 0 0 0 0 0 0 0 0 0 0 0 0 0 0 0 0 ).
06-24 15:19:21.313   717  1226 I [CT]    : VIPER: Searched with 3d-2d (submap id: 1,0): 0 queries.
06-24 15:19:21.313   717  1226 I [CT]    : VIPER: No validation due to too few inliers: num_inliers: 0 < 10
06-24 15:19:21.313   717  1226 I [CT]    : VIPER:LOCALIZER: Validation failed.
06-24 15:19:21.319   717  1815 I [CT]    : VIPER: Vega=false,Status=6DoF,VALIDATING,KF=8,Inl=69,Pts=73,Mem=49.2,Jit=0.0mm,Issues(Cam/min=0.0,IMU/min=0.0),Exp=(4.9ms,g=3.0,I=58)(6.0ms,g=7.0,I=74)(4.9ms,g=3.0,I=93)(3.7ms,g=3.0,I=75)
06-24 15:19:21.437  2129  3415 I VrApi   : FPS=72/72,Prd=41ms,Tear=0,Early=73,Stale=0,VSnc=1,Lat=1,Fov=0,CPU4/GPU=2/4,1651/670MHz,OC=FF,TA=0/E0/0,SP=N/F/N,Mem=1804MHz,Free=2198MB,PLS=0,Temp=30.0C/0.0C,TW=3.33ms,App=0.00ms,GD=0.37ms,CPU&GPU=4.94ms,LCnt=2,GPU%=0.33,CPU%=0.15(W0.22),DSF=1.00
06-24 15:19:21.786   717  1834 I [CT]    : NIMBLE:HLOG: NimbleTelemetryAggregator::populateTelemetry
06-24 15:19:21.945   717  1226 I [CT]    : VIPER:LOCALIZER: Validating using a pose that is 0.03 [sec] seconds old.
06-24 15:19:21.951   717  1226 I [CT]    : VIPER: AreaSearch 0 after new Submap. Matched 565. Stats: 0 531 0 0 0 0 30 4 0 0 0 0 0 0 0 0 0 0 ).
06-24 15:19:21.951   717  1226 I [CT]    : VIPER: Searched with 3d-2d (submap id: 3,0): 565 queries.
06-24 15:19:21.951   717  1226 I [CT]    : VIPER: No validation due to too few inliers: num_inliers: 0 < 10
06-24 15:19:21.951   717  1226 I [CT]    : VIPER:LOCALIZER: Validation failed.
06-24 15:19:22.224   717  1814 W [CT]    : CONSTELLATION: No tracked objects initialized!!
06-24 15:19:22.438  2129  3415 I VrApi   : FPS=72/72,Prd=41ms,Tear=0,Early=73,Stale=0,VSnc=1,Lat=1,Fov=0,CPU4/GPU=2/4,1651/670MHz,OC=FF,TA=0/E0/0,SP=N/F/N,Mem=1804MHz,Free=2197MB,PLS=0,Temp=30.0C/0.0C,TW=3.33ms,App=0.00ms,GD=0.37ms,CPU&GPU=4.53ms,LCnt=2,GPU%=0.33,CPU%=0.11(W0.11),DSF=1.00
06-24 15:19:22.731  2292  2292 D [SUI] SocialViewModel: refresPartyData()
06-24 15:19:23.257   717  1814 W [CT]    : CONSTELLATION: No tracked objects initialized!!
06-24 15:19:23.438  2129  3415 I VrApi   : FPS=73/72,Prd=41ms,Tear=0,Early=73,Stale=0,VSnc=1,Lat=1,Fov=0,CPU4/GPU=2/4,1651/670MHz,OC=FF,TA=0/E0/0,SP=N/F/N,Mem=1804MHz,Free=2197MB,PLS=0,Temp=30.0C/0.0C,TW=3.31ms,App=0.00ms,GD=0.36ms,CPU&GPU=4.63ms,LCnt=2,GPU%=0.33,CPU%=0.13(W0.19),DSF=1.00
06-24 15:19:23.913   717  1226 I [CT]    : VIPER:LOCALIZER: Validating using a pose that is 0.06 [sec] seconds old.
06-24 15:19:23.914   717  1226 I [CT]    : VIPER: AreaSearch 1 after new Submap. Matched 5. Stats: 0 5 0 0 0 0 0 0 0 0 0 0 0 0 0 0 0 0 ).
06-24 15:19:23.914   717  1226 I [CT]    : VIPER: Searched with 3d-2d (submap id: 3,0): 5 queries.
06-24 15:19:23.914   717  1226 I [CT]    : VIPER: No validation due to too few inliers: num_inliers: 0 < 10
06-24 15:19:23.914   717  1226 I [CT]    : VIPER:LOCALIZER: Validation failed.
06-24 15:19:24.175  2186  2288 I [OAR] PlatformBundle: Request BundleConfiguration
06-24 15:19:24.180  2186  3422 W [SEO] Transfer: onFailure: IOException: java.net.UnknownHostException: Unable to resolve host "graph.oculus.com": No address associated with hostname
06-24 15:19:24.189  2186  2288 I [OAR] PlatformBundle: BundleConfiguration fetch failed.
06-24 15:19:24.189  2186  2288 I [OAR] PlatformBundle: Checking cache for bundle configuration.
06-24 15:19:24.189  2186  2288 I [OAR] PlatformBundle: Bundle configuration available from cache.
06-24 15:19:24.189  2186  2288 I [OAR] PlatformBundle: BundleConfiguration is updated.
06-24 15:19:24.224  1701  2377 E ExternalPlatformNetwork: could not get access token from the server
06-24 15:19:24.224  1701  2377 E AppScopedAccessTokenResultBuilder: ResultBuilder error has been set to: Unable to resolve host "graph.oculus.com": No address associated with hostname
06-24 15:19:24.224  1701  2377 E com.oculus.platform.util.Util: operation failed
06-24 15:19:24.226  2186  2451 I OVRPlatform: [RequestStopwatch] AccessTokenRequest took 20.2900 milliseconds
06-24 15:19:24.231  2186  2288 W [OAR] OculusPlatformManager: Platform SDK Response Error: Request ID user-access-token with request ovrMessage_User_GetAccessToken, HTTP Error Code -1, SDK Error Code 1
06-24 15:19:24.231  2186  2288 W [OAR] OculusPlatformManager: ErrorMessage: Unable to resolve host "graph.oculus.com": No address associated with hostname
06-24 15:19:24.231  2186  2288 I [OAR] OculusPlatformManager: OnAccessTokenReceived: Failed to fetch token, retrying in 30s.
06-24 15:19:24.284   717  1815 I [CT]    : VIPER:MAP_MANAGER: State: TrackingTransient, UUID=31dfe14b-bb92-7513-79f6-fe369455238b, Num. Persistent maps = 3, Transient maps:31dfe14b-bb92-7513-79f6-fe369455238b, Persistent maps:98deaa98-39b9-2d43-5500-dda7ed2e661c,ee3dfe27-0280-0828-1403-4cef267baafe,fd5fd6b5-40e2-57ca-3cab-1b970890b65a,, Ser. Disabled = 00000000-0000-0000-0000-000000000000
06-24 15:19:24.290   717  1814 W [CT]    : CONSTELLATION: No tracked objects initialized!!
06-24 15:19:24.318   717  1815 I [CT]    : VIPER: Vega=false,Status=6DoF,VALIDATING,KF=8,Inl=69,Pts=73,Mem=49.3,Jit=0.0mm,Issues(Cam/min=0.0,IMU/min=0.0),Exp=(4.9ms,g=3.0,I=57)(6.0ms,g=7.0,I=74)(4.9ms,g=3.0,I=93)(3.7ms,g=3.0,I=75)
06-24 15:19:24.438  2129  3415 I VrApi   : FPS=73/72,Prd=41ms,Tear=0,Early=72,Stale=0,VSnc=1,Lat=1,Fov=0,CPU4/GPU=2/4,1651/670MHz,OC=FF,TA=0/E0/0,SP=N/F/N,Mem=1804MHz,Free=2197MB,PLS=0,Temp=30.0C/0.0C,TW=3.33ms,App=0.00ms,GD=0.38ms,CPU&GPU=4.55ms,LCnt=2,GPU%=0.33,CPU%=0.16(W0.23),DSF=1.00
06-24 15:19:25.290   717  1814 W [CT]    : CONSTELLATION: No tracked objects initialized!!
06-24 15:19:25.314   717  1213 I [CT]    : boltlib: DSP utilization(%): 12
06-24 15:19:25.438  2129  3415 I VrApi   : FPS=73/72,Prd=41ms,Tear=0,Early=73,Stale=0,VSnc=1,Lat=1,Fov=0,CPU4/GPU=2/4,1651/670MHz,OC=FF,TA=0/E0/0,SP=N/F/N,Mem=1804MHz,Free=2199MB,PLS=0,Temp=30.0C/0.0C,TW=3.34ms,App=0.00ms,GD=0.36ms,CPU&GPU=4.64ms,LCnt=2,GPU%=0.33,CPU%=0.18(W0.26),DSF=1.00
06-24 15:19:26.284   717  1815 I [CT]    : HealthReport: Everything Passed =)
06-24 15:19:26.290   717  1814 W [CT]    : CONSTELLATION: No tracked objects initialized!!
06-24 15:19:26.442  2129  3415 I VrApi   : FPS=73/72,Prd=41ms,Tear=0,Early=73,Stale=0,VSnc=1,Lat=1,Fov=0,CPU4/GPU=2/4,1651/670MHz,OC=FF,TA=0/E0/0,SP=N/F/N,Mem=1804MHz,Free=2198MB,PLS=0,Temp=30.0C/0.0C,TW=3.34ms,App=0.00ms,GD=0.37ms,CPU&GPU=4.58ms,LCnt=2,GPU%=0.33,CPU%=0.16(W0.18),DSF=1.00
06-24 15:19:27.284   717  1815 I [CT]    : VIPER:MAP_MANAGER: State: TrackingTransient, UUID=31dfe14b-bb92-7513-79f6-fe369455238b, Num. Persistent maps = 3, Transient maps:31dfe14b-bb92-7513-79f6-fe369455238b, Persistent maps:98deaa98-39b9-2d43-5500-dda7ed2e661c,ee3dfe27-0280-0828-1403-4cef267baafe,fd5fd6b5-40e2-57ca-3cab-1b970890b65a,, Ser. Disabled = 00000000-0000-0000-0000-000000000000
06-24 15:19:27.319   717  1815 I [CT]    : VIPER: Vega=false,Status=6DoF,VALIDATING,KF=8,Inl=73,Pts=73,Mem=49.3,Jit=0.0mm,Issues(Cam/min=0.0,IMU/min=0.0),Exp=(4.9ms,g=3.0,I=57)(6.0ms,g=7.0,I=75)(4.9ms,g=3.0,I=93)(3.7ms,g=3.0,I=75)
06-24 15:19:27.324   717  1814 W [CT]    : CONSTELLATION: No tracked objects initialized!!
06-24 15:19:27.440  2129  3415 I VrApi   : FPS=73/72,Prd=41ms,Tear=0,Early=73,Stale=0,VSnc=1,Lat=1,Fov=0,CPU4/GPU=2/4,1651/670MHz,OC=FF,TA=0/E0/0,SP=N/F/N,Mem=1804MHz,Free=2198MB,PLS=0,Temp=30.0C/0.0C,TW=3.34ms,App=0.00ms,GD=0.36ms,CPU&GPU=4.71ms,LCnt=2,GPU%=0.33,CPU%=0.17(W0.23),DSF=1.00
06-24 15:19:27.556  2129  2370 D OVRPlatform: [FBNS] ClientImpl.cpp:244 Failed to connect to the MQTT server (edge-mqtt.facebook.com:443): 15 Lookup error.
06-24 15:19:27.556  2129  2370 D OVRPlatform: [FBNS] ClientImpl.cpp:127 Received a CONNACK without valid credentials
06-24 15:19:27.634  2292  2292 D [SUI] SocialViewModel: refresPartyData()
06-24 15:19:28.145   717  1226 I [CT]    : VIPER:LOCALIZER: Validating using a pose that is 0.06 [sec] seconds old.
06-24 15:19:28.155   717  1226 I [CT]    : VIPER: AreaSearch 0 after new Submap. Matched 162. Stats: 1 90 0 0 1 0 62 6 1 0 0 0 0 0 1 0 0 0 ).
06-24 15:19:28.155   717  1226 I [CT]    : VIPER: Searched with 3d-2d (submap id: 0,0): 162 queries.
06-24 15:19:28.155   717  1226 I [CT]    : VIPER: No validation due to too few inliers: num_inliers: 1 < 10
06-24 15:19:28.155   717  1226 I [CT]    : VIPER:LOCALIZER: Validation failed.
06-24 15:19:28.255  2186  2288 I [OAR] ShellSurfaceRender: Averages: drawCalls 3.0 progBinds 2.0 paramUpdates 9.0 textureBinds 2.0 bufferBinds 1.0
06-24 15:19:28.324   717  1814 W [CT]    : CONSTELLATION: No tracked objects initialized!!
06-24 15:19:28.441  2129  3415 I VrApi   : FPS=72/72,Prd=41ms,Tear=0,Early=72,Stale=0,VSnc=1,Lat=1,Fov=0,CPU4/GPU=2/4,1651/670MHz,OC=FF,TA=0/E0/0,SP=N/F/N,Mem=1804MHz,Free=2198MB,PLS=0,Temp=30.0C/0.0C,TW=3.32ms,App=0.00ms,GD=0.36ms,CPU&GPU=4.53ms,LCnt=2,GPU%=0.33,CPU%=0.15(W0.18),DSF=1.00
06-24 15:19:28.579   717  1226 I [CT]    : VIPER:LOCALIZER: Validating using a pose that is 0.06 [sec] seconds old.
06-24 15:19:28.584   717  1226 I [CT]    : VIPER: AreaSearch 0 after new Submap. Matched 531. Stats: 0 516 0 0 0 0 15 0 0 0 0 0 0 0 0 0 0 0 ).
06-24 15:19:28.584   717  1226 I [CT]    : VIPER: Searched with 3d-2d (submap id: 3,0): 531 queries.
06-24 15:19:28.584   717  1226 I [CT]    : VIPER: No validation due to too few inliers: num_inliers: 0 < 10
06-24 15:19:28.584   717  1226 I [CT]    : VIPER:LOCALIZER: Validation failed.
06-24 15:19:29.357   717  1814 W [CT]    : CONSTELLATION: No tracked objects initialized!!
06-24 15:19:29.412   717  1226 I [CT]    : VIPER:LOCALIZER: Validating using a pose that is 0.06 [sec] seconds old.
06-24 15:19:29.416   717  1226 I [CT]    : VIPER: AreaSearch 1 after new Submap. Matched 452. Stats: 0 445 0 0 0 0 7 0 0 0 0 0 0 0 0 0 0 0 ).
06-24 15:19:29.416   717  1226 I [CT]    : VIPER: Searched with 3d-2d (submap id: 3,0): 452 queries.
06-24 15:19:29.416   717  1226 I [CT]    : VIPER: No validation due to too few inliers: num_inliers: 0 < 10
06-24 15:19:29.416   717  1226 I [CT]    : VIPER:LOCALIZER: Validation failed.
06-24 15:19:29.439  2129  3415 I VrApi   : FPS=73/72,Prd=41ms,Tear=0,Early=73,Stale=0,VSnc=1,Lat=1,Fov=0,CPU4/GPU=2/4,1651/670MHz,OC=FF,TA=0/E0/0,SP=N/F/N,Mem=1804MHz,Free=2198MB,PLS=0,Temp=30.0C/0.0C,TW=3.33ms,App=0.00ms,GD=0.36ms,CPU&GPU=5.03ms,LCnt=2,GPU%=0.33,CPU%=0.16(W0.23),DSF=1.00
06-24 15:19:29.847   717  1226 I [CT]    : VIPER:LOCALIZER: Validating using a pose that is 0.06 [sec] seconds old.
06-24 15:19:29.850   717  1226 I [CT]    : VIPER: AreaSearch 2 after new Submap. Matched 377. Stats: 0 370 0 0 0 0 7 0 0 0 0 0 0 0 0 0 0 0 ).
06-24 15:19:29.850   717  1226 I [CT]    : VIPER: Searched with 3d-2d (submap id: 3,0): 377 queries.
06-24 15:19:29.850   717  1226 I [CT]    : VIPER: No validation due to too few inliers: num_inliers: 0 < 10
06-24 15:19:29.850   717  1226 I [CT]    : VIPER:LOCALIZER: Validation failed.
06-24 15:19:30.285   717  1815 I [CT]    : VIPER:MAP_MANAGER: State: TrackingTransient, UUID=31dfe14b-bb92-7513-79f6-fe369455238b, Num. Persistent maps = 3, Transient maps:31dfe14b-bb92-7513-79f6-fe369455238b, Persistent maps:98deaa98-39b9-2d43-5500-dda7ed2e661c,ee3dfe27-0280-0828-1403-4cef267baafe,fd5fd6b5-40e2-57ca-3cab-1b970890b65a,, Ser. Disabled = 00000000-0000-0000-0000-000000000000
06-24 15:19:30.318   717  1815 I [CT]    : VIPER: Vega=false,Status=6DoF,VALIDATING,KF=8,Inl=75,Pts=73,Mem=49.3,Jit=0.0mm,Issues(Cam/min=0.0,IMU/min=0.0),Exp=(4.9ms,g=3.0,I=58)(6.0ms,g=7.0,I=74)(4.9ms,g=3.0,I=93)(3.7ms,g=3.0,I=75)
06-24 15:19:30.357   717  1814 W [CT]    : CONSTELLATION: No tracked objects initialized!!
06-24 15:19:30.439  2129  3415 I VrApi   : FPS=72/72,Prd=41ms,Tear=0,Early=72,Stale=0,VSnc=1,Lat=1,Fov=0,CPU4/GPU=2/4,1651/670MHz,OC=FF,TA=0/E0/0,SP=N/F/N,Mem=1804MHz,Free=2198MB,PLS=0,Temp=30.0C/0.0C,TW=3.35ms,App=0.00ms,GD=0.36ms,CPU&GPU=4.41ms,LCnt=2,GPU%=0.33,CPU%=0.13(W0.29),DSF=1.00
06-24 15:19:30.712   717  1226 I [CT]    : VIPER:LOCALIZER: Validating using a pose that is 0.03 [sec] seconds old.
06-24 15:19:30.714   717  1226 I [CT]    : VIPER: AreaSearch 3 after new Submap. Matched 178. Stats: 0 177 0 0 0 0 1 0 0 0 0 0 0 0 0 0 0 0 ).
06-24 15:19:30.714   717  1226 I [CT]    : VIPER: Searched with 3d-2d (submap id: 3,0): 178 queries.
06-24 15:19:30.714   717  1226 I [CT]    : VIPER: No validation due to too few inliers: num_inliers: 0 < 10
06-24 15:19:30.714   717  1226 I [CT]    : VIPER:LOCALIZER: Validation failed.
06-24 15:19:30.880  1548  2633 I [CT]    : MIXEDREALITY: MrServiceView: renderIteration: (every 10 seconds)
06-24 15:19:31.013   717  1226 I [CT]    : VIPER:LOCALIZER: Validating using a pose that is 0.03 [sec] seconds old.
06-24 15:19:31.013   717  1226 I [CT]    : VIPER: No validation due to too few inliers: num_inliers: 0 < 10
06-24 15:19:31.013   717  1226 I [CT]    : VIPER:LOCALIZER: Validation failed.
06-24 15:19:31.284   717  1815 I [CT]    : HealthReport: Everything Passed =)
06-24 15:19:31.312   717  1226 I [CT]    : VIPER:LOCALIZER: Validating using a pose that is 0.06 [sec] seconds old.
06-24 15:19:31.312   717  1226 I [CT]    : VIPER: No validation due to too few inliers: num_inliers: 0 < 10
06-24 15:19:31.312   717  1226 I [CT]    : VIPER:LOCALIZER: Validation failed.
06-24 15:19:31.346   717  1213 I [CT]    : boltlib: DSP utilization(%): 12
06-24 15:19:31.390   717  1814 W [CT]    : CONSTELLATION: No tracked objects initialized!!
06-24 15:19:31.406  1460  1479 I art     : Background sticky concurrent mark sweep GC freed 17035(1461KB) AllocSpace objects, 0(0B) LOS objects, 39% free, 2MB/4MB, paused 5.159ms total 13.761ms
06-24 15:19:31.441  2129  3415 I VrApi   : FPS=72/72,Prd=41ms,Tear=0,Early=72,Stale=0,VSnc=1,Lat=1,Fov=0,CPU4/GPU=2/4,1651/670MHz,OC=FF,TA=0/E0/0,SP=N/F/N,Mem=1804MHz,Free=2197MB,PLS=0,Temp=30.0C/0.0C,TW=3.34ms,App=0.00ms,GD=0.37ms,CPU&GPU=4.44ms,LCnt=2,GPU%=0.32,CPU%=0.13(W0.19),DSF=1.00
06-24 15:19:31.779   717  1226 I [CT]    : VIPER:LOCALIZER: Validating using a pose that is 0.09 [sec] seconds old.
06-24 15:19:31.781   717  1226 I [CT]    : VIPER: AreaSearch 0 after new Submap. Matched 147. Stats: 0 140 0 0 0 0 5 2 0 0 0 0 0 0 0 0 0 0 ).
06-24 15:19:31.781   717  1226 I [CT]    : VIPER: Searched with 3d-2d (submap id: 1,0): 147 queries.
06-24 15:19:31.781   717  1226 I [CT]    : VIPER: No validation due to too few inliers: num_inliers: 0 < 10
06-24 15:19:31.781   717  1226 I [CT]    : VIPER:LOCALIZER: Validation failed.
06-24 15:19:32.424   717  1814 W [CT]    : CONSTELLATION: No tracked objects initialized!!
06-24 15:19:32.440  2129  3415 I VrApi   : FPS=73/72,Prd=41ms,Tear=0,Early=73,Stale=0,VSnc=1,Lat=1,Fov=0,CPU4/GPU=2/4,1651/670MHz,OC=FF,TA=0/E0/0,SP=N/F/N,Mem=1804MHz,Free=2197MB,PLS=0,Temp=30.0C/0.0C,TW=3.33ms,App=0.00ms,GD=0.36ms,CPU&GPU=4.49ms,LCnt=2,GPU%=0.33,CPU%=0.15(W0.19),DSF=1.00
06-24 15:19:32.523  2292  2292 D [SUI] SocialViewModel: refresPartyData()
06-24 15:19:32.679   717  1226 I [CT]    : VIPER:LOCALIZER: Validating using a pose that is 0.09 [sec] seconds old.
06-24 15:19:32.681   717  1226 I [CT]    : VIPER: AreaSearch 1 after new Submap. Matched 127. Stats: 0 122 0 0 0 0 4 1 0 0 0 0 0 0 0 0 0 0 ).
06-24 15:19:32.681   717  1226 I [CT]    : VIPER: Searched with 3d-2d (submap id: 1,0): 127 queries.
06-24 15:19:32.681   717  1226 I [CT]    : VIPER: No validation due to too few inliers: num_inliers: 0 < 10
06-24 15:19:32.681   717  1226 I [CT]    : VIPER:LOCALIZER: Validation failed.
06-24 15:19:33.284   717  1815 I [CT]    : VIPER:MAP_MANAGER: State: TrackingTransient, UUID=31dfe14b-bb92-7513-79f6-fe369455238b, Num. Persistent maps = 3, Transient maps:31dfe14b-bb92-7513-79f6-fe369455238b, Persistent maps:98deaa98-39b9-2d43-5500-dda7ed2e661c,ee3dfe27-0280-0828-1403-4cef267baafe,fd5fd6b5-40e2-57ca-3cab-1b970890b65a,, Ser. Disabled = 00000000-0000-0000-0000-000000000000
06-24 15:19:33.318   717  1815 I [CT]    : VIPER: Vega=false,Status=6DoF,VALIDATING,KF=8,Inl=72,Pts=73,Mem=49.4,Jit=0.0mm,Issues(Cam/min=0.0,IMU/min=0.0),Exp=(4.9ms,g=3.0,I=57)(6.0ms,g=7.0,I=75)(4.9ms,g=3.0,I=93)(3.7ms,g=3.0,I=75)
06-24 15:19:33.442  2129  3415 I VrApi   : FPS=73/72,Prd=41ms,Tear=0,Early=72,Stale=0,VSnc=1,Lat=1,Fov=0,CPU4/GPU=2/4,1651/670MHz,OC=FF,TA=0/E0/0,SP=N/F/N,Mem=1804MHz,Free=2197MB,PLS=0,Temp=30.0C/0.0C,TW=3.32ms,App=0.00ms,GD=0.35ms,CPU&GPU=4.75ms,LCnt=2,GPU%=0.33,CPU%=0.10(W0.15),DSF=1.00
06-24 15:19:33.457   717  1814 W [CT]    : CONSTELLATION: No tracked objects initialized!!
06-24 15:19:33.512   717  1226 I [CT]    : VIPER:LOCALIZER: Validating using a pose that is 0.09 [sec] seconds old.
06-24 15:19:33.526   717  1226 I [CT]    : VIPER: AreaSearch 0 after new Submap. Matched 202. Stats: 6 38 0 0 1 3 133 19 2 0 0 0 0 0 0 0 0 0 ).
06-24 15:19:33.526   717  1226 I [CT]    : VIPER: Searched with 3d-2d (submap id: 0,0): 202 queries.
06-24 15:19:33.527   717  1226 I [CT]    : VIPER: No validation due to too few inliers: num_inliers: 2 < 10
06-24 15:19:33.527   717  1226 I [CT]    : VIPER:LOCALIZER: Validation failed.
06-24 15:19:33.566  2205  2471 I Telemetry: App memory usage: PSS=41MB DalvikPSS=1 MB
06-24 15:19:34.179   717  1226 I [CT]    : VIPER:LOCALIZER: Validating using a pose that is 0.03 [sec] seconds old.
06-24 15:19:34.182   717  1226 I [CT]    : VIPER: AreaSearch 0 after new Submap. Matched 174. Stats: 0 163 0 0 0 0 10 0 1 0 0 0 0 0 0 0 0 0 ).
06-24 15:19:34.182   717  1226 I [CT]    : VIPER: Searched with 3d-2d (submap id: 3,0): 174 queries.
06-24 15:19:34.182   717  1226 I [CT]    : VIPER: No validation due to too few inliers: num_inliers: 0 < 10
06-24 15:19:34.182   717  1226 I [CT]    : VIPER:LOCALIZER: Validation failed.
06-24 15:19:34.191  2205  2476 I [CT]    : MIXEDREALITY: PassthroughTelemetry: Passthrough rendering telemetry over 30.0 seconds:
06-24 15:19:34.191  2205  2476 I [CT]    : MIXEDREALITY: PassthroughTelemetry: - session duration: 510227.3 ms
06-24 15:19:34.191  2205  2476 I [CT]    : MIXEDREALITY: PassthroughTelemetry: - time to first render: 74.6 ms
06-24 15:19:34.191  2205  2476 I [CT]    : MIXEDREALITY: PassthroughTelemetry: - time to first depth map: 157.9 ms
06-24 15:19:34.191  2205  2476 I [CT]    : MIXEDREALITY: PassthroughTelemetry: - rates: rendering: 71.3/72.0, images: 30.0, geometry: 30.0, texture: 30.0, tex coord: 55.3 fps
06-24 15:19:34.191  2205  2476 I [CT]    : MIXEDREALITY: PassthroughTelemetry: - processing: image updates: 900.0, uninitialized depth: 0.0, stale depth: 0.0
06-24 15:19:34.191  2205  2476 I [CT]    : MIXEDREALITY: PassthroughTelemetry: - latencies (min/avg/max): images: 15.9,22.2,33.2, photon-to-geometry: 51.8,58.5,77.0, photon-to-texture: 40.7,46.6,65.9 ms
06-24 15:19:34.191  2205  2476 I [CT]    : MIXEDREALITY: MrRuntimeImpl: sendPassthroughRenderingTelemetry: Logging telemetry.
06-24 15:19:34.443  2129  3415 I VrApi   : FPS=73/72,Prd=41ms,Tear=0,Early=73,Stale=0,VSnc=1,Lat=1,Fov=0,CPU4/GPU=2/4,1651/670MHz,OC=FF,TA=0/E0/0,SP=N/F/N,Mem=1804MHz,Free=2198MB,PLS=0,Temp=30.0C/0.0C,TW=3.31ms,App=0.00ms,GD=0.37ms,CPU&GPU=4.45ms,LCnt=2,GPU%=0.33,CPU%=0.16(W0.19),DSF=1.00
06-24 15:19:34.457   717  1814 W [CT]    : CONSTELLATION: No tracked objects initialized!!
06-24 15:19:34.511   716  2474 I [CT]    : MIXEDREALITY: PassthroughTelemetry: Passthrough compute telemetry over 30.0 seconds:
06-24 15:19:34.512   716  2474 I [CT]    : MIXEDREALITY: PassthroughTelemetry: - using online cal: yes, calibration age: 133936.3 minutes
06-24 15:19:34.512   716  2474 I [CT]    : MIXEDREALITY: PassthroughTelemetry: - frames processed: 901.0, dequeued: 0.0, dropped 0.0
06-24 15:19:34.512   716  2474 I [CT]    : MIXEDREALITY: PassthroughTelemetry: - mvs: possible: 3722932.0, actual: 1559010.0, intra frame: 1412815.0
06-24 15:19:34.512   716  2474 I [CT]    : MIXEDREALITY: PassthroughTelemetry: - mvs checks: left-right: 311375.0, filter: 257006.0, epipolar: 122590.0
06-24 15:19:34.512   716  2474 I [CT]    : MIXEDREALITY: PassthroughTelemetry: - refinement: refine: 87413.0, temporal hist: 13347.0
06-24 15:19:34.512   716  2474 I [CT]    : MIXEDREALITY: PassthroughTelemetry: - points: new: 87417.0, prior: 12542.0, primary: 790.0, secondary: 11762.0
06-24 15:19:34.512   716  2474 I [CT]    : MIXEDREALITY: PassthroughTelemetry: - per frame: primary: 0.0,0.9,18.0, secondary: 0.0,13.1,26.0, solver iterations 5.6
06-24 15:19:34.512   716  2474 I [CT]    : MIXEDREALITY: MrRuntimeCompute: sendPassthroughComputeTelemetry: Logging telemetry.
06-24 15:19:34.556  1953  2919 W LibraryProvider: Cannot find entitlement for com.oculus.shellenv
06-24 15:19:34.556  1701  1833 W OVRLibrary: null cursor received for query content://com.oculus.ocms.library/apps/com.oculus.shellenv
06-24 15:19:34.577   716  2474 I [CT]    : MIXEDREALITY: PlayspaceScanTelemetry: PlayspaceScanComputeTelemetry over 30.0 seconds:
06-24 15:19:34.577   716  2474 I [CT]    : MIXEDREALITY: PlayspaceScanTelemetry: - using online cal: yes, calibration age: 133936.3 minutes
06-24 15:19:34.577   716  2474 I [CT]    : MIXEDREALITY: PlayspaceScanTelemetry: - frames processed: 901.0, dequeued: 0.0, dropped 0.0
06-24 15:19:34.577   716  2474 I [CT]    : MIXEDREALITY: PlayspaceScanTelemetry: - mvs: possible: 3722932.0, actual: 1558986.0, intra frame: 1412766.0
06-24 15:19:34.577   716  2474 I [CT]    : MIXEDREALITY: PlayspaceScanTelemetry: - mvs checks: left-right: 311328.0, filter: 256976.0, epipolar: 122511.0
06-24 15:19:34.577   716  2474 I [CT]    : MIXEDREALITY: PlayspaceScanTelemetry: - refinement: refine: 88762.0, temporal hist: 161863.0
06-24 15:19:34.577   716  2474 I [CT]    : MIXEDREALITY: PlayspaceScanTelemetry: - points: new: 88766.0, prior: 147367.0, primary: 56446.0, secondary: 90925.0
06-24 15:19:34.577   716  2474 I [CT]    : MIXEDREALITY: PlayspaceScanTelemetry: - per frame: primary: 0.0,62.6,136.0, secondary: 32.0,100.9,160.0
06-24 15:19:34.577   716  2474 I [CT]    : MIXEDREALITY: PlayspaceScanTelemetry: - rejected stereo points (min/avg/max): 0.0/0.0/0.0
06-24 15:19:34.577   716  2474 I [CT]    : MIXEDREALITY: PlayspaceScanTelemetry: - stereo depths (min/avg/max): 0.0/0.0/0.0 m
06-24 15:19:34.577   716  2474 I [CT]    : MIXEDREALITY: PlayspaceScanTelemetry: - voxels (min/avg/max): touched: 0.0/0.0/0.0, removed: 0.0/0.0/0.0
06-24 15:19:34.577   716  2474 I [CT]    : MIXEDREALITY: PlayspaceScanTelemetry:   floor voxels: 0.0, ceiling voxels: 0.0
06-24 15:19:34.577   716  2474 I [CT]    : MIXEDREALITY: PlayspaceScanTelemetry:   occupied voxels while drawing: inside: -1.0, outside: -1.0
06-24 15:19:34.577   716  2474 I [CT]    : MIXEDREALITY: PlayspaceScanTelemetry:   occupied voxels complete guardian: inside: 0.0, outside: 0.0
06-24 15:19:34.577   716  2474 I [CT]    : MIXEDREALITY: PlayspaceScanTelemetry: - occupied guardian area ratio (min/avg/max): 0.0/0.0/0.0
06-24 15:19:34.577   716  2474 I [CT]    : MIXEDREALITY: PlayspaceScanTelemetry: - device outside grid: 0.0
06-24 15:19:34.577   716  2474 I [CT]    : MIXEDREALITY: PlayspaceScanTelemetry: - rates: images: 30.013044, geometry: 30.013044 fps
06-24 15:19:34.577   716  2474 I [CT]    : MIXEDREALITY: PlayspaceScanTelemetry: - latencies (min/avg/max): stereo: 10.716510005295277/11.318731121718884/13.894373551011086, aggregation: 0.0/0.0/0.0, decay: 0.0/0.0/0.0 ms
06-24 15:19:34.577   716  2474 I [CT]    : MIXEDREALITY: MrRuntimeCompute: sendPlayspaceScanComputeTelemetry: Logging telemetry.
06-24 15:19:34.667  1701  1833 E ExternalPlatformLocal: AppID found in Library does NOT match the appID in the bundle.
06-24 15:19:34.667  1701  1833 E ExternalPlatformLocal: AppID found in Library does NOT match the appID in the bundle.
06-24 15:19:34.668  1701  2287 E ACRA    : Handling exception for soft error
06-24 15:19:34.668  1701  2287 E ACRA    : X.0pp: ExternalPlatformLocal | AppID found in Library does NOT match the appID in the bundle.
06-24 15:19:34.668  1701  2287 E ACRA    : 	at X.0Jf.A8u(:362)
06-24 15:19:34.668  1701  2287 E ACRA    : 	at com.oculus.errorreporting.ErrorReporter.A02(:17)
06-24 15:19:34.668  1701  2287 E ACRA    : 	at com.oculus.horizon.service.ExternalPlatformLocal.getAppID(:86016)
06-24 15:19:34.668  1701  2287 E ACRA    : 	at com.oculus.horizon.service.ExternalPlatformNetwork.getAppScopedAccessToken(:32)
06-24 15:19:34.668  1701  2287 E ACRA    : 	at com.oculus.horizon.service.result.ResultBuilder.A00(:81487)
06-24 15:19:34.668  1701  2287 E ACRA    : 	at com.oculus.horizon.service.OVRService$3.getAppScopedAccessToken(:9)
06-24 15:19:34.668  1701  2287 E ACRA    : 	at com.oculus.aidl.OVRServiceInterface$Stub.onTransact(:113443)
06-24 15:19:34.668  1701  2287 E ACRA    : 	at android.os.Binder.execTransact(Binder.java:606)
06-24 15:19:34.685  1701  1833 E ExternalPlatformNetwork: could not get access token from the server
06-24 15:19:34.685  1701  1833 E AppScopedAccessTokenResultBuilder: ResultBuilder error has been set to: Unable to resolve host "graph.oculus.com": No address associated with hostname
06-24 15:19:34.685  1701  1833 E com.oculus.platform.util.Util: operation failed
06-24 15:19:34.686  2129  2229 I OVRPlatform: [RequestStopwatch] AccessTokenRequest took 147.3040 milliseconds
06-24 15:19:34.692  2129  2170 E Clay    : [S]: Oculus Platform SDK failed to get access token with error 'Unable to resolve host "graph.oculus.com": No address associated with hostname'
06-24 15:19:34.692  2129  2170 I Clay    : [I]: OculusPlatform: Error message received. id=707, type=0x06a85abe, code=1, debugText=Unable to resolve host "graph.oculus.com": No address associated with hostname
06-24 15:19:34.720  1953  2260 W LibraryProvider: Cannot find entitlement for com.oculus.shellenv
06-24 15:19:34.721  1701  1713 W OVRLibrary: null cursor received for query content://com.oculus.ocms.library/apps/com.oculus.shellenv
06-24 15:19:34.722  1701  1713 E OVRService: Unable to find AppId for package (com.oculus.shellenv)
06-24 15:19:34.722  1701  1713 E OVRService: com.oculus.horizon.service.ExternalPlatformLocal$PackageNotInLibraryException: Package com.oculus.shellenv not in users library
06-24 15:19:34.722  1701  1713 E OVRService: 	at com.oculus.horizon.service.ExternalPlatformLocal.getAppID(:86018)
06-24 15:19:34.722  1701  1713 E OVRService: 	at com.oculus.horizon.service.ExternalPlatformLocal.getAppID(:86080)
06-24 15:19:34.722  1701  1713 E OVRService: 	at com.oculus.horizon.service.OVRService$3.logToMarauder(:34)
06-24 15:19:34.722  1701  1713 E OVRService: 	at com.oculus.aidl.OVRServiceInterface$Stub.onTransact(:113431)
06-24 15:19:34.722  1701  1713 E OVRService: 	at android.os.Binder.execTransact(Binder.java:606)
06-24 15:19:34.908  1701  2030 E PresenceManager: Heartbeat error.
06-24 15:19:35.411  1548  2651 I Telemetry: App memory usage: PSS=9MB DalvikPSS=1 MB
06-24 15:19:35.453   700  3519 W SoftVorbis: vorbis_dsp_synthesis returned -135
06-24 15:19:35.457   717  1814 W [CT]    : CONSTELLATION: No tracked objects initialized!!
06-24 15:19:35.461   700  3519 W SoftVorbis: vorbis_dsp_synthesis returned -135
06-24 15:19:35.513   717  1226 I [CT]    : VIPER:LOCALIZER: Validating using a pose that is 0.06 [sec] seconds old.
06-24 15:19:35.517   717  1226 I [CT]    : VIPER: AreaSearch 1 after new Submap. Matched 140. Stats: 2 105 0 0 0 5 28 0 0 0 0 0 0 0 0 0 0 0 ).
06-24 15:19:35.517   717  1226 I [CT]    : VIPER: Searched with 3d-2d (submap id: 3,0): 140 queries.
06-24 15:19:35.517   717  1226 I [CT]    : VIPER: No validation due to too few inliers: num_inliers: 2 < 10
06-24 15:19:35.517   717  1226 I [CT]    : VIPER:LOCALIZER: Validation failed.
06-24 15:19:35.559  2129  3415 I Telemetry: App memory usage: PSS=255MB DalvikPSS=1 MB
06-24 15:19:35.561  2129  3415 I VrApi   : FPS=73/72,Prd=41ms,Tear=0,Early=72,Stale=0,VSnc=1,Lat=1,Fov=0,CPU4/GPU=2/4,1651/670MHz,OC=FF,TA=0/E0/0,SP=N/F/N,Mem=1804MHz,Free=2197MB,PLS=0,Temp=30.0C/0.0C,TW=3.34ms,App=0.00ms,GD=0.37ms,CPU&GPU=4.47ms,LCnt=2,GPU%=0.33,CPU%=0.20(W0.23),DSF=1.00
06-24 15:19:35.712   717  1226 I [CT]    : VIPER:LOCALIZER: Validating using a pose that is 0.06 [sec] seconds old.
06-24 15:19:35.713   717  1226 I [CT]    : VIPER: AreaSearch 0 after new Submap. Matched 25. Stats: 0 22 0 0 0 0 0 2 0 0 0 0 0 0 1 0 0 0 ).
06-24 15:19:35.713   717  1226 I [CT]    : VIPER: Searched with 3d-2d (submap id: 0,0): 25 queries.
06-24 15:19:35.713   717  1226 I [CT]    : VIPER: No validation due to too few inliers: num_inliers: 0 < 10
06-24 15:19:35.713   717  1226 I [CT]    : VIPER:LOCALIZER: Validation failed.
06-24 15:19:36.285   717  1815 I [CT]    : VIPER:MAP_MANAGER: State: TrackingTransient, UUID=31dfe14b-bb92-7513-79f6-fe369455238b, Num. Persistent maps = 3, Transient maps:31dfe14b-bb92-7513-79f6-fe369455238b, Persistent maps:98deaa98-39b9-2d43-5500-dda7ed2e661c,ee3dfe27-0280-0828-1403-4cef267baafe,fd5fd6b5-40e2-57ca-3cab-1b970890b65a,, Ser. Disabled = 00000000-0000-0000-0000-000000000000
06-24 15:19:36.285   717  1815 I [CT]    : HealthReport: Everything Passed =)
06-24 15:19:36.318   717  1815 I [CT]    : VIPER: Vega=false,Status=6DoF,VALIDATING,KF=8,Inl=75,Pts=73,Mem=49.3,Jit=0.0mm,Issues(Cam/min=0.0,IMU/min=0.0),Exp=(4.9ms,g=3.0,I=57)(6.0ms,g=7.0,I=74)(4.9ms,g=3.0,I=92)(3.7ms,g=3.0,I=74)
06-24 15:19:36.443  2129  3415 I VrApi   : FPS=73/72,Prd=40ms,Tear=0,Early=73,Stale=0,VSnc=1,Lat=1,Fov=0,CPU4/GPU=2/4,1651/670MHz,OC=FF,TA=0/E0/0,SP=N/F/N,Mem=1804MHz,Free=2197MB,PLS=0,Temp=30.0C/0.0C,TW=3.35ms,App=0.00ms,GD=0.35ms,CPU&GPU=5.77ms,LCnt=2,GPU%=0.33,CPU%=0.13(W0.23),DSF=1.00
06-24 15:19:36.490   717  1814 W [CT]    : CONSTELLATION: No tracked objects initialized!!
06-24 15:19:36.512   717  1226 I [CT]    : VIPER:LOCALIZER: Validating using a pose that is 0.03 [sec] seconds old.
06-24 15:19:36.513   717  1226 I [CT]    : VIPER: AreaSearch 0 after new Submap. Matched 15. Stats: 0 10 0 0 0 0 5 0 0 0 0 0 0 0 0 0 0 0 ).
06-24 15:19:36.513   717  1226 I [CT]    : VIPER: Searched with 3d-2d (submap id: 3,0): 15 queries.
06-24 15:19:36.514   717  1226 I [CT]    : VIPER: No validation due to too few inliers: num_inliers: 0 < 10
06-24 15:19:36.514   717  1226 I [CT]    : VIPER:LOCALIZER: Validation failed.
06-24 15:19:36.579  2186  2288 I [OAR] ShellSurfaceRender: Averages: drawCalls 3.0 progBinds 2.0 paramUpdates 9.0 textureBinds 2.0 bufferBinds 1.0
06-24 15:19:36.580   717  1226 I [CT]    : VIPER:LOCALIZER: Validating using a pose that is 0.03 [sec] seconds old.
06-24 15:19:36.601   717  1226 I [CT]    : VIPER: AreaSearch 1 after new Submap. Matched 399. Stats: 2 132 0 0 2 5 223 32 2 0 0 0 0 0 1 0 0 0 ).
06-24 15:19:36.601   717  1226 I [CT]    : VIPER: Searched with 3d-2d (submap id: 3,0): 399 queries.
06-24 15:19:36.601   717  1226 I [CT]    : VIPER: No validation due to too few inliers: num_inliers: 2 < 10
06-24 15:19:36.601   717  1226 I [CT]    : VIPER:LOCALIZER: Validation failed.
06-24 15:19:37.348   717  1213 I [CT]    : boltlib: DSP utilization(%): 12
06-24 15:19:37.426  2292  2292 D [SUI] SocialViewModel: refresPartyData()
06-24 15:19:37.443  2129  3415 I VrApi   : FPS=72/72,Prd=41ms,Tear=0,Early=73,Stale=0,VSnc=1,Lat=1,Fov=0,CPU4/GPU=2/4,1651/670MHz,OC=FF,TA=0/E0/0,SP=N/F/N,Mem=1804MHz,Free=2197MB,PLS=0,Temp=30.0C/0.0C,TW=3.33ms,App=0.00ms,GD=0.36ms,CPU&GPU=4.74ms,LCnt=2,GPU%=0.33,CPU%=0.13(W0.19),DSF=1.00
06-24 15:19:37.468  2186  3411 I Telemetry: App memory usage: PSS=138MB DalvikPSS=2 MB
06-24 15:19:37.490   717  1814 W [CT]    : CONSTELLATION: No tracked objects initialized!!
06-24 15:19:38.446  2129  3415 I VrApi   : FPS=73/72,Prd=41ms,Tear=0,Early=73,Stale=0,VSnc=1,Lat=1,Fov=0,CPU4/GPU=2/4,1651/670MHz,OC=FF,TA=0/E0/0,SP=N/F/N,Mem=1804MHz,Free=2197MB,PLS=0,Temp=30.0C/0.0C,TW=3.33ms,App=0.00ms,GD=0.37ms,CPU&GPU=4.81ms,LCnt=2,GPU%=0.33,CPU%=0.13(W0.20),DSF=1.00
06-24 15:19:38.524   717  1814 W [CT]    : CONSTELLATION: No tracked objects initialized!!
06-24 15:19:38.611  1892  1944 I Vsync   : Vsync 48732:  1 x 14.74 ms (72.00 Hz, at 696.991)
06-24 15:19:38.626  1892  1944 I Vsync   : Vsync 48733:  1 x 13.04 ms (72.00 Hz, at 697.006)
06-24 15:19:39.179   717  1226 I [CT]    : VIPER:LOCALIZER: Validating using a pose that is 0.09 [sec] seconds old.
06-24 15:19:39.182   717  1226 I [CT]    : VIPER: AreaSearch 0 after new Submap. Matched 203. Stats: 0 188 0 0 0 2 12 1 0 0 0 0 0 0 0 0 0 0 ).
06-24 15:19:39.182   717  1226 I [CT]    : VIPER: Searched with 3d-2d (submap id: 1,0): 203 queries.
06-24 15:19:39.182   717  1226 I [CT]    : VIPER: No validation due to too few inliers: num_inliers: 0 < 10
06-24 15:19:39.182   717  1226 I [CT]    : VIPER:LOCALIZER: Validation failed.
06-24 15:19:39.189  2186  2288 I [OAR] PlatformBundle: Request BundleConfiguration
06-24 15:19:39.192  2186  3422 W [SEO] Transfer: onFailure: IOException: java.net.UnknownHostException: Unable to resolve host "graph.oculus.com": No address associated with hostname
06-24 15:19:39.203  2186  2288 I [OAR] PlatformBundle: BundleConfiguration fetch failed.
06-24 15:19:39.203  2186  2288 I [OAR] PlatformBundle: Checking cache for bundle configuration.
06-24 15:19:39.203  2186  2288 I [OAR] PlatformBundle: Bundle configuration available from cache.
06-24 15:19:39.203  2186  2288 I [OAR] PlatformBundle: BundleConfiguration is updated.
06-24 15:19:39.279   717  1226 I [CT]    : VIPER:LOCALIZER: Validating using a pose that is 0.06 [sec] seconds old.
06-24 15:19:39.281   717  1226 I [CT]    : VIPER: AreaSearch 0 after new Submap. Matched 46. Stats: 0 23 0 0 1 0 18 2 2 0 0 0 0 0 0 0 0 0 ).
06-24 15:19:39.281   717  1226 I [CT]    : VIPER: Searched with 3d-2d (submap id: 0,0): 46 queries.
06-24 15:19:39.282   717  1226 I [CT]    : VIPER: No validation due to too few inliers: num_inliers: 0 < 10
06-24 15:19:39.282   717  1226 I [CT]    : VIPER:LOCALIZER: Validation failed.
06-24 15:19:39.285   717  1815 I [CT]    : VIPER:MAP_MANAGER: State: TrackingTransient, UUID=31dfe14b-bb92-7513-79f6-fe369455238b, Num. Persistent maps = 3, Transient maps:31dfe14b-bb92-7513-79f6-fe369455238b, Persistent maps:98deaa98-39b9-2d43-5500-dda7ed2e661c,ee3dfe27-0280-0828-1403-4cef267baafe,fd5fd6b5-40e2-57ca-3cab-1b970890b65a,, Ser. Disabled = 00000000-0000-0000-0000-000000000000
06-24 15:19:39.319   717  1815 I [CT]    : VIPER: Vega=false,Status=6DoF,VALIDATING,KF=8,Inl=75,Pts=73,Mem=49.3,Jit=0.0mm,Issues(Cam/min=0.0,IMU/min=0.0),Exp=(4.9ms,g=3.0,I=57)(6.0ms,g=7.0,I=74)(4.9ms,g=3.0,I=93)(3.7ms,g=3.0,I=74)
06-24 15:19:39.445  2129  3415 I VrApi   : FPS=73/72,Prd=41ms,Tear=0,Early=72,Stale=0,VSnc=1,Lat=1,Fov=0,CPU4/GPU=2/4,1651/670MHz,OC=FF,TA=0/E0/0,SP=N/F/N,Mem=1804MHz,Free=2196MB,PLS=0,Temp=30.0C/0.0C,TW=3.31ms,App=0.00ms,GD=0.36ms,CPU&GPU=4.47ms,LCnt=2,GPU%=0.33,CPU%=0.14(W0.30),DSF=1.00
06-24 15:19:39.524   717  1814 W [CT]    : CONSTELLATION: No tracked objects initialized!!
06-24 15:19:40.444  2129  3415 I VrApi   : FPS=73/72,Prd=41ms,Tear=0,Early=73,Stale=0,VSnc=1,Lat=1,Fov=0,CPU4/GPU=2/4,1651/670MHz,OC=FF,TA=0/E0/0,SP=N/F/N,Mem=1804MHz,Free=2198MB,PLS=0,Temp=30.0C/0.0C,TW=3.34ms,App=0.00ms,GD=0.36ms,CPU&GPU=5.06ms,LCnt=2,GPU%=0.33,CPU%=0.20(W0.30),DSF=1.00
06-24 15:19:40.557   717  1814 W [CT]    : CONSTELLATION: No tracked objects initialized!!
06-24 15:19:40.896  1548  2633 I [CT]    : MIXEDREALITY: MrServiceView: renderIteration: (every 10 seconds)
06-24 15:19:41.285   717  1815 I [CT]    : HealthReport: Everything Passed =)
06-24 15:19:41.446  2129  3415 I VrApi   : FPS=72/72,Prd=41ms,Tear=0,Early=72,Stale=0,VSnc=1,Lat=1,Fov=0,CPU4/GPU=2/4,1651/670MHz,OC=FF,TA=0/E0/0,SP=N/F/N,Mem=1804MHz,Free=2198MB,PLS=0,Temp=30.0C/0.0C,TW=3.33ms,App=0.00ms,GD=0.35ms,CPU&GPU=4.76ms,LCnt=2,GPU%=0.33,CPU%=0.15(W0.26),DSF=1.00
06-24 15:19:41.545   717  1226 I [CT]    : VIPER:LOCALIZER: Validating using a pose that is 0.03 [sec] seconds old.
06-24 15:19:41.546   717  1226 I [CT]    : VIPER: AreaSearch 0 after new Submap. Matched 31. Stats: 0 30 0 0 0 0 1 0 0 0 0 0 0 0 0 0 0 0 ).
06-24 15:19:41.546   717  1226 I [CT]    : VIPER: Searched with 3d-2d (submap id: 3,0): 31 queries.
06-24 15:19:41.546   717  1226 I [CT]    : VIPER: No validation due to too few inliers: num_inliers: 0 < 10
